15-04-12 20:53:37 WARN  HttpChannel qtp990416209-16 - //localhost:8080/
java.lang.StackOverflowError
	at org.eclipse.jetty.server.handler.HandlerWrapper.handle(HandlerWrapper.java:113)
	at org.eclipse.jetty.server.handler.HandlerWrapper.handle(HandlerWrapper.java:113)
	at org.eclipse.jetty.server.handler.HandlerWrapper.handle(HandlerWrapper.java:113)
	at org.eclipse.jetty.server.handler.HandlerWrapper.handle(HandlerWrapper.java:113)
	at org.eclipse.jetty.server.handler.HandlerWrapper.handle(HandlerWrapper.java:113)
	at org.eclipse.jetty.server.handler.HandlerWrapper.handle(HandlerWrapper.java:113)
	at org.eclipse.jetty.server.handler.HandlerWrapper.handle(HandlerWrapper.java:113)
	at org.eclipse.jetty.server.handler.HandlerWrapper.handle(HandlerWrapper.java:113)
	at org.eclipse.jetty.server.handler.HandlerWrapper.handle(HandlerWrapper.java:113)
	at org.eclipse.jetty.server.handler.HandlerWrapper.handle(HandlerWrapper.java:113)
	at org.eclipse.jetty.server.handler.HandlerWrapper.handle(HandlerWrapper.java:113)
	at org.eclipse.jetty.server.handler.HandlerWrapper.handle(HandlerWrapper.java:113)
	at org.eclipse.jetty.server.handler.HandlerWrapper.handle(HandlerWrapper.java:113)
	at org.eclipse.jetty.server.handler.HandlerWrapper.handle(HandlerWrapper.java:113)
	at org.eclipse.jetty.server.handler.HandlerWrapper.handle(HandlerWrapper.java:113)
	at org.eclipse.jetty.server.handler.HandlerWrapper.handle(HandlerWrapper.java:113)
	at org.eclipse.jetty.server.handler.HandlerWrapper.handle(HandlerWrapper.java:113)
	at org.eclipse.jetty.server.handler.HandlerWrapper.handle(HandlerWrapper.java:113)
	at org.eclipse.jetty.server.handler.HandlerWrapper.handle(HandlerWrapper.java:113)
	at org.eclipse.jetty.server.handler.HandlerWrapper.handle(HandlerWrapper.java:113)
	at org.eclipse.jetty.server.handler.HandlerWrapper.handle(HandlerWrapper.java:113)
	at org.eclipse.jetty.server.handler.HandlerWrapper.handle(HandlerWrapper.java:113)
	at org.eclipse.jetty.server.handler.HandlerWrapper.handle(HandlerWrapper.java:113)
	at org.eclipse.jetty.server.handler.HandlerWrapper.handle(HandlerWrapper.java:113)
	at org.eclipse.jetty.server.handler.HandlerWrapper.handle(HandlerWrapper.java:113)
	at org.eclipse.jetty.server.handler.HandlerWrapper.handle(HandlerWrapper.java:113)
	at org.eclipse.jetty.server.handler.HandlerWrapper.handle(HandlerWrapper.java:113)
	at org.eclipse.jetty.server.handler.HandlerWrapper.handle(HandlerWrapper.java:113)
	at org.eclipse.jetty.server.handler.HandlerWrapper.handle(HandlerWrapper.java:113)
	at org.eclipse.jetty.server.handler.HandlerWrapper.handle(HandlerWrapper.java:113)
	at org.eclipse.jetty.server.handler.HandlerWrapper.handle(HandlerWrapper.java:113)
	at org.eclipse.jetty.server.handler.HandlerWrapper.handle(HandlerWrapper.java:113)
	at org.eclipse.jetty.server.handler.HandlerWrapper.handle(HandlerWrapper.java:113)
	at org.eclipse.jetty.server.handler.HandlerWrapper.handle(HandlerWrapper.java:113)
	at org.eclipse.jetty.server.handler.HandlerWrapper.handle(HandlerWrapper.java:113)
	at org.eclipse.jetty.server.handler.HandlerWrapper.handle(HandlerWrapper.java:113)
	at org.eclipse.jetty.server.handler.HandlerWrapper.handle(HandlerWrapper.java:113)
	at org.eclipse.jetty.server.handler.HandlerWrapper.handle(HandlerWrapper.java:113)
	at org.eclipse.jetty.server.handler.HandlerWrapper.handle(HandlerWrapper.java:113)
	at org.eclipse.jetty.server.handler.HandlerWrapper.handle(HandlerWrapper.java:113)
	at org.eclipse.jetty.server.handler.HandlerWrapper.handle(HandlerWrapper.java:113)
	at org.eclipse.jetty.server.handler.HandlerWrapper.handle(HandlerWrapper.java:113)
	at org.eclipse.jetty.server.handler.HandlerWrapper.handle(HandlerWrapper.java:113)
	at org.eclipse.jetty.server.handler.HandlerWrapper.handle(HandlerWrapper.java:113)
	at org.eclipse.jetty.server.handler.HandlerWrapper.handle(HandlerWrapper.java:113)
	at org.eclipse.jetty.server.handler.HandlerWrapper.handle(HandlerWrapper.java:113)
	at org.eclipse.jetty.server.handler.HandlerWrapper.handle(HandlerWrapper.java:113)
	at org.eclipse.jetty.server.handler.HandlerWrapper.handle(HandlerWrapper.java:113)
	at org.eclipse.jetty.server.handler.HandlerWrapper.handle(HandlerWrapper.java:113)
	at org.eclipse.jetty.server.handler.HandlerWrapper.handle(HandlerWrapper.java:113)
	at org.eclipse.jetty.server.handler.HandlerWrapper.handle(HandlerWrapper.java:113)
	at org.eclipse.jetty.server.handler.HandlerWrapper.handle(HandlerWrapper.java:113)
	at org.eclipse.jetty.server.handler.HandlerWrapper.handle(HandlerWrapper.java:113)
	at org.eclipse.jetty.server.handler.HandlerWrapper.handle(HandlerWrapper.java:113)
	at org.eclipse.jetty.server.handler.HandlerWrapper.handle(HandlerWrapper.java:113)
	at org.eclipse.jetty.server.handler.HandlerWrapper.handle(HandlerWrapper.java:113)
	at org.eclipse.jetty.server.handler.HandlerWrapper.handle(HandlerWrapper.java:113)
	at org.eclipse.jetty.server.handler.HandlerWrapper.handle(HandlerWrapper.java:113)
	at org.eclipse.jetty.server.handler.HandlerWrapper.handle(HandlerWrapper.java:113)
	at org.eclipse.jetty.server.handler.HandlerWrapper.handle(HandlerWrapper.java:113)
	at org.eclipse.jetty.server.handler.HandlerWrapper.handle(HandlerWrapper.java:113)
	at org.eclipse.jetty.server.handler.HandlerWrapper.handle(HandlerWrapper.java:113)
	at org.eclipse.jetty.server.handler.HandlerWrapper.handle(HandlerWrapper.java:113)
	at org.eclipse.jetty.server.handler.HandlerWrapper.handle(HandlerWrapper.java:113)
	at org.eclipse.jetty.server.handler.HandlerWrapper.handle(HandlerWrapper.java:113)
	at org.eclipse.jetty.server.handler.HandlerWrapper.handle(HandlerWrapper.java:113)
	at org.eclipse.jetty.server.handler.HandlerWrapper.handle(HandlerWrapper.java:113)
	at org.eclipse.jetty.server.handler.HandlerWrapper.handle(HandlerWrapper.java:113)
	at org.eclipse.jetty.server.handler.HandlerWrapper.handle(HandlerWrapper.java:113)
	at org.eclipse.jetty.server.handler.HandlerWrapper.handle(HandlerWrapper.java:113)
	at org.eclipse.jetty.server.handler.HandlerWrapper.handle(HandlerWrapper.java:113)
	at org.eclipse.jetty.server.handler.HandlerWrapper.handle(HandlerWrapper.java:113)
	at org.eclipse.jetty.server.handler.HandlerWrapper.handle(HandlerWrapper.java:113)
	at org.eclipse.jetty.server.handler.HandlerWrapper.handle(HandlerWrapper.java:113)
	at org.eclipse.jetty.server.handler.HandlerWrapper.handle(HandlerWrapper.java:113)
	at org.eclipse.jetty.server.handler.HandlerWrapper.handle(HandlerWrapper.java:113)
	at org.eclipse.jetty.server.handler.HandlerWrapper.handle(HandlerWrapper.java:113)
	at org.eclipse.jetty.server.handler.HandlerWrapper.handle(HandlerWrapper.java:113)
	at org.eclipse.jetty.server.handler.HandlerWrapper.handle(HandlerWrapper.java:113)
	at org.eclipse.jetty.server.handler.HandlerWrapper.handle(HandlerWrapper.java:113)
	at org.eclipse.jetty.server.handler.HandlerWrapper.handle(HandlerWrapper.java:113)
	at org.eclipse.jetty.server.handler.HandlerWrapper.handle(HandlerWrapper.java:113)
	at org.eclipse.jetty.server.handler.HandlerWrapper.handle(HandlerWrapper.java:113)
	at org.eclipse.jetty.server.handler.HandlerWrapper.handle(HandlerWrapper.java:113)
	at org.eclipse.jetty.server.handler.HandlerWrapper.handle(HandlerWrapper.java:113)
	at org.eclipse.jetty.server.handler.HandlerWrapper.handle(HandlerWrapper.java:113)
	at org.eclipse.jetty.server.handler.HandlerWrapper.handle(HandlerWrapper.java:113)
	at org.eclipse.jetty.server.handler.HandlerWrapper.handle(HandlerWrapper.java:113)
	at org.eclipse.jetty.server.handler.HandlerWrapper.handle(HandlerWrapper.java:113)
	at org.eclipse.jetty.server.handler.HandlerWrapper.handle(HandlerWrapper.java:113)
	at org.eclipse.jetty.server.handler.HandlerWrapper.handle(HandlerWrapper.java:113)
	at org.eclipse.jetty.server.handler.HandlerWrapper.handle(HandlerWrapper.java:113)
	at org.eclipse.jetty.server.handler.HandlerWrapper.handle(HandlerWrapper.java:113)
	at org.eclipse.jetty.server.handler.HandlerWrapper.handle(HandlerWrapper.java:113)
	at org.eclipse.jetty.server.handler.HandlerWrapper.handle(HandlerWrapper.java:113)
	at org.eclipse.jetty.server.handler.HandlerWrapper.handle(HandlerWrapper.java:113)
	at org.eclipse.jetty.server.handler.HandlerWrapper.handle(HandlerWrapper.java:113)
	at org.eclipse.jetty.server.handler.HandlerWrapper.handle(HandlerWrapper.java:113)
	at org.eclipse.jetty.server.handler.HandlerWrapper.handle(HandlerWrapper.java:113)
	at org.eclipse.jetty.server.handler.HandlerWrapper.handle(HandlerWrapper.java:113)
	at org.eclipse.jetty.server.handler.HandlerWrapper.handle(HandlerWrapper.java:113)
	at org.eclipse.jetty.server.handler.HandlerWrapper.handle(HandlerWrapper.java:113)
	at org.eclipse.jetty.server.handler.HandlerWrapper.handle(HandlerWrapper.java:113)
	at org.eclipse.jetty.server.handler.HandlerWrapper.handle(HandlerWrapper.java:113)
	at org.eclipse.jetty.server.handler.HandlerWrapper.handle(HandlerWrapper.java:113)
	at org.eclipse.jetty.server.handler.HandlerWrapper.handle(HandlerWrapper.java:113)
	at org.eclipse.jetty.server.handler.HandlerWrapper.handle(HandlerWrapper.java:113)
	at org.eclipse.jetty.server.handler.HandlerWrapper.handle(HandlerWrapper.java:113)
	at org.eclipse.jetty.server.handler.HandlerWrapper.handle(HandlerWrapper.java:113)
	at org.eclipse.jetty.server.handler.HandlerWrapper.handle(HandlerWrapper.java:113)
	at org.eclipse.jetty.server.handler.HandlerWrapper.handle(HandlerWrapper.java:113)
	at org.eclipse.jetty.server.handler.HandlerWrapper.handle(HandlerWrapper.java:113)
	at org.eclipse.jetty.server.handler.HandlerWrapper.handle(HandlerWrapper.java:113)
	at org.eclipse.jetty.server.handler.HandlerWrapper.handle(HandlerWrapper.java:113)
	at org.eclipse.jetty.server.handler.HandlerWrapper.handle(HandlerWrapper.java:113)
	at org.eclipse.jetty.server.handler.HandlerWrapper.handle(HandlerWrapper.java:113)
	at org.eclipse.jetty.server.handler.HandlerWrapper.handle(HandlerWrapper.java:113)
	at org.eclipse.jetty.server.handler.HandlerWrapper.handle(HandlerWrapper.java:113)
	at org.eclipse.jetty.server.handler.HandlerWrapper.handle(HandlerWrapper.java:113)
	at org.eclipse.jetty.server.handler.HandlerWrapper.handle(HandlerWrapper.java:113)
	at org.eclipse.jetty.server.handler.HandlerWrapper.handle(HandlerWrapper.java:113)
	at org.eclipse.jetty.server.handler.HandlerWrapper.handle(HandlerWrapper.java:113)
	at org.eclipse.jetty.server.handler.HandlerWrapper.handle(HandlerWrapper.java:113)
	at org.eclipse.jetty.server.handler.HandlerWrapper.handle(HandlerWrapper.java:113)
	at org.eclipse.jetty.server.handler.HandlerWrapper.handle(HandlerWrapper.java:113)
	at org.eclipse.jetty.server.handler.HandlerWrapper.handle(HandlerWrapper.java:113)
	at org.eclipse.jetty.server.handler.HandlerWrapper.handle(HandlerWrapper.java:113)
	at org.eclipse.jetty.server.handler.HandlerWrapper.handle(HandlerWrapper.java:113)
	at org.eclipse.jetty.server.handler.HandlerWrapper.handle(HandlerWrapper.java:113)
	at org.eclipse.jetty.server.handler.HandlerWrapper.handle(HandlerWrapper.java:113)
	at org.eclipse.jetty.server.handler.HandlerWrapper.handle(HandlerWrapper.java:113)
	at org.eclipse.jetty.server.handler.HandlerWrapper.handle(HandlerWrapper.java:113)
	at org.eclipse.jetty.server.handler.HandlerWrapper.handle(HandlerWrapper.java:113)
	at org.eclipse.jetty.server.handler.HandlerWrapper.handle(HandlerWrapper.java:113)
	at org.eclipse.jetty.server.handler.HandlerWrapper.handle(HandlerWrapper.java:113)
	at org.eclipse.jetty.server.handler.HandlerWrapper.handle(HandlerWrapper.java:113)
	at org.eclipse.jetty.server.handler.HandlerWrapper.handle(HandlerWrapper.java:113)
	at org.eclipse.jetty.server.handler.HandlerWrapper.handle(HandlerWrapper.java:113)
	at org.eclipse.jetty.server.handler.HandlerWrapper.handle(HandlerWrapper.java:113)
	at org.eclipse.jetty.server.handler.HandlerWrapper.handle(HandlerWrapper.java:113)
	at org.eclipse.jetty.server.handler.HandlerWrapper.handle(HandlerWrapper.java:113)
	at org.eclipse.jetty.server.handler.HandlerWrapper.handle(HandlerWrapper.java:113)
	at org.eclipse.jetty.server.handler.HandlerWrapper.handle(HandlerWrapper.java:113)
	at org.eclipse.jetty.server.handler.HandlerWrapper.handle(HandlerWrapper.java:113)
	at org.eclipse.jetty.server.handler.HandlerWrapper.handle(HandlerWrapper.java:113)
	at org.eclipse.jetty.server.handler.HandlerWrapper.handle(HandlerWrapper.java:113)
	at org.eclipse.jetty.server.handler.HandlerWrapper.handle(HandlerWrapper.java:113)
	at org.eclipse.jetty.server.handler.HandlerWrapper.handle(HandlerWrapper.java:113)
	at org.eclipse.jetty.server.handler.HandlerWrapper.handle(HandlerWrapper.java:113)
	at org.eclipse.jetty.server.handler.HandlerWrapper.handle(HandlerWrapper.java:113)
	at org.eclipse.jetty.server.handler.HandlerWrapper.handle(HandlerWrapper.java:113)
	at org.eclipse.jetty.server.handler.HandlerWrapper.handle(HandlerWrapper.java:113)
	at org.eclipse.jetty.server.handler.HandlerWrapper.handle(HandlerWrapper.java:113)
	at org.eclipse.jetty.server.handler.HandlerWrapper.handle(HandlerWrapper.java:113)
	at org.eclipse.jetty.server.handler.HandlerWrapper.handle(HandlerWrapper.java:113)
	at org.eclipse.jetty.server.handler.HandlerWrapper.handle(HandlerWrapper.java:113)
	at org.eclipse.jetty.server.handler.HandlerWrapper.handle(HandlerWrapper.java:113)
	at org.eclipse.jetty.server.handler.HandlerWrapper.handle(HandlerWrapper.java:113)
	at org.eclipse.jetty.server.handler.HandlerWrapper.handle(HandlerWrapper.java:113)
	at org.eclipse.jetty.server.handler.HandlerWrapper.handle(HandlerWrapper.java:113)
	at org.eclipse.jetty.server.handler.HandlerWrapper.handle(HandlerWrapper.java:113)
	at org.eclipse.jetty.server.handler.HandlerWrapper.handle(HandlerWrapper.java:113)
	at org.eclipse.jetty.server.handler.HandlerWrapper.handle(HandlerWrapper.java:113)
	at org.eclipse.jetty.server.handler.HandlerWrapper.handle(HandlerWrapper.java:113)
	at org.eclipse.jetty.server.handler.HandlerWrapper.handle(HandlerWrapper.java:113)
	at org.eclipse.jetty.server.handler.HandlerWrapper.handle(HandlerWrapper.java:113)
	at org.eclipse.jetty.server.handler.HandlerWrapper.handle(HandlerWrapper.java:113)
	at org.eclipse.jetty.server.handler.HandlerWrapper.handle(HandlerWrapper.java:113)
	at org.eclipse.jetty.server.handler.HandlerWrapper.handle(HandlerWrapper.java:113)
	at org.eclipse.jetty.server.handler.HandlerWrapper.handle(HandlerWrapper.java:113)
	at org.eclipse.jetty.server.handler.HandlerWrapper.handle(HandlerWrapper.java:113)
	at org.eclipse.jetty.server.handler.HandlerWrapper.handle(HandlerWrapper.java:113)
	at org.eclipse.jetty.server.handler.HandlerWrapper.handle(HandlerWrapper.java:113)
	at org.eclipse.jetty.server.handler.HandlerWrapper.handle(HandlerWrapper.java:113)
	at org.eclipse.jetty.server.handler.HandlerWrapper.handle(HandlerWrapper.java:113)
	at org.eclipse.jetty.server.handler.HandlerWrapper.handle(HandlerWrapper.java:113)
	at org.eclipse.jetty.server.handler.HandlerWrapper.handle(HandlerWrapper.java:113)
	at org.eclipse.jetty.server.handler.HandlerWrapper.handle(HandlerWrapper.java:113)
	at org.eclipse.jetty.server.handler.HandlerWrapper.handle(HandlerWrapper.java:113)
	at org.eclipse.jetty.server.handler.HandlerWrapper.handle(HandlerWrapper.java:113)
	at org.eclipse.jetty.server.handler.HandlerWrapper.handle(HandlerWrapper.java:113)
	at org.eclipse.jetty.server.handler.HandlerWrapper.handle(HandlerWrapper.java:113)
	at org.eclipse.jetty.server.handler.HandlerWrapper.handle(HandlerWrapper.java:113)
	at org.eclipse.jetty.server.handler.HandlerWrapper.handle(HandlerWrapper.java:113)
	at org.eclipse.jetty.server.handler.HandlerWrapper.handle(HandlerWrapper.java:113)
	at org.eclipse.jetty.server.handler.HandlerWrapper.handle(HandlerWrapper.java:113)
	at org.eclipse.jetty.server.handler.HandlerWrapper.handle(HandlerWrapper.java:113)
	at org.eclipse.jetty.server.handler.HandlerWrapper.handle(HandlerWrapper.java:113)
	at org.eclipse.jetty.server.handler.HandlerWrapper.handle(HandlerWrapper.java:113)
	at org.eclipse.jetty.server.handler.HandlerWrapper.handle(HandlerWrapper.java:113)
	at org.eclipse.jetty.server.handler.HandlerWrapper.handle(HandlerWrapper.java:113)
	at org.eclipse.jetty.server.handler.HandlerWrapper.handle(HandlerWrapper.java:113)
	at org.eclipse.jetty.server.handler.HandlerWrapper.handle(HandlerWrapper.java:113)
	at org.eclipse.jetty.server.handler.HandlerWrapper.handle(HandlerWrapper.java:113)
	at org.eclipse.jetty.server.handler.HandlerWrapper.handle(HandlerWrapper.java:113)
	at org.eclipse.jetty.server.handler.HandlerWrapper.handle(HandlerWrapper.java:113)
	at org.eclipse.jetty.server.handler.HandlerWrapper.handle(HandlerWrapper.java:113)
	at org.eclipse.jetty.server.handler.HandlerWrapper.handle(HandlerWrapper.java:113)
	at org.eclipse.jetty.server.handler.HandlerWrapper.handle(HandlerWrapper.java:113)
	at org.eclipse.jetty.server.handler.HandlerWrapper.handle(HandlerWrapper.java:113)
	at org.eclipse.jetty.server.handler.HandlerWrapper.handle(HandlerWrapper.java:113)
	at org.eclipse.jetty.server.handler.HandlerWrapper.handle(HandlerWrapper.java:113)
	at org.eclipse.jetty.server.handler.HandlerWrapper.handle(HandlerWrapper.java:113)
	at org.eclipse.jetty.server.handler.HandlerWrapper.handle(HandlerWrapper.java:113)
	at org.eclipse.jetty.server.handler.HandlerWrapper.handle(HandlerWrapper.java:113)
	at org.eclipse.jetty.server.handler.HandlerWrapper.handle(HandlerWrapper.java:113)
	at org.eclipse.jetty.server.handler.HandlerWrapper.handle(HandlerWrapper.java:113)
	at org.eclipse.jetty.server.handler.HandlerWrapper.handle(HandlerWrapper.java:113)
	at org.eclipse.jetty.server.handler.HandlerWrapper.handle(HandlerWrapper.java:113)
	at org.eclipse.jetty.server.handler.HandlerWrapper.handle(HandlerWrapper.java:113)
	at org.eclipse.jetty.server.handler.HandlerWrapper.handle(HandlerWrapper.java:113)
	at org.eclipse.jetty.server.handler.HandlerWrapper.handle(HandlerWrapper.java:113)
	at org.eclipse.jetty.server.handler.HandlerWrapper.handle(HandlerWrapper.java:113)
	at org.eclipse.jetty.server.handler.HandlerWrapper.handle(HandlerWrapper.java:113)
	at org.eclipse.jetty.server.handler.HandlerWrapper.handle(HandlerWrapper.java:113)
	at org.eclipse.jetty.server.handler.HandlerWrapper.handle(HandlerWrapper.java:113)
	at org.eclipse.jetty.server.handler.HandlerWrapper.handle(HandlerWrapper.java:113)
	at org.eclipse.jetty.server.handler.HandlerWrapper.handle(HandlerWrapper.java:113)
	at org.eclipse.jetty.server.handler.HandlerWrapper.handle(HandlerWrapper.java:113)
	at org.eclipse.jetty.server.handler.HandlerWrapper.handle(HandlerWrapper.java:113)
	at org.eclipse.jetty.server.handler.HandlerWrapper.handle(HandlerWrapper.java:113)
	at org.eclipse.jetty.server.handler.HandlerWrapper.handle(HandlerWrapper.java:113)
	at org.eclipse.jetty.server.handler.HandlerWrapper.handle(HandlerWrapper.java:113)
	at org.eclipse.jetty.server.handler.HandlerWrapper.handle(HandlerWrapper.java:113)
	at org.eclipse.jetty.server.handler.HandlerWrapper.handle(HandlerWrapper.java:113)
	at org.eclipse.jetty.server.handler.HandlerWrapper.handle(HandlerWrapper.java:113)
	at org.eclipse.jetty.server.handler.HandlerWrapper.handle(HandlerWrapper.java:113)
	at org.eclipse.jetty.server.handler.HandlerWrapper.handle(HandlerWrapper.java:113)
	at org.eclipse.jetty.server.handler.HandlerWrapper.handle(HandlerWrapper.java:113)
	at org.eclipse.jetty.server.handler.HandlerWrapper.handle(HandlerWrapper.java:113)
	at org.eclipse.jetty.server.handler.HandlerWrapper.handle(HandlerWrapper.java:113)
	at org.eclipse.jetty.server.handler.HandlerWrapper.handle(HandlerWrapper.java:113)
	at org.eclipse.jetty.server.handler.HandlerWrapper.handle(HandlerWrapper.java:113)
	at org.eclipse.jetty.server.handler.HandlerWrapper.handle(HandlerWrapper.java:113)
	at org.eclipse.jetty.server.handler.HandlerWrapper.handle(HandlerWrapper.java:113)
	at org.eclipse.jetty.server.handler.HandlerWrapper.handle(HandlerWrapper.java:113)
	at org.eclipse.jetty.server.handler.HandlerWrapper.handle(HandlerWrapper.java:113)
	at org.eclipse.jetty.server.handler.HandlerWrapper.handle(HandlerWrapper.java:113)
	at org.eclipse.jetty.server.handler.HandlerWrapper.handle(HandlerWrapper.java:113)
	at org.eclipse.jetty.server.handler.HandlerWrapper.handle(HandlerWrapper.java:113)
	at org.eclipse.jetty.server.handler.HandlerWrapper.handle(HandlerWrapper.java:113)
	at org.eclipse.jetty.server.handler.HandlerWrapper.handle(HandlerWrapper.java:113)
	at org.eclipse.jetty.server.handler.HandlerWrapper.handle(HandlerWrapper.java:113)
	at org.eclipse.jetty.server.handler.HandlerWrapper.handle(HandlerWrapper.java:113)
	at org.eclipse.jetty.server.handler.HandlerWrapper.handle(HandlerWrapper.java:113)
	at org.eclipse.jetty.server.handler.HandlerWrapper.handle(HandlerWrapper.java:113)
	at org.eclipse.jetty.server.handler.HandlerWrapper.handle(HandlerWrapper.java:113)
	at org.eclipse.jetty.server.handler.HandlerWrapper.handle(HandlerWrapper.java:113)
	at org.eclipse.jetty.server.handler.HandlerWrapper.handle(HandlerWrapper.java:113)
	at org.eclipse.jetty.server.handler.HandlerWrapper.handle(HandlerWrapper.java:113)
	at org.eclipse.jetty.server.handler.HandlerWrapper.handle(HandlerWrapper.java:113)
	at org.eclipse.jetty.server.handler.HandlerWrapper.handle(HandlerWrapper.java:113)
	at org.eclipse.jetty.server.handler.HandlerWrapper.handle(HandlerWrapper.java:113)
	at org.eclipse.jetty.server.handler.HandlerWrapper.handle(HandlerWrapper.java:113)
	at org.eclipse.jetty.server.handler.HandlerWrapper.handle(HandlerWrapper.java:113)
	at org.eclipse.jetty.server.handler.HandlerWrapper.handle(HandlerWrapper.java:113)
	at org.eclipse.jetty.server.handler.HandlerWrapper.handle(HandlerWrapper.java:113)
	at org.eclipse.jetty.server.handler.HandlerWrapper.handle(HandlerWrapper.java:113)
	at org.eclipse.jetty.server.handler.HandlerWrapper.handle(HandlerWrapper.java:113)
	at org.eclipse.jetty.server.handler.HandlerWrapper.handle(HandlerWrapper.java:113)
	at org.eclipse.jetty.server.handler.HandlerWrapper.handle(HandlerWrapper.java:113)
	at org.eclipse.jetty.server.handler.HandlerWrapper.handle(HandlerWrapper.java:113)
	at org.eclipse.jetty.server.handler.HandlerWrapper.handle(HandlerWrapper.java:113)
	at org.eclipse.jetty.server.handler.HandlerWrapper.handle(HandlerWrapper.java:113)
	at org.eclipse.jetty.server.handler.HandlerWrapper.handle(HandlerWrapper.java:113)
	at org.eclipse.jetty.server.handler.HandlerWrapper.handle(HandlerWrapper.java:113)
	at org.eclipse.jetty.server.handler.HandlerWrapper.handle(HandlerWrapper.java:113)
	at org.eclipse.jetty.server.handler.HandlerWrapper.handle(HandlerWrapper.java:113)
	at org.eclipse.jetty.server.handler.HandlerWrapper.handle(HandlerWrapper.java:113)
	at org.eclipse.jetty.server.handler.HandlerWrapper.handle(HandlerWrapper.java:113)
	at org.eclipse.jetty.server.handler.HandlerWrapper.handle(HandlerWrapper.java:113)
	at org.eclipse.jetty.server.handler.HandlerWrapper.handle(HandlerWrapper.java:113)
	at org.eclipse.jetty.server.handler.HandlerWrapper.handle(HandlerWrapper.java:113)
	at org.eclipse.jetty.server.handler.HandlerWrapper.handle(HandlerWrapper.java:113)
	at org.eclipse.jetty.server.handler.HandlerWrapper.handle(HandlerWrapper.java:113)
	at org.eclipse.jetty.server.handler.HandlerWrapper.handle(HandlerWrapper.java:113)
	at org.eclipse.jetty.server.handler.HandlerWrapper.handle(HandlerWrapper.java:113)
	at org.eclipse.jetty.server.handler.HandlerWrapper.handle(HandlerWrapper.java:113)
	at org.eclipse.jetty.server.handler.HandlerWrapper.handle(HandlerWrapper.java:113)
	at org.eclipse.jetty.server.handler.HandlerWrapper.handle(HandlerWrapper.java:113)
	at org.eclipse.jetty.server.handler.HandlerWrapper.handle(HandlerWrapper.java:113)
	at org.eclipse.jetty.server.handler.HandlerWrapper.handle(HandlerWrapper.java:113)
	at org.eclipse.jetty.server.handler.HandlerWrapper.handle(HandlerWrapper.java:113)
	at org.eclipse.jetty.server.handler.HandlerWrapper.handle(HandlerWrapper.java:113)
	at org.eclipse.jetty.server.handler.HandlerWrapper.handle(HandlerWrapper.java:113)
	at org.eclipse.jetty.server.handler.HandlerWrapper.handle(HandlerWrapper.java:113)
	at org.eclipse.jetty.server.handler.HandlerWrapper.handle(HandlerWrapper.java:113)
	at org.eclipse.jetty.server.handler.HandlerWrapper.handle(HandlerWrapper.java:113)
	at org.eclipse.jetty.server.handler.HandlerWrapper.handle(HandlerWrapper.java:113)
	at org.eclipse.jetty.server.handler.HandlerWrapper.handle(HandlerWrapper.java:113)
	at org.eclipse.jetty.server.handler.HandlerWrapper.handle(HandlerWrapper.java:113)
	at org.eclipse.jetty.server.handler.HandlerWrapper.handle(HandlerWrapper.java:113)
	at org.eclipse.jetty.server.handler.HandlerWrapper.handle(HandlerWrapper.java:113)
	at org.eclipse.jetty.server.handler.HandlerWrapper.handle(HandlerWrapper.java:113)
	at org.eclipse.jetty.server.handler.HandlerWrapper.handle(HandlerWrapper.java:113)
	at org.eclipse.jetty.server.handler.HandlerWrapper.handle(HandlerWrapper.java:113)
	at org.eclipse.jetty.server.handler.HandlerWrapper.handle(HandlerWrapper.java:113)
	at org.eclipse.jetty.server.handler.HandlerWrapper.handle(HandlerWrapper.java:113)
	at org.eclipse.jetty.server.handler.HandlerWrapper.handle(HandlerWrapper.java:113)
	at org.eclipse.jetty.server.handler.HandlerWrapper.handle(HandlerWrapper.java:113)
	at org.eclipse.jetty.server.handler.HandlerWrapper.handle(HandlerWrapper.java:113)
	at org.eclipse.jetty.server.handler.HandlerWrapper.handle(HandlerWrapper.java:113)
	at org.eclipse.jetty.server.handler.HandlerWrapper.handle(HandlerWrapper.java:113)
	at org.eclipse.jetty.server.handler.HandlerWrapper.handle(HandlerWrapper.java:113)
	at org.eclipse.jetty.server.handler.HandlerWrapper.handle(HandlerWrapper.java:113)
	at org.eclipse.jetty.server.handler.HandlerWrapper.handle(HandlerWrapper.java:113)
	at org.eclipse.jetty.server.handler.HandlerWrapper.handle(HandlerWrapper.java:113)
	at org.eclipse.jetty.server.handler.HandlerWrapper.handle(HandlerWrapper.java:113)
	at org.eclipse.jetty.server.handler.HandlerWrapper.handle(HandlerWrapper.java:113)
	at org.eclipse.jetty.server.handler.HandlerWrapper.handle(HandlerWrapper.java:113)
	at org.eclipse.jetty.server.handler.HandlerWrapper.handle(HandlerWrapper.java:113)
	at org.eclipse.jetty.server.handler.HandlerWrapper.handle(HandlerWrapper.java:113)
	at org.eclipse.jetty.server.handler.HandlerWrapper.handle(HandlerWrapper.java:113)
	at org.eclipse.jetty.server.handler.HandlerWrapper.handle(HandlerWrapper.java:113)
	at org.eclipse.jetty.server.handler.HandlerWrapper.handle(HandlerWrapper.java:113)
	at org.eclipse.jetty.server.handler.HandlerWrapper.handle(HandlerWrapper.java:113)
	at org.eclipse.jetty.server.handler.HandlerWrapper.handle(HandlerWrapper.java:113)
	at org.eclipse.jetty.server.handler.HandlerWrapper.handle(HandlerWrapper.java:113)
	at org.eclipse.jetty.server.handler.HandlerWrapper.handle(HandlerWrapper.java:113)
	at org.eclipse.jetty.server.handler.HandlerWrapper.handle(HandlerWrapper.java:113)
	at org.eclipse.jetty.server.handler.HandlerWrapper.handle(HandlerWrapper.java:113)
	at org.eclipse.jetty.server.handler.HandlerWrapper.handle(HandlerWrapper.java:113)
	at org.eclipse.jetty.server.handler.HandlerWrapper.handle(HandlerWrapper.java:113)
	at org.eclipse.jetty.server.handler.HandlerWrapper.handle(HandlerWrapper.java:113)
	at org.eclipse.jetty.server.handler.HandlerWrapper.handle(HandlerWrapper.java:113)
	at org.eclipse.jetty.server.handler.HandlerWrapper.handle(HandlerWrapper.java:113)
	at org.eclipse.jetty.server.handler.HandlerWrapper.handle(HandlerWrapper.java:113)
	at org.eclipse.jetty.server.handler.HandlerWrapper.handle(HandlerWrapper.java:113)
	at org.eclipse.jetty.server.handler.HandlerWrapper.handle(HandlerWrapper.java:113)
	at org.eclipse.jetty.server.handler.HandlerWrapper.handle(HandlerWrapper.java:113)
	at org.eclipse.jetty.server.handler.HandlerWrapper.handle(HandlerWrapper.java:113)
	at org.eclipse.jetty.server.handler.HandlerWrapper.handle(HandlerWrapper.java:113)
	at org.eclipse.jetty.server.handler.HandlerWrapper.handle(HandlerWrapper.java:113)
	at org.eclipse.jetty.server.handler.HandlerWrapper.handle(HandlerWrapper.java:113)
	at org.eclipse.jetty.server.handler.HandlerWrapper.handle(HandlerWrapper.java:113)
	at org.eclipse.jetty.server.handler.HandlerWrapper.handle(HandlerWrapper.java:113)
	at org.eclipse.jetty.server.handler.HandlerWrapper.handle(HandlerWrapper.java:113)
	at org.eclipse.jetty.server.handler.HandlerWrapper.handle(HandlerWrapper.java:113)
	at org.eclipse.jetty.server.handler.HandlerWrapper.handle(HandlerWrapper.java:113)
	at org.eclipse.jetty.server.handler.HandlerWrapper.handle(HandlerWrapper.java:113)
	at org.eclipse.jetty.server.handler.HandlerWrapper.handle(HandlerWrapper.java:113)
	at org.eclipse.jetty.server.handler.HandlerWrapper.handle(HandlerWrapper.java:113)
	at org.eclipse.jetty.server.handler.HandlerWrapper.handle(HandlerWrapper.java:113)
	at org.eclipse.jetty.server.handler.HandlerWrapper.handle(HandlerWrapper.java:113)
	at org.eclipse.jetty.server.handler.HandlerWrapper.handle(HandlerWrapper.java:113)
	at org.eclipse.jetty.server.handler.HandlerWrapper.handle(HandlerWrapper.java:113)
	at org.eclipse.jetty.server.handler.HandlerWrapper.handle(HandlerWrapper.java:113)
	at org.eclipse.jetty.server.handler.HandlerWrapper.handle(HandlerWrapper.java:113)
	at org.eclipse.jetty.server.handler.HandlerWrapper.handle(HandlerWrapper.java:113)
	at org.eclipse.jetty.server.handler.HandlerWrapper.handle(HandlerWrapper.java:113)
	at org.eclipse.jetty.server.handler.HandlerWrapper.handle(HandlerWrapper.java:113)
	at org.eclipse.jetty.server.handler.HandlerWrapper.handle(HandlerWrapper.java:113)
	at org.eclipse.jetty.server.handler.HandlerWrapper.handle(HandlerWrapper.java:113)
	at org.eclipse.jetty.server.handler.HandlerWrapper.handle(HandlerWrapper.java:113)
	at org.eclipse.jetty.server.handler.HandlerWrapper.handle(HandlerWrapper.java:113)
	at org.eclipse.jetty.server.handler.HandlerWrapper.handle(HandlerWrapper.java:113)
	at org.eclipse.jetty.server.handler.HandlerWrapper.handle(HandlerWrapper.java:113)
	at org.eclipse.jetty.server.handler.HandlerWrapper.handle(HandlerWrapper.java:113)
	at org.eclipse.jetty.server.handler.HandlerWrapper.handle(HandlerWrapper.java:113)
	at org.eclipse.jetty.server.handler.HandlerWrapper.handle(HandlerWrapper.java:113)
	at org.eclipse.jetty.server.handler.HandlerWrapper.handle(HandlerWrapper.java:113)
	at org.eclipse.jetty.server.handler.HandlerWrapper.handle(HandlerWrapper.java:113)
	at org.eclipse.jetty.server.handler.HandlerWrapper.handle(HandlerWrapper.java:113)
	at org.eclipse.jetty.server.handler.HandlerWrapper.handle(HandlerWrapper.java:113)
	at org.eclipse.jetty.server.handler.HandlerWrapper.handle(HandlerWrapper.java:113)
	at org.eclipse.jetty.server.handler.HandlerWrapper.handle(HandlerWrapper.java:113)
	at org.eclipse.jetty.server.handler.HandlerWrapper.handle(HandlerWrapper.java:113)
	at org.eclipse.jetty.server.handler.HandlerWrapper.handle(HandlerWrapper.java:113)
	at org.eclipse.jetty.server.handler.HandlerWrapper.handle(HandlerWrapper.java:113)
	at org.eclipse.jetty.server.handler.HandlerWrapper.handle(HandlerWrapper.java:113)
	at org.eclipse.jetty.server.handler.HandlerWrapper.handle(HandlerWrapper.java:113)
	at org.eclipse.jetty.server.handler.HandlerWrapper.handle(HandlerWrapper.java:113)
	at org.eclipse.jetty.server.handler.HandlerWrapper.handle(HandlerWrapper.java:113)
	at org.eclipse.jetty.server.handler.HandlerWrapper.handle(HandlerWrapper.java:113)
	at org.eclipse.jetty.server.handler.HandlerWrapper.handle(HandlerWrapper.java:113)
	at org.eclipse.jetty.server.handler.HandlerWrapper.handle(HandlerWrapper.java:113)
	at org.eclipse.jetty.server.handler.HandlerWrapper.handle(HandlerWrapper.java:113)
	at org.eclipse.jetty.server.handler.HandlerWrapper.handle(HandlerWrapper.java:113)
	at org.eclipse.jetty.server.handler.HandlerWrapper.handle(HandlerWrapper.java:113)
	at org.eclipse.jetty.server.handler.HandlerWrapper.handle(HandlerWrapper.java:113)
	at org.eclipse.jetty.server.handler.HandlerWrapper.handle(HandlerWrapper.java:113)
	at org.eclipse.jetty.server.handler.HandlerWrapper.handle(HandlerWrapper.java:113)
	at org.eclipse.jetty.server.handler.HandlerWrapper.handle(HandlerWrapper.java:113)
	at org.eclipse.jetty.server.handler.HandlerWrapper.handle(HandlerWrapper.java:113)
	at org.eclipse.jetty.server.handler.HandlerWrapper.handle(HandlerWrapper.java:113)
	at org.eclipse.jetty.server.handler.HandlerWrapper.handle(HandlerWrapper.java:113)
	at org.eclipse.jetty.server.handler.HandlerWrapper.handle(HandlerWrapper.java:113)
	at org.eclipse.jetty.server.handler.HandlerWrapper.handle(HandlerWrapper.java:113)
	at org.eclipse.jetty.server.handler.HandlerWrapper.handle(HandlerWrapper.java:113)
	at org.eclipse.jetty.server.handler.HandlerWrapper.handle(HandlerWrapper.java:113)
	at org.eclipse.jetty.server.handler.HandlerWrapper.handle(HandlerWrapper.java:113)
	at org.eclipse.jetty.server.handler.HandlerWrapper.handle(HandlerWrapper.java:113)
	at org.eclipse.jetty.server.handler.HandlerWrapper.handle(HandlerWrapper.java:113)
	at org.eclipse.jetty.server.handler.HandlerWrapper.handle(HandlerWrapper.java:113)
	at org.eclipse.jetty.server.handler.HandlerWrapper.handle(HandlerWrapper.java:113)
	at org.eclipse.jetty.server.handler.HandlerWrapper.handle(HandlerWrapper.java:113)
	at org.eclipse.jetty.server.handler.HandlerWrapper.handle(HandlerWrapper.java:113)
	at org.eclipse.jetty.server.handler.HandlerWrapper.handle(HandlerWrapper.java:113)
	at org.eclipse.jetty.server.handler.HandlerWrapper.handle(HandlerWrapper.java:113)
	at org.eclipse.jetty.server.handler.HandlerWrapper.handle(HandlerWrapper.java:113)
	at org.eclipse.jetty.server.handler.HandlerWrapper.handle(HandlerWrapper.java:113)
	at org.eclipse.jetty.server.handler.HandlerWrapper.handle(HandlerWrapper.java:113)
	at org.eclipse.jetty.server.handler.HandlerWrapper.handle(HandlerWrapper.java:113)
	at org.eclipse.jetty.server.handler.HandlerWrapper.handle(HandlerWrapper.java:113)
	at org.eclipse.jetty.server.handler.HandlerWrapper.handle(HandlerWrapper.java:113)
	at org.eclipse.jetty.server.handler.HandlerWrapper.handle(HandlerWrapper.java:113)
	at org.eclipse.jetty.server.handler.HandlerWrapper.handle(HandlerWrapper.java:113)
	at org.eclipse.jetty.server.handler.HandlerWrapper.handle(HandlerWrapper.java:113)
	at org.eclipse.jetty.server.handler.HandlerWrapper.handle(HandlerWrapper.java:113)
	at org.eclipse.jetty.server.handler.HandlerWrapper.handle(HandlerWrapper.java:113)
	at org.eclipse.jetty.server.handler.HandlerWrapper.handle(HandlerWrapper.java:113)
	at org.eclipse.jetty.server.handler.HandlerWrapper.handle(HandlerWrapper.java:113)
	at org.eclipse.jetty.server.handler.HandlerWrapper.handle(HandlerWrapper.java:113)
	at org.eclipse.jetty.server.handler.HandlerWrapper.handle(HandlerWrapper.java:113)
	at org.eclipse.jetty.server.handler.HandlerWrapper.handle(HandlerWrapper.java:113)
	at org.eclipse.jetty.server.handler.HandlerWrapper.handle(HandlerWrapper.java:113)
	at org.eclipse.jetty.server.handler.HandlerWrapper.handle(HandlerWrapper.java:113)
	at org.eclipse.jetty.server.handler.HandlerWrapper.handle(HandlerWrapper.java:113)
	at org.eclipse.jetty.server.handler.HandlerWrapper.handle(HandlerWrapper.java:113)
	at org.eclipse.jetty.server.handler.HandlerWrapper.handle(HandlerWrapper.java:113)
	at org.eclipse.jetty.server.handler.HandlerWrapper.handle(HandlerWrapper.java:113)
	at org.eclipse.jetty.server.handler.HandlerWrapper.handle(HandlerWrapper.java:113)
	at org.eclipse.jetty.server.handler.HandlerWrapper.handle(HandlerWrapper.java:113)
	at org.eclipse.jetty.server.handler.HandlerWrapper.handle(HandlerWrapper.java:113)
	at org.eclipse.jetty.server.handler.HandlerWrapper.handle(HandlerWrapper.java:113)
	at org.eclipse.jetty.server.handler.HandlerWrapper.handle(HandlerWrapper.java:113)
	at org.eclipse.jetty.server.handler.HandlerWrapper.handle(HandlerWrapper.java:113)
	at org.eclipse.jetty.server.handler.HandlerWrapper.handle(HandlerWrapper.java:113)
	at org.eclipse.jetty.server.handler.HandlerWrapper.handle(HandlerWrapper.java:113)
	at org.eclipse.jetty.server.handler.HandlerWrapper.handle(HandlerWrapper.java:113)
	at org.eclipse.jetty.server.handler.HandlerWrapper.handle(HandlerWrapper.java:113)
	at org.eclipse.jetty.server.handler.HandlerWrapper.handle(HandlerWrapper.java:113)
	at org.eclipse.jetty.server.handler.HandlerWrapper.handle(HandlerWrapper.java:113)
	at org.eclipse.jetty.server.handler.HandlerWrapper.handle(HandlerWrapper.java:113)
	at org.eclipse.jetty.server.handler.HandlerWrapper.handle(HandlerWrapper.java:113)
	at org.eclipse.jetty.server.handler.HandlerWrapper.handle(HandlerWrapper.java:113)
	at org.eclipse.jetty.server.handler.HandlerWrapper.handle(HandlerWrapper.java:113)
	at org.eclipse.jetty.server.handler.HandlerWrapper.handle(HandlerWrapper.java:113)
	at org.eclipse.jetty.server.handler.HandlerWrapper.handle(HandlerWrapper.java:113)
	at org.eclipse.jetty.server.handler.HandlerWrapper.handle(HandlerWrapper.java:113)
	at org.eclipse.jetty.server.handler.HandlerWrapper.handle(HandlerWrapper.java:113)
	at org.eclipse.jetty.server.handler.HandlerWrapper.handle(HandlerWrapper.java:113)
	at org.eclipse.jetty.server.handler.HandlerWrapper.handle(HandlerWrapper.java:113)
	at org.eclipse.jetty.server.handler.HandlerWrapper.handle(HandlerWrapper.java:113)
	at org.eclipse.jetty.server.handler.HandlerWrapper.handle(HandlerWrapper.java:113)
	at org.eclipse.jetty.server.handler.HandlerWrapper.handle(HandlerWrapper.java:113)
	at org.eclipse.jetty.server.handler.HandlerWrapper.handle(HandlerWrapper.java:113)
	at org.eclipse.jetty.server.handler.HandlerWrapper.handle(HandlerWrapper.java:113)
	at org.eclipse.jetty.server.handler.HandlerWrapper.handle(HandlerWrapper.java:113)
	at org.eclipse.jetty.server.handler.HandlerWrapper.handle(HandlerWrapper.java:113)
	at org.eclipse.jetty.server.handler.HandlerWrapper.handle(HandlerWrapper.java:113)
	at org.eclipse.jetty.server.handler.HandlerWrapper.handle(HandlerWrapper.java:113)
	at org.eclipse.jetty.server.handler.HandlerWrapper.handle(HandlerWrapper.java:113)
	at org.eclipse.jetty.server.handler.HandlerWrapper.handle(HandlerWrapper.java:113)
	at org.eclipse.jetty.server.handler.HandlerWrapper.handle(HandlerWrapper.java:113)
	at org.eclipse.jetty.server.handler.HandlerWrapper.handle(HandlerWrapper.java:113)
	at org.eclipse.jetty.server.handler.HandlerWrapper.handle(HandlerWrapper.java:113)
	at org.eclipse.jetty.server.handler.HandlerWrapper.handle(HandlerWrapper.java:113)
	at org.eclipse.jetty.server.handler.HandlerWrapper.handle(HandlerWrapper.java:113)
	at org.eclipse.jetty.server.handler.HandlerWrapper.handle(HandlerWrapper.java:113)
	at org.eclipse.jetty.server.handler.HandlerWrapper.handle(HandlerWrapper.java:113)
	at org.eclipse.jetty.server.handler.HandlerWrapper.handle(HandlerWrapper.java:113)
	at org.eclipse.jetty.server.handler.HandlerWrapper.handle(HandlerWrapper.java:113)
	at org.eclipse.jetty.server.handler.HandlerWrapper.handle(HandlerWrapper.java:113)
	at org.eclipse.jetty.server.handler.HandlerWrapper.handle(HandlerWrapper.java:113)
	at org.eclipse.jetty.server.handler.HandlerWrapper.handle(HandlerWrapper.java:113)
	at org.eclipse.jetty.server.handler.HandlerWrapper.handle(HandlerWrapper.java:113)
	at org.eclipse.jetty.server.handler.HandlerWrapper.handle(HandlerWrapper.java:113)
	at org.eclipse.jetty.server.handler.HandlerWrapper.handle(HandlerWrapper.java:113)
	at org.eclipse.jetty.server.handler.HandlerWrapper.handle(HandlerWrapper.java:113)
	at org.eclipse.jetty.server.handler.HandlerWrapper.handle(HandlerWrapper.java:113)
	at org.eclipse.jetty.server.handler.HandlerWrapper.handle(HandlerWrapper.java:113)
	at org.eclipse.jetty.server.handler.HandlerWrapper.handle(HandlerWrapper.java:113)
	at org.eclipse.jetty.server.handler.HandlerWrapper.handle(HandlerWrapper.java:113)
	at org.eclipse.jetty.server.handler.HandlerWrapper.handle(HandlerWrapper.java:113)
	at org.eclipse.jetty.server.handler.HandlerWrapper.handle(HandlerWrapper.java:113)
	at org.eclipse.jetty.server.handler.HandlerWrapper.handle(HandlerWrapper.java:113)
	at org.eclipse.jetty.server.handler.HandlerWrapper.handle(HandlerWrapper.java:113)
	at org.eclipse.jetty.server.handler.HandlerWrapper.handle(HandlerWrapper.java:113)
	at org.eclipse.jetty.server.handler.HandlerWrapper.handle(HandlerWrapper.java:113)
	at org.eclipse.jetty.server.handler.HandlerWrapper.handle(HandlerWrapper.java:113)
	at org.eclipse.jetty.server.handler.HandlerWrapper.handle(HandlerWrapper.java:113)
	at org.eclipse.jetty.server.handler.HandlerWrapper.handle(HandlerWrapper.java:113)
	at org.eclipse.jetty.server.handler.HandlerWrapper.handle(HandlerWrapper.java:113)
	at org.eclipse.jetty.server.handler.HandlerWrapper.handle(HandlerWrapper.java:113)
	at org.eclipse.jetty.server.handler.HandlerWrapper.handle(HandlerWrapper.java:113)
	at org.eclipse.jetty.server.handler.HandlerWrapper.handle(HandlerWrapper.java:113)
	at org.eclipse.jetty.server.handler.HandlerWrapper.handle(HandlerWrapper.java:113)
	at org.eclipse.jetty.server.handler.HandlerWrapper.handle(HandlerWrapper.java:113)
	at org.eclipse.jetty.server.handler.HandlerWrapper.handle(HandlerWrapper.java:113)
	at org.eclipse.jetty.server.handler.HandlerWrapper.handle(HandlerWrapper.java:113)
	at org.eclipse.jetty.server.handler.HandlerWrapper.handle(HandlerWrapper.java:113)
	at org.eclipse.jetty.server.handler.HandlerWrapper.handle(HandlerWrapper.java:113)
	at org.eclipse.jetty.server.handler.HandlerWrapper.handle(HandlerWrapper.java:113)
	at org.eclipse.jetty.server.handler.HandlerWrapper.handle(HandlerWrapper.java:113)
	at org.eclipse.jetty.server.handler.HandlerWrapper.handle(HandlerWrapper.java:113)
	at org.eclipse.jetty.server.handler.HandlerWrapper.handle(HandlerWrapper.java:113)
	at org.eclipse.jetty.server.handler.HandlerWrapper.handle(HandlerWrapper.java:113)
	at org.eclipse.jetty.server.handler.HandlerWrapper.handle(HandlerWrapper.java:113)
	at org.eclipse.jetty.server.handler.HandlerWrapper.handle(HandlerWrapper.java:113)
	at org.eclipse.jetty.server.handler.HandlerWrapper.handle(HandlerWrapper.java:113)
	at org.eclipse.jetty.server.handler.HandlerWrapper.handle(HandlerWrapper.java:113)
	at org.eclipse.jetty.server.handler.HandlerWrapper.handle(HandlerWrapper.java:113)
	at org.eclipse.jetty.server.handler.HandlerWrapper.handle(HandlerWrapper.java:113)
	at org.eclipse.jetty.server.handler.HandlerWrapper.handle(HandlerWrapper.java:113)
	at org.eclipse.jetty.server.handler.HandlerWrapper.handle(HandlerWrapper.java:113)
	at org.eclipse.jetty.server.handler.HandlerWrapper.handle(HandlerWrapper.java:113)
	at org.eclipse.jetty.server.handler.HandlerWrapper.handle(HandlerWrapper.java:113)
	at org.eclipse.jetty.server.handler.HandlerWrapper.handle(HandlerWrapper.java:113)
	at org.eclipse.jetty.server.handler.HandlerWrapper.handle(HandlerWrapper.java:113)
	at org.eclipse.jetty.server.handler.HandlerWrapper.handle(HandlerWrapper.java:113)
	at org.eclipse.jetty.server.handler.HandlerWrapper.handle(HandlerWrapper.java:113)
	at org.eclipse.jetty.server.handler.HandlerWrapper.handle(HandlerWrapper.java:113)
	at org.eclipse.jetty.server.handler.HandlerWrapper.handle(HandlerWrapper.java:113)
	at org.eclipse.jetty.server.handler.HandlerWrapper.handle(HandlerWrapper.java:113)
	at org.eclipse.jetty.server.handler.HandlerWrapper.handle(HandlerWrapper.java:113)
	at org.eclipse.jetty.server.handler.HandlerWrapper.handle(HandlerWrapper.java:113)
	at org.eclipse.jetty.server.handler.HandlerWrapper.handle(HandlerWrapper.java:113)
	at org.eclipse.jetty.server.handler.HandlerWrapper.handle(HandlerWrapper.java:113)
	at org.eclipse.jetty.server.handler.HandlerWrapper.handle(HandlerWrapper.java:113)
	at org.eclipse.jetty.server.handler.HandlerWrapper.handle(HandlerWrapper.java:113)
	at org.eclipse.jetty.server.handler.HandlerWrapper.handle(HandlerWrapper.java:113)
	at org.eclipse.jetty.server.handler.HandlerWrapper.handle(HandlerWrapper.java:113)
	at org.eclipse.jetty.server.handler.HandlerWrapper.handle(HandlerWrapper.java:113)
	at org.eclipse.jetty.server.handler.HandlerWrapper.handle(HandlerWrapper.java:113)
	at org.eclipse.jetty.server.handler.HandlerWrapper.handle(HandlerWrapper.java:113)
	at org.eclipse.jetty.server.handler.HandlerWrapper.handle(HandlerWrapper.java:113)
	at org.eclipse.jetty.server.handler.HandlerWrapper.handle(HandlerWrapper.java:113)
	at org.eclipse.jetty.server.handler.HandlerWrapper.handle(HandlerWrapper.java:113)
	at org.eclipse.jetty.server.handler.HandlerWrapper.handle(HandlerWrapper.java:113)
	at org.eclipse.jetty.server.handler.HandlerWrapper.handle(HandlerWrapper.java:113)
	at org.eclipse.jetty.server.handler.HandlerWrapper.handle(HandlerWrapper.java:113)
	at org.eclipse.jetty.server.handler.HandlerWrapper.handle(HandlerWrapper.java:113)
	at org.eclipse.jetty.server.handler.HandlerWrapper.handle(HandlerWrapper.java:113)
	at org.eclipse.jetty.server.handler.HandlerWrapper.handle(HandlerWrapper.java:113)
	at org.eclipse.jetty.server.handler.HandlerWrapper.handle(HandlerWrapper.java:113)
	at org.eclipse.jetty.server.handler.HandlerWrapper.handle(HandlerWrapper.java:113)
	at org.eclipse.jetty.server.handler.HandlerWrapper.handle(HandlerWrapper.java:113)
	at org.eclipse.jetty.server.handler.HandlerWrapper.handle(HandlerWrapper.java:113)
	at org.eclipse.jetty.server.handler.HandlerWrapper.handle(HandlerWrapper.java:113)
	at org.eclipse.jetty.server.handler.HandlerWrapper.handle(HandlerWrapper.java:113)
	at org.eclipse.jetty.server.handler.HandlerWrapper.handle(HandlerWrapper.java:113)
	at org.eclipse.jetty.server.handler.HandlerWrapper.handle(HandlerWrapper.java:113)
	at org.eclipse.jetty.server.handler.HandlerWrapper.handle(HandlerWrapper.java:113)
	at org.eclipse.jetty.server.handler.HandlerWrapper.handle(HandlerWrapper.java:113)
	at org.eclipse.jetty.server.handler.HandlerWrapper.handle(HandlerWrapper.java:113)
	at org.eclipse.jetty.server.handler.HandlerWrapper.handle(HandlerWrapper.java:113)
	at org.eclipse.jetty.server.handler.HandlerWrapper.handle(HandlerWrapper.java:113)
	at org.eclipse.jetty.server.handler.HandlerWrapper.handle(HandlerWrapper.java:113)
	at org.eclipse.jetty.server.handler.HandlerWrapper.handle(HandlerWrapper.java:113)
	at org.eclipse.jetty.server.handler.HandlerWrapper.handle(HandlerWrapper.java:113)
	at org.eclipse.jetty.server.handler.HandlerWrapper.handle(HandlerWrapper.java:113)
	at org.eclipse.jetty.server.handler.HandlerWrapper.handle(HandlerWrapper.java:113)
	at org.eclipse.jetty.server.handler.HandlerWrapper.handle(HandlerWrapper.java:113)
	at org.eclipse.jetty.server.handler.HandlerWrapper.handle(HandlerWrapper.java:113)
	at org.eclipse.jetty.server.handler.HandlerWrapper.handle(HandlerWrapper.java:113)
	at org.eclipse.jetty.server.handler.HandlerWrapper.handle(HandlerWrapper.java:113)
	at org.eclipse.jetty.server.handler.HandlerWrapper.handle(HandlerWrapper.java:113)
	at org.eclipse.jetty.server.handler.HandlerWrapper.handle(HandlerWrapper.java:113)
	at org.eclipse.jetty.server.handler.HandlerWrapper.handle(HandlerWrapper.java:113)
	at org.eclipse.jetty.server.handler.HandlerWrapper.handle(HandlerWrapper.java:113)
	at org.eclipse.jetty.server.handler.HandlerWrapper.handle(HandlerWrapper.java:113)
	at org.eclipse.jetty.server.handler.HandlerWrapper.handle(HandlerWrapper.java:113)
	at org.eclipse.jetty.server.handler.HandlerWrapper.handle(HandlerWrapper.java:113)
	at org.eclipse.jetty.server.handler.HandlerWrapper.handle(HandlerWrapper.java:113)
	at org.eclipse.jetty.server.handler.HandlerWrapper.handle(HandlerWrapper.java:113)
	at org.eclipse.jetty.server.handler.HandlerWrapper.handle(HandlerWrapper.java:113)
	at org.eclipse.jetty.server.handler.HandlerWrapper.handle(HandlerWrapper.java:113)
	at org.eclipse.jetty.server.handler.HandlerWrapper.handle(HandlerWrapper.java:113)
	at org.eclipse.jetty.server.handler.HandlerWrapper.handle(HandlerWrapper.java:113)
	at org.eclipse.jetty.server.handler.HandlerWrapper.handle(HandlerWrapper.java:113)
	at org.eclipse.jetty.server.handler.HandlerWrapper.handle(HandlerWrapper.java:113)
	at org.eclipse.jetty.server.handler.HandlerWrapper.handle(HandlerWrapper.java:113)
	at org.eclipse.jetty.server.handler.HandlerWrapper.handle(HandlerWrapper.java:113)
	at org.eclipse.jetty.server.handler.HandlerWrapper.handle(HandlerWrapper.java:113)
	at org.eclipse.jetty.server.handler.HandlerWrapper.handle(HandlerWrapper.java:113)
	at org.eclipse.jetty.server.handler.HandlerWrapper.handle(HandlerWrapper.java:113)
	at org.eclipse.jetty.server.handler.HandlerWrapper.handle(HandlerWrapper.java:113)
	at org.eclipse.jetty.server.handler.HandlerWrapper.handle(HandlerWrapper.java:113)
	at org.eclipse.jetty.server.handler.HandlerWrapper.handle(HandlerWrapper.java:113)
	at org.eclipse.jetty.server.handler.HandlerWrapper.handle(HandlerWrapper.java:113)
	at org.eclipse.jetty.server.handler.HandlerWrapper.handle(HandlerWrapper.java:113)
	at org.eclipse.jetty.server.handler.HandlerWrapper.handle(HandlerWrapper.java:113)
	at org.eclipse.jetty.server.handler.HandlerWrapper.handle(HandlerWrapper.java:113)
	at org.eclipse.jetty.server.handler.HandlerWrapper.handle(HandlerWrapper.java:113)
	at org.eclipse.jetty.server.handler.HandlerWrapper.handle(HandlerWrapper.java:113)
	at org.eclipse.jetty.server.handler.HandlerWrapper.handle(HandlerWrapper.java:113)
	at org.eclipse.jetty.server.handler.HandlerWrapper.handle(HandlerWrapper.java:113)
	at org.eclipse.jetty.server.handler.HandlerWrapper.handle(HandlerWrapper.java:113)
	at org.eclipse.jetty.server.handler.HandlerWrapper.handle(HandlerWrapper.java:113)
	at org.eclipse.jetty.server.handler.HandlerWrapper.handle(HandlerWrapper.java:113)
	at org.eclipse.jetty.server.handler.HandlerWrapper.handle(HandlerWrapper.java:113)
	at org.eclipse.jetty.server.handler.HandlerWrapper.handle(HandlerWrapper.java:113)
	at org.eclipse.jetty.server.handler.HandlerWrapper.handle(HandlerWrapper.java:113)
	at org.eclipse.jetty.server.handler.HandlerWrapper.handle(HandlerWrapper.java:113)
	at org.eclipse.jetty.server.handler.HandlerWrapper.handle(HandlerWrapper.java:113)
	at org.eclipse.jetty.server.handler.HandlerWrapper.handle(HandlerWrapper.java:113)
	at org.eclipse.jetty.server.handler.HandlerWrapper.handle(HandlerWrapper.java:113)
	at org.eclipse.jetty.server.handler.HandlerWrapper.handle(HandlerWrapper.java:113)
	at org.eclipse.jetty.server.handler.HandlerWrapper.handle(HandlerWrapper.java:113)
	at org.eclipse.jetty.server.handler.HandlerWrapper.handle(HandlerWrapper.java:113)
	at org.eclipse.jetty.server.handler.HandlerWrapper.handle(HandlerWrapper.java:113)
	at org.eclipse.jetty.server.handler.HandlerWrapper.handle(HandlerWrapper.java:113)
	at org.eclipse.jetty.server.handler.HandlerWrapper.handle(HandlerWrapper.java:113)
	at org.eclipse.jetty.server.handler.HandlerWrapper.handle(HandlerWrapper.java:113)
	at org.eclipse.jetty.server.handler.HandlerWrapper.handle(HandlerWrapper.java:113)
	at org.eclipse.jetty.server.handler.HandlerWrapper.handle(HandlerWrapper.java:113)
	at org.eclipse.jetty.server.handler.HandlerWrapper.handle(HandlerWrapper.java:113)
	at org.eclipse.jetty.server.handler.HandlerWrapper.handle(HandlerWrapper.java:113)
	at org.eclipse.jetty.server.handler.HandlerWrapper.handle(HandlerWrapper.java:113)
	at org.eclipse.jetty.server.handler.HandlerWrapper.handle(HandlerWrapper.java:113)
	at org.eclipse.jetty.server.handler.HandlerWrapper.handle(HandlerWrapper.java:113)
	at org.eclipse.jetty.server.handler.HandlerWrapper.handle(HandlerWrapper.java:113)
	at org.eclipse.jetty.server.handler.HandlerWrapper.handle(HandlerWrapper.java:113)
	at org.eclipse.jetty.server.handler.HandlerWrapper.handle(HandlerWrapper.java:113)
	at org.eclipse.jetty.server.handler.HandlerWrapper.handle(HandlerWrapper.java:113)
	at org.eclipse.jetty.server.handler.HandlerWrapper.handle(HandlerWrapper.java:113)
	at org.eclipse.jetty.server.handler.HandlerWrapper.handle(HandlerWrapper.java:113)
	at org.eclipse.jetty.server.handler.HandlerWrapper.handle(HandlerWrapper.java:113)
	at org.eclipse.jetty.server.handler.HandlerWrapper.handle(HandlerWrapper.java:113)
	at org.eclipse.jetty.server.handler.HandlerWrapper.handle(HandlerWrapper.java:113)
	at org.eclipse.jetty.server.handler.HandlerWrapper.handle(HandlerWrapper.java:113)
	at org.eclipse.jetty.server.handler.HandlerWrapper.handle(HandlerWrapper.java:113)
	at org.eclipse.jetty.server.handler.HandlerWrapper.handle(HandlerWrapper.java:113)
	at org.eclipse.jetty.server.handler.HandlerWrapper.handle(HandlerWrapper.java:113)
	at org.eclipse.jetty.server.handler.HandlerWrapper.handle(HandlerWrapper.java:113)
	at org.eclipse.jetty.server.handler.HandlerWrapper.handle(HandlerWrapper.java:113)
	at org.eclipse.jetty.server.handler.HandlerWrapper.handle(HandlerWrapper.java:113)
	at org.eclipse.jetty.server.handler.HandlerWrapper.handle(HandlerWrapper.java:113)
	at org.eclipse.jetty.server.handler.HandlerWrapper.handle(HandlerWrapper.java:113)
	at org.eclipse.jetty.server.handler.HandlerWrapper.handle(HandlerWrapper.java:113)
	at org.eclipse.jetty.server.handler.HandlerWrapper.handle(HandlerWrapper.java:113)
	at org.eclipse.jetty.server.handler.HandlerWrapper.handle(HandlerWrapper.java:113)
	at org.eclipse.jetty.server.handler.HandlerWrapper.handle(HandlerWrapper.java:113)
	at org.eclipse.jetty.server.handler.HandlerWrapper.handle(HandlerWrapper.java:113)
	at org.eclipse.jetty.server.handler.HandlerWrapper.handle(HandlerWrapper.java:113)
	at org.eclipse.jetty.server.handler.HandlerWrapper.handle(HandlerWrapper.java:113)
	at org.eclipse.jetty.server.handler.HandlerWrapper.handle(HandlerWrapper.java:113)
	at org.eclipse.jetty.server.handler.HandlerWrapper.handle(HandlerWrapper.java:113)
	at org.eclipse.jetty.server.handler.HandlerWrapper.handle(HandlerWrapper.java:113)
	at org.eclipse.jetty.server.handler.HandlerWrapper.handle(HandlerWrapper.java:113)
	at org.eclipse.jetty.server.handler.HandlerWrapper.handle(HandlerWrapper.java:113)
	at org.eclipse.jetty.server.handler.HandlerWrapper.handle(HandlerWrapper.java:113)
	at org.eclipse.jetty.server.handler.HandlerWrapper.handle(HandlerWrapper.java:113)
	at org.eclipse.jetty.server.handler.HandlerWrapper.handle(HandlerWrapper.java:113)
	at org.eclipse.jetty.server.handler.HandlerWrapper.handle(HandlerWrapper.java:113)
	at org.eclipse.jetty.server.handler.HandlerWrapper.handle(HandlerWrapper.java:113)
	at org.eclipse.jetty.server.handler.HandlerWrapper.handle(HandlerWrapper.java:113)
	at org.eclipse.jetty.server.handler.HandlerWrapper.handle(HandlerWrapper.java:113)
	at org.eclipse.jetty.server.handler.HandlerWrapper.handle(HandlerWrapper.java:113)
	at org.eclipse.jetty.server.handler.HandlerWrapper.handle(HandlerWrapper.java:113)
	at org.eclipse.jetty.server.handler.HandlerWrapper.handle(HandlerWrapper.java:113)
	at org.eclipse.jetty.server.handler.HandlerWrapper.handle(HandlerWrapper.java:113)
	at org.eclipse.jetty.server.handler.HandlerWrapper.handle(HandlerWrapper.java:113)
	at org.eclipse.jetty.server.handler.HandlerWrapper.handle(HandlerWrapper.java:113)
	at org.eclipse.jetty.server.handler.HandlerWrapper.handle(HandlerWrapper.java:113)
	at org.eclipse.jetty.server.handler.HandlerWrapper.handle(HandlerWrapper.java:113)
	at org.eclipse.jetty.server.handler.HandlerWrapper.handle(HandlerWrapper.java:113)
	at org.eclipse.jetty.server.handler.HandlerWrapper.handle(HandlerWrapper.java:113)
	at org.eclipse.jetty.server.handler.HandlerWrapper.handle(HandlerWrapper.java:113)
	at org.eclipse.jetty.server.handler.HandlerWrapper.handle(HandlerWrapper.java:113)
	at org.eclipse.jetty.server.handler.HandlerWrapper.handle(HandlerWrapper.java:113)
	at org.eclipse.jetty.server.handler.HandlerWrapper.handle(HandlerWrapper.java:113)
	at org.eclipse.jetty.server.handler.HandlerWrapper.handle(HandlerWrapper.java:113)
	at org.eclipse.jetty.server.handler.HandlerWrapper.handle(HandlerWrapper.java:113)
	at org.eclipse.jetty.server.handler.HandlerWrapper.handle(HandlerWrapper.java:113)
	at org.eclipse.jetty.server.handler.HandlerWrapper.handle(HandlerWrapper.java:113)
	at org.eclipse.jetty.server.handler.HandlerWrapper.handle(HandlerWrapper.java:113)
	at org.eclipse.jetty.server.handler.HandlerWrapper.handle(HandlerWrapper.java:113)
	at org.eclipse.jetty.server.handler.HandlerWrapper.handle(HandlerWrapper.java:113)
	at org.eclipse.jetty.server.handler.HandlerWrapper.handle(HandlerWrapper.java:113)
	at org.eclipse.jetty.server.handler.HandlerWrapper.handle(HandlerWrapper.java:113)
	at org.eclipse.jetty.server.handler.HandlerWrapper.handle(HandlerWrapper.java:113)
	at org.eclipse.jetty.server.handler.HandlerWrapper.handle(HandlerWrapper.java:113)
	at org.eclipse.jetty.server.handler.HandlerWrapper.handle(HandlerWrapper.java:113)
	at org.eclipse.jetty.server.handler.HandlerWrapper.handle(HandlerWrapper.java:113)
	at org.eclipse.jetty.server.handler.HandlerWrapper.handle(HandlerWrapper.java:113)
	at org.eclipse.jetty.server.handler.HandlerWrapper.handle(HandlerWrapper.java:113)
	at org.eclipse.jetty.server.handler.HandlerWrapper.handle(HandlerWrapper.java:113)
	at org.eclipse.jetty.server.handler.HandlerWrapper.handle(HandlerWrapper.java:113)
	at org.eclipse.jetty.server.handler.HandlerWrapper.handle(HandlerWrapper.java:113)
	at org.eclipse.jetty.server.handler.HandlerWrapper.handle(HandlerWrapper.java:113)
	at org.eclipse.jetty.server.handler.HandlerWrapper.handle(HandlerWrapper.java:113)
	at org.eclipse.jetty.server.handler.HandlerWrapper.handle(HandlerWrapper.java:113)
	at org.eclipse.jetty.server.handler.HandlerWrapper.handle(HandlerWrapper.java:113)
	at org.eclipse.jetty.server.handler.HandlerWrapper.handle(HandlerWrapper.java:113)
	at org.eclipse.jetty.server.handler.HandlerWrapper.handle(HandlerWrapper.java:113)
	at org.eclipse.jetty.server.handler.HandlerWrapper.handle(HandlerWrapper.java:113)
	at org.eclipse.jetty.server.handler.HandlerWrapper.handle(HandlerWrapper.java:113)
	at org.eclipse.jetty.server.handler.HandlerWrapper.handle(HandlerWrapper.java:113)
	at org.eclipse.jetty.server.handler.HandlerWrapper.handle(HandlerWrapper.java:113)
	at org.eclipse.jetty.server.handler.HandlerWrapper.handle(HandlerWrapper.java:113)
	at org.eclipse.jetty.server.handler.HandlerWrapper.handle(HandlerWrapper.java:113)
	at org.eclipse.jetty.server.handler.HandlerWrapper.handle(HandlerWrapper.java:113)
	at org.eclipse.jetty.server.handler.HandlerWrapper.handle(HandlerWrapper.java:113)
	at org.eclipse.jetty.server.handler.HandlerWrapper.handle(HandlerWrapper.java:113)
	at org.eclipse.jetty.server.handler.HandlerWrapper.handle(HandlerWrapper.java:113)
	at org.eclipse.jetty.server.handler.HandlerWrapper.handle(HandlerWrapper.java:113)
	at org.eclipse.jetty.server.handler.HandlerWrapper.handle(HandlerWrapper.java:113)
	at org.eclipse.jetty.server.handler.HandlerWrapper.handle(HandlerWrapper.java:113)
	at org.eclipse.jetty.server.handler.HandlerWrapper.handle(HandlerWrapper.java:113)
	at org.eclipse.jetty.server.handler.HandlerWrapper.handle(HandlerWrapper.java:113)
	at org.eclipse.jetty.server.handler.HandlerWrapper.handle(HandlerWrapper.java:113)
	at org.eclipse.jetty.server.handler.HandlerWrapper.handle(HandlerWrapper.java:113)
	at org.eclipse.jetty.server.handler.HandlerWrapper.handle(HandlerWrapper.java:113)
	at org.eclipse.jetty.server.handler.HandlerWrapper.handle(HandlerWrapper.java:113)
	at org.eclipse.jetty.server.handler.HandlerWrapper.handle(HandlerWrapper.java:113)
	at org.eclipse.jetty.server.handler.HandlerWrapper.handle(HandlerWrapper.java:113)
	at org.eclipse.jetty.server.handler.HandlerWrapper.handle(HandlerWrapper.java:113)
	at org.eclipse.jetty.server.handler.HandlerWrapper.handle(HandlerWrapper.java:113)
	at org.eclipse.jetty.server.handler.HandlerWrapper.handle(HandlerWrapper.java:113)
	at org.eclipse.jetty.server.handler.HandlerWrapper.handle(HandlerWrapper.java:113)
	at org.eclipse.jetty.server.handler.HandlerWrapper.handle(HandlerWrapper.java:113)
	at org.eclipse.jetty.server.handler.HandlerWrapper.handle(HandlerWrapper.java:113)
	at org.eclipse.jetty.server.handler.HandlerWrapper.handle(HandlerWrapper.java:113)
	at org.eclipse.jetty.server.handler.HandlerWrapper.handle(HandlerWrapper.java:113)
	at org.eclipse.jetty.server.handler.HandlerWrapper.handle(HandlerWrapper.java:113)
	at org.eclipse.jetty.server.handler.HandlerWrapper.handle(HandlerWrapper.java:113)
	at org.eclipse.jetty.server.handler.HandlerWrapper.handle(HandlerWrapper.java:113)
	at org.eclipse.jetty.server.handler.HandlerWrapper.handle(HandlerWrapper.java:113)
	at org.eclipse.jetty.server.handler.HandlerWrapper.handle(HandlerWrapper.java:113)
	at org.eclipse.jetty.server.handler.HandlerWrapper.handle(HandlerWrapper.java:113)
	at org.eclipse.jetty.server.handler.HandlerWrapper.handle(HandlerWrapper.java:113)
	at org.eclipse.jetty.server.handler.HandlerWrapper.handle(HandlerWrapper.java:113)
	at org.eclipse.jetty.server.handler.HandlerWrapper.handle(HandlerWrapper.java:113)
	at org.eclipse.jetty.server.handler.HandlerWrapper.handle(HandlerWrapper.java:113)
	at org.eclipse.jetty.server.handler.HandlerWrapper.handle(HandlerWrapper.java:113)
	at org.eclipse.jetty.server.handler.HandlerWrapper.handle(HandlerWrapper.java:113)
	at org.eclipse.jetty.server.handler.HandlerWrapper.handle(HandlerWrapper.java:113)
	at org.eclipse.jetty.server.handler.HandlerWrapper.handle(HandlerWrapper.java:113)
	at org.eclipse.jetty.server.handler.HandlerWrapper.handle(HandlerWrapper.java:113)
	at org.eclipse.jetty.server.handler.HandlerWrapper.handle(HandlerWrapper.java:113)
	at org.eclipse.jetty.server.handler.HandlerWrapper.handle(HandlerWrapper.java:113)
	at org.eclipse.jetty.server.handler.HandlerWrapper.handle(HandlerWrapper.java:113)
	at org.eclipse.jetty.server.handler.HandlerWrapper.handle(HandlerWrapper.java:113)
	at org.eclipse.jetty.server.handler.HandlerWrapper.handle(HandlerWrapper.java:113)
	at org.eclipse.jetty.server.handler.HandlerWrapper.handle(HandlerWrapper.java:113)
	at org.eclipse.jetty.server.handler.HandlerWrapper.handle(HandlerWrapper.java:113)
	at org.eclipse.jetty.server.handler.HandlerWrapper.handle(HandlerWrapper.java:113)
	at org.eclipse.jetty.server.handler.HandlerWrapper.handle(HandlerWrapper.java:113)
	at org.eclipse.jetty.server.handler.HandlerWrapper.handle(HandlerWrapper.java:113)
	at org.eclipse.jetty.server.handler.HandlerWrapper.handle(HandlerWrapper.java:113)
	at org.eclipse.jetty.server.handler.HandlerWrapper.handle(HandlerWrapper.java:113)
	at org.eclipse.jetty.server.handler.HandlerWrapper.handle(HandlerWrapper.java:113)
	at org.eclipse.jetty.server.handler.HandlerWrapper.handle(HandlerWrapper.java:113)
	at org.eclipse.jetty.server.handler.HandlerWrapper.handle(HandlerWrapper.java:113)
	at org.eclipse.jetty.server.handler.HandlerWrapper.handle(HandlerWrapper.java:113)
	at org.eclipse.jetty.server.handler.HandlerWrapper.handle(HandlerWrapper.java:113)
	at org.eclipse.jetty.server.handler.HandlerWrapper.handle(HandlerWrapper.java:113)
	at org.eclipse.jetty.server.handler.HandlerWrapper.handle(HandlerWrapper.java:113)
	at org.eclipse.jetty.server.handler.HandlerWrapper.handle(HandlerWrapper.java:113)
	at org.eclipse.jetty.server.handler.HandlerWrapper.handle(HandlerWrapper.java:113)
	at org.eclipse.jetty.server.handler.HandlerWrapper.handle(HandlerWrapper.java:113)
	at org.eclipse.jetty.server.handler.HandlerWrapper.handle(HandlerWrapper.java:113)
	at org.eclipse.jetty.server.handler.HandlerWrapper.handle(HandlerWrapper.java:113)
	at org.eclipse.jetty.server.handler.HandlerWrapper.handle(HandlerWrapper.java:113)
	at org.eclipse.jetty.server.handler.HandlerWrapper.handle(HandlerWrapper.java:113)
	at org.eclipse.jetty.server.handler.HandlerWrapper.handle(HandlerWrapper.java:113)
	at org.eclipse.jetty.server.handler.HandlerWrapper.handle(HandlerWrapper.java:113)
	at org.eclipse.jetty.server.handler.HandlerWrapper.handle(HandlerWrapper.java:113)
	at org.eclipse.jetty.server.handler.HandlerWrapper.handle(HandlerWrapper.java:113)
	at org.eclipse.jetty.server.handler.HandlerWrapper.handle(HandlerWrapper.java:113)
	at org.eclipse.jetty.server.handler.HandlerWrapper.handle(HandlerWrapper.java:113)
	at org.eclipse.jetty.server.handler.HandlerWrapper.handle(HandlerWrapper.java:113)
	at org.eclipse.jetty.server.handler.HandlerWrapper.handle(HandlerWrapper.java:113)
	at org.eclipse.jetty.server.handler.HandlerWrapper.handle(HandlerWrapper.java:113)
	at org.eclipse.jetty.server.handler.HandlerWrapper.handle(HandlerWrapper.java:113)
	at org.eclipse.jetty.server.handler.HandlerWrapper.handle(HandlerWrapper.java:113)
	at org.eclipse.jetty.server.handler.HandlerWrapper.handle(HandlerWrapper.java:113)
	at org.eclipse.jetty.server.handler.HandlerWrapper.handle(HandlerWrapper.java:113)
	at org.eclipse.jetty.server.handler.HandlerWrapper.handle(HandlerWrapper.java:113)
	at org.eclipse.jetty.server.handler.HandlerWrapper.handle(HandlerWrapper.java:113)
	at org.eclipse.jetty.server.handler.HandlerWrapper.handle(HandlerWrapper.java:113)
	at org.eclipse.jetty.server.handler.HandlerWrapper.handle(HandlerWrapper.java:113)
	at org.eclipse.jetty.server.handler.HandlerWrapper.handle(HandlerWrapper.java:113)
	at org.eclipse.jetty.server.handler.HandlerWrapper.handle(HandlerWrapper.java:113)
	at org.eclipse.jetty.server.handler.HandlerWrapper.handle(HandlerWrapper.java:113)
	at org.eclipse.jetty.server.handler.HandlerWrapper.handle(HandlerWrapper.java:113)
	at org.eclipse.jetty.server.handler.HandlerWrapper.handle(HandlerWrapper.java:113)
	at org.eclipse.jetty.server.handler.HandlerWrapper.handle(HandlerWrapper.java:113)
	at org.eclipse.jetty.server.handler.HandlerWrapper.handle(HandlerWrapper.java:113)
	at org.eclipse.jetty.server.handler.HandlerWrapper.handle(HandlerWrapper.java:113)
	at org.eclipse.jetty.server.handler.HandlerWrapper.handle(HandlerWrapper.java:113)
	at org.eclipse.jetty.server.handler.HandlerWrapper.handle(HandlerWrapper.java:113)
	at org.eclipse.jetty.server.handler.HandlerWrapper.handle(HandlerWrapper.java:113)
	at org.eclipse.jetty.server.handler.HandlerWrapper.handle(HandlerWrapper.java:113)
	at org.eclipse.jetty.server.handler.HandlerWrapper.handle(HandlerWrapper.java:113)
	at org.eclipse.jetty.server.handler.HandlerWrapper.handle(HandlerWrapper.java:113)
	at org.eclipse.jetty.server.handler.HandlerWrapper.handle(HandlerWrapper.java:113)
	at org.eclipse.jetty.server.handler.HandlerWrapper.handle(HandlerWrapper.java:113)
	at org.eclipse.jetty.server.handler.HandlerWrapper.handle(HandlerWrapper.java:113)
	at org.eclipse.jetty.server.handler.HandlerWrapper.handle(HandlerWrapper.java:113)
	at org.eclipse.jetty.server.handler.HandlerWrapper.handle(HandlerWrapper.java:113)
	at org.eclipse.jetty.server.handler.HandlerWrapper.handle(HandlerWrapper.java:113)
	at org.eclipse.jetty.server.handler.HandlerWrapper.handle(HandlerWrapper.java:113)
	at org.eclipse.jetty.server.handler.HandlerWrapper.handle(HandlerWrapper.java:113)
	at org.eclipse.jetty.server.handler.HandlerWrapper.handle(HandlerWrapper.java:113)
	at org.eclipse.jetty.server.handler.HandlerWrapper.handle(HandlerWrapper.java:113)
	at org.eclipse.jetty.server.handler.HandlerWrapper.handle(HandlerWrapper.java:113)
	at org.eclipse.jetty.server.handler.HandlerWrapper.handle(HandlerWrapper.java:113)
	at org.eclipse.jetty.server.handler.HandlerWrapper.handle(HandlerWrapper.java:113)
	at org.eclipse.jetty.server.handler.HandlerWrapper.handle(HandlerWrapper.java:113)
	at org.eclipse.jetty.server.handler.HandlerWrapper.handle(HandlerWrapper.java:113)
	at org.eclipse.jetty.server.handler.HandlerWrapper.handle(HandlerWrapper.java:113)
	at org.eclipse.jetty.server.handler.HandlerWrapper.handle(HandlerWrapper.java:113)
	at org.eclipse.jetty.server.handler.HandlerWrapper.handle(HandlerWrapper.java:113)
	at org.eclipse.jetty.server.handler.HandlerWrapper.handle(HandlerWrapper.java:113)
	at org.eclipse.jetty.server.handler.HandlerWrapper.handle(HandlerWrapper.java:113)
	at org.eclipse.jetty.server.handler.HandlerWrapper.handle(HandlerWrapper.java:113)
	at org.eclipse.jetty.server.handler.HandlerWrapper.handle(HandlerWrapper.java:113)
	at org.eclipse.jetty.server.handler.HandlerWrapper.handle(HandlerWrapper.java:113)
	at org.eclipse.jetty.server.handler.HandlerWrapper.handle(HandlerWrapper.java:113)
	at org.eclipse.jetty.server.handler.HandlerWrapper.handle(HandlerWrapper.java:113)
	at org.eclipse.jetty.server.handler.HandlerWrapper.handle(HandlerWrapper.java:113)
	at org.eclipse.jetty.server.handler.HandlerWrapper.handle(HandlerWrapper.java:113)
	at org.eclipse.jetty.server.handler.HandlerWrapper.handle(HandlerWrapper.java:113)
	at org.eclipse.jetty.server.handler.HandlerWrapper.handle(HandlerWrapper.java:113)
	at org.eclipse.jetty.server.handler.HandlerWrapper.handle(HandlerWrapper.java:113)
	at org.eclipse.jetty.server.handler.HandlerWrapper.handle(HandlerWrapper.java:113)
	at org.eclipse.jetty.server.handler.HandlerWrapper.handle(HandlerWrapper.java:113)
	at org.eclipse.jetty.server.handler.HandlerWrapper.handle(HandlerWrapper.java:113)
	at org.eclipse.jetty.server.handler.HandlerWrapper.handle(HandlerWrapper.java:113)
	at org.eclipse.jetty.server.handler.HandlerWrapper.handle(HandlerWrapper.java:113)
	at org.eclipse.jetty.server.handler.HandlerWrapper.handle(HandlerWrapper.java:113)
	at org.eclipse.jetty.server.handler.HandlerWrapper.handle(HandlerWrapper.java:113)
	at org.eclipse.jetty.server.handler.HandlerWrapper.handle(HandlerWrapper.java:113)
	at org.eclipse.jetty.server.handler.HandlerWrapper.handle(HandlerWrapper.java:113)
	at org.eclipse.jetty.server.handler.HandlerWrapper.handle(HandlerWrapper.java:113)
	at org.eclipse.jetty.server.handler.HandlerWrapper.handle(HandlerWrapper.java:113)
	at org.eclipse.jetty.server.handler.HandlerWrapper.handle(HandlerWrapper.java:113)
	at org.eclipse.jetty.server.handler.HandlerWrapper.handle(HandlerWrapper.java:113)
	at org.eclipse.jetty.server.handler.HandlerWrapper.handle(HandlerWrapper.java:113)
	at org.eclipse.jetty.server.handler.HandlerWrapper.handle(HandlerWrapper.java:113)
	at org.eclipse.jetty.server.handler.HandlerWrapper.handle(HandlerWrapper.java:113)
	at org.eclipse.jetty.server.handler.HandlerWrapper.handle(HandlerWrapper.java:113)
	at org.eclipse.jetty.server.handler.HandlerWrapper.handle(HandlerWrapper.java:113)
	at org.eclipse.jetty.server.handler.HandlerWrapper.handle(HandlerWrapper.java:113)
	at org.eclipse.jetty.server.handler.HandlerWrapper.handle(HandlerWrapper.java:113)
	at org.eclipse.jetty.server.handler.HandlerWrapper.handle(HandlerWrapper.java:113)
	at org.eclipse.jetty.server.handler.HandlerWrapper.handle(HandlerWrapper.java:113)
	at org.eclipse.jetty.server.handler.HandlerWrapper.handle(HandlerWrapper.java:113)
	at org.eclipse.jetty.server.handler.HandlerWrapper.handle(HandlerWrapper.java:113)
	at org.eclipse.jetty.server.handler.HandlerWrapper.handle(HandlerWrapper.java:113)
	at org.eclipse.jetty.server.handler.HandlerWrapper.handle(HandlerWrapper.java:113)
	at org.eclipse.jetty.server.handler.HandlerWrapper.handle(HandlerWrapper.java:113)
	at org.eclipse.jetty.server.handler.HandlerWrapper.handle(HandlerWrapper.java:113)
	at org.eclipse.jetty.server.handler.HandlerWrapper.handle(HandlerWrapper.java:113)
	at org.eclipse.jetty.server.handler.HandlerWrapper.handle(HandlerWrapper.java:113)
	at org.eclipse.jetty.server.handler.HandlerWrapper.handle(HandlerWrapper.java:113)
	at org.eclipse.jetty.server.handler.HandlerWrapper.handle(HandlerWrapper.java:113)
	at org.eclipse.jetty.server.handler.HandlerWrapper.handle(HandlerWrapper.java:113)
	at org.eclipse.jetty.server.handler.HandlerWrapper.handle(HandlerWrapper.java:113)
	at org.eclipse.jetty.server.handler.HandlerWrapper.handle(HandlerWrapper.java:113)
	at org.eclipse.jetty.server.handler.HandlerWrapper.handle(HandlerWrapper.java:113)
	at org.eclipse.jetty.server.handler.HandlerWrapper.handle(HandlerWrapper.java:113)
	at org.eclipse.jetty.server.handler.HandlerWrapper.handle(HandlerWrapper.java:113)
	at org.eclipse.jetty.server.handler.HandlerWrapper.handle(HandlerWrapper.java:113)
	at org.eclipse.jetty.server.handler.HandlerWrapper.handle(HandlerWrapper.java:113)
	at org.eclipse.jetty.server.handler.HandlerWrapper.handle(HandlerWrapper.java:113)
	at org.eclipse.jetty.server.handler.HandlerWrapper.handle(HandlerWrapper.java:113)
	at org.eclipse.jetty.server.handler.HandlerWrapper.handle(HandlerWrapper.java:113)
	at org.eclipse.jetty.server.handler.HandlerWrapper.handle(HandlerWrapper.java:113)
	at org.eclipse.jetty.server.handler.HandlerWrapper.handle(HandlerWrapper.java:113)
	at org.eclipse.jetty.server.handler.HandlerWrapper.handle(HandlerWrapper.java:113)
	at org.eclipse.jetty.server.handler.HandlerWrapper.handle(HandlerWrapper.java:113)
	at org.eclipse.jetty.server.handler.HandlerWrapper.handle(HandlerWrapper.java:113)
	at org.eclipse.jetty.server.handler.HandlerWrapper.handle(HandlerWrapper.java:113)
	at org.eclipse.jetty.server.handler.HandlerWrapper.handle(HandlerWrapper.java:113)
	at org.eclipse.jetty.server.handler.HandlerWrapper.handle(HandlerWrapper.java:113)
	at org.eclipse.jetty.server.handler.HandlerWrapper.handle(HandlerWrapper.java:113)
	at org.eclipse.jetty.server.handler.HandlerWrapper.handle(HandlerWrapper.java:113)
	at org.eclipse.jetty.server.handler.HandlerWrapper.handle(HandlerWrapper.java:113)
	at org.eclipse.jetty.server.handler.HandlerWrapper.handle(HandlerWrapper.java:113)
	at org.eclipse.jetty.server.handler.HandlerWrapper.handle(HandlerWrapper.java:113)
	at org.eclipse.jetty.server.handler.HandlerWrapper.handle(HandlerWrapper.java:113)
	at org.eclipse.jetty.server.handler.HandlerWrapper.handle(HandlerWrapper.java:113)
	at org.eclipse.jetty.server.handler.HandlerWrapper.handle(HandlerWrapper.java:113)
	at org.eclipse.jetty.server.handler.HandlerWrapper.handle(HandlerWrapper.java:113)
	at org.eclipse.jetty.server.handler.HandlerWrapper.handle(HandlerWrapper.java:113)
	at org.eclipse.jetty.server.handler.HandlerWrapper.handle(HandlerWrapper.java:113)
	at org.eclipse.jetty.server.handler.HandlerWrapper.handle(HandlerWrapper.java:113)
	at org.eclipse.jetty.server.handler.HandlerWrapper.handle(HandlerWrapper.java:113)
	at org.eclipse.jetty.server.handler.HandlerWrapper.handle(HandlerWrapper.java:113)
	at org.eclipse.jetty.server.handler.HandlerWrapper.handle(HandlerWrapper.java:113)
	at org.eclipse.jetty.server.handler.HandlerWrapper.handle(HandlerWrapper.java:113)
	at org.eclipse.jetty.server.handler.HandlerWrapper.handle(HandlerWrapper.java:113)
	at org.eclipse.jetty.server.handler.HandlerWrapper.handle(HandlerWrapper.java:113)
	at org.eclipse.jetty.server.handler.HandlerWrapper.handle(HandlerWrapper.java:113)
	at org.eclipse.jetty.server.handler.HandlerWrapper.handle(HandlerWrapper.java:113)
	at org.eclipse.jetty.server.handler.HandlerWrapper.handle(HandlerWrapper.java:113)
	at org.eclipse.jetty.server.handler.HandlerWrapper.handle(HandlerWrapper.java:113)
	at org.eclipse.jetty.server.handler.HandlerWrapper.handle(HandlerWrapper.java:113)
	at org.eclipse.jetty.server.handler.HandlerWrapper.handle(HandlerWrapper.java:113)
	at org.eclipse.jetty.server.handler.HandlerWrapper.handle(HandlerWrapper.java:113)
	at org.eclipse.jetty.server.handler.HandlerWrapper.handle(HandlerWrapper.java:113)
	at org.eclipse.jetty.server.handler.HandlerWrapper.handle(HandlerWrapper.java:113)
	at org.eclipse.jetty.server.handler.HandlerWrapper.handle(HandlerWrapper.java:113)
	at org.eclipse.jetty.server.handler.HandlerWrapper.handle(HandlerWrapper.java:113)
	at org.eclipse.jetty.server.handler.HandlerWrapper.handle(HandlerWrapper.java:113)
	at org.eclipse.jetty.server.handler.HandlerWrapper.handle(HandlerWrapper.java:113)
	at org.eclipse.jetty.server.handler.HandlerWrapper.handle(HandlerWrapper.java:113)
	at org.eclipse.jetty.server.handler.HandlerWrapper.handle(HandlerWrapper.java:113)
	at org.eclipse.jetty.server.handler.HandlerWrapper.handle(HandlerWrapper.java:113)
	at org.eclipse.jetty.server.handler.HandlerWrapper.handle(HandlerWrapper.java:113)
	at org.eclipse.jetty.server.handler.HandlerWrapper.handle(HandlerWrapper.java:113)
	at org.eclipse.jetty.server.handler.HandlerWrapper.handle(HandlerWrapper.java:113)
	at org.eclipse.jetty.server.handler.HandlerWrapper.handle(HandlerWrapper.java:113)
	at org.eclipse.jetty.server.handler.HandlerWrapper.handle(HandlerWrapper.java:113)
	at org.eclipse.jetty.server.handler.HandlerWrapper.handle(HandlerWrapper.java:113)
	at org.eclipse.jetty.server.handler.HandlerWrapper.handle(HandlerWrapper.java:113)
	at org.eclipse.jetty.server.handler.HandlerWrapper.handle(HandlerWrapper.java:113)
	at org.eclipse.jetty.server.handler.HandlerWrapper.handle(HandlerWrapper.java:113)
	at org.eclipse.jetty.server.handler.HandlerWrapper.handle(HandlerWrapper.java:113)
	at org.eclipse.jetty.server.handler.HandlerWrapper.handle(HandlerWrapper.java:113)
	at org.eclipse.jetty.server.handler.HandlerWrapper.handle(HandlerWrapper.java:113)
	at org.eclipse.jetty.server.handler.HandlerWrapper.handle(HandlerWrapper.java:113)
	at org.eclipse.jetty.server.handler.HandlerWrapper.handle(HandlerWrapper.java:113)
	at org.eclipse.jetty.server.handler.HandlerWrapper.handle(HandlerWrapper.java:113)
	at org.eclipse.jetty.server.handler.HandlerWrapper.handle(HandlerWrapper.java:113)
	at org.eclipse.jetty.server.handler.HandlerWrapper.handle(HandlerWrapper.java:113)
	at org.eclipse.jetty.server.handler.HandlerWrapper.handle(HandlerWrapper.java:113)
	at org.eclipse.jetty.server.handler.HandlerWrapper.handle(HandlerWrapper.java:113)
	at org.eclipse.jetty.server.handler.HandlerWrapper.handle(HandlerWrapper.java:113)
	at org.eclipse.jetty.server.handler.HandlerWrapper.handle(HandlerWrapper.java:113)
	at org.eclipse.jetty.server.handler.HandlerWrapper.handle(HandlerWrapper.java:113)
	at org.eclipse.jetty.server.handler.HandlerWrapper.handle(HandlerWrapper.java:113)
	at org.eclipse.jetty.server.handler.HandlerWrapper.handle(HandlerWrapper.java:113)
	at org.eclipse.jetty.server.handler.HandlerWrapper.handle(HandlerWrapper.java:113)
	at org.eclipse.jetty.server.handler.HandlerWrapper.handle(HandlerWrapper.java:113)
	at org.eclipse.jetty.server.handler.HandlerWrapper.handle(HandlerWrapper.java:113)
	at org.eclipse.jetty.server.handler.HandlerWrapper.handle(HandlerWrapper.java:113)
	at org.eclipse.jetty.server.handler.HandlerWrapper.handle(HandlerWrapper.java:113)
	at org.eclipse.jetty.server.handler.HandlerWrapper.handle(HandlerWrapper.java:113)
	at org.eclipse.jetty.server.handler.HandlerWrapper.handle(HandlerWrapper.java:113)
	at org.eclipse.jetty.server.handler.HandlerWrapper.handle(HandlerWrapper.java:113)
	at org.eclipse.jetty.server.handler.HandlerWrapper.handle(HandlerWrapper.java:113)
	at org.eclipse.jetty.server.handler.HandlerWrapper.handle(HandlerWrapper.java:113)
	at org.eclipse.jetty.server.handler.HandlerWrapper.handle(HandlerWrapper.java:113)
	at org.eclipse.jetty.server.handler.HandlerWrapper.handle(HandlerWrapper.java:113)
	at org.eclipse.jetty.server.handler.HandlerWrapper.handle(HandlerWrapper.java:113)
	at org.eclipse.jetty.server.handler.HandlerWrapper.handle(HandlerWrapper.java:113)
	at org.eclipse.jetty.server.handler.HandlerWrapper.handle(HandlerWrapper.java:113)
	at org.eclipse.jetty.server.handler.HandlerWrapper.handle(HandlerWrapper.java:113)
	at org.eclipse.jetty.server.handler.HandlerWrapper.handle(HandlerWrapper.java:113)
	at org.eclipse.jetty.server.handler.HandlerWrapper.handle(HandlerWrapper.java:113)
	at org.eclipse.jetty.server.handler.HandlerWrapper.handle(HandlerWrapper.java:113)
	at org.eclipse.jetty.server.handler.HandlerWrapper.handle(HandlerWrapper.java:113)
	at org.eclipse.jetty.server.handler.HandlerWrapper.handle(HandlerWrapper.java:113)
	at org.eclipse.jetty.server.handler.HandlerWrapper.handle(HandlerWrapper.java:113)
	at org.eclipse.jetty.server.handler.HandlerWrapper.handle(HandlerWrapper.java:113)
	at org.eclipse.jetty.server.handler.HandlerWrapper.handle(HandlerWrapper.java:113)
	at org.eclipse.jetty.server.handler.HandlerWrapper.handle(HandlerWrapper.java:113)
	at org.eclipse.jetty.server.handler.HandlerWrapper.handle(HandlerWrapper.java:113)
	at org.eclipse.jetty.server.handler.HandlerWrapper.handle(HandlerWrapper.java:113)
	at org.eclipse.jetty.server.handler.HandlerWrapper.handle(HandlerWrapper.java:113)
	at org.eclipse.jetty.server.handler.HandlerWrapper.handle(HandlerWrapper.java:113)
	at org.eclipse.jetty.server.handler.HandlerWrapper.handle(HandlerWrapper.java:113)
	at org.eclipse.jetty.server.handler.HandlerWrapper.handle(HandlerWrapper.java:113)
	at org.eclipse.jetty.server.handler.HandlerWrapper.handle(HandlerWrapper.java:113)
	at org.eclipse.jetty.server.handler.HandlerWrapper.handle(HandlerWrapper.java:113)
	at org.eclipse.jetty.server.handler.HandlerWrapper.handle(HandlerWrapper.java:113)
	at org.eclipse.jetty.server.handler.HandlerWrapper.handle(HandlerWrapper.java:113)
	at org.eclipse.jetty.server.handler.HandlerWrapper.handle(HandlerWrapper.java:113)
	at org.eclipse.jetty.server.handler.HandlerWrapper.handle(HandlerWrapper.java:113)
	at org.eclipse.jetty.server.handler.HandlerWrapper.handle(HandlerWrapper.java:113)
	at org.eclipse.jetty.server.handler.HandlerWrapper.handle(HandlerWrapper.java:113)
	at org.eclipse.jetty.server.handler.HandlerWrapper.handle(HandlerWrapper.java:113)
	at org.eclipse.jetty.server.handler.HandlerWrapper.handle(HandlerWrapper.java:113)
	at org.eclipse.jetty.server.handler.HandlerWrapper.handle(HandlerWrapper.java:113)
	at org.eclipse.jetty.server.handler.HandlerWrapper.handle(HandlerWrapper.java:113)
	at org.eclipse.jetty.server.handler.HandlerWrapper.handle(HandlerWrapper.java:113)
	at org.eclipse.jetty.server.handler.HandlerWrapper.handle(HandlerWrapper.java:113)
	at org.eclipse.jetty.server.handler.HandlerWrapper.handle(HandlerWrapper.java:113)
	at org.eclipse.jetty.server.handler.HandlerWrapper.handle(HandlerWrapper.java:113)
	at org.eclipse.jetty.server.handler.HandlerWrapper.handle(HandlerWrapper.java:113)
	at org.eclipse.jetty.server.handler.HandlerWrapper.handle(HandlerWrapper.java:113)
	at org.eclipse.jetty.server.handler.HandlerWrapper.handle(HandlerWrapper.java:113)
	at org.eclipse.jetty.server.handler.HandlerWrapper.handle(HandlerWrapper.java:113)
	at org.eclipse.jetty.server.handler.HandlerWrapper.handle(HandlerWrapper.java:113)
	at org.eclipse.jetty.server.handler.HandlerWrapper.handle(HandlerWrapper.java:113)
	at org.eclipse.jetty.server.handler.HandlerWrapper.handle(HandlerWrapper.java:113)
	at org.eclipse.jetty.server.handler.HandlerWrapper.handle(HandlerWrapper.java:113)
	at org.eclipse.jetty.server.handler.HandlerWrapper.handle(HandlerWrapper.java:113)
	at org.eclipse.jetty.server.handler.HandlerWrapper.handle(HandlerWrapper.java:113)
	at org.eclipse.jetty.server.handler.HandlerWrapper.handle(HandlerWrapper.java:113)
	at org.eclipse.jetty.server.handler.HandlerWrapper.handle(HandlerWrapper.java:113)
	at org.eclipse.jetty.server.handler.HandlerWrapper.handle(HandlerWrapper.java:113)
	at org.eclipse.jetty.server.handler.HandlerWrapper.handle(HandlerWrapper.java:113)
	at org.eclipse.jetty.server.handler.HandlerWrapper.handle(HandlerWrapper.java:113)
	at org.eclipse.jetty.server.handler.HandlerWrapper.handle(HandlerWrapper.java:113)
	at org.eclipse.jetty.server.handler.HandlerWrapper.handle(HandlerWrapper.java:113)
	at org.eclipse.jetty.server.handler.HandlerWrapper.handle(HandlerWrapper.java:113)
	at org.eclipse.jetty.server.handler.HandlerWrapper.handle(HandlerWrapper.java:113)
	at org.eclipse.jetty.server.handler.HandlerWrapper.handle(HandlerWrapper.java:113)
	at org.eclipse.jetty.server.handler.HandlerWrapper.handle(HandlerWrapper.java:113)
	at org.eclipse.jetty.server.handler.HandlerWrapper.handle(HandlerWrapper.java:113)
	at org.eclipse.jetty.server.handler.HandlerWrapper.handle(HandlerWrapper.java:113)
	at org.eclipse.jetty.server.handler.HandlerWrapper.handle(HandlerWrapper.java:113)
	at org.eclipse.jetty.server.handler.HandlerWrapper.handle(HandlerWrapper.java:113)
	at org.eclipse.jetty.server.handler.HandlerWrapper.handle(HandlerWrapper.java:113)
	at org.eclipse.jetty.server.handler.HandlerWrapper.handle(HandlerWrapper.java:113)
	at org.eclipse.jetty.server.handler.HandlerWrapper.handle(HandlerWrapper.java:113)
	at org.eclipse.jetty.server.handler.HandlerWrapper.handle(HandlerWrapper.java:113)
	at org.eclipse.jetty.server.handler.HandlerWrapper.handle(HandlerWrapper.java:113)
	at org.eclipse.jetty.server.handler.HandlerWrapper.handle(HandlerWrapper.java:113)
	at org.eclipse.jetty.server.handler.HandlerWrapper.handle(HandlerWrapper.java:113)
	at org.eclipse.jetty.server.handler.HandlerWrapper.handle(HandlerWrapper.java:113)
	at org.eclipse.jetty.server.handler.HandlerWrapper.handle(HandlerWrapper.java:113)
	at org.eclipse.jetty.server.handler.HandlerWrapper.handle(HandlerWrapper.java:113)
	at org.eclipse.jetty.server.handler.HandlerWrapper.handle(HandlerWrapper.java:113)
	at org.eclipse.jetty.server.handler.HandlerWrapper.handle(HandlerWrapper.java:113)
	at org.eclipse.jetty.server.handler.HandlerWrapper.handle(HandlerWrapper.java:113)
	at org.eclipse.jetty.server.handler.HandlerWrapper.handle(HandlerWrapper.java:113)
	at org.eclipse.jetty.server.handler.HandlerWrapper.handle(HandlerWrapper.java:113)
	at org.eclipse.jetty.server.handler.HandlerWrapper.handle(HandlerWrapper.java:113)
	at org.eclipse.jetty.server.handler.HandlerWrapper.handle(HandlerWrapper.java:113)
	at org.eclipse.jetty.server.handler.HandlerWrapper.handle(HandlerWrapper.java:113)
	at org.eclipse.jetty.server.handler.HandlerWrapper.handle(HandlerWrapper.java:113)
	at org.eclipse.jetty.server.handler.HandlerWrapper.handle(HandlerWrapper.java:113)
	at org.eclipse.jetty.server.handler.HandlerWrapper.handle(HandlerWrapper.java:113)
	at org.eclipse.jetty.server.handler.HandlerWrapper.handle(HandlerWrapper.java:113)
	at org.eclipse.jetty.server.handler.HandlerWrapper.handle(HandlerWrapper.java:113)
	at org.eclipse.jetty.server.handler.HandlerWrapper.handle(HandlerWrapper.java:113)
	at org.eclipse.jetty.server.handler.HandlerWrapper.handle(HandlerWrapper.java:113)
15-04-12 20:54:11 INFO  log main - Logging initialized @909ms
15-04-12 20:54:11 INFO  Server main - jetty-9.3.0.M2
15-04-12 20:54:11 INFO  ServerConnector main - Started ServerConnector@7e95ac95{HTTP/1.1,[http/1.1]}{0.0.0.0:8080}
15-04-12 20:54:11 INFO  Server main - Started @1046ms
15-04-12 20:54:16 WARN  HttpChannel qtp990416209-14 - //localhost:8080/
java.lang.StackOverflowError
	at org.eclipse.jetty.server.handler.HandlerWrapper.handle(HandlerWrapper.java:113)
	at org.eclipse.jetty.server.handler.HandlerWrapper.handle(HandlerWrapper.java:113)
	at org.eclipse.jetty.server.handler.HandlerWrapper.handle(HandlerWrapper.java:113)
	at org.eclipse.jetty.server.handler.HandlerWrapper.handle(HandlerWrapper.java:113)
	at org.eclipse.jetty.server.handler.HandlerWrapper.handle(HandlerWrapper.java:113)
	at org.eclipse.jetty.server.handler.HandlerWrapper.handle(HandlerWrapper.java:113)
	at org.eclipse.jetty.server.handler.HandlerWrapper.handle(HandlerWrapper.java:113)
	at org.eclipse.jetty.server.handler.HandlerWrapper.handle(HandlerWrapper.java:113)
	at org.eclipse.jetty.server.handler.HandlerWrapper.handle(HandlerWrapper.java:113)
	at org.eclipse.jetty.server.handler.HandlerWrapper.handle(HandlerWrapper.java:113)
	at org.eclipse.jetty.server.handler.HandlerWrapper.handle(HandlerWrapper.java:113)
	at org.eclipse.jetty.server.handler.HandlerWrapper.handle(HandlerWrapper.java:113)
	at org.eclipse.jetty.server.handler.HandlerWrapper.handle(HandlerWrapper.java:113)
	at org.eclipse.jetty.server.handler.HandlerWrapper.handle(HandlerWrapper.java:113)
	at org.eclipse.jetty.server.handler.HandlerWrapper.handle(HandlerWrapper.java:113)
	at org.eclipse.jetty.server.handler.HandlerWrapper.handle(HandlerWrapper.java:113)
	at org.eclipse.jetty.server.handler.HandlerWrapper.handle(HandlerWrapper.java:113)
	at org.eclipse.jetty.server.handler.HandlerWrapper.handle(HandlerWrapper.java:113)
	at org.eclipse.jetty.server.handler.HandlerWrapper.handle(HandlerWrapper.java:113)
	at org.eclipse.jetty.server.handler.HandlerWrapper.handle(HandlerWrapper.java:113)
	at org.eclipse.jetty.server.handler.HandlerWrapper.handle(HandlerWrapper.java:113)
	at org.eclipse.jetty.server.handler.HandlerWrapper.handle(HandlerWrapper.java:113)
	at org.eclipse.jetty.server.handler.HandlerWrapper.handle(HandlerWrapper.java:113)
	at org.eclipse.jetty.server.handler.HandlerWrapper.handle(HandlerWrapper.java:113)
	at org.eclipse.jetty.server.handler.HandlerWrapper.handle(HandlerWrapper.java:113)
	at org.eclipse.jetty.server.handler.HandlerWrapper.handle(HandlerWrapper.java:113)
	at org.eclipse.jetty.server.handler.HandlerWrapper.handle(HandlerWrapper.java:113)
	at org.eclipse.jetty.server.handler.HandlerWrapper.handle(HandlerWrapper.java:113)
	at org.eclipse.jetty.server.handler.HandlerWrapper.handle(HandlerWrapper.java:113)
	at org.eclipse.jetty.server.handler.HandlerWrapper.handle(HandlerWrapper.java:113)
	at org.eclipse.jetty.server.handler.HandlerWrapper.handle(HandlerWrapper.java:113)
	at org.eclipse.jetty.server.handler.HandlerWrapper.handle(HandlerWrapper.java:113)
	at org.eclipse.jetty.server.handler.HandlerWrapper.handle(HandlerWrapper.java:113)
	at org.eclipse.jetty.server.handler.HandlerWrapper.handle(HandlerWrapper.java:113)
	at org.eclipse.jetty.server.handler.HandlerWrapper.handle(HandlerWrapper.java:113)
	at org.eclipse.jetty.server.handler.HandlerWrapper.handle(HandlerWrapper.java:113)
	at org.eclipse.jetty.server.handler.HandlerWrapper.handle(HandlerWrapper.java:113)
	at org.eclipse.jetty.server.handler.HandlerWrapper.handle(HandlerWrapper.java:113)
	at org.eclipse.jetty.server.handler.HandlerWrapper.handle(HandlerWrapper.java:113)
	at org.eclipse.jetty.server.handler.HandlerWrapper.handle(HandlerWrapper.java:113)
	at org.eclipse.jetty.server.handler.HandlerWrapper.handle(HandlerWrapper.java:113)
	at org.eclipse.jetty.server.handler.HandlerWrapper.handle(HandlerWrapper.java:113)
	at org.eclipse.jetty.server.handler.HandlerWrapper.handle(HandlerWrapper.java:113)
	at org.eclipse.jetty.server.handler.HandlerWrapper.handle(HandlerWrapper.java:113)
	at org.eclipse.jetty.server.handler.HandlerWrapper.handle(HandlerWrapper.java:113)
	at org.eclipse.jetty.server.handler.HandlerWrapper.handle(HandlerWrapper.java:113)
	at org.eclipse.jetty.server.handler.HandlerWrapper.handle(HandlerWrapper.java:113)
	at org.eclipse.jetty.server.handler.HandlerWrapper.handle(HandlerWrapper.java:113)
	at org.eclipse.jetty.server.handler.HandlerWrapper.handle(HandlerWrapper.java:113)
	at org.eclipse.jetty.server.handler.HandlerWrapper.handle(HandlerWrapper.java:113)
	at org.eclipse.jetty.server.handler.HandlerWrapper.handle(HandlerWrapper.java:113)
	at org.eclipse.jetty.server.handler.HandlerWrapper.handle(HandlerWrapper.java:113)
	at org.eclipse.jetty.server.handler.HandlerWrapper.handle(HandlerWrapper.java:113)
	at org.eclipse.jetty.server.handler.HandlerWrapper.handle(HandlerWrapper.java:113)
	at org.eclipse.jetty.server.handler.HandlerWrapper.handle(HandlerWrapper.java:113)
	at org.eclipse.jetty.server.handler.HandlerWrapper.handle(HandlerWrapper.java:113)
	at org.eclipse.jetty.server.handler.HandlerWrapper.handle(HandlerWrapper.java:113)
	at org.eclipse.jetty.server.handler.HandlerWrapper.handle(HandlerWrapper.java:113)
	at org.eclipse.jetty.server.handler.HandlerWrapper.handle(HandlerWrapper.java:113)
	at org.eclipse.jetty.server.handler.HandlerWrapper.handle(HandlerWrapper.java:113)
	at org.eclipse.jetty.server.handler.HandlerWrapper.handle(HandlerWrapper.java:113)
	at org.eclipse.jetty.server.handler.HandlerWrapper.handle(HandlerWrapper.java:113)
	at org.eclipse.jetty.server.handler.HandlerWrapper.handle(HandlerWrapper.java:113)
	at org.eclipse.jetty.server.handler.HandlerWrapper.handle(HandlerWrapper.java:113)
	at org.eclipse.jetty.server.handler.HandlerWrapper.handle(HandlerWrapper.java:113)
	at org.eclipse.jetty.server.handler.HandlerWrapper.handle(HandlerWrapper.java:113)
	at org.eclipse.jetty.server.handler.HandlerWrapper.handle(HandlerWrapper.java:113)
	at org.eclipse.jetty.server.handler.HandlerWrapper.handle(HandlerWrapper.java:113)
	at org.eclipse.jetty.server.handler.HandlerWrapper.handle(HandlerWrapper.java:113)
	at org.eclipse.jetty.server.handler.HandlerWrapper.handle(HandlerWrapper.java:113)
	at org.eclipse.jetty.server.handler.HandlerWrapper.handle(HandlerWrapper.java:113)
	at org.eclipse.jetty.server.handler.HandlerWrapper.handle(HandlerWrapper.java:113)
	at org.eclipse.jetty.server.handler.HandlerWrapper.handle(HandlerWrapper.java:113)
	at org.eclipse.jetty.server.handler.HandlerWrapper.handle(HandlerWrapper.java:113)
	at org.eclipse.jetty.server.handler.HandlerWrapper.handle(HandlerWrapper.java:113)
	at org.eclipse.jetty.server.handler.HandlerWrapper.handle(HandlerWrapper.java:113)
	at org.eclipse.jetty.server.handler.HandlerWrapper.handle(HandlerWrapper.java:113)
	at org.eclipse.jetty.server.handler.HandlerWrapper.handle(HandlerWrapper.java:113)
	at org.eclipse.jetty.server.handler.HandlerWrapper.handle(HandlerWrapper.java:113)
	at org.eclipse.jetty.server.handler.HandlerWrapper.handle(HandlerWrapper.java:113)
	at org.eclipse.jetty.server.handler.HandlerWrapper.handle(HandlerWrapper.java:113)
	at org.eclipse.jetty.server.handler.HandlerWrapper.handle(HandlerWrapper.java:113)
	at org.eclipse.jetty.server.handler.HandlerWrapper.handle(HandlerWrapper.java:113)
	at org.eclipse.jetty.server.handler.HandlerWrapper.handle(HandlerWrapper.java:113)
	at org.eclipse.jetty.server.handler.HandlerWrapper.handle(HandlerWrapper.java:113)
	at org.eclipse.jetty.server.handler.HandlerWrapper.handle(HandlerWrapper.java:113)
	at org.eclipse.jetty.server.handler.HandlerWrapper.handle(HandlerWrapper.java:113)
	at org.eclipse.jetty.server.handler.HandlerWrapper.handle(HandlerWrapper.java:113)
	at org.eclipse.jetty.server.handler.HandlerWrapper.handle(HandlerWrapper.java:113)
	at org.eclipse.jetty.server.handler.HandlerWrapper.handle(HandlerWrapper.java:113)
	at org.eclipse.jetty.server.handler.HandlerWrapper.handle(HandlerWrapper.java:113)
	at org.eclipse.jetty.server.handler.HandlerWrapper.handle(HandlerWrapper.java:113)
	at org.eclipse.jetty.server.handler.HandlerWrapper.handle(HandlerWrapper.java:113)
	at org.eclipse.jetty.server.handler.HandlerWrapper.handle(HandlerWrapper.java:113)
	at org.eclipse.jetty.server.handler.HandlerWrapper.handle(HandlerWrapper.java:113)
	at org.eclipse.jetty.server.handler.HandlerWrapper.handle(HandlerWrapper.java:113)
	at org.eclipse.jetty.server.handler.HandlerWrapper.handle(HandlerWrapper.java:113)
	at org.eclipse.jetty.server.handler.HandlerWrapper.handle(HandlerWrapper.java:113)
	at org.eclipse.jetty.server.handler.HandlerWrapper.handle(HandlerWrapper.java:113)
	at org.eclipse.jetty.server.handler.HandlerWrapper.handle(HandlerWrapper.java:113)
	at org.eclipse.jetty.server.handler.HandlerWrapper.handle(HandlerWrapper.java:113)
	at org.eclipse.jetty.server.handler.HandlerWrapper.handle(HandlerWrapper.java:113)
	at org.eclipse.jetty.server.handler.HandlerWrapper.handle(HandlerWrapper.java:113)
	at org.eclipse.jetty.server.handler.HandlerWrapper.handle(HandlerWrapper.java:113)
	at org.eclipse.jetty.server.handler.HandlerWrapper.handle(HandlerWrapper.java:113)
	at org.eclipse.jetty.server.handler.HandlerWrapper.handle(HandlerWrapper.java:113)
	at org.eclipse.jetty.server.handler.HandlerWrapper.handle(HandlerWrapper.java:113)
	at org.eclipse.jetty.server.handler.HandlerWrapper.handle(HandlerWrapper.java:113)
	at org.eclipse.jetty.server.handler.HandlerWrapper.handle(HandlerWrapper.java:113)
	at org.eclipse.jetty.server.handler.HandlerWrapper.handle(HandlerWrapper.java:113)
	at org.eclipse.jetty.server.handler.HandlerWrapper.handle(HandlerWrapper.java:113)
	at org.eclipse.jetty.server.handler.HandlerWrapper.handle(HandlerWrapper.java:113)
	at org.eclipse.jetty.server.handler.HandlerWrapper.handle(HandlerWrapper.java:113)
	at org.eclipse.jetty.server.handler.HandlerWrapper.handle(HandlerWrapper.java:113)
	at org.eclipse.jetty.server.handler.HandlerWrapper.handle(HandlerWrapper.java:113)
	at org.eclipse.jetty.server.handler.HandlerWrapper.handle(HandlerWrapper.java:113)
	at org.eclipse.jetty.server.handler.HandlerWrapper.handle(HandlerWrapper.java:113)
	at org.eclipse.jetty.server.handler.HandlerWrapper.handle(HandlerWrapper.java:113)
	at org.eclipse.jetty.server.handler.HandlerWrapper.handle(HandlerWrapper.java:113)
	at org.eclipse.jetty.server.handler.HandlerWrapper.handle(HandlerWrapper.java:113)
	at org.eclipse.jetty.server.handler.HandlerWrapper.handle(HandlerWrapper.java:113)
	at org.eclipse.jetty.server.handler.HandlerWrapper.handle(HandlerWrapper.java:113)
	at org.eclipse.jetty.server.handler.HandlerWrapper.handle(HandlerWrapper.java:113)
	at org.eclipse.jetty.server.handler.HandlerWrapper.handle(HandlerWrapper.java:113)
	at org.eclipse.jetty.server.handler.HandlerWrapper.handle(HandlerWrapper.java:113)
	at org.eclipse.jetty.server.handler.HandlerWrapper.handle(HandlerWrapper.java:113)
	at org.eclipse.jetty.server.handler.HandlerWrapper.handle(HandlerWrapper.java:113)
	at org.eclipse.jetty.server.handler.HandlerWrapper.handle(HandlerWrapper.java:113)
	at org.eclipse.jetty.server.handler.HandlerWrapper.handle(HandlerWrapper.java:113)
	at org.eclipse.jetty.server.handler.HandlerWrapper.handle(HandlerWrapper.java:113)
	at org.eclipse.jetty.server.handler.HandlerWrapper.handle(HandlerWrapper.java:113)
	at org.eclipse.jetty.server.handler.HandlerWrapper.handle(HandlerWrapper.java:113)
	at org.eclipse.jetty.server.handler.HandlerWrapper.handle(HandlerWrapper.java:113)
	at org.eclipse.jetty.server.handler.HandlerWrapper.handle(HandlerWrapper.java:113)
	at org.eclipse.jetty.server.handler.HandlerWrapper.handle(HandlerWrapper.java:113)
	at org.eclipse.jetty.server.handler.HandlerWrapper.handle(HandlerWrapper.java:113)
	at org.eclipse.jetty.server.handler.HandlerWrapper.handle(HandlerWrapper.java:113)
	at org.eclipse.jetty.server.handler.HandlerWrapper.handle(HandlerWrapper.java:113)
	at org.eclipse.jetty.server.handler.HandlerWrapper.handle(HandlerWrapper.java:113)
	at org.eclipse.jetty.server.handler.HandlerWrapper.handle(HandlerWrapper.java:113)
	at org.eclipse.jetty.server.handler.HandlerWrapper.handle(HandlerWrapper.java:113)
	at org.eclipse.jetty.server.handler.HandlerWrapper.handle(HandlerWrapper.java:113)
	at org.eclipse.jetty.server.handler.HandlerWrapper.handle(HandlerWrapper.java:113)
	at org.eclipse.jetty.server.handler.HandlerWrapper.handle(HandlerWrapper.java:113)
	at org.eclipse.jetty.server.handler.HandlerWrapper.handle(HandlerWrapper.java:113)
	at org.eclipse.jetty.server.handler.HandlerWrapper.handle(HandlerWrapper.java:113)
	at org.eclipse.jetty.server.handler.HandlerWrapper.handle(HandlerWrapper.java:113)
	at org.eclipse.jetty.server.handler.HandlerWrapper.handle(HandlerWrapper.java:113)
	at org.eclipse.jetty.server.handler.HandlerWrapper.handle(HandlerWrapper.java:113)
	at org.eclipse.jetty.server.handler.HandlerWrapper.handle(HandlerWrapper.java:113)
	at org.eclipse.jetty.server.handler.HandlerWrapper.handle(HandlerWrapper.java:113)
	at org.eclipse.jetty.server.handler.HandlerWrapper.handle(HandlerWrapper.java:113)
	at org.eclipse.jetty.server.handler.HandlerWrapper.handle(HandlerWrapper.java:113)
	at org.eclipse.jetty.server.handler.HandlerWrapper.handle(HandlerWrapper.java:113)
	at org.eclipse.jetty.server.handler.HandlerWrapper.handle(HandlerWrapper.java:113)
	at org.eclipse.jetty.server.handler.HandlerWrapper.handle(HandlerWrapper.java:113)
	at org.eclipse.jetty.server.handler.HandlerWrapper.handle(HandlerWrapper.java:113)
	at org.eclipse.jetty.server.handler.HandlerWrapper.handle(HandlerWrapper.java:113)
	at org.eclipse.jetty.server.handler.HandlerWrapper.handle(HandlerWrapper.java:113)
	at org.eclipse.jetty.server.handler.HandlerWrapper.handle(HandlerWrapper.java:113)
	at org.eclipse.jetty.server.handler.HandlerWrapper.handle(HandlerWrapper.java:113)
	at org.eclipse.jetty.server.handler.HandlerWrapper.handle(HandlerWrapper.java:113)
	at org.eclipse.jetty.server.handler.HandlerWrapper.handle(HandlerWrapper.java:113)
	at org.eclipse.jetty.server.handler.HandlerWrapper.handle(HandlerWrapper.java:113)
	at org.eclipse.jetty.server.handler.HandlerWrapper.handle(HandlerWrapper.java:113)
	at org.eclipse.jetty.server.handler.HandlerWrapper.handle(HandlerWrapper.java:113)
	at org.eclipse.jetty.server.handler.HandlerWrapper.handle(HandlerWrapper.java:113)
	at org.eclipse.jetty.server.handler.HandlerWrapper.handle(HandlerWrapper.java:113)
	at org.eclipse.jetty.server.handler.HandlerWrapper.handle(HandlerWrapper.java:113)
	at org.eclipse.jetty.server.handler.HandlerWrapper.handle(HandlerWrapper.java:113)
	at org.eclipse.jetty.server.handler.HandlerWrapper.handle(HandlerWrapper.java:113)
	at org.eclipse.jetty.server.handler.HandlerWrapper.handle(HandlerWrapper.java:113)
	at org.eclipse.jetty.server.handler.HandlerWrapper.handle(HandlerWrapper.java:113)
	at org.eclipse.jetty.server.handler.HandlerWrapper.handle(HandlerWrapper.java:113)
	at org.eclipse.jetty.server.handler.HandlerWrapper.handle(HandlerWrapper.java:113)
	at org.eclipse.jetty.server.handler.HandlerWrapper.handle(HandlerWrapper.java:113)
	at org.eclipse.jetty.server.handler.HandlerWrapper.handle(HandlerWrapper.java:113)
	at org.eclipse.jetty.server.handler.HandlerWrapper.handle(HandlerWrapper.java:113)
	at org.eclipse.jetty.server.handler.HandlerWrapper.handle(HandlerWrapper.java:113)
	at org.eclipse.jetty.server.handler.HandlerWrapper.handle(HandlerWrapper.java:113)
	at org.eclipse.jetty.server.handler.HandlerWrapper.handle(HandlerWrapper.java:113)
	at org.eclipse.jetty.server.handler.HandlerWrapper.handle(HandlerWrapper.java:113)
	at org.eclipse.jetty.server.handler.HandlerWrapper.handle(HandlerWrapper.java:113)
	at org.eclipse.jetty.server.handler.HandlerWrapper.handle(HandlerWrapper.java:113)
	at org.eclipse.jetty.server.handler.HandlerWrapper.handle(HandlerWrapper.java:113)
	at org.eclipse.jetty.server.handler.HandlerWrapper.handle(HandlerWrapper.java:113)
	at org.eclipse.jetty.server.handler.HandlerWrapper.handle(HandlerWrapper.java:113)
	at org.eclipse.jetty.server.handler.HandlerWrapper.handle(HandlerWrapper.java:113)
	at org.eclipse.jetty.server.handler.HandlerWrapper.handle(HandlerWrapper.java:113)
	at org.eclipse.jetty.server.handler.HandlerWrapper.handle(HandlerWrapper.java:113)
	at org.eclipse.jetty.server.handler.HandlerWrapper.handle(HandlerWrapper.java:113)
	at org.eclipse.jetty.server.handler.HandlerWrapper.handle(HandlerWrapper.java:113)
	at org.eclipse.jetty.server.handler.HandlerWrapper.handle(HandlerWrapper.java:113)
	at org.eclipse.jetty.server.handler.HandlerWrapper.handle(HandlerWrapper.java:113)
	at org.eclipse.jetty.server.handler.HandlerWrapper.handle(HandlerWrapper.java:113)
	at org.eclipse.jetty.server.handler.HandlerWrapper.handle(HandlerWrapper.java:113)
	at org.eclipse.jetty.server.handler.HandlerWrapper.handle(HandlerWrapper.java:113)
	at org.eclipse.jetty.server.handler.HandlerWrapper.handle(HandlerWrapper.java:113)
	at org.eclipse.jetty.server.handler.HandlerWrapper.handle(HandlerWrapper.java:113)
	at org.eclipse.jetty.server.handler.HandlerWrapper.handle(HandlerWrapper.java:113)
	at org.eclipse.jetty.server.handler.HandlerWrapper.handle(HandlerWrapper.java:113)
	at org.eclipse.jetty.server.handler.HandlerWrapper.handle(HandlerWrapper.java:113)
	at org.eclipse.jetty.server.handler.HandlerWrapper.handle(HandlerWrapper.java:113)
	at org.eclipse.jetty.server.handler.HandlerWrapper.handle(HandlerWrapper.java:113)
	at org.eclipse.jetty.server.handler.HandlerWrapper.handle(HandlerWrapper.java:113)
	at org.eclipse.jetty.server.handler.HandlerWrapper.handle(HandlerWrapper.java:113)
	at org.eclipse.jetty.server.handler.HandlerWrapper.handle(HandlerWrapper.java:113)
	at org.eclipse.jetty.server.handler.HandlerWrapper.handle(HandlerWrapper.java:113)
	at org.eclipse.jetty.server.handler.HandlerWrapper.handle(HandlerWrapper.java:113)
	at org.eclipse.jetty.server.handler.HandlerWrapper.handle(HandlerWrapper.java:113)
	at org.eclipse.jetty.server.handler.HandlerWrapper.handle(HandlerWrapper.java:113)
	at org.eclipse.jetty.server.handler.HandlerWrapper.handle(HandlerWrapper.java:113)
	at org.eclipse.jetty.server.handler.HandlerWrapper.handle(HandlerWrapper.java:113)
	at org.eclipse.jetty.server.handler.HandlerWrapper.handle(HandlerWrapper.java:113)
	at org.eclipse.jetty.server.handler.HandlerWrapper.handle(HandlerWrapper.java:113)
	at org.eclipse.jetty.server.handler.HandlerWrapper.handle(HandlerWrapper.java:113)
	at org.eclipse.jetty.server.handler.HandlerWrapper.handle(HandlerWrapper.java:113)
	at org.eclipse.jetty.server.handler.HandlerWrapper.handle(HandlerWrapper.java:113)
	at org.eclipse.jetty.server.handler.HandlerWrapper.handle(HandlerWrapper.java:113)
	at org.eclipse.jetty.server.handler.HandlerWrapper.handle(HandlerWrapper.java:113)
	at org.eclipse.jetty.server.handler.HandlerWrapper.handle(HandlerWrapper.java:113)
	at org.eclipse.jetty.server.handler.HandlerWrapper.handle(HandlerWrapper.java:113)
	at org.eclipse.jetty.server.handler.HandlerWrapper.handle(HandlerWrapper.java:113)
	at org.eclipse.jetty.server.handler.HandlerWrapper.handle(HandlerWrapper.java:113)
	at org.eclipse.jetty.server.handler.HandlerWrapper.handle(HandlerWrapper.java:113)
	at org.eclipse.jetty.server.handler.HandlerWrapper.handle(HandlerWrapper.java:113)
	at org.eclipse.jetty.server.handler.HandlerWrapper.handle(HandlerWrapper.java:113)
	at org.eclipse.jetty.server.handler.HandlerWrapper.handle(HandlerWrapper.java:113)
	at org.eclipse.jetty.server.handler.HandlerWrapper.handle(HandlerWrapper.java:113)
	at org.eclipse.jetty.server.handler.HandlerWrapper.handle(HandlerWrapper.java:113)
	at org.eclipse.jetty.server.handler.HandlerWrapper.handle(HandlerWrapper.java:113)
	at org.eclipse.jetty.server.handler.HandlerWrapper.handle(HandlerWrapper.java:113)
	at org.eclipse.jetty.server.handler.HandlerWrapper.handle(HandlerWrapper.java:113)
	at org.eclipse.jetty.server.handler.HandlerWrapper.handle(HandlerWrapper.java:113)
	at org.eclipse.jetty.server.handler.HandlerWrapper.handle(HandlerWrapper.java:113)
	at org.eclipse.jetty.server.handler.HandlerWrapper.handle(HandlerWrapper.java:113)
	at org.eclipse.jetty.server.handler.HandlerWrapper.handle(HandlerWrapper.java:113)
	at org.eclipse.jetty.server.handler.HandlerWrapper.handle(HandlerWrapper.java:113)
	at org.eclipse.jetty.server.handler.HandlerWrapper.handle(HandlerWrapper.java:113)
	at org.eclipse.jetty.server.handler.HandlerWrapper.handle(HandlerWrapper.java:113)
	at org.eclipse.jetty.server.handler.HandlerWrapper.handle(HandlerWrapper.java:113)
	at org.eclipse.jetty.server.handler.HandlerWrapper.handle(HandlerWrapper.java:113)
	at org.eclipse.jetty.server.handler.HandlerWrapper.handle(HandlerWrapper.java:113)
	at org.eclipse.jetty.server.handler.HandlerWrapper.handle(HandlerWrapper.java:113)
	at org.eclipse.jetty.server.handler.HandlerWrapper.handle(HandlerWrapper.java:113)
	at org.eclipse.jetty.server.handler.HandlerWrapper.handle(HandlerWrapper.java:113)
	at org.eclipse.jetty.server.handler.HandlerWrapper.handle(HandlerWrapper.java:113)
	at org.eclipse.jetty.server.handler.HandlerWrapper.handle(HandlerWrapper.java:113)
	at org.eclipse.jetty.server.handler.HandlerWrapper.handle(HandlerWrapper.java:113)
	at org.eclipse.jetty.server.handler.HandlerWrapper.handle(HandlerWrapper.java:113)
	at org.eclipse.jetty.server.handler.HandlerWrapper.handle(HandlerWrapper.java:113)
	at org.eclipse.jetty.server.handler.HandlerWrapper.handle(HandlerWrapper.java:113)
	at org.eclipse.jetty.server.handler.HandlerWrapper.handle(HandlerWrapper.java:113)
	at org.eclipse.jetty.server.handler.HandlerWrapper.handle(HandlerWrapper.java:113)
	at org.eclipse.jetty.server.handler.HandlerWrapper.handle(HandlerWrapper.java:113)
	at org.eclipse.jetty.server.handler.HandlerWrapper.handle(HandlerWrapper.java:113)
	at org.eclipse.jetty.server.handler.HandlerWrapper.handle(HandlerWrapper.java:113)
	at org.eclipse.jetty.server.handler.HandlerWrapper.handle(HandlerWrapper.java:113)
	at org.eclipse.jetty.server.handler.HandlerWrapper.handle(HandlerWrapper.java:113)
	at org.eclipse.jetty.server.handler.HandlerWrapper.handle(HandlerWrapper.java:113)
	at org.eclipse.jetty.server.handler.HandlerWrapper.handle(HandlerWrapper.java:113)
	at org.eclipse.jetty.server.handler.HandlerWrapper.handle(HandlerWrapper.java:113)
	at org.eclipse.jetty.server.handler.HandlerWrapper.handle(HandlerWrapper.java:113)
	at org.eclipse.jetty.server.handler.HandlerWrapper.handle(HandlerWrapper.java:113)
	at org.eclipse.jetty.server.handler.HandlerWrapper.handle(HandlerWrapper.java:113)
	at org.eclipse.jetty.server.handler.HandlerWrapper.handle(HandlerWrapper.java:113)
	at org.eclipse.jetty.server.handler.HandlerWrapper.handle(HandlerWrapper.java:113)
	at org.eclipse.jetty.server.handler.HandlerWrapper.handle(HandlerWrapper.java:113)
	at org.eclipse.jetty.server.handler.HandlerWrapper.handle(HandlerWrapper.java:113)
	at org.eclipse.jetty.server.handler.HandlerWrapper.handle(HandlerWrapper.java:113)
	at org.eclipse.jetty.server.handler.HandlerWrapper.handle(HandlerWrapper.java:113)
	at org.eclipse.jetty.server.handler.HandlerWrapper.handle(HandlerWrapper.java:113)
	at org.eclipse.jetty.server.handler.HandlerWrapper.handle(HandlerWrapper.java:113)
	at org.eclipse.jetty.server.handler.HandlerWrapper.handle(HandlerWrapper.java:113)
	at org.eclipse.jetty.server.handler.HandlerWrapper.handle(HandlerWrapper.java:113)
	at org.eclipse.jetty.server.handler.HandlerWrapper.handle(HandlerWrapper.java:113)
	at org.eclipse.jetty.server.handler.HandlerWrapper.handle(HandlerWrapper.java:113)
	at org.eclipse.jetty.server.handler.HandlerWrapper.handle(HandlerWrapper.java:113)
	at org.eclipse.jetty.server.handler.HandlerWrapper.handle(HandlerWrapper.java:113)
	at org.eclipse.jetty.server.handler.HandlerWrapper.handle(HandlerWrapper.java:113)
	at org.eclipse.jetty.server.handler.HandlerWrapper.handle(HandlerWrapper.java:113)
	at org.eclipse.jetty.server.handler.HandlerWrapper.handle(HandlerWrapper.java:113)
	at org.eclipse.jetty.server.handler.HandlerWrapper.handle(HandlerWrapper.java:113)
	at org.eclipse.jetty.server.handler.HandlerWrapper.handle(HandlerWrapper.java:113)
	at org.eclipse.jetty.server.handler.HandlerWrapper.handle(HandlerWrapper.java:113)
	at org.eclipse.jetty.server.handler.HandlerWrapper.handle(HandlerWrapper.java:113)
	at org.eclipse.jetty.server.handler.HandlerWrapper.handle(HandlerWrapper.java:113)
	at org.eclipse.jetty.server.handler.HandlerWrapper.handle(HandlerWrapper.java:113)
	at org.eclipse.jetty.server.handler.HandlerWrapper.handle(HandlerWrapper.java:113)
	at org.eclipse.jetty.server.handler.HandlerWrapper.handle(HandlerWrapper.java:113)
	at org.eclipse.jetty.server.handler.HandlerWrapper.handle(HandlerWrapper.java:113)
	at org.eclipse.jetty.server.handler.HandlerWrapper.handle(HandlerWrapper.java:113)
	at org.eclipse.jetty.server.handler.HandlerWrapper.handle(HandlerWrapper.java:113)
	at org.eclipse.jetty.server.handler.HandlerWrapper.handle(HandlerWrapper.java:113)
	at org.eclipse.jetty.server.handler.HandlerWrapper.handle(HandlerWrapper.java:113)
	at org.eclipse.jetty.server.handler.HandlerWrapper.handle(HandlerWrapper.java:113)
	at org.eclipse.jetty.server.handler.HandlerWrapper.handle(HandlerWrapper.java:113)
	at org.eclipse.jetty.server.handler.HandlerWrapper.handle(HandlerWrapper.java:113)
	at org.eclipse.jetty.server.handler.HandlerWrapper.handle(HandlerWrapper.java:113)
	at org.eclipse.jetty.server.handler.HandlerWrapper.handle(HandlerWrapper.java:113)
	at org.eclipse.jetty.server.handler.HandlerWrapper.handle(HandlerWrapper.java:113)
	at org.eclipse.jetty.server.handler.HandlerWrapper.handle(HandlerWrapper.java:113)
	at org.eclipse.jetty.server.handler.HandlerWrapper.handle(HandlerWrapper.java:113)
	at org.eclipse.jetty.server.handler.HandlerWrapper.handle(HandlerWrapper.java:113)
	at org.eclipse.jetty.server.handler.HandlerWrapper.handle(HandlerWrapper.java:113)
	at org.eclipse.jetty.server.handler.HandlerWrapper.handle(HandlerWrapper.java:113)
	at org.eclipse.jetty.server.handler.HandlerWrapper.handle(HandlerWrapper.java:113)
	at org.eclipse.jetty.server.handler.HandlerWrapper.handle(HandlerWrapper.java:113)
	at org.eclipse.jetty.server.handler.HandlerWrapper.handle(HandlerWrapper.java:113)
	at org.eclipse.jetty.server.handler.HandlerWrapper.handle(HandlerWrapper.java:113)
	at org.eclipse.jetty.server.handler.HandlerWrapper.handle(HandlerWrapper.java:113)
	at org.eclipse.jetty.server.handler.HandlerWrapper.handle(HandlerWrapper.java:113)
	at org.eclipse.jetty.server.handler.HandlerWrapper.handle(HandlerWrapper.java:113)
	at org.eclipse.jetty.server.handler.HandlerWrapper.handle(HandlerWrapper.java:113)
	at org.eclipse.jetty.server.handler.HandlerWrapper.handle(HandlerWrapper.java:113)
	at org.eclipse.jetty.server.handler.HandlerWrapper.handle(HandlerWrapper.java:113)
	at org.eclipse.jetty.server.handler.HandlerWrapper.handle(HandlerWrapper.java:113)
	at org.eclipse.jetty.server.handler.HandlerWrapper.handle(HandlerWrapper.java:113)
	at org.eclipse.jetty.server.handler.HandlerWrapper.handle(HandlerWrapper.java:113)
	at org.eclipse.jetty.server.handler.HandlerWrapper.handle(HandlerWrapper.java:113)
	at org.eclipse.jetty.server.handler.HandlerWrapper.handle(HandlerWrapper.java:113)
	at org.eclipse.jetty.server.handler.HandlerWrapper.handle(HandlerWrapper.java:113)
	at org.eclipse.jetty.server.handler.HandlerWrapper.handle(HandlerWrapper.java:113)
	at org.eclipse.jetty.server.handler.HandlerWrapper.handle(HandlerWrapper.java:113)
	at org.eclipse.jetty.server.handler.HandlerWrapper.handle(HandlerWrapper.java:113)
	at org.eclipse.jetty.server.handler.HandlerWrapper.handle(HandlerWrapper.java:113)
	at org.eclipse.jetty.server.handler.HandlerWrapper.handle(HandlerWrapper.java:113)
	at org.eclipse.jetty.server.handler.HandlerWrapper.handle(HandlerWrapper.java:113)
	at org.eclipse.jetty.server.handler.HandlerWrapper.handle(HandlerWrapper.java:113)
	at org.eclipse.jetty.server.handler.HandlerWrapper.handle(HandlerWrapper.java:113)
	at org.eclipse.jetty.server.handler.HandlerWrapper.handle(HandlerWrapper.java:113)
	at org.eclipse.jetty.server.handler.HandlerWrapper.handle(HandlerWrapper.java:113)
	at org.eclipse.jetty.server.handler.HandlerWrapper.handle(HandlerWrapper.java:113)
	at org.eclipse.jetty.server.handler.HandlerWrapper.handle(HandlerWrapper.java:113)
	at org.eclipse.jetty.server.handler.HandlerWrapper.handle(HandlerWrapper.java:113)
	at org.eclipse.jetty.server.handler.HandlerWrapper.handle(HandlerWrapper.java:113)
	at org.eclipse.jetty.server.handler.HandlerWrapper.handle(HandlerWrapper.java:113)
	at org.eclipse.jetty.server.handler.HandlerWrapper.handle(HandlerWrapper.java:113)
	at org.eclipse.jetty.server.handler.HandlerWrapper.handle(HandlerWrapper.java:113)
	at org.eclipse.jetty.server.handler.HandlerWrapper.handle(HandlerWrapper.java:113)
	at org.eclipse.jetty.server.handler.HandlerWrapper.handle(HandlerWrapper.java:113)
	at org.eclipse.jetty.server.handler.HandlerWrapper.handle(HandlerWrapper.java:113)
	at org.eclipse.jetty.server.handler.HandlerWrapper.handle(HandlerWrapper.java:113)
	at org.eclipse.jetty.server.handler.HandlerWrapper.handle(HandlerWrapper.java:113)
	at org.eclipse.jetty.server.handler.HandlerWrapper.handle(HandlerWrapper.java:113)
	at org.eclipse.jetty.server.handler.HandlerWrapper.handle(HandlerWrapper.java:113)
	at org.eclipse.jetty.server.handler.HandlerWrapper.handle(HandlerWrapper.java:113)
	at org.eclipse.jetty.server.handler.HandlerWrapper.handle(HandlerWrapper.java:113)
	at org.eclipse.jetty.server.handler.HandlerWrapper.handle(HandlerWrapper.java:113)
	at org.eclipse.jetty.server.handler.HandlerWrapper.handle(HandlerWrapper.java:113)
	at org.eclipse.jetty.server.handler.HandlerWrapper.handle(HandlerWrapper.java:113)
	at org.eclipse.jetty.server.handler.HandlerWrapper.handle(HandlerWrapper.java:113)
	at org.eclipse.jetty.server.handler.HandlerWrapper.handle(HandlerWrapper.java:113)
	at org.eclipse.jetty.server.handler.HandlerWrapper.handle(HandlerWrapper.java:113)
	at org.eclipse.jetty.server.handler.HandlerWrapper.handle(HandlerWrapper.java:113)
	at org.eclipse.jetty.server.handler.HandlerWrapper.handle(HandlerWrapper.java:113)
	at org.eclipse.jetty.server.handler.HandlerWrapper.handle(HandlerWrapper.java:113)
	at org.eclipse.jetty.server.handler.HandlerWrapper.handle(HandlerWrapper.java:113)
	at org.eclipse.jetty.server.handler.HandlerWrapper.handle(HandlerWrapper.java:113)
	at org.eclipse.jetty.server.handler.HandlerWrapper.handle(HandlerWrapper.java:113)
	at org.eclipse.jetty.server.handler.HandlerWrapper.handle(HandlerWrapper.java:113)
	at org.eclipse.jetty.server.handler.HandlerWrapper.handle(HandlerWrapper.java:113)
	at org.eclipse.jetty.server.handler.HandlerWrapper.handle(HandlerWrapper.java:113)
	at org.eclipse.jetty.server.handler.HandlerWrapper.handle(HandlerWrapper.java:113)
	at org.eclipse.jetty.server.handler.HandlerWrapper.handle(HandlerWrapper.java:113)
	at org.eclipse.jetty.server.handler.HandlerWrapper.handle(HandlerWrapper.java:113)
	at org.eclipse.jetty.server.handler.HandlerWrapper.handle(HandlerWrapper.java:113)
	at org.eclipse.jetty.server.handler.HandlerWrapper.handle(HandlerWrapper.java:113)
	at org.eclipse.jetty.server.handler.HandlerWrapper.handle(HandlerWrapper.java:113)
	at org.eclipse.jetty.server.handler.HandlerWrapper.handle(HandlerWrapper.java:113)
	at org.eclipse.jetty.server.handler.HandlerWrapper.handle(HandlerWrapper.java:113)
	at org.eclipse.jetty.server.handler.HandlerWrapper.handle(HandlerWrapper.java:113)
	at org.eclipse.jetty.server.handler.HandlerWrapper.handle(HandlerWrapper.java:113)
	at org.eclipse.jetty.server.handler.HandlerWrapper.handle(HandlerWrapper.java:113)
	at org.eclipse.jetty.server.handler.HandlerWrapper.handle(HandlerWrapper.java:113)
	at org.eclipse.jetty.server.handler.HandlerWrapper.handle(HandlerWrapper.java:113)
	at org.eclipse.jetty.server.handler.HandlerWrapper.handle(HandlerWrapper.java:113)
	at org.eclipse.jetty.server.handler.HandlerWrapper.handle(HandlerWrapper.java:113)
	at org.eclipse.jetty.server.handler.HandlerWrapper.handle(HandlerWrapper.java:113)
	at org.eclipse.jetty.server.handler.HandlerWrapper.handle(HandlerWrapper.java:113)
	at org.eclipse.jetty.server.handler.HandlerWrapper.handle(HandlerWrapper.java:113)
	at org.eclipse.jetty.server.handler.HandlerWrapper.handle(HandlerWrapper.java:113)
	at org.eclipse.jetty.server.handler.HandlerWrapper.handle(HandlerWrapper.java:113)
	at org.eclipse.jetty.server.handler.HandlerWrapper.handle(HandlerWrapper.java:113)
	at org.eclipse.jetty.server.handler.HandlerWrapper.handle(HandlerWrapper.java:113)
	at org.eclipse.jetty.server.handler.HandlerWrapper.handle(HandlerWrapper.java:113)
	at org.eclipse.jetty.server.handler.HandlerWrapper.handle(HandlerWrapper.java:113)
	at org.eclipse.jetty.server.handler.HandlerWrapper.handle(HandlerWrapper.java:113)
	at org.eclipse.jetty.server.handler.HandlerWrapper.handle(HandlerWrapper.java:113)
	at org.eclipse.jetty.server.handler.HandlerWrapper.handle(HandlerWrapper.java:113)
	at org.eclipse.jetty.server.handler.HandlerWrapper.handle(HandlerWrapper.java:113)
	at org.eclipse.jetty.server.handler.HandlerWrapper.handle(HandlerWrapper.java:113)
	at org.eclipse.jetty.server.handler.HandlerWrapper.handle(HandlerWrapper.java:113)
	at org.eclipse.jetty.server.handler.HandlerWrapper.handle(HandlerWrapper.java:113)
	at org.eclipse.jetty.server.handler.HandlerWrapper.handle(HandlerWrapper.java:113)
	at org.eclipse.jetty.server.handler.HandlerWrapper.handle(HandlerWrapper.java:113)
	at org.eclipse.jetty.server.handler.HandlerWrapper.handle(HandlerWrapper.java:113)
	at org.eclipse.jetty.server.handler.HandlerWrapper.handle(HandlerWrapper.java:113)
	at org.eclipse.jetty.server.handler.HandlerWrapper.handle(HandlerWrapper.java:113)
	at org.eclipse.jetty.server.handler.HandlerWrapper.handle(HandlerWrapper.java:113)
	at org.eclipse.jetty.server.handler.HandlerWrapper.handle(HandlerWrapper.java:113)
	at org.eclipse.jetty.server.handler.HandlerWrapper.handle(HandlerWrapper.java:113)
	at org.eclipse.jetty.server.handler.HandlerWrapper.handle(HandlerWrapper.java:113)
	at org.eclipse.jetty.server.handler.HandlerWrapper.handle(HandlerWrapper.java:113)
	at org.eclipse.jetty.server.handler.HandlerWrapper.handle(HandlerWrapper.java:113)
	at org.eclipse.jetty.server.handler.HandlerWrapper.handle(HandlerWrapper.java:113)
	at org.eclipse.jetty.server.handler.HandlerWrapper.handle(HandlerWrapper.java:113)
	at org.eclipse.jetty.server.handler.HandlerWrapper.handle(HandlerWrapper.java:113)
	at org.eclipse.jetty.server.handler.HandlerWrapper.handle(HandlerWrapper.java:113)
	at org.eclipse.jetty.server.handler.HandlerWrapper.handle(HandlerWrapper.java:113)
	at org.eclipse.jetty.server.handler.HandlerWrapper.handle(HandlerWrapper.java:113)
	at org.eclipse.jetty.server.handler.HandlerWrapper.handle(HandlerWrapper.java:113)
	at org.eclipse.jetty.server.handler.HandlerWrapper.handle(HandlerWrapper.java:113)
	at org.eclipse.jetty.server.handler.HandlerWrapper.handle(HandlerWrapper.java:113)
	at org.eclipse.jetty.server.handler.HandlerWrapper.handle(HandlerWrapper.java:113)
	at org.eclipse.jetty.server.handler.HandlerWrapper.handle(HandlerWrapper.java:113)
	at org.eclipse.jetty.server.handler.HandlerWrapper.handle(HandlerWrapper.java:113)
	at org.eclipse.jetty.server.handler.HandlerWrapper.handle(HandlerWrapper.java:113)
	at org.eclipse.jetty.server.handler.HandlerWrapper.handle(HandlerWrapper.java:113)
	at org.eclipse.jetty.server.handler.HandlerWrapper.handle(HandlerWrapper.java:113)
	at org.eclipse.jetty.server.handler.HandlerWrapper.handle(HandlerWrapper.java:113)
	at org.eclipse.jetty.server.handler.HandlerWrapper.handle(HandlerWrapper.java:113)
	at org.eclipse.jetty.server.handler.HandlerWrapper.handle(HandlerWrapper.java:113)
	at org.eclipse.jetty.server.handler.HandlerWrapper.handle(HandlerWrapper.java:113)
	at org.eclipse.jetty.server.handler.HandlerWrapper.handle(HandlerWrapper.java:113)
	at org.eclipse.jetty.server.handler.HandlerWrapper.handle(HandlerWrapper.java:113)
	at org.eclipse.jetty.server.handler.HandlerWrapper.handle(HandlerWrapper.java:113)
	at org.eclipse.jetty.server.handler.HandlerWrapper.handle(HandlerWrapper.java:113)
	at org.eclipse.jetty.server.handler.HandlerWrapper.handle(HandlerWrapper.java:113)
	at org.eclipse.jetty.server.handler.HandlerWrapper.handle(HandlerWrapper.java:113)
	at org.eclipse.jetty.server.handler.HandlerWrapper.handle(HandlerWrapper.java:113)
	at org.eclipse.jetty.server.handler.HandlerWrapper.handle(HandlerWrapper.java:113)
	at org.eclipse.jetty.server.handler.HandlerWrapper.handle(HandlerWrapper.java:113)
	at org.eclipse.jetty.server.handler.HandlerWrapper.handle(HandlerWrapper.java:113)
	at org.eclipse.jetty.server.handler.HandlerWrapper.handle(HandlerWrapper.java:113)
	at org.eclipse.jetty.server.handler.HandlerWrapper.handle(HandlerWrapper.java:113)
	at org.eclipse.jetty.server.handler.HandlerWrapper.handle(HandlerWrapper.java:113)
	at org.eclipse.jetty.server.handler.HandlerWrapper.handle(HandlerWrapper.java:113)
	at org.eclipse.jetty.server.handler.HandlerWrapper.handle(HandlerWrapper.java:113)
	at org.eclipse.jetty.server.handler.HandlerWrapper.handle(HandlerWrapper.java:113)
	at org.eclipse.jetty.server.handler.HandlerWrapper.handle(HandlerWrapper.java:113)
	at org.eclipse.jetty.server.handler.HandlerWrapper.handle(HandlerWrapper.java:113)
	at org.eclipse.jetty.server.handler.HandlerWrapper.handle(HandlerWrapper.java:113)
	at org.eclipse.jetty.server.handler.HandlerWrapper.handle(HandlerWrapper.java:113)
	at org.eclipse.jetty.server.handler.HandlerWrapper.handle(HandlerWrapper.java:113)
	at org.eclipse.jetty.server.handler.HandlerWrapper.handle(HandlerWrapper.java:113)
	at org.eclipse.jetty.server.handler.HandlerWrapper.handle(HandlerWrapper.java:113)
	at org.eclipse.jetty.server.handler.HandlerWrapper.handle(HandlerWrapper.java:113)
	at org.eclipse.jetty.server.handler.HandlerWrapper.handle(HandlerWrapper.java:113)
	at org.eclipse.jetty.server.handler.HandlerWrapper.handle(HandlerWrapper.java:113)
	at org.eclipse.jetty.server.handler.HandlerWrapper.handle(HandlerWrapper.java:113)
	at org.eclipse.jetty.server.handler.HandlerWrapper.handle(HandlerWrapper.java:113)
	at org.eclipse.jetty.server.handler.HandlerWrapper.handle(HandlerWrapper.java:113)
	at org.eclipse.jetty.server.handler.HandlerWrapper.handle(HandlerWrapper.java:113)
	at org.eclipse.jetty.server.handler.HandlerWrapper.handle(HandlerWrapper.java:113)
	at org.eclipse.jetty.server.handler.HandlerWrapper.handle(HandlerWrapper.java:113)
	at org.eclipse.jetty.server.handler.HandlerWrapper.handle(HandlerWrapper.java:113)
	at org.eclipse.jetty.server.handler.HandlerWrapper.handle(HandlerWrapper.java:113)
	at org.eclipse.jetty.server.handler.HandlerWrapper.handle(HandlerWrapper.java:113)
	at org.eclipse.jetty.server.handler.HandlerWrapper.handle(HandlerWrapper.java:113)
	at org.eclipse.jetty.server.handler.HandlerWrapper.handle(HandlerWrapper.java:113)
	at org.eclipse.jetty.server.handler.HandlerWrapper.handle(HandlerWrapper.java:113)
	at org.eclipse.jetty.server.handler.HandlerWrapper.handle(HandlerWrapper.java:113)
	at org.eclipse.jetty.server.handler.HandlerWrapper.handle(HandlerWrapper.java:113)
	at org.eclipse.jetty.server.handler.HandlerWrapper.handle(HandlerWrapper.java:113)
	at org.eclipse.jetty.server.handler.HandlerWrapper.handle(HandlerWrapper.java:113)
	at org.eclipse.jetty.server.handler.HandlerWrapper.handle(HandlerWrapper.java:113)
	at org.eclipse.jetty.server.handler.HandlerWrapper.handle(HandlerWrapper.java:113)
	at org.eclipse.jetty.server.handler.HandlerWrapper.handle(HandlerWrapper.java:113)
	at org.eclipse.jetty.server.handler.HandlerWrapper.handle(HandlerWrapper.java:113)
	at org.eclipse.jetty.server.handler.HandlerWrapper.handle(HandlerWrapper.java:113)
	at org.eclipse.jetty.server.handler.HandlerWrapper.handle(HandlerWrapper.java:113)
	at org.eclipse.jetty.server.handler.HandlerWrapper.handle(HandlerWrapper.java:113)
	at org.eclipse.jetty.server.handler.HandlerWrapper.handle(HandlerWrapper.java:113)
	at org.eclipse.jetty.server.handler.HandlerWrapper.handle(HandlerWrapper.java:113)
	at org.eclipse.jetty.server.handler.HandlerWrapper.handle(HandlerWrapper.java:113)
	at org.eclipse.jetty.server.handler.HandlerWrapper.handle(HandlerWrapper.java:113)
	at org.eclipse.jetty.server.handler.HandlerWrapper.handle(HandlerWrapper.java:113)
	at org.eclipse.jetty.server.handler.HandlerWrapper.handle(HandlerWrapper.java:113)
	at org.eclipse.jetty.server.handler.HandlerWrapper.handle(HandlerWrapper.java:113)
	at org.eclipse.jetty.server.handler.HandlerWrapper.handle(HandlerWrapper.java:113)
	at org.eclipse.jetty.server.handler.HandlerWrapper.handle(HandlerWrapper.java:113)
	at org.eclipse.jetty.server.handler.HandlerWrapper.handle(HandlerWrapper.java:113)
	at org.eclipse.jetty.server.handler.HandlerWrapper.handle(HandlerWrapper.java:113)
	at org.eclipse.jetty.server.handler.HandlerWrapper.handle(HandlerWrapper.java:113)
	at org.eclipse.jetty.server.handler.HandlerWrapper.handle(HandlerWrapper.java:113)
	at org.eclipse.jetty.server.handler.HandlerWrapper.handle(HandlerWrapper.java:113)
	at org.eclipse.jetty.server.handler.HandlerWrapper.handle(HandlerWrapper.java:113)
	at org.eclipse.jetty.server.handler.HandlerWrapper.handle(HandlerWrapper.java:113)
	at org.eclipse.jetty.server.handler.HandlerWrapper.handle(HandlerWrapper.java:113)
	at org.eclipse.jetty.server.handler.HandlerWrapper.handle(HandlerWrapper.java:113)
	at org.eclipse.jetty.server.handler.HandlerWrapper.handle(HandlerWrapper.java:113)
	at org.eclipse.jetty.server.handler.HandlerWrapper.handle(HandlerWrapper.java:113)
	at org.eclipse.jetty.server.handler.HandlerWrapper.handle(HandlerWrapper.java:113)
	at org.eclipse.jetty.server.handler.HandlerWrapper.handle(HandlerWrapper.java:113)
	at org.eclipse.jetty.server.handler.HandlerWrapper.handle(HandlerWrapper.java:113)
	at org.eclipse.jetty.server.handler.HandlerWrapper.handle(HandlerWrapper.java:113)
	at org.eclipse.jetty.server.handler.HandlerWrapper.handle(HandlerWrapper.java:113)
	at org.eclipse.jetty.server.handler.HandlerWrapper.handle(HandlerWrapper.java:113)
	at org.eclipse.jetty.server.handler.HandlerWrapper.handle(HandlerWrapper.java:113)
	at org.eclipse.jetty.server.handler.HandlerWrapper.handle(HandlerWrapper.java:113)
	at org.eclipse.jetty.server.handler.HandlerWrapper.handle(HandlerWrapper.java:113)
	at org.eclipse.jetty.server.handler.HandlerWrapper.handle(HandlerWrapper.java:113)
	at org.eclipse.jetty.server.handler.HandlerWrapper.handle(HandlerWrapper.java:113)
	at org.eclipse.jetty.server.handler.HandlerWrapper.handle(HandlerWrapper.java:113)
	at org.eclipse.jetty.server.handler.HandlerWrapper.handle(HandlerWrapper.java:113)
	at org.eclipse.jetty.server.handler.HandlerWrapper.handle(HandlerWrapper.java:113)
	at org.eclipse.jetty.server.handler.HandlerWrapper.handle(HandlerWrapper.java:113)
	at org.eclipse.jetty.server.handler.HandlerWrapper.handle(HandlerWrapper.java:113)
	at org.eclipse.jetty.server.handler.HandlerWrapper.handle(HandlerWrapper.java:113)
	at org.eclipse.jetty.server.handler.HandlerWrapper.handle(HandlerWrapper.java:113)
	at org.eclipse.jetty.server.handler.HandlerWrapper.handle(HandlerWrapper.java:113)
	at org.eclipse.jetty.server.handler.HandlerWrapper.handle(HandlerWrapper.java:113)
	at org.eclipse.jetty.server.handler.HandlerWrapper.handle(HandlerWrapper.java:113)
	at org.eclipse.jetty.server.handler.HandlerWrapper.handle(HandlerWrapper.java:113)
	at org.eclipse.jetty.server.handler.HandlerWrapper.handle(HandlerWrapper.java:113)
	at org.eclipse.jetty.server.handler.HandlerWrapper.handle(HandlerWrapper.java:113)
	at org.eclipse.jetty.server.handler.HandlerWrapper.handle(HandlerWrapper.java:113)
	at org.eclipse.jetty.server.handler.HandlerWrapper.handle(HandlerWrapper.java:113)
	at org.eclipse.jetty.server.handler.HandlerWrapper.handle(HandlerWrapper.java:113)
	at org.eclipse.jetty.server.handler.HandlerWrapper.handle(HandlerWrapper.java:113)
	at org.eclipse.jetty.server.handler.HandlerWrapper.handle(HandlerWrapper.java:113)
	at org.eclipse.jetty.server.handler.HandlerWrapper.handle(HandlerWrapper.java:113)
	at org.eclipse.jetty.server.handler.HandlerWrapper.handle(HandlerWrapper.java:113)
	at org.eclipse.jetty.server.handler.HandlerWrapper.handle(HandlerWrapper.java:113)
	at org.eclipse.jetty.server.handler.HandlerWrapper.handle(HandlerWrapper.java:113)
	at org.eclipse.jetty.server.handler.HandlerWrapper.handle(HandlerWrapper.java:113)
	at org.eclipse.jetty.server.handler.HandlerWrapper.handle(HandlerWrapper.java:113)
	at org.eclipse.jetty.server.handler.HandlerWrapper.handle(HandlerWrapper.java:113)
	at org.eclipse.jetty.server.handler.HandlerWrapper.handle(HandlerWrapper.java:113)
	at org.eclipse.jetty.server.handler.HandlerWrapper.handle(HandlerWrapper.java:113)
	at org.eclipse.jetty.server.handler.HandlerWrapper.handle(HandlerWrapper.java:113)
	at org.eclipse.jetty.server.handler.HandlerWrapper.handle(HandlerWrapper.java:113)
	at org.eclipse.jetty.server.handler.HandlerWrapper.handle(HandlerWrapper.java:113)
	at org.eclipse.jetty.server.handler.HandlerWrapper.handle(HandlerWrapper.java:113)
	at org.eclipse.jetty.server.handler.HandlerWrapper.handle(HandlerWrapper.java:113)
	at org.eclipse.jetty.server.handler.HandlerWrapper.handle(HandlerWrapper.java:113)
	at org.eclipse.jetty.server.handler.HandlerWrapper.handle(HandlerWrapper.java:113)
	at org.eclipse.jetty.server.handler.HandlerWrapper.handle(HandlerWrapper.java:113)
	at org.eclipse.jetty.server.handler.HandlerWrapper.handle(HandlerWrapper.java:113)
	at org.eclipse.jetty.server.handler.HandlerWrapper.handle(HandlerWrapper.java:113)
	at org.eclipse.jetty.server.handler.HandlerWrapper.handle(HandlerWrapper.java:113)
	at org.eclipse.jetty.server.handler.HandlerWrapper.handle(HandlerWrapper.java:113)
	at org.eclipse.jetty.server.handler.HandlerWrapper.handle(HandlerWrapper.java:113)
	at org.eclipse.jetty.server.handler.HandlerWrapper.handle(HandlerWrapper.java:113)
	at org.eclipse.jetty.server.handler.HandlerWrapper.handle(HandlerWrapper.java:113)
	at org.eclipse.jetty.server.handler.HandlerWrapper.handle(HandlerWrapper.java:113)
	at org.eclipse.jetty.server.handler.HandlerWrapper.handle(HandlerWrapper.java:113)
	at org.eclipse.jetty.server.handler.HandlerWrapper.handle(HandlerWrapper.java:113)
	at org.eclipse.jetty.server.handler.HandlerWrapper.handle(HandlerWrapper.java:113)
	at org.eclipse.jetty.server.handler.HandlerWrapper.handle(HandlerWrapper.java:113)
	at org.eclipse.jetty.server.handler.HandlerWrapper.handle(HandlerWrapper.java:113)
	at org.eclipse.jetty.server.handler.HandlerWrapper.handle(HandlerWrapper.java:113)
	at org.eclipse.jetty.server.handler.HandlerWrapper.handle(HandlerWrapper.java:113)
	at org.eclipse.jetty.server.handler.HandlerWrapper.handle(HandlerWrapper.java:113)
	at org.eclipse.jetty.server.handler.HandlerWrapper.handle(HandlerWrapper.java:113)
	at org.eclipse.jetty.server.handler.HandlerWrapper.handle(HandlerWrapper.java:113)
	at org.eclipse.jetty.server.handler.HandlerWrapper.handle(HandlerWrapper.java:113)
	at org.eclipse.jetty.server.handler.HandlerWrapper.handle(HandlerWrapper.java:113)
	at org.eclipse.jetty.server.handler.HandlerWrapper.handle(HandlerWrapper.java:113)
	at org.eclipse.jetty.server.handler.HandlerWrapper.handle(HandlerWrapper.java:113)
	at org.eclipse.jetty.server.handler.HandlerWrapper.handle(HandlerWrapper.java:113)
	at org.eclipse.jetty.server.handler.HandlerWrapper.handle(HandlerWrapper.java:113)
	at org.eclipse.jetty.server.handler.HandlerWrapper.handle(HandlerWrapper.java:113)
	at org.eclipse.jetty.server.handler.HandlerWrapper.handle(HandlerWrapper.java:113)
	at org.eclipse.jetty.server.handler.HandlerWrapper.handle(HandlerWrapper.java:113)
	at org.eclipse.jetty.server.handler.HandlerWrapper.handle(HandlerWrapper.java:113)
	at org.eclipse.jetty.server.handler.HandlerWrapper.handle(HandlerWrapper.java:113)
	at org.eclipse.jetty.server.handler.HandlerWrapper.handle(HandlerWrapper.java:113)
	at org.eclipse.jetty.server.handler.HandlerWrapper.handle(HandlerWrapper.java:113)
	at org.eclipse.jetty.server.handler.HandlerWrapper.handle(HandlerWrapper.java:113)
	at org.eclipse.jetty.server.handler.HandlerWrapper.handle(HandlerWrapper.java:113)
	at org.eclipse.jetty.server.handler.HandlerWrapper.handle(HandlerWrapper.java:113)
	at org.eclipse.jetty.server.handler.HandlerWrapper.handle(HandlerWrapper.java:113)
	at org.eclipse.jetty.server.handler.HandlerWrapper.handle(HandlerWrapper.java:113)
	at org.eclipse.jetty.server.handler.HandlerWrapper.handle(HandlerWrapper.java:113)
	at org.eclipse.jetty.server.handler.HandlerWrapper.handle(HandlerWrapper.java:113)
	at org.eclipse.jetty.server.handler.HandlerWrapper.handle(HandlerWrapper.java:113)
	at org.eclipse.jetty.server.handler.HandlerWrapper.handle(HandlerWrapper.java:113)
	at org.eclipse.jetty.server.handler.HandlerWrapper.handle(HandlerWrapper.java:113)
	at org.eclipse.jetty.server.handler.HandlerWrapper.handle(HandlerWrapper.java:113)
	at org.eclipse.jetty.server.handler.HandlerWrapper.handle(HandlerWrapper.java:113)
	at org.eclipse.jetty.server.handler.HandlerWrapper.handle(HandlerWrapper.java:113)
	at org.eclipse.jetty.server.handler.HandlerWrapper.handle(HandlerWrapper.java:113)
	at org.eclipse.jetty.server.handler.HandlerWrapper.handle(HandlerWrapper.java:113)
	at org.eclipse.jetty.server.handler.HandlerWrapper.handle(HandlerWrapper.java:113)
	at org.eclipse.jetty.server.handler.HandlerWrapper.handle(HandlerWrapper.java:113)
	at org.eclipse.jetty.server.handler.HandlerWrapper.handle(HandlerWrapper.java:113)
	at org.eclipse.jetty.server.handler.HandlerWrapper.handle(HandlerWrapper.java:113)
	at org.eclipse.jetty.server.handler.HandlerWrapper.handle(HandlerWrapper.java:113)
	at org.eclipse.jetty.server.handler.HandlerWrapper.handle(HandlerWrapper.java:113)
	at org.eclipse.jetty.server.handler.HandlerWrapper.handle(HandlerWrapper.java:113)
	at org.eclipse.jetty.server.handler.HandlerWrapper.handle(HandlerWrapper.java:113)
	at org.eclipse.jetty.server.handler.HandlerWrapper.handle(HandlerWrapper.java:113)
	at org.eclipse.jetty.server.handler.HandlerWrapper.handle(HandlerWrapper.java:113)
	at org.eclipse.jetty.server.handler.HandlerWrapper.handle(HandlerWrapper.java:113)
	at org.eclipse.jetty.server.handler.HandlerWrapper.handle(HandlerWrapper.java:113)
	at org.eclipse.jetty.server.handler.HandlerWrapper.handle(HandlerWrapper.java:113)
	at org.eclipse.jetty.server.handler.HandlerWrapper.handle(HandlerWrapper.java:113)
	at org.eclipse.jetty.server.handler.HandlerWrapper.handle(HandlerWrapper.java:113)
	at org.eclipse.jetty.server.handler.HandlerWrapper.handle(HandlerWrapper.java:113)
	at org.eclipse.jetty.server.handler.HandlerWrapper.handle(HandlerWrapper.java:113)
	at org.eclipse.jetty.server.handler.HandlerWrapper.handle(HandlerWrapper.java:113)
	at org.eclipse.jetty.server.handler.HandlerWrapper.handle(HandlerWrapper.java:113)
	at org.eclipse.jetty.server.handler.HandlerWrapper.handle(HandlerWrapper.java:113)
	at org.eclipse.jetty.server.handler.HandlerWrapper.handle(HandlerWrapper.java:113)
	at org.eclipse.jetty.server.handler.HandlerWrapper.handle(HandlerWrapper.java:113)
	at org.eclipse.jetty.server.handler.HandlerWrapper.handle(HandlerWrapper.java:113)
	at org.eclipse.jetty.server.handler.HandlerWrapper.handle(HandlerWrapper.java:113)
	at org.eclipse.jetty.server.handler.HandlerWrapper.handle(HandlerWrapper.java:113)
	at org.eclipse.jetty.server.handler.HandlerWrapper.handle(HandlerWrapper.java:113)
	at org.eclipse.jetty.server.handler.HandlerWrapper.handle(HandlerWrapper.java:113)
	at org.eclipse.jetty.server.handler.HandlerWrapper.handle(HandlerWrapper.java:113)
	at org.eclipse.jetty.server.handler.HandlerWrapper.handle(HandlerWrapper.java:113)
	at org.eclipse.jetty.server.handler.HandlerWrapper.handle(HandlerWrapper.java:113)
	at org.eclipse.jetty.server.handler.HandlerWrapper.handle(HandlerWrapper.java:113)
	at org.eclipse.jetty.server.handler.HandlerWrapper.handle(HandlerWrapper.java:113)
	at org.eclipse.jetty.server.handler.HandlerWrapper.handle(HandlerWrapper.java:113)
	at org.eclipse.jetty.server.handler.HandlerWrapper.handle(HandlerWrapper.java:113)
	at org.eclipse.jetty.server.handler.HandlerWrapper.handle(HandlerWrapper.java:113)
	at org.eclipse.jetty.server.handler.HandlerWrapper.handle(HandlerWrapper.java:113)
	at org.eclipse.jetty.server.handler.HandlerWrapper.handle(HandlerWrapper.java:113)
	at org.eclipse.jetty.server.handler.HandlerWrapper.handle(HandlerWrapper.java:113)
	at org.eclipse.jetty.server.handler.HandlerWrapper.handle(HandlerWrapper.java:113)
	at org.eclipse.jetty.server.handler.HandlerWrapper.handle(HandlerWrapper.java:113)
	at org.eclipse.jetty.server.handler.HandlerWrapper.handle(HandlerWrapper.java:113)
	at org.eclipse.jetty.server.handler.HandlerWrapper.handle(HandlerWrapper.java:113)
	at org.eclipse.jetty.server.handler.HandlerWrapper.handle(HandlerWrapper.java:113)
	at org.eclipse.jetty.server.handler.HandlerWrapper.handle(HandlerWrapper.java:113)
	at org.eclipse.jetty.server.handler.HandlerWrapper.handle(HandlerWrapper.java:113)
	at org.eclipse.jetty.server.handler.HandlerWrapper.handle(HandlerWrapper.java:113)
	at org.eclipse.jetty.server.handler.HandlerWrapper.handle(HandlerWrapper.java:113)
	at org.eclipse.jetty.server.handler.HandlerWrapper.handle(HandlerWrapper.java:113)
	at org.eclipse.jetty.server.handler.HandlerWrapper.handle(HandlerWrapper.java:113)
	at org.eclipse.jetty.server.handler.HandlerWrapper.handle(HandlerWrapper.java:113)
	at org.eclipse.jetty.server.handler.HandlerWrapper.handle(HandlerWrapper.java:113)
	at org.eclipse.jetty.server.handler.HandlerWrapper.handle(HandlerWrapper.java:113)
	at org.eclipse.jetty.server.handler.HandlerWrapper.handle(HandlerWrapper.java:113)
	at org.eclipse.jetty.server.handler.HandlerWrapper.handle(HandlerWrapper.java:113)
	at org.eclipse.jetty.server.handler.HandlerWrapper.handle(HandlerWrapper.java:113)
	at org.eclipse.jetty.server.handler.HandlerWrapper.handle(HandlerWrapper.java:113)
	at org.eclipse.jetty.server.handler.HandlerWrapper.handle(HandlerWrapper.java:113)
	at org.eclipse.jetty.server.handler.HandlerWrapper.handle(HandlerWrapper.java:113)
	at org.eclipse.jetty.server.handler.HandlerWrapper.handle(HandlerWrapper.java:113)
	at org.eclipse.jetty.server.handler.HandlerWrapper.handle(HandlerWrapper.java:113)
	at org.eclipse.jetty.server.handler.HandlerWrapper.handle(HandlerWrapper.java:113)
	at org.eclipse.jetty.server.handler.HandlerWrapper.handle(HandlerWrapper.java:113)
	at org.eclipse.jetty.server.handler.HandlerWrapper.handle(HandlerWrapper.java:113)
	at org.eclipse.jetty.server.handler.HandlerWrapper.handle(HandlerWrapper.java:113)
	at org.eclipse.jetty.server.handler.HandlerWrapper.handle(HandlerWrapper.java:113)
	at org.eclipse.jetty.server.handler.HandlerWrapper.handle(HandlerWrapper.java:113)
	at org.eclipse.jetty.server.handler.HandlerWrapper.handle(HandlerWrapper.java:113)
	at org.eclipse.jetty.server.handler.HandlerWrapper.handle(HandlerWrapper.java:113)
	at org.eclipse.jetty.server.handler.HandlerWrapper.handle(HandlerWrapper.java:113)
	at org.eclipse.jetty.server.handler.HandlerWrapper.handle(HandlerWrapper.java:113)
	at org.eclipse.jetty.server.handler.HandlerWrapper.handle(HandlerWrapper.java:113)
	at org.eclipse.jetty.server.handler.HandlerWrapper.handle(HandlerWrapper.java:113)
	at org.eclipse.jetty.server.handler.HandlerWrapper.handle(HandlerWrapper.java:113)
	at org.eclipse.jetty.server.handler.HandlerWrapper.handle(HandlerWrapper.java:113)
	at org.eclipse.jetty.server.handler.HandlerWrapper.handle(HandlerWrapper.java:113)
	at org.eclipse.jetty.server.handler.HandlerWrapper.handle(HandlerWrapper.java:113)
	at org.eclipse.jetty.server.handler.HandlerWrapper.handle(HandlerWrapper.java:113)
	at org.eclipse.jetty.server.handler.HandlerWrapper.handle(HandlerWrapper.java:113)
	at org.eclipse.jetty.server.handler.HandlerWrapper.handle(HandlerWrapper.java:113)
	at org.eclipse.jetty.server.handler.HandlerWrapper.handle(HandlerWrapper.java:113)
	at org.eclipse.jetty.server.handler.HandlerWrapper.handle(HandlerWrapper.java:113)
	at org.eclipse.jetty.server.handler.HandlerWrapper.handle(HandlerWrapper.java:113)
	at org.eclipse.jetty.server.handler.HandlerWrapper.handle(HandlerWrapper.java:113)
	at org.eclipse.jetty.server.handler.HandlerWrapper.handle(HandlerWrapper.java:113)
	at org.eclipse.jetty.server.handler.HandlerWrapper.handle(HandlerWrapper.java:113)
	at org.eclipse.jetty.server.handler.HandlerWrapper.handle(HandlerWrapper.java:113)
	at org.eclipse.jetty.server.handler.HandlerWrapper.handle(HandlerWrapper.java:113)
	at org.eclipse.jetty.server.handler.HandlerWrapper.handle(HandlerWrapper.java:113)
	at org.eclipse.jetty.server.handler.HandlerWrapper.handle(HandlerWrapper.java:113)
	at org.eclipse.jetty.server.handler.HandlerWrapper.handle(HandlerWrapper.java:113)
	at org.eclipse.jetty.server.handler.HandlerWrapper.handle(HandlerWrapper.java:113)
	at org.eclipse.jetty.server.handler.HandlerWrapper.handle(HandlerWrapper.java:113)
	at org.eclipse.jetty.server.handler.HandlerWrapper.handle(HandlerWrapper.java:113)
	at org.eclipse.jetty.server.handler.HandlerWrapper.handle(HandlerWrapper.java:113)
	at org.eclipse.jetty.server.handler.HandlerWrapper.handle(HandlerWrapper.java:113)
	at org.eclipse.jetty.server.handler.HandlerWrapper.handle(HandlerWrapper.java:113)
	at org.eclipse.jetty.server.handler.HandlerWrapper.handle(HandlerWrapper.java:113)
	at org.eclipse.jetty.server.handler.HandlerWrapper.handle(HandlerWrapper.java:113)
	at org.eclipse.jetty.server.handler.HandlerWrapper.handle(HandlerWrapper.java:113)
	at org.eclipse.jetty.server.handler.HandlerWrapper.handle(HandlerWrapper.java:113)
	at org.eclipse.jetty.server.handler.HandlerWrapper.handle(HandlerWrapper.java:113)
	at org.eclipse.jetty.server.handler.HandlerWrapper.handle(HandlerWrapper.java:113)
	at org.eclipse.jetty.server.handler.HandlerWrapper.handle(HandlerWrapper.java:113)
	at org.eclipse.jetty.server.handler.HandlerWrapper.handle(HandlerWrapper.java:113)
	at org.eclipse.jetty.server.handler.HandlerWrapper.handle(HandlerWrapper.java:113)
	at org.eclipse.jetty.server.handler.HandlerWrapper.handle(HandlerWrapper.java:113)
	at org.eclipse.jetty.server.handler.HandlerWrapper.handle(HandlerWrapper.java:113)
	at org.eclipse.jetty.server.handler.HandlerWrapper.handle(HandlerWrapper.java:113)
	at org.eclipse.jetty.server.handler.HandlerWrapper.handle(HandlerWrapper.java:113)
	at org.eclipse.jetty.server.handler.HandlerWrapper.handle(HandlerWrapper.java:113)
	at org.eclipse.jetty.server.handler.HandlerWrapper.handle(HandlerWrapper.java:113)
	at org.eclipse.jetty.server.handler.HandlerWrapper.handle(HandlerWrapper.java:113)
	at org.eclipse.jetty.server.handler.HandlerWrapper.handle(HandlerWrapper.java:113)
	at org.eclipse.jetty.server.handler.HandlerWrapper.handle(HandlerWrapper.java:113)
	at org.eclipse.jetty.server.handler.HandlerWrapper.handle(HandlerWrapper.java:113)
	at org.eclipse.jetty.server.handler.HandlerWrapper.handle(HandlerWrapper.java:113)
	at org.eclipse.jetty.server.handler.HandlerWrapper.handle(HandlerWrapper.java:113)
	at org.eclipse.jetty.server.handler.HandlerWrapper.handle(HandlerWrapper.java:113)
	at org.eclipse.jetty.server.handler.HandlerWrapper.handle(HandlerWrapper.java:113)
	at org.eclipse.jetty.server.handler.HandlerWrapper.handle(HandlerWrapper.java:113)
	at org.eclipse.jetty.server.handler.HandlerWrapper.handle(HandlerWrapper.java:113)
	at org.eclipse.jetty.server.handler.HandlerWrapper.handle(HandlerWrapper.java:113)
	at org.eclipse.jetty.server.handler.HandlerWrapper.handle(HandlerWrapper.java:113)
	at org.eclipse.jetty.server.handler.HandlerWrapper.handle(HandlerWrapper.java:113)
	at org.eclipse.jetty.server.handler.HandlerWrapper.handle(HandlerWrapper.java:113)
	at org.eclipse.jetty.server.handler.HandlerWrapper.handle(HandlerWrapper.java:113)
	at org.eclipse.jetty.server.handler.HandlerWrapper.handle(HandlerWrapper.java:113)
	at org.eclipse.jetty.server.handler.HandlerWrapper.handle(HandlerWrapper.java:113)
	at org.eclipse.jetty.server.handler.HandlerWrapper.handle(HandlerWrapper.java:113)
	at org.eclipse.jetty.server.handler.HandlerWrapper.handle(HandlerWrapper.java:113)
	at org.eclipse.jetty.server.handler.HandlerWrapper.handle(HandlerWrapper.java:113)
	at org.eclipse.jetty.server.handler.HandlerWrapper.handle(HandlerWrapper.java:113)
	at org.eclipse.jetty.server.handler.HandlerWrapper.handle(HandlerWrapper.java:113)
	at org.eclipse.jetty.server.handler.HandlerWrapper.handle(HandlerWrapper.java:113)
	at org.eclipse.jetty.server.handler.HandlerWrapper.handle(HandlerWrapper.java:113)
	at org.eclipse.jetty.server.handler.HandlerWrapper.handle(HandlerWrapper.java:113)
	at org.eclipse.jetty.server.handler.HandlerWrapper.handle(HandlerWrapper.java:113)
	at org.eclipse.jetty.server.handler.HandlerWrapper.handle(HandlerWrapper.java:113)
	at org.eclipse.jetty.server.handler.HandlerWrapper.handle(HandlerWrapper.java:113)
	at org.eclipse.jetty.server.handler.HandlerWrapper.handle(HandlerWrapper.java:113)
	at org.eclipse.jetty.server.handler.HandlerWrapper.handle(HandlerWrapper.java:113)
	at org.eclipse.jetty.server.handler.HandlerWrapper.handle(HandlerWrapper.java:113)
	at org.eclipse.jetty.server.handler.HandlerWrapper.handle(HandlerWrapper.java:113)
	at org.eclipse.jetty.server.handler.HandlerWrapper.handle(HandlerWrapper.java:113)
	at org.eclipse.jetty.server.handler.HandlerWrapper.handle(HandlerWrapper.java:113)
	at org.eclipse.jetty.server.handler.HandlerWrapper.handle(HandlerWrapper.java:113)
	at org.eclipse.jetty.server.handler.HandlerWrapper.handle(HandlerWrapper.java:113)
	at org.eclipse.jetty.server.handler.HandlerWrapper.handle(HandlerWrapper.java:113)
	at org.eclipse.jetty.server.handler.HandlerWrapper.handle(HandlerWrapper.java:113)
	at org.eclipse.jetty.server.handler.HandlerWrapper.handle(HandlerWrapper.java:113)
	at org.eclipse.jetty.server.handler.HandlerWrapper.handle(HandlerWrapper.java:113)
	at org.eclipse.jetty.server.handler.HandlerWrapper.handle(HandlerWrapper.java:113)
	at org.eclipse.jetty.server.handler.HandlerWrapper.handle(HandlerWrapper.java:113)
	at org.eclipse.jetty.server.handler.HandlerWrapper.handle(HandlerWrapper.java:113)
	at org.eclipse.jetty.server.handler.HandlerWrapper.handle(HandlerWrapper.java:113)
	at org.eclipse.jetty.server.handler.HandlerWrapper.handle(HandlerWrapper.java:113)
	at org.eclipse.jetty.server.handler.HandlerWrapper.handle(HandlerWrapper.java:113)
	at org.eclipse.jetty.server.handler.HandlerWrapper.handle(HandlerWrapper.java:113)
	at org.eclipse.jetty.server.handler.HandlerWrapper.handle(HandlerWrapper.java:113)
	at org.eclipse.jetty.server.handler.HandlerWrapper.handle(HandlerWrapper.java:113)
	at org.eclipse.jetty.server.handler.HandlerWrapper.handle(HandlerWrapper.java:113)
	at org.eclipse.jetty.server.handler.HandlerWrapper.handle(HandlerWrapper.java:113)
	at org.eclipse.jetty.server.handler.HandlerWrapper.handle(HandlerWrapper.java:113)
	at org.eclipse.jetty.server.handler.HandlerWrapper.handle(HandlerWrapper.java:113)
	at org.eclipse.jetty.server.handler.HandlerWrapper.handle(HandlerWrapper.java:113)
	at org.eclipse.jetty.server.handler.HandlerWrapper.handle(HandlerWrapper.java:113)
	at org.eclipse.jetty.server.handler.HandlerWrapper.handle(HandlerWrapper.java:113)
	at org.eclipse.jetty.server.handler.HandlerWrapper.handle(HandlerWrapper.java:113)
	at org.eclipse.jetty.server.handler.HandlerWrapper.handle(HandlerWrapper.java:113)
	at org.eclipse.jetty.server.handler.HandlerWrapper.handle(HandlerWrapper.java:113)
	at org.eclipse.jetty.server.handler.HandlerWrapper.handle(HandlerWrapper.java:113)
	at org.eclipse.jetty.server.handler.HandlerWrapper.handle(HandlerWrapper.java:113)
	at org.eclipse.jetty.server.handler.HandlerWrapper.handle(HandlerWrapper.java:113)
	at org.eclipse.jetty.server.handler.HandlerWrapper.handle(HandlerWrapper.java:113)
	at org.eclipse.jetty.server.handler.HandlerWrapper.handle(HandlerWrapper.java:113)
	at org.eclipse.jetty.server.handler.HandlerWrapper.handle(HandlerWrapper.java:113)
	at org.eclipse.jetty.server.handler.HandlerWrapper.handle(HandlerWrapper.java:113)
	at org.eclipse.jetty.server.handler.HandlerWrapper.handle(HandlerWrapper.java:113)
	at org.eclipse.jetty.server.handler.HandlerWrapper.handle(HandlerWrapper.java:113)
	at org.eclipse.jetty.server.handler.HandlerWrapper.handle(HandlerWrapper.java:113)
	at org.eclipse.jetty.server.handler.HandlerWrapper.handle(HandlerWrapper.java:113)
	at org.eclipse.jetty.server.handler.HandlerWrapper.handle(HandlerWrapper.java:113)
	at org.eclipse.jetty.server.handler.HandlerWrapper.handle(HandlerWrapper.java:113)
	at org.eclipse.jetty.server.handler.HandlerWrapper.handle(HandlerWrapper.java:113)
	at org.eclipse.jetty.server.handler.HandlerWrapper.handle(HandlerWrapper.java:113)
	at org.eclipse.jetty.server.handler.HandlerWrapper.handle(HandlerWrapper.java:113)
	at org.eclipse.jetty.server.handler.HandlerWrapper.handle(HandlerWrapper.java:113)
	at org.eclipse.jetty.server.handler.HandlerWrapper.handle(HandlerWrapper.java:113)
	at org.eclipse.jetty.server.handler.HandlerWrapper.handle(HandlerWrapper.java:113)
	at org.eclipse.jetty.server.handler.HandlerWrapper.handle(HandlerWrapper.java:113)
	at org.eclipse.jetty.server.handler.HandlerWrapper.handle(HandlerWrapper.java:113)
	at org.eclipse.jetty.server.handler.HandlerWrapper.handle(HandlerWrapper.java:113)
	at org.eclipse.jetty.server.handler.HandlerWrapper.handle(HandlerWrapper.java:113)
	at org.eclipse.jetty.server.handler.HandlerWrapper.handle(HandlerWrapper.java:113)
	at org.eclipse.jetty.server.handler.HandlerWrapper.handle(HandlerWrapper.java:113)
	at org.eclipse.jetty.server.handler.HandlerWrapper.handle(HandlerWrapper.java:113)
	at org.eclipse.jetty.server.handler.HandlerWrapper.handle(HandlerWrapper.java:113)
	at org.eclipse.jetty.server.handler.HandlerWrapper.handle(HandlerWrapper.java:113)
	at org.eclipse.jetty.server.handler.HandlerWrapper.handle(HandlerWrapper.java:113)
	at org.eclipse.jetty.server.handler.HandlerWrapper.handle(HandlerWrapper.java:113)
	at org.eclipse.jetty.server.handler.HandlerWrapper.handle(HandlerWrapper.java:113)
	at org.eclipse.jetty.server.handler.HandlerWrapper.handle(HandlerWrapper.java:113)
	at org.eclipse.jetty.server.handler.HandlerWrapper.handle(HandlerWrapper.java:113)
	at org.eclipse.jetty.server.handler.HandlerWrapper.handle(HandlerWrapper.java:113)
	at org.eclipse.jetty.server.handler.HandlerWrapper.handle(HandlerWrapper.java:113)
	at org.eclipse.jetty.server.handler.HandlerWrapper.handle(HandlerWrapper.java:113)
	at org.eclipse.jetty.server.handler.HandlerWrapper.handle(HandlerWrapper.java:113)
	at org.eclipse.jetty.server.handler.HandlerWrapper.handle(HandlerWrapper.java:113)
	at org.eclipse.jetty.server.handler.HandlerWrapper.handle(HandlerWrapper.java:113)
	at org.eclipse.jetty.server.handler.HandlerWrapper.handle(HandlerWrapper.java:113)
	at org.eclipse.jetty.server.handler.HandlerWrapper.handle(HandlerWrapper.java:113)
	at org.eclipse.jetty.server.handler.HandlerWrapper.handle(HandlerWrapper.java:113)
	at org.eclipse.jetty.server.handler.HandlerWrapper.handle(HandlerWrapper.java:113)
	at org.eclipse.jetty.server.handler.HandlerWrapper.handle(HandlerWrapper.java:113)
	at org.eclipse.jetty.server.handler.HandlerWrapper.handle(HandlerWrapper.java:113)
	at org.eclipse.jetty.server.handler.HandlerWrapper.handle(HandlerWrapper.java:113)
	at org.eclipse.jetty.server.handler.HandlerWrapper.handle(HandlerWrapper.java:113)
	at org.eclipse.jetty.server.handler.HandlerWrapper.handle(HandlerWrapper.java:113)
	at org.eclipse.jetty.server.handler.HandlerWrapper.handle(HandlerWrapper.java:113)
	at org.eclipse.jetty.server.handler.HandlerWrapper.handle(HandlerWrapper.java:113)
	at org.eclipse.jetty.server.handler.HandlerWrapper.handle(HandlerWrapper.java:113)
	at org.eclipse.jetty.server.handler.HandlerWrapper.handle(HandlerWrapper.java:113)
	at org.eclipse.jetty.server.handler.HandlerWrapper.handle(HandlerWrapper.java:113)
	at org.eclipse.jetty.server.handler.HandlerWrapper.handle(HandlerWrapper.java:113)
	at org.eclipse.jetty.server.handler.HandlerWrapper.handle(HandlerWrapper.java:113)
	at org.eclipse.jetty.server.handler.HandlerWrapper.handle(HandlerWrapper.java:113)
	at org.eclipse.jetty.server.handler.HandlerWrapper.handle(HandlerWrapper.java:113)
	at org.eclipse.jetty.server.handler.HandlerWrapper.handle(HandlerWrapper.java:113)
	at org.eclipse.jetty.server.handler.HandlerWrapper.handle(HandlerWrapper.java:113)
	at org.eclipse.jetty.server.handler.HandlerWrapper.handle(HandlerWrapper.java:113)
	at org.eclipse.jetty.server.handler.HandlerWrapper.handle(HandlerWrapper.java:113)
	at org.eclipse.jetty.server.handler.HandlerWrapper.handle(HandlerWrapper.java:113)
	at org.eclipse.jetty.server.handler.HandlerWrapper.handle(HandlerWrapper.java:113)
	at org.eclipse.jetty.server.handler.HandlerWrapper.handle(HandlerWrapper.java:113)
	at org.eclipse.jetty.server.handler.HandlerWrapper.handle(HandlerWrapper.java:113)
	at org.eclipse.jetty.server.handler.HandlerWrapper.handle(HandlerWrapper.java:113)
	at org.eclipse.jetty.server.handler.HandlerWrapper.handle(HandlerWrapper.java:113)
	at org.eclipse.jetty.server.handler.HandlerWrapper.handle(HandlerWrapper.java:113)
	at org.eclipse.jetty.server.handler.HandlerWrapper.handle(HandlerWrapper.java:113)
	at org.eclipse.jetty.server.handler.HandlerWrapper.handle(HandlerWrapper.java:113)
	at org.eclipse.jetty.server.handler.HandlerWrapper.handle(HandlerWrapper.java:113)
	at org.eclipse.jetty.server.handler.HandlerWrapper.handle(HandlerWrapper.java:113)
	at org.eclipse.jetty.server.handler.HandlerWrapper.handle(HandlerWrapper.java:113)
	at org.eclipse.jetty.server.handler.HandlerWrapper.handle(HandlerWrapper.java:113)
	at org.eclipse.jetty.server.handler.HandlerWrapper.handle(HandlerWrapper.java:113)
	at org.eclipse.jetty.server.handler.HandlerWrapper.handle(HandlerWrapper.java:113)
	at org.eclipse.jetty.server.handler.HandlerWrapper.handle(HandlerWrapper.java:113)
	at org.eclipse.jetty.server.handler.HandlerWrapper.handle(HandlerWrapper.java:113)
	at org.eclipse.jetty.server.handler.HandlerWrapper.handle(HandlerWrapper.java:113)
	at org.eclipse.jetty.server.handler.HandlerWrapper.handle(HandlerWrapper.java:113)
	at org.eclipse.jetty.server.handler.HandlerWrapper.handle(HandlerWrapper.java:113)
	at org.eclipse.jetty.server.handler.HandlerWrapper.handle(HandlerWrapper.java:113)
	at org.eclipse.jetty.server.handler.HandlerWrapper.handle(HandlerWrapper.java:113)
	at org.eclipse.jetty.server.handler.HandlerWrapper.handle(HandlerWrapper.java:113)
	at org.eclipse.jetty.server.handler.HandlerWrapper.handle(HandlerWrapper.java:113)
	at org.eclipse.jetty.server.handler.HandlerWrapper.handle(HandlerWrapper.java:113)
	at org.eclipse.jetty.server.handler.HandlerWrapper.handle(HandlerWrapper.java:113)
	at org.eclipse.jetty.server.handler.HandlerWrapper.handle(HandlerWrapper.java:113)
	at org.eclipse.jetty.server.handler.HandlerWrapper.handle(HandlerWrapper.java:113)
	at org.eclipse.jetty.server.handler.HandlerWrapper.handle(HandlerWrapper.java:113)
	at org.eclipse.jetty.server.handler.HandlerWrapper.handle(HandlerWrapper.java:113)
	at org.eclipse.jetty.server.handler.HandlerWrapper.handle(HandlerWrapper.java:113)
	at org.eclipse.jetty.server.handler.HandlerWrapper.handle(HandlerWrapper.java:113)
	at org.eclipse.jetty.server.handler.HandlerWrapper.handle(HandlerWrapper.java:113)
	at org.eclipse.jetty.server.handler.HandlerWrapper.handle(HandlerWrapper.java:113)
	at org.eclipse.jetty.server.handler.HandlerWrapper.handle(HandlerWrapper.java:113)
	at org.eclipse.jetty.server.handler.HandlerWrapper.handle(HandlerWrapper.java:113)
	at org.eclipse.jetty.server.handler.HandlerWrapper.handle(HandlerWrapper.java:113)
	at org.eclipse.jetty.server.handler.HandlerWrapper.handle(HandlerWrapper.java:113)
	at org.eclipse.jetty.server.handler.HandlerWrapper.handle(HandlerWrapper.java:113)
	at org.eclipse.jetty.server.handler.HandlerWrapper.handle(HandlerWrapper.java:113)
	at org.eclipse.jetty.server.handler.HandlerWrapper.handle(HandlerWrapper.java:113)
	at org.eclipse.jetty.server.handler.HandlerWrapper.handle(HandlerWrapper.java:113)
	at org.eclipse.jetty.server.handler.HandlerWrapper.handle(HandlerWrapper.java:113)
	at org.eclipse.jetty.server.handler.HandlerWrapper.handle(HandlerWrapper.java:113)
	at org.eclipse.jetty.server.handler.HandlerWrapper.handle(HandlerWrapper.java:113)
	at org.eclipse.jetty.server.handler.HandlerWrapper.handle(HandlerWrapper.java:113)
	at org.eclipse.jetty.server.handler.HandlerWrapper.handle(HandlerWrapper.java:113)
	at org.eclipse.jetty.server.handler.HandlerWrapper.handle(HandlerWrapper.java:113)
	at org.eclipse.jetty.server.handler.HandlerWrapper.handle(HandlerWrapper.java:113)
	at org.eclipse.jetty.server.handler.HandlerWrapper.handle(HandlerWrapper.java:113)
	at org.eclipse.jetty.server.handler.HandlerWrapper.handle(HandlerWrapper.java:113)
	at org.eclipse.jetty.server.handler.HandlerWrapper.handle(HandlerWrapper.java:113)
	at org.eclipse.jetty.server.handler.HandlerWrapper.handle(HandlerWrapper.java:113)
	at org.eclipse.jetty.server.handler.HandlerWrapper.handle(HandlerWrapper.java:113)
	at org.eclipse.jetty.server.handler.HandlerWrapper.handle(HandlerWrapper.java:113)
	at org.eclipse.jetty.server.handler.HandlerWrapper.handle(HandlerWrapper.java:113)
	at org.eclipse.jetty.server.handler.HandlerWrapper.handle(HandlerWrapper.java:113)
	at org.eclipse.jetty.server.handler.HandlerWrapper.handle(HandlerWrapper.java:113)
	at org.eclipse.jetty.server.handler.HandlerWrapper.handle(HandlerWrapper.java:113)
	at org.eclipse.jetty.server.handler.HandlerWrapper.handle(HandlerWrapper.java:113)
	at org.eclipse.jetty.server.handler.HandlerWrapper.handle(HandlerWrapper.java:113)
	at org.eclipse.jetty.server.handler.HandlerWrapper.handle(HandlerWrapper.java:113)
	at org.eclipse.jetty.server.handler.HandlerWrapper.handle(HandlerWrapper.java:113)
	at org.eclipse.jetty.server.handler.HandlerWrapper.handle(HandlerWrapper.java:113)
	at org.eclipse.jetty.server.handler.HandlerWrapper.handle(HandlerWrapper.java:113)
	at org.eclipse.jetty.server.handler.HandlerWrapper.handle(HandlerWrapper.java:113)
	at org.eclipse.jetty.server.handler.HandlerWrapper.handle(HandlerWrapper.java:113)
	at org.eclipse.jetty.server.handler.HandlerWrapper.handle(HandlerWrapper.java:113)
	at org.eclipse.jetty.server.handler.HandlerWrapper.handle(HandlerWrapper.java:113)
	at org.eclipse.jetty.server.handler.HandlerWrapper.handle(HandlerWrapper.java:113)
	at org.eclipse.jetty.server.handler.HandlerWrapper.handle(HandlerWrapper.java:113)
	at org.eclipse.jetty.server.handler.HandlerWrapper.handle(HandlerWrapper.java:113)
	at org.eclipse.jetty.server.handler.HandlerWrapper.handle(HandlerWrapper.java:113)
	at org.eclipse.jetty.server.handler.HandlerWrapper.handle(HandlerWrapper.java:113)
	at org.eclipse.jetty.server.handler.HandlerWrapper.handle(HandlerWrapper.java:113)
	at org.eclipse.jetty.server.handler.HandlerWrapper.handle(HandlerWrapper.java:113)
	at org.eclipse.jetty.server.handler.HandlerWrapper.handle(HandlerWrapper.java:113)
	at org.eclipse.jetty.server.handler.HandlerWrapper.handle(HandlerWrapper.java:113)
	at org.eclipse.jetty.server.handler.HandlerWrapper.handle(HandlerWrapper.java:113)
	at org.eclipse.jetty.server.handler.HandlerWrapper.handle(HandlerWrapper.java:113)
	at org.eclipse.jetty.server.handler.HandlerWrapper.handle(HandlerWrapper.java:113)
	at org.eclipse.jetty.server.handler.HandlerWrapper.handle(HandlerWrapper.java:113)
	at org.eclipse.jetty.server.handler.HandlerWrapper.handle(HandlerWrapper.java:113)
	at org.eclipse.jetty.server.handler.HandlerWrapper.handle(HandlerWrapper.java:113)
	at org.eclipse.jetty.server.handler.HandlerWrapper.handle(HandlerWrapper.java:113)
	at org.eclipse.jetty.server.handler.HandlerWrapper.handle(HandlerWrapper.java:113)
	at org.eclipse.jetty.server.handler.HandlerWrapper.handle(HandlerWrapper.java:113)
	at org.eclipse.jetty.server.handler.HandlerWrapper.handle(HandlerWrapper.java:113)
	at org.eclipse.jetty.server.handler.HandlerWrapper.handle(HandlerWrapper.java:113)
	at org.eclipse.jetty.server.handler.HandlerWrapper.handle(HandlerWrapper.java:113)
	at org.eclipse.jetty.server.handler.HandlerWrapper.handle(HandlerWrapper.java:113)
	at org.eclipse.jetty.server.handler.HandlerWrapper.handle(HandlerWrapper.java:113)
	at org.eclipse.jetty.server.handler.HandlerWrapper.handle(HandlerWrapper.java:113)
	at org.eclipse.jetty.server.handler.HandlerWrapper.handle(HandlerWrapper.java:113)
	at org.eclipse.jetty.server.handler.HandlerWrapper.handle(HandlerWrapper.java:113)
	at org.eclipse.jetty.server.handler.HandlerWrapper.handle(HandlerWrapper.java:113)
	at org.eclipse.jetty.server.handler.HandlerWrapper.handle(HandlerWrapper.java:113)
	at org.eclipse.jetty.server.handler.HandlerWrapper.handle(HandlerWrapper.java:113)
	at org.eclipse.jetty.server.handler.HandlerWrapper.handle(HandlerWrapper.java:113)
	at org.eclipse.jetty.server.handler.HandlerWrapper.handle(HandlerWrapper.java:113)
	at org.eclipse.jetty.server.handler.HandlerWrapper.handle(HandlerWrapper.java:113)
	at org.eclipse.jetty.server.handler.HandlerWrapper.handle(HandlerWrapper.java:113)
	at org.eclipse.jetty.server.handler.HandlerWrapper.handle(HandlerWrapper.java:113)
	at org.eclipse.jetty.server.handler.HandlerWrapper.handle(HandlerWrapper.java:113)
	at org.eclipse.jetty.server.handler.HandlerWrapper.handle(HandlerWrapper.java:113)
	at org.eclipse.jetty.server.handler.HandlerWrapper.handle(HandlerWrapper.java:113)
	at org.eclipse.jetty.server.handler.HandlerWrapper.handle(HandlerWrapper.java:113)
	at org.eclipse.jetty.server.handler.HandlerWrapper.handle(HandlerWrapper.java:113)
	at org.eclipse.jetty.server.handler.HandlerWrapper.handle(HandlerWrapper.java:113)
	at org.eclipse.jetty.server.handler.HandlerWrapper.handle(HandlerWrapper.java:113)
	at org.eclipse.jetty.server.handler.HandlerWrapper.handle(HandlerWrapper.java:113)
	at org.eclipse.jetty.server.handler.HandlerWrapper.handle(HandlerWrapper.java:113)
	at org.eclipse.jetty.server.handler.HandlerWrapper.handle(HandlerWrapper.java:113)
	at org.eclipse.jetty.server.handler.HandlerWrapper.handle(HandlerWrapper.java:113)
	at org.eclipse.jetty.server.handler.HandlerWrapper.handle(HandlerWrapper.java:113)
	at org.eclipse.jetty.server.handler.HandlerWrapper.handle(HandlerWrapper.java:113)
	at org.eclipse.jetty.server.handler.HandlerWrapper.handle(HandlerWrapper.java:113)
	at org.eclipse.jetty.server.handler.HandlerWrapper.handle(HandlerWrapper.java:113)
	at org.eclipse.jetty.server.handler.HandlerWrapper.handle(HandlerWrapper.java:113)
	at org.eclipse.jetty.server.handler.HandlerWrapper.handle(HandlerWrapper.java:113)
	at org.eclipse.jetty.server.handler.HandlerWrapper.handle(HandlerWrapper.java:113)
	at org.eclipse.jetty.server.handler.HandlerWrapper.handle(HandlerWrapper.java:113)
	at org.eclipse.jetty.server.handler.HandlerWrapper.handle(HandlerWrapper.java:113)
	at org.eclipse.jetty.server.handler.HandlerWrapper.handle(HandlerWrapper.java:113)
	at org.eclipse.jetty.server.handler.HandlerWrapper.handle(HandlerWrapper.java:113)
	at org.eclipse.jetty.server.handler.HandlerWrapper.handle(HandlerWrapper.java:113)
	at org.eclipse.jetty.server.handler.HandlerWrapper.handle(HandlerWrapper.java:113)
	at org.eclipse.jetty.server.handler.HandlerWrapper.handle(HandlerWrapper.java:113)
	at org.eclipse.jetty.server.handler.HandlerWrapper.handle(HandlerWrapper.java:113)
	at org.eclipse.jetty.server.handler.HandlerWrapper.handle(HandlerWrapper.java:113)
	at org.eclipse.jetty.server.handler.HandlerWrapper.handle(HandlerWrapper.java:113)
	at org.eclipse.jetty.server.handler.HandlerWrapper.handle(HandlerWrapper.java:113)
	at org.eclipse.jetty.server.handler.HandlerWrapper.handle(HandlerWrapper.java:113)
	at org.eclipse.jetty.server.handler.HandlerWrapper.handle(HandlerWrapper.java:113)
	at org.eclipse.jetty.server.handler.HandlerWrapper.handle(HandlerWrapper.java:113)
	at org.eclipse.jetty.server.handler.HandlerWrapper.handle(HandlerWrapper.java:113)
	at org.eclipse.jetty.server.handler.HandlerWrapper.handle(HandlerWrapper.java:113)
	at org.eclipse.jetty.server.handler.HandlerWrapper.handle(HandlerWrapper.java:113)
	at org.eclipse.jetty.server.handler.HandlerWrapper.handle(HandlerWrapper.java:113)
	at org.eclipse.jetty.server.handler.HandlerWrapper.handle(HandlerWrapper.java:113)
	at org.eclipse.jetty.server.handler.HandlerWrapper.handle(HandlerWrapper.java:113)
	at org.eclipse.jetty.server.handler.HandlerWrapper.handle(HandlerWrapper.java:113)
	at org.eclipse.jetty.server.handler.HandlerWrapper.handle(HandlerWrapper.java:113)
	at org.eclipse.jetty.server.handler.HandlerWrapper.handle(HandlerWrapper.java:113)
	at org.eclipse.jetty.server.handler.HandlerWrapper.handle(HandlerWrapper.java:113)
	at org.eclipse.jetty.server.handler.HandlerWrapper.handle(HandlerWrapper.java:113)
	at org.eclipse.jetty.server.handler.HandlerWrapper.handle(HandlerWrapper.java:113)
	at org.eclipse.jetty.server.handler.HandlerWrapper.handle(HandlerWrapper.java:113)
	at org.eclipse.jetty.server.handler.HandlerWrapper.handle(HandlerWrapper.java:113)
	at org.eclipse.jetty.server.handler.HandlerWrapper.handle(HandlerWrapper.java:113)
	at org.eclipse.jetty.server.handler.HandlerWrapper.handle(HandlerWrapper.java:113)
	at org.eclipse.jetty.server.handler.HandlerWrapper.handle(HandlerWrapper.java:113)
	at org.eclipse.jetty.server.handler.HandlerWrapper.handle(HandlerWrapper.java:113)
	at org.eclipse.jetty.server.handler.HandlerWrapper.handle(HandlerWrapper.java:113)
	at org.eclipse.jetty.server.handler.HandlerWrapper.handle(HandlerWrapper.java:113)
	at org.eclipse.jetty.server.handler.HandlerWrapper.handle(HandlerWrapper.java:113)
	at org.eclipse.jetty.server.handler.HandlerWrapper.handle(HandlerWrapper.java:113)
	at org.eclipse.jetty.server.handler.HandlerWrapper.handle(HandlerWrapper.java:113)
	at org.eclipse.jetty.server.handler.HandlerWrapper.handle(HandlerWrapper.java:113)
	at org.eclipse.jetty.server.handler.HandlerWrapper.handle(HandlerWrapper.java:113)
	at org.eclipse.jetty.server.handler.HandlerWrapper.handle(HandlerWrapper.java:113)
	at org.eclipse.jetty.server.handler.HandlerWrapper.handle(HandlerWrapper.java:113)
	at org.eclipse.jetty.server.handler.HandlerWrapper.handle(HandlerWrapper.java:113)
	at org.eclipse.jetty.server.handler.HandlerWrapper.handle(HandlerWrapper.java:113)
	at org.eclipse.jetty.server.handler.HandlerWrapper.handle(HandlerWrapper.java:113)
	at org.eclipse.jetty.server.handler.HandlerWrapper.handle(HandlerWrapper.java:113)
	at org.eclipse.jetty.server.handler.HandlerWrapper.handle(HandlerWrapper.java:113)
	at org.eclipse.jetty.server.handler.HandlerWrapper.handle(HandlerWrapper.java:113)
	at org.eclipse.jetty.server.handler.HandlerWrapper.handle(HandlerWrapper.java:113)
	at org.eclipse.jetty.server.handler.HandlerWrapper.handle(HandlerWrapper.java:113)
	at org.eclipse.jetty.server.handler.HandlerWrapper.handle(HandlerWrapper.java:113)
	at org.eclipse.jetty.server.handler.HandlerWrapper.handle(HandlerWrapper.java:113)
	at org.eclipse.jetty.server.handler.HandlerWrapper.handle(HandlerWrapper.java:113)
	at org.eclipse.jetty.server.handler.HandlerWrapper.handle(HandlerWrapper.java:113)
	at org.eclipse.jetty.server.handler.HandlerWrapper.handle(HandlerWrapper.java:113)
	at org.eclipse.jetty.server.handler.HandlerWrapper.handle(HandlerWrapper.java:113)
	at org.eclipse.jetty.server.handler.HandlerWrapper.handle(HandlerWrapper.java:113)
	at org.eclipse.jetty.server.handler.HandlerWrapper.handle(HandlerWrapper.java:113)
	at org.eclipse.jetty.server.handler.HandlerWrapper.handle(HandlerWrapper.java:113)
	at org.eclipse.jetty.server.handler.HandlerWrapper.handle(HandlerWrapper.java:113)
	at org.eclipse.jetty.server.handler.HandlerWrapper.handle(HandlerWrapper.java:113)
	at org.eclipse.jetty.server.handler.HandlerWrapper.handle(HandlerWrapper.java:113)
	at org.eclipse.jetty.server.handler.HandlerWrapper.handle(HandlerWrapper.java:113)
	at org.eclipse.jetty.server.handler.HandlerWrapper.handle(HandlerWrapper.java:113)
	at org.eclipse.jetty.server.handler.HandlerWrapper.handle(HandlerWrapper.java:113)
	at org.eclipse.jetty.server.handler.HandlerWrapper.handle(HandlerWrapper.java:113)
	at org.eclipse.jetty.server.handler.HandlerWrapper.handle(HandlerWrapper.java:113)
	at org.eclipse.jetty.server.handler.HandlerWrapper.handle(HandlerWrapper.java:113)
	at org.eclipse.jetty.server.handler.HandlerWrapper.handle(HandlerWrapper.java:113)
	at org.eclipse.jetty.server.handler.HandlerWrapper.handle(HandlerWrapper.java:113)
	at org.eclipse.jetty.server.handler.HandlerWrapper.handle(HandlerWrapper.java:113)
	at org.eclipse.jetty.server.handler.HandlerWrapper.handle(HandlerWrapper.java:113)
	at org.eclipse.jetty.server.handler.HandlerWrapper.handle(HandlerWrapper.java:113)
	at org.eclipse.jetty.server.handler.HandlerWrapper.handle(HandlerWrapper.java:113)
	at org.eclipse.jetty.server.handler.HandlerWrapper.handle(HandlerWrapper.java:113)
	at org.eclipse.jetty.server.handler.HandlerWrapper.handle(HandlerWrapper.java:113)
	at org.eclipse.jetty.server.handler.HandlerWrapper.handle(HandlerWrapper.java:113)
	at org.eclipse.jetty.server.handler.HandlerWrapper.handle(HandlerWrapper.java:113)
	at org.eclipse.jetty.server.handler.HandlerWrapper.handle(HandlerWrapper.java:113)
	at org.eclipse.jetty.server.handler.HandlerWrapper.handle(HandlerWrapper.java:113)
	at org.eclipse.jetty.server.handler.HandlerWrapper.handle(HandlerWrapper.java:113)
	at org.eclipse.jetty.server.handler.HandlerWrapper.handle(HandlerWrapper.java:113)
	at org.eclipse.jetty.server.handler.HandlerWrapper.handle(HandlerWrapper.java:113)
	at org.eclipse.jetty.server.handler.HandlerWrapper.handle(HandlerWrapper.java:113)
	at org.eclipse.jetty.server.handler.HandlerWrapper.handle(HandlerWrapper.java:113)
	at org.eclipse.jetty.server.handler.HandlerWrapper.handle(HandlerWrapper.java:113)
	at org.eclipse.jetty.server.handler.HandlerWrapper.handle(HandlerWrapper.java:113)
	at org.eclipse.jetty.server.handler.HandlerWrapper.handle(HandlerWrapper.java:113)
15-04-12 20:54:20 WARN  HttpChannel qtp990416209-15 - //localhost:8080/
java.lang.StackOverflowError
	at org.eclipse.jetty.server.handler.HandlerWrapper.handle(HandlerWrapper.java:113)
	at org.eclipse.jetty.server.handler.HandlerWrapper.handle(HandlerWrapper.java:113)
	at org.eclipse.jetty.server.handler.HandlerWrapper.handle(HandlerWrapper.java:113)
	at org.eclipse.jetty.server.handler.HandlerWrapper.handle(HandlerWrapper.java:113)
	at org.eclipse.jetty.server.handler.HandlerWrapper.handle(HandlerWrapper.java:113)
	at org.eclipse.jetty.server.handler.HandlerWrapper.handle(HandlerWrapper.java:113)
	at org.eclipse.jetty.server.handler.HandlerWrapper.handle(HandlerWrapper.java:113)
	at org.eclipse.jetty.server.handler.HandlerWrapper.handle(HandlerWrapper.java:113)
	at org.eclipse.jetty.server.handler.HandlerWrapper.handle(HandlerWrapper.java:113)
	at org.eclipse.jetty.server.handler.HandlerWrapper.handle(HandlerWrapper.java:113)
	at org.eclipse.jetty.server.handler.HandlerWrapper.handle(HandlerWrapper.java:113)
	at org.eclipse.jetty.server.handler.HandlerWrapper.handle(HandlerWrapper.java:113)
	at org.eclipse.jetty.server.handler.HandlerWrapper.handle(HandlerWrapper.java:113)
	at org.eclipse.jetty.server.handler.HandlerWrapper.handle(HandlerWrapper.java:113)
	at org.eclipse.jetty.server.handler.HandlerWrapper.handle(HandlerWrapper.java:113)
	at org.eclipse.jetty.server.handler.HandlerWrapper.handle(HandlerWrapper.java:113)
	at org.eclipse.jetty.server.handler.HandlerWrapper.handle(HandlerWrapper.java:113)
	at org.eclipse.jetty.server.handler.HandlerWrapper.handle(HandlerWrapper.java:113)
	at org.eclipse.jetty.server.handler.HandlerWrapper.handle(HandlerWrapper.java:113)
	at org.eclipse.jetty.server.handler.HandlerWrapper.handle(HandlerWrapper.java:113)
	at org.eclipse.jetty.server.handler.HandlerWrapper.handle(HandlerWrapper.java:113)
	at org.eclipse.jetty.server.handler.HandlerWrapper.handle(HandlerWrapper.java:113)
	at org.eclipse.jetty.server.handler.HandlerWrapper.handle(HandlerWrapper.java:113)
	at org.eclipse.jetty.server.handler.HandlerWrapper.handle(HandlerWrapper.java:113)
	at org.eclipse.jetty.server.handler.HandlerWrapper.handle(HandlerWrapper.java:113)
	at org.eclipse.jetty.server.handler.HandlerWrapper.handle(HandlerWrapper.java:113)
	at org.eclipse.jetty.server.handler.HandlerWrapper.handle(HandlerWrapper.java:113)
	at org.eclipse.jetty.server.handler.HandlerWrapper.handle(HandlerWrapper.java:113)
	at org.eclipse.jetty.server.handler.HandlerWrapper.handle(HandlerWrapper.java:113)
	at org.eclipse.jetty.server.handler.HandlerWrapper.handle(HandlerWrapper.java:113)
	at org.eclipse.jetty.server.handler.HandlerWrapper.handle(HandlerWrapper.java:113)
	at org.eclipse.jetty.server.handler.HandlerWrapper.handle(HandlerWrapper.java:113)
	at org.eclipse.jetty.server.handler.HandlerWrapper.handle(HandlerWrapper.java:113)
	at org.eclipse.jetty.server.handler.HandlerWrapper.handle(HandlerWrapper.java:113)
	at org.eclipse.jetty.server.handler.HandlerWrapper.handle(HandlerWrapper.java:113)
	at org.eclipse.jetty.server.handler.HandlerWrapper.handle(HandlerWrapper.java:113)
	at org.eclipse.jetty.server.handler.HandlerWrapper.handle(HandlerWrapper.java:113)
	at org.eclipse.jetty.server.handler.HandlerWrapper.handle(HandlerWrapper.java:113)
	at org.eclipse.jetty.server.handler.HandlerWrapper.handle(HandlerWrapper.java:113)
	at org.eclipse.jetty.server.handler.HandlerWrapper.handle(HandlerWrapper.java:113)
	at org.eclipse.jetty.server.handler.HandlerWrapper.handle(HandlerWrapper.java:113)
	at org.eclipse.jetty.server.handler.HandlerWrapper.handle(HandlerWrapper.java:113)
	at org.eclipse.jetty.server.handler.HandlerWrapper.handle(HandlerWrapper.java:113)
	at org.eclipse.jetty.server.handler.HandlerWrapper.handle(HandlerWrapper.java:113)
	at org.eclipse.jetty.server.handler.HandlerWrapper.handle(HandlerWrapper.java:113)
	at org.eclipse.jetty.server.handler.HandlerWrapper.handle(HandlerWrapper.java:113)
	at org.eclipse.jetty.server.handler.HandlerWrapper.handle(HandlerWrapper.java:113)
	at org.eclipse.jetty.server.handler.HandlerWrapper.handle(HandlerWrapper.java:113)
	at org.eclipse.jetty.server.handler.HandlerWrapper.handle(HandlerWrapper.java:113)
	at org.eclipse.jetty.server.handler.HandlerWrapper.handle(HandlerWrapper.java:113)
	at org.eclipse.jetty.server.handler.HandlerWrapper.handle(HandlerWrapper.java:113)
	at org.eclipse.jetty.server.handler.HandlerWrapper.handle(HandlerWrapper.java:113)
	at org.eclipse.jetty.server.handler.HandlerWrapper.handle(HandlerWrapper.java:113)
	at org.eclipse.jetty.server.handler.HandlerWrapper.handle(HandlerWrapper.java:113)
	at org.eclipse.jetty.server.handler.HandlerWrapper.handle(HandlerWrapper.java:113)
	at org.eclipse.jetty.server.handler.HandlerWrapper.handle(HandlerWrapper.java:113)
	at org.eclipse.jetty.server.handler.HandlerWrapper.handle(HandlerWrapper.java:113)
	at org.eclipse.jetty.server.handler.HandlerWrapper.handle(HandlerWrapper.java:113)
	at org.eclipse.jetty.server.handler.HandlerWrapper.handle(HandlerWrapper.java:113)
	at org.eclipse.jetty.server.handler.HandlerWrapper.handle(HandlerWrapper.java:113)
	at org.eclipse.jetty.server.handler.HandlerWrapper.handle(HandlerWrapper.java:113)
	at org.eclipse.jetty.server.handler.HandlerWrapper.handle(HandlerWrapper.java:113)
	at org.eclipse.jetty.server.handler.HandlerWrapper.handle(HandlerWrapper.java:113)
	at org.eclipse.jetty.server.handler.HandlerWrapper.handle(HandlerWrapper.java:113)
	at org.eclipse.jetty.server.handler.HandlerWrapper.handle(HandlerWrapper.java:113)
	at org.eclipse.jetty.server.handler.HandlerWrapper.handle(HandlerWrapper.java:113)
	at org.eclipse.jetty.server.handler.HandlerWrapper.handle(HandlerWrapper.java:113)
	at org.eclipse.jetty.server.handler.HandlerWrapper.handle(HandlerWrapper.java:113)
	at org.eclipse.jetty.server.handler.HandlerWrapper.handle(HandlerWrapper.java:113)
	at org.eclipse.jetty.server.handler.HandlerWrapper.handle(HandlerWrapper.java:113)
	at org.eclipse.jetty.server.handler.HandlerWrapper.handle(HandlerWrapper.java:113)
	at org.eclipse.jetty.server.handler.HandlerWrapper.handle(HandlerWrapper.java:113)
	at org.eclipse.jetty.server.handler.HandlerWrapper.handle(HandlerWrapper.java:113)
	at org.eclipse.jetty.server.handler.HandlerWrapper.handle(HandlerWrapper.java:113)
	at org.eclipse.jetty.server.handler.HandlerWrapper.handle(HandlerWrapper.java:113)
	at org.eclipse.jetty.server.handler.HandlerWrapper.handle(HandlerWrapper.java:113)
	at org.eclipse.jetty.server.handler.HandlerWrapper.handle(HandlerWrapper.java:113)
	at org.eclipse.jetty.server.handler.HandlerWrapper.handle(HandlerWrapper.java:113)
	at org.eclipse.jetty.server.handler.HandlerWrapper.handle(HandlerWrapper.java:113)
	at org.eclipse.jetty.server.handler.HandlerWrapper.handle(HandlerWrapper.java:113)
	at org.eclipse.jetty.server.handler.HandlerWrapper.handle(HandlerWrapper.java:113)
	at org.eclipse.jetty.server.handler.HandlerWrapper.handle(HandlerWrapper.java:113)
	at org.eclipse.jetty.server.handler.HandlerWrapper.handle(HandlerWrapper.java:113)
	at org.eclipse.jetty.server.handler.HandlerWrapper.handle(HandlerWrapper.java:113)
	at org.eclipse.jetty.server.handler.HandlerWrapper.handle(HandlerWrapper.java:113)
	at org.eclipse.jetty.server.handler.HandlerWrapper.handle(HandlerWrapper.java:113)
	at org.eclipse.jetty.server.handler.HandlerWrapper.handle(HandlerWrapper.java:113)
	at org.eclipse.jetty.server.handler.HandlerWrapper.handle(HandlerWrapper.java:113)
	at org.eclipse.jetty.server.handler.HandlerWrapper.handle(HandlerWrapper.java:113)
	at org.eclipse.jetty.server.handler.HandlerWrapper.handle(HandlerWrapper.java:113)
	at org.eclipse.jetty.server.handler.HandlerWrapper.handle(HandlerWrapper.java:113)
	at org.eclipse.jetty.server.handler.HandlerWrapper.handle(HandlerWrapper.java:113)
	at org.eclipse.jetty.server.handler.HandlerWrapper.handle(HandlerWrapper.java:113)
	at org.eclipse.jetty.server.handler.HandlerWrapper.handle(HandlerWrapper.java:113)
	at org.eclipse.jetty.server.handler.HandlerWrapper.handle(HandlerWrapper.java:113)
	at org.eclipse.jetty.server.handler.HandlerWrapper.handle(HandlerWrapper.java:113)
	at org.eclipse.jetty.server.handler.HandlerWrapper.handle(HandlerWrapper.java:113)
	at org.eclipse.jetty.server.handler.HandlerWrapper.handle(HandlerWrapper.java:113)
	at org.eclipse.jetty.server.handler.HandlerWrapper.handle(HandlerWrapper.java:113)
	at org.eclipse.jetty.server.handler.HandlerWrapper.handle(HandlerWrapper.java:113)
	at org.eclipse.jetty.server.handler.HandlerWrapper.handle(HandlerWrapper.java:113)
	at org.eclipse.jetty.server.handler.HandlerWrapper.handle(HandlerWrapper.java:113)
	at org.eclipse.jetty.server.handler.HandlerWrapper.handle(HandlerWrapper.java:113)
	at org.eclipse.jetty.server.handler.HandlerWrapper.handle(HandlerWrapper.java:113)
	at org.eclipse.jetty.server.handler.HandlerWrapper.handle(HandlerWrapper.java:113)
	at org.eclipse.jetty.server.handler.HandlerWrapper.handle(HandlerWrapper.java:113)
	at org.eclipse.jetty.server.handler.HandlerWrapper.handle(HandlerWrapper.java:113)
	at org.eclipse.jetty.server.handler.HandlerWrapper.handle(HandlerWrapper.java:113)
	at org.eclipse.jetty.server.handler.HandlerWrapper.handle(HandlerWrapper.java:113)
	at org.eclipse.jetty.server.handler.HandlerWrapper.handle(HandlerWrapper.java:113)
	at org.eclipse.jetty.server.handler.HandlerWrapper.handle(HandlerWrapper.java:113)
	at org.eclipse.jetty.server.handler.HandlerWrapper.handle(HandlerWrapper.java:113)
	at org.eclipse.jetty.server.handler.HandlerWrapper.handle(HandlerWrapper.java:113)
	at org.eclipse.jetty.server.handler.HandlerWrapper.handle(HandlerWrapper.java:113)
	at org.eclipse.jetty.server.handler.HandlerWrapper.handle(HandlerWrapper.java:113)
	at org.eclipse.jetty.server.handler.HandlerWrapper.handle(HandlerWrapper.java:113)
	at org.eclipse.jetty.server.handler.HandlerWrapper.handle(HandlerWrapper.java:113)
	at org.eclipse.jetty.server.handler.HandlerWrapper.handle(HandlerWrapper.java:113)
	at org.eclipse.jetty.server.handler.HandlerWrapper.handle(HandlerWrapper.java:113)
	at org.eclipse.jetty.server.handler.HandlerWrapper.handle(HandlerWrapper.java:113)
	at org.eclipse.jetty.server.handler.HandlerWrapper.handle(HandlerWrapper.java:113)
	at org.eclipse.jetty.server.handler.HandlerWrapper.handle(HandlerWrapper.java:113)
	at org.eclipse.jetty.server.handler.HandlerWrapper.handle(HandlerWrapper.java:113)
	at org.eclipse.jetty.server.handler.HandlerWrapper.handle(HandlerWrapper.java:113)
	at org.eclipse.jetty.server.handler.HandlerWrapper.handle(HandlerWrapper.java:113)
	at org.eclipse.jetty.server.handler.HandlerWrapper.handle(HandlerWrapper.java:113)
	at org.eclipse.jetty.server.handler.HandlerWrapper.handle(HandlerWrapper.java:113)
	at org.eclipse.jetty.server.handler.HandlerWrapper.handle(HandlerWrapper.java:113)
	at org.eclipse.jetty.server.handler.HandlerWrapper.handle(HandlerWrapper.java:113)
	at org.eclipse.jetty.server.handler.HandlerWrapper.handle(HandlerWrapper.java:113)
	at org.eclipse.jetty.server.handler.HandlerWrapper.handle(HandlerWrapper.java:113)
	at org.eclipse.jetty.server.handler.HandlerWrapper.handle(HandlerWrapper.java:113)
	at org.eclipse.jetty.server.handler.HandlerWrapper.handle(HandlerWrapper.java:113)
	at org.eclipse.jetty.server.handler.HandlerWrapper.handle(HandlerWrapper.java:113)
	at org.eclipse.jetty.server.handler.HandlerWrapper.handle(HandlerWrapper.java:113)
	at org.eclipse.jetty.server.handler.HandlerWrapper.handle(HandlerWrapper.java:113)
	at org.eclipse.jetty.server.handler.HandlerWrapper.handle(HandlerWrapper.java:113)
	at org.eclipse.jetty.server.handler.HandlerWrapper.handle(HandlerWrapper.java:113)
	at org.eclipse.jetty.server.handler.HandlerWrapper.handle(HandlerWrapper.java:113)
	at org.eclipse.jetty.server.handler.HandlerWrapper.handle(HandlerWrapper.java:113)
	at org.eclipse.jetty.server.handler.HandlerWrapper.handle(HandlerWrapper.java:113)
	at org.eclipse.jetty.server.handler.HandlerWrapper.handle(HandlerWrapper.java:113)
	at org.eclipse.jetty.server.handler.HandlerWrapper.handle(HandlerWrapper.java:113)
	at org.eclipse.jetty.server.handler.HandlerWrapper.handle(HandlerWrapper.java:113)
	at org.eclipse.jetty.server.handler.HandlerWrapper.handle(HandlerWrapper.java:113)
	at org.eclipse.jetty.server.handler.HandlerWrapper.handle(HandlerWrapper.java:113)
	at org.eclipse.jetty.server.handler.HandlerWrapper.handle(HandlerWrapper.java:113)
	at org.eclipse.jetty.server.handler.HandlerWrapper.handle(HandlerWrapper.java:113)
	at org.eclipse.jetty.server.handler.HandlerWrapper.handle(HandlerWrapper.java:113)
	at org.eclipse.jetty.server.handler.HandlerWrapper.handle(HandlerWrapper.java:113)
	at org.eclipse.jetty.server.handler.HandlerWrapper.handle(HandlerWrapper.java:113)
	at org.eclipse.jetty.server.handler.HandlerWrapper.handle(HandlerWrapper.java:113)
	at org.eclipse.jetty.server.handler.HandlerWrapper.handle(HandlerWrapper.java:113)
	at org.eclipse.jetty.server.handler.HandlerWrapper.handle(HandlerWrapper.java:113)
	at org.eclipse.jetty.server.handler.HandlerWrapper.handle(HandlerWrapper.java:113)
	at org.eclipse.jetty.server.handler.HandlerWrapper.handle(HandlerWrapper.java:113)
	at org.eclipse.jetty.server.handler.HandlerWrapper.handle(HandlerWrapper.java:113)
	at org.eclipse.jetty.server.handler.HandlerWrapper.handle(HandlerWrapper.java:113)
	at org.eclipse.jetty.server.handler.HandlerWrapper.handle(HandlerWrapper.java:113)
	at org.eclipse.jetty.server.handler.HandlerWrapper.handle(HandlerWrapper.java:113)
	at org.eclipse.jetty.server.handler.HandlerWrapper.handle(HandlerWrapper.java:113)
	at org.eclipse.jetty.server.handler.HandlerWrapper.handle(HandlerWrapper.java:113)
	at org.eclipse.jetty.server.handler.HandlerWrapper.handle(HandlerWrapper.java:113)
	at org.eclipse.jetty.server.handler.HandlerWrapper.handle(HandlerWrapper.java:113)
	at org.eclipse.jetty.server.handler.HandlerWrapper.handle(HandlerWrapper.java:113)
	at org.eclipse.jetty.server.handler.HandlerWrapper.handle(HandlerWrapper.java:113)
	at org.eclipse.jetty.server.handler.HandlerWrapper.handle(HandlerWrapper.java:113)
	at org.eclipse.jetty.server.handler.HandlerWrapper.handle(HandlerWrapper.java:113)
	at org.eclipse.jetty.server.handler.HandlerWrapper.handle(HandlerWrapper.java:113)
	at org.eclipse.jetty.server.handler.HandlerWrapper.handle(HandlerWrapper.java:113)
	at org.eclipse.jetty.server.handler.HandlerWrapper.handle(HandlerWrapper.java:113)
	at org.eclipse.jetty.server.handler.HandlerWrapper.handle(HandlerWrapper.java:113)
	at org.eclipse.jetty.server.handler.HandlerWrapper.handle(HandlerWrapper.java:113)
	at org.eclipse.jetty.server.handler.HandlerWrapper.handle(HandlerWrapper.java:113)
	at org.eclipse.jetty.server.handler.HandlerWrapper.handle(HandlerWrapper.java:113)
	at org.eclipse.jetty.server.handler.HandlerWrapper.handle(HandlerWrapper.java:113)
	at org.eclipse.jetty.server.handler.HandlerWrapper.handle(HandlerWrapper.java:113)
	at org.eclipse.jetty.server.handler.HandlerWrapper.handle(HandlerWrapper.java:113)
	at org.eclipse.jetty.server.handler.HandlerWrapper.handle(HandlerWrapper.java:113)
	at org.eclipse.jetty.server.handler.HandlerWrapper.handle(HandlerWrapper.java:113)
	at org.eclipse.jetty.server.handler.HandlerWrapper.handle(HandlerWrapper.java:113)
	at org.eclipse.jetty.server.handler.HandlerWrapper.handle(HandlerWrapper.java:113)
	at org.eclipse.jetty.server.handler.HandlerWrapper.handle(HandlerWrapper.java:113)
	at org.eclipse.jetty.server.handler.HandlerWrapper.handle(HandlerWrapper.java:113)
	at org.eclipse.jetty.server.handler.HandlerWrapper.handle(HandlerWrapper.java:113)
	at org.eclipse.jetty.server.handler.HandlerWrapper.handle(HandlerWrapper.java:113)
	at org.eclipse.jetty.server.handler.HandlerWrapper.handle(HandlerWrapper.java:113)
	at org.eclipse.jetty.server.handler.HandlerWrapper.handle(HandlerWrapper.java:113)
	at org.eclipse.jetty.server.handler.HandlerWrapper.handle(HandlerWrapper.java:113)
	at org.eclipse.jetty.server.handler.HandlerWrapper.handle(HandlerWrapper.java:113)
	at org.eclipse.jetty.server.handler.HandlerWrapper.handle(HandlerWrapper.java:113)
	at org.eclipse.jetty.server.handler.HandlerWrapper.handle(HandlerWrapper.java:113)
	at org.eclipse.jetty.server.handler.HandlerWrapper.handle(HandlerWrapper.java:113)
	at org.eclipse.jetty.server.handler.HandlerWrapper.handle(HandlerWrapper.java:113)
	at org.eclipse.jetty.server.handler.HandlerWrapper.handle(HandlerWrapper.java:113)
	at org.eclipse.jetty.server.handler.HandlerWrapper.handle(HandlerWrapper.java:113)
	at org.eclipse.jetty.server.handler.HandlerWrapper.handle(HandlerWrapper.java:113)
	at org.eclipse.jetty.server.handler.HandlerWrapper.handle(HandlerWrapper.java:113)
	at org.eclipse.jetty.server.handler.HandlerWrapper.handle(HandlerWrapper.java:113)
	at org.eclipse.jetty.server.handler.HandlerWrapper.handle(HandlerWrapper.java:113)
	at org.eclipse.jetty.server.handler.HandlerWrapper.handle(HandlerWrapper.java:113)
	at org.eclipse.jetty.server.handler.HandlerWrapper.handle(HandlerWrapper.java:113)
	at org.eclipse.jetty.server.handler.HandlerWrapper.handle(HandlerWrapper.java:113)
	at org.eclipse.jetty.server.handler.HandlerWrapper.handle(HandlerWrapper.java:113)
	at org.eclipse.jetty.server.handler.HandlerWrapper.handle(HandlerWrapper.java:113)
	at org.eclipse.jetty.server.handler.HandlerWrapper.handle(HandlerWrapper.java:113)
	at org.eclipse.jetty.server.handler.HandlerWrapper.handle(HandlerWrapper.java:113)
	at org.eclipse.jetty.server.handler.HandlerWrapper.handle(HandlerWrapper.java:113)
	at org.eclipse.jetty.server.handler.HandlerWrapper.handle(HandlerWrapper.java:113)
	at org.eclipse.jetty.server.handler.HandlerWrapper.handle(HandlerWrapper.java:113)
	at org.eclipse.jetty.server.handler.HandlerWrapper.handle(HandlerWrapper.java:113)
	at org.eclipse.jetty.server.handler.HandlerWrapper.handle(HandlerWrapper.java:113)
	at org.eclipse.jetty.server.handler.HandlerWrapper.handle(HandlerWrapper.java:113)
	at org.eclipse.jetty.server.handler.HandlerWrapper.handle(HandlerWrapper.java:113)
	at org.eclipse.jetty.server.handler.HandlerWrapper.handle(HandlerWrapper.java:113)
	at org.eclipse.jetty.server.handler.HandlerWrapper.handle(HandlerWrapper.java:113)
	at org.eclipse.jetty.server.handler.HandlerWrapper.handle(HandlerWrapper.java:113)
	at org.eclipse.jetty.server.handler.HandlerWrapper.handle(HandlerWrapper.java:113)
	at org.eclipse.jetty.server.handler.HandlerWrapper.handle(HandlerWrapper.java:113)
	at org.eclipse.jetty.server.handler.HandlerWrapper.handle(HandlerWrapper.java:113)
	at org.eclipse.jetty.server.handler.HandlerWrapper.handle(HandlerWrapper.java:113)
	at org.eclipse.jetty.server.handler.HandlerWrapper.handle(HandlerWrapper.java:113)
	at org.eclipse.jetty.server.handler.HandlerWrapper.handle(HandlerWrapper.java:113)
	at org.eclipse.jetty.server.handler.HandlerWrapper.handle(HandlerWrapper.java:113)
	at org.eclipse.jetty.server.handler.HandlerWrapper.handle(HandlerWrapper.java:113)
	at org.eclipse.jetty.server.handler.HandlerWrapper.handle(HandlerWrapper.java:113)
	at org.eclipse.jetty.server.handler.HandlerWrapper.handle(HandlerWrapper.java:113)
	at org.eclipse.jetty.server.handler.HandlerWrapper.handle(HandlerWrapper.java:113)
	at org.eclipse.jetty.server.handler.HandlerWrapper.handle(HandlerWrapper.java:113)
	at org.eclipse.jetty.server.handler.HandlerWrapper.handle(HandlerWrapper.java:113)
	at org.eclipse.jetty.server.handler.HandlerWrapper.handle(HandlerWrapper.java:113)
	at org.eclipse.jetty.server.handler.HandlerWrapper.handle(HandlerWrapper.java:113)
	at org.eclipse.jetty.server.handler.HandlerWrapper.handle(HandlerWrapper.java:113)
	at org.eclipse.jetty.server.handler.HandlerWrapper.handle(HandlerWrapper.java:113)
	at org.eclipse.jetty.server.handler.HandlerWrapper.handle(HandlerWrapper.java:113)
	at org.eclipse.jetty.server.handler.HandlerWrapper.handle(HandlerWrapper.java:113)
	at org.eclipse.jetty.server.handler.HandlerWrapper.handle(HandlerWrapper.java:113)
	at org.eclipse.jetty.server.handler.HandlerWrapper.handle(HandlerWrapper.java:113)
	at org.eclipse.jetty.server.handler.HandlerWrapper.handle(HandlerWrapper.java:113)
	at org.eclipse.jetty.server.handler.HandlerWrapper.handle(HandlerWrapper.java:113)
	at org.eclipse.jetty.server.handler.HandlerWrapper.handle(HandlerWrapper.java:113)
	at org.eclipse.jetty.server.handler.HandlerWrapper.handle(HandlerWrapper.java:113)
	at org.eclipse.jetty.server.handler.HandlerWrapper.handle(HandlerWrapper.java:113)
	at org.eclipse.jetty.server.handler.HandlerWrapper.handle(HandlerWrapper.java:113)
	at org.eclipse.jetty.server.handler.HandlerWrapper.handle(HandlerWrapper.java:113)
	at org.eclipse.jetty.server.handler.HandlerWrapper.handle(HandlerWrapper.java:113)
	at org.eclipse.jetty.server.handler.HandlerWrapper.handle(HandlerWrapper.java:113)
	at org.eclipse.jetty.server.handler.HandlerWrapper.handle(HandlerWrapper.java:113)
	at org.eclipse.jetty.server.handler.HandlerWrapper.handle(HandlerWrapper.java:113)
	at org.eclipse.jetty.server.handler.HandlerWrapper.handle(HandlerWrapper.java:113)
	at org.eclipse.jetty.server.handler.HandlerWrapper.handle(HandlerWrapper.java:113)
	at org.eclipse.jetty.server.handler.HandlerWrapper.handle(HandlerWrapper.java:113)
	at org.eclipse.jetty.server.handler.HandlerWrapper.handle(HandlerWrapper.java:113)
	at org.eclipse.jetty.server.handler.HandlerWrapper.handle(HandlerWrapper.java:113)
	at org.eclipse.jetty.server.handler.HandlerWrapper.handle(HandlerWrapper.java:113)
	at org.eclipse.jetty.server.handler.HandlerWrapper.handle(HandlerWrapper.java:113)
	at org.eclipse.jetty.server.handler.HandlerWrapper.handle(HandlerWrapper.java:113)
	at org.eclipse.jetty.server.handler.HandlerWrapper.handle(HandlerWrapper.java:113)
	at org.eclipse.jetty.server.handler.HandlerWrapper.handle(HandlerWrapper.java:113)
	at org.eclipse.jetty.server.handler.HandlerWrapper.handle(HandlerWrapper.java:113)
	at org.eclipse.jetty.server.handler.HandlerWrapper.handle(HandlerWrapper.java:113)
	at org.eclipse.jetty.server.handler.HandlerWrapper.handle(HandlerWrapper.java:113)
	at org.eclipse.jetty.server.handler.HandlerWrapper.handle(HandlerWrapper.java:113)
	at org.eclipse.jetty.server.handler.HandlerWrapper.handle(HandlerWrapper.java:113)
	at org.eclipse.jetty.server.handler.HandlerWrapper.handle(HandlerWrapper.java:113)
	at org.eclipse.jetty.server.handler.HandlerWrapper.handle(HandlerWrapper.java:113)
	at org.eclipse.jetty.server.handler.HandlerWrapper.handle(HandlerWrapper.java:113)
	at org.eclipse.jetty.server.handler.HandlerWrapper.handle(HandlerWrapper.java:113)
	at org.eclipse.jetty.server.handler.HandlerWrapper.handle(HandlerWrapper.java:113)
	at org.eclipse.jetty.server.handler.HandlerWrapper.handle(HandlerWrapper.java:113)
	at org.eclipse.jetty.server.handler.HandlerWrapper.handle(HandlerWrapper.java:113)
	at org.eclipse.jetty.server.handler.HandlerWrapper.handle(HandlerWrapper.java:113)
	at org.eclipse.jetty.server.handler.HandlerWrapper.handle(HandlerWrapper.java:113)
	at org.eclipse.jetty.server.handler.HandlerWrapper.handle(HandlerWrapper.java:113)
	at org.eclipse.jetty.server.handler.HandlerWrapper.handle(HandlerWrapper.java:113)
	at org.eclipse.jetty.server.handler.HandlerWrapper.handle(HandlerWrapper.java:113)
	at org.eclipse.jetty.server.handler.HandlerWrapper.handle(HandlerWrapper.java:113)
	at org.eclipse.jetty.server.handler.HandlerWrapper.handle(HandlerWrapper.java:113)
	at org.eclipse.jetty.server.handler.HandlerWrapper.handle(HandlerWrapper.java:113)
	at org.eclipse.jetty.server.handler.HandlerWrapper.handle(HandlerWrapper.java:113)
	at org.eclipse.jetty.server.handler.HandlerWrapper.handle(HandlerWrapper.java:113)
	at org.eclipse.jetty.server.handler.HandlerWrapper.handle(HandlerWrapper.java:113)
	at org.eclipse.jetty.server.handler.HandlerWrapper.handle(HandlerWrapper.java:113)
	at org.eclipse.jetty.server.handler.HandlerWrapper.handle(HandlerWrapper.java:113)
	at org.eclipse.jetty.server.handler.HandlerWrapper.handle(HandlerWrapper.java:113)
	at org.eclipse.jetty.server.handler.HandlerWrapper.handle(HandlerWrapper.java:113)
	at org.eclipse.jetty.server.handler.HandlerWrapper.handle(HandlerWrapper.java:113)
	at org.eclipse.jetty.server.handler.HandlerWrapper.handle(HandlerWrapper.java:113)
	at org.eclipse.jetty.server.handler.HandlerWrapper.handle(HandlerWrapper.java:113)
	at org.eclipse.jetty.server.handler.HandlerWrapper.handle(HandlerWrapper.java:113)
	at org.eclipse.jetty.server.handler.HandlerWrapper.handle(HandlerWrapper.java:113)
	at org.eclipse.jetty.server.handler.HandlerWrapper.handle(HandlerWrapper.java:113)
	at org.eclipse.jetty.server.handler.HandlerWrapper.handle(HandlerWrapper.java:113)
	at org.eclipse.jetty.server.handler.HandlerWrapper.handle(HandlerWrapper.java:113)
	at org.eclipse.jetty.server.handler.HandlerWrapper.handle(HandlerWrapper.java:113)
	at org.eclipse.jetty.server.handler.HandlerWrapper.handle(HandlerWrapper.java:113)
	at org.eclipse.jetty.server.handler.HandlerWrapper.handle(HandlerWrapper.java:113)
	at org.eclipse.jetty.server.handler.HandlerWrapper.handle(HandlerWrapper.java:113)
	at org.eclipse.jetty.server.handler.HandlerWrapper.handle(HandlerWrapper.java:113)
	at org.eclipse.jetty.server.handler.HandlerWrapper.handle(HandlerWrapper.java:113)
	at org.eclipse.jetty.server.handler.HandlerWrapper.handle(HandlerWrapper.java:113)
	at org.eclipse.jetty.server.handler.HandlerWrapper.handle(HandlerWrapper.java:113)
	at org.eclipse.jetty.server.handler.HandlerWrapper.handle(HandlerWrapper.java:113)
	at org.eclipse.jetty.server.handler.HandlerWrapper.handle(HandlerWrapper.java:113)
	at org.eclipse.jetty.server.handler.HandlerWrapper.handle(HandlerWrapper.java:113)
	at org.eclipse.jetty.server.handler.HandlerWrapper.handle(HandlerWrapper.java:113)
	at org.eclipse.jetty.server.handler.HandlerWrapper.handle(HandlerWrapper.java:113)
	at org.eclipse.jetty.server.handler.HandlerWrapper.handle(HandlerWrapper.java:113)
	at org.eclipse.jetty.server.handler.HandlerWrapper.handle(HandlerWrapper.java:113)
	at org.eclipse.jetty.server.handler.HandlerWrapper.handle(HandlerWrapper.java:113)
	at org.eclipse.jetty.server.handler.HandlerWrapper.handle(HandlerWrapper.java:113)
	at org.eclipse.jetty.server.handler.HandlerWrapper.handle(HandlerWrapper.java:113)
	at org.eclipse.jetty.server.handler.HandlerWrapper.handle(HandlerWrapper.java:113)
	at org.eclipse.jetty.server.handler.HandlerWrapper.handle(HandlerWrapper.java:113)
	at org.eclipse.jetty.server.handler.HandlerWrapper.handle(HandlerWrapper.java:113)
	at org.eclipse.jetty.server.handler.HandlerWrapper.handle(HandlerWrapper.java:113)
	at org.eclipse.jetty.server.handler.HandlerWrapper.handle(HandlerWrapper.java:113)
	at org.eclipse.jetty.server.handler.HandlerWrapper.handle(HandlerWrapper.java:113)
	at org.eclipse.jetty.server.handler.HandlerWrapper.handle(HandlerWrapper.java:113)
	at org.eclipse.jetty.server.handler.HandlerWrapper.handle(HandlerWrapper.java:113)
	at org.eclipse.jetty.server.handler.HandlerWrapper.handle(HandlerWrapper.java:113)
	at org.eclipse.jetty.server.handler.HandlerWrapper.handle(HandlerWrapper.java:113)
	at org.eclipse.jetty.server.handler.HandlerWrapper.handle(HandlerWrapper.java:113)
	at org.eclipse.jetty.server.handler.HandlerWrapper.handle(HandlerWrapper.java:113)
	at org.eclipse.jetty.server.handler.HandlerWrapper.handle(HandlerWrapper.java:113)
	at org.eclipse.jetty.server.handler.HandlerWrapper.handle(HandlerWrapper.java:113)
	at org.eclipse.jetty.server.handler.HandlerWrapper.handle(HandlerWrapper.java:113)
	at org.eclipse.jetty.server.handler.HandlerWrapper.handle(HandlerWrapper.java:113)
	at org.eclipse.jetty.server.handler.HandlerWrapper.handle(HandlerWrapper.java:113)
	at org.eclipse.jetty.server.handler.HandlerWrapper.handle(HandlerWrapper.java:113)
	at org.eclipse.jetty.server.handler.HandlerWrapper.handle(HandlerWrapper.java:113)
	at org.eclipse.jetty.server.handler.HandlerWrapper.handle(HandlerWrapper.java:113)
	at org.eclipse.jetty.server.handler.HandlerWrapper.handle(HandlerWrapper.java:113)
	at org.eclipse.jetty.server.handler.HandlerWrapper.handle(HandlerWrapper.java:113)
	at org.eclipse.jetty.server.handler.HandlerWrapper.handle(HandlerWrapper.java:113)
	at org.eclipse.jetty.server.handler.HandlerWrapper.handle(HandlerWrapper.java:113)
	at org.eclipse.jetty.server.handler.HandlerWrapper.handle(HandlerWrapper.java:113)
	at org.eclipse.jetty.server.handler.HandlerWrapper.handle(HandlerWrapper.java:113)
	at org.eclipse.jetty.server.handler.HandlerWrapper.handle(HandlerWrapper.java:113)
	at org.eclipse.jetty.server.handler.HandlerWrapper.handle(HandlerWrapper.java:113)
	at org.eclipse.jetty.server.handler.HandlerWrapper.handle(HandlerWrapper.java:113)
	at org.eclipse.jetty.server.handler.HandlerWrapper.handle(HandlerWrapper.java:113)
	at org.eclipse.jetty.server.handler.HandlerWrapper.handle(HandlerWrapper.java:113)
	at org.eclipse.jetty.server.handler.HandlerWrapper.handle(HandlerWrapper.java:113)
	at org.eclipse.jetty.server.handler.HandlerWrapper.handle(HandlerWrapper.java:113)
	at org.eclipse.jetty.server.handler.HandlerWrapper.handle(HandlerWrapper.java:113)
	at org.eclipse.jetty.server.handler.HandlerWrapper.handle(HandlerWrapper.java:113)
	at org.eclipse.jetty.server.handler.HandlerWrapper.handle(HandlerWrapper.java:113)
	at org.eclipse.jetty.server.handler.HandlerWrapper.handle(HandlerWrapper.java:113)
	at org.eclipse.jetty.server.handler.HandlerWrapper.handle(HandlerWrapper.java:113)
	at org.eclipse.jetty.server.handler.HandlerWrapper.handle(HandlerWrapper.java:113)
	at org.eclipse.jetty.server.handler.HandlerWrapper.handle(HandlerWrapper.java:113)
	at org.eclipse.jetty.server.handler.HandlerWrapper.handle(HandlerWrapper.java:113)
	at org.eclipse.jetty.server.handler.HandlerWrapper.handle(HandlerWrapper.java:113)
	at org.eclipse.jetty.server.handler.HandlerWrapper.handle(HandlerWrapper.java:113)
	at org.eclipse.jetty.server.handler.HandlerWrapper.handle(HandlerWrapper.java:113)
	at org.eclipse.jetty.server.handler.HandlerWrapper.handle(HandlerWrapper.java:113)
	at org.eclipse.jetty.server.handler.HandlerWrapper.handle(HandlerWrapper.java:113)
	at org.eclipse.jetty.server.handler.HandlerWrapper.handle(HandlerWrapper.java:113)
	at org.eclipse.jetty.server.handler.HandlerWrapper.handle(HandlerWrapper.java:113)
	at org.eclipse.jetty.server.handler.HandlerWrapper.handle(HandlerWrapper.java:113)
	at org.eclipse.jetty.server.handler.HandlerWrapper.handle(HandlerWrapper.java:113)
	at org.eclipse.jetty.server.handler.HandlerWrapper.handle(HandlerWrapper.java:113)
	at org.eclipse.jetty.server.handler.HandlerWrapper.handle(HandlerWrapper.java:113)
	at org.eclipse.jetty.server.handler.HandlerWrapper.handle(HandlerWrapper.java:113)
	at org.eclipse.jetty.server.handler.HandlerWrapper.handle(HandlerWrapper.java:113)
	at org.eclipse.jetty.server.handler.HandlerWrapper.handle(HandlerWrapper.java:113)
	at org.eclipse.jetty.server.handler.HandlerWrapper.handle(HandlerWrapper.java:113)
	at org.eclipse.jetty.server.handler.HandlerWrapper.handle(HandlerWrapper.java:113)
	at org.eclipse.jetty.server.handler.HandlerWrapper.handle(HandlerWrapper.java:113)
	at org.eclipse.jetty.server.handler.HandlerWrapper.handle(HandlerWrapper.java:113)
	at org.eclipse.jetty.server.handler.HandlerWrapper.handle(HandlerWrapper.java:113)
	at org.eclipse.jetty.server.handler.HandlerWrapper.handle(HandlerWrapper.java:113)
	at org.eclipse.jetty.server.handler.HandlerWrapper.handle(HandlerWrapper.java:113)
	at org.eclipse.jetty.server.handler.HandlerWrapper.handle(HandlerWrapper.java:113)
	at org.eclipse.jetty.server.handler.HandlerWrapper.handle(HandlerWrapper.java:113)
	at org.eclipse.jetty.server.handler.HandlerWrapper.handle(HandlerWrapper.java:113)
	at org.eclipse.jetty.server.handler.HandlerWrapper.handle(HandlerWrapper.java:113)
	at org.eclipse.jetty.server.handler.HandlerWrapper.handle(HandlerWrapper.java:113)
	at org.eclipse.jetty.server.handler.HandlerWrapper.handle(HandlerWrapper.java:113)
	at org.eclipse.jetty.server.handler.HandlerWrapper.handle(HandlerWrapper.java:113)
	at org.eclipse.jetty.server.handler.HandlerWrapper.handle(HandlerWrapper.java:113)
	at org.eclipse.jetty.server.handler.HandlerWrapper.handle(HandlerWrapper.java:113)
	at org.eclipse.jetty.server.handler.HandlerWrapper.handle(HandlerWrapper.java:113)
	at org.eclipse.jetty.server.handler.HandlerWrapper.handle(HandlerWrapper.java:113)
	at org.eclipse.jetty.server.handler.HandlerWrapper.handle(HandlerWrapper.java:113)
	at org.eclipse.jetty.server.handler.HandlerWrapper.handle(HandlerWrapper.java:113)
	at org.eclipse.jetty.server.handler.HandlerWrapper.handle(HandlerWrapper.java:113)
	at org.eclipse.jetty.server.handler.HandlerWrapper.handle(HandlerWrapper.java:113)
	at org.eclipse.jetty.server.handler.HandlerWrapper.handle(HandlerWrapper.java:113)
	at org.eclipse.jetty.server.handler.HandlerWrapper.handle(HandlerWrapper.java:113)
	at org.eclipse.jetty.server.handler.HandlerWrapper.handle(HandlerWrapper.java:113)
	at org.eclipse.jetty.server.handler.HandlerWrapper.handle(HandlerWrapper.java:113)
	at org.eclipse.jetty.server.handler.HandlerWrapper.handle(HandlerWrapper.java:113)
	at org.eclipse.jetty.server.handler.HandlerWrapper.handle(HandlerWrapper.java:113)
	at org.eclipse.jetty.server.handler.HandlerWrapper.handle(HandlerWrapper.java:113)
	at org.eclipse.jetty.server.handler.HandlerWrapper.handle(HandlerWrapper.java:113)
	at org.eclipse.jetty.server.handler.HandlerWrapper.handle(HandlerWrapper.java:113)
	at org.eclipse.jetty.server.handler.HandlerWrapper.handle(HandlerWrapper.java:113)
	at org.eclipse.jetty.server.handler.HandlerWrapper.handle(HandlerWrapper.java:113)
	at org.eclipse.jetty.server.handler.HandlerWrapper.handle(HandlerWrapper.java:113)
	at org.eclipse.jetty.server.handler.HandlerWrapper.handle(HandlerWrapper.java:113)
	at org.eclipse.jetty.server.handler.HandlerWrapper.handle(HandlerWrapper.java:113)
	at org.eclipse.jetty.server.handler.HandlerWrapper.handle(HandlerWrapper.java:113)
	at org.eclipse.jetty.server.handler.HandlerWrapper.handle(HandlerWrapper.java:113)
	at org.eclipse.jetty.server.handler.HandlerWrapper.handle(HandlerWrapper.java:113)
	at org.eclipse.jetty.server.handler.HandlerWrapper.handle(HandlerWrapper.java:113)
	at org.eclipse.jetty.server.handler.HandlerWrapper.handle(HandlerWrapper.java:113)
	at org.eclipse.jetty.server.handler.HandlerWrapper.handle(HandlerWrapper.java:113)
	at org.eclipse.jetty.server.handler.HandlerWrapper.handle(HandlerWrapper.java:113)
	at org.eclipse.jetty.server.handler.HandlerWrapper.handle(HandlerWrapper.java:113)
	at org.eclipse.jetty.server.handler.HandlerWrapper.handle(HandlerWrapper.java:113)
	at org.eclipse.jetty.server.handler.HandlerWrapper.handle(HandlerWrapper.java:113)
	at org.eclipse.jetty.server.handler.HandlerWrapper.handle(HandlerWrapper.java:113)
	at org.eclipse.jetty.server.handler.HandlerWrapper.handle(HandlerWrapper.java:113)
	at org.eclipse.jetty.server.handler.HandlerWrapper.handle(HandlerWrapper.java:113)
	at org.eclipse.jetty.server.handler.HandlerWrapper.handle(HandlerWrapper.java:113)
	at org.eclipse.jetty.server.handler.HandlerWrapper.handle(HandlerWrapper.java:113)
	at org.eclipse.jetty.server.handler.HandlerWrapper.handle(HandlerWrapper.java:113)
	at org.eclipse.jetty.server.handler.HandlerWrapper.handle(HandlerWrapper.java:113)
	at org.eclipse.jetty.server.handler.HandlerWrapper.handle(HandlerWrapper.java:113)
	at org.eclipse.jetty.server.handler.HandlerWrapper.handle(HandlerWrapper.java:113)
	at org.eclipse.jetty.server.handler.HandlerWrapper.handle(HandlerWrapper.java:113)
	at org.eclipse.jetty.server.handler.HandlerWrapper.handle(HandlerWrapper.java:113)
	at org.eclipse.jetty.server.handler.HandlerWrapper.handle(HandlerWrapper.java:113)
	at org.eclipse.jetty.server.handler.HandlerWrapper.handle(HandlerWrapper.java:113)
	at org.eclipse.jetty.server.handler.HandlerWrapper.handle(HandlerWrapper.java:113)
	at org.eclipse.jetty.server.handler.HandlerWrapper.handle(HandlerWrapper.java:113)
	at org.eclipse.jetty.server.handler.HandlerWrapper.handle(HandlerWrapper.java:113)
	at org.eclipse.jetty.server.handler.HandlerWrapper.handle(HandlerWrapper.java:113)
	at org.eclipse.jetty.server.handler.HandlerWrapper.handle(HandlerWrapper.java:113)
	at org.eclipse.jetty.server.handler.HandlerWrapper.handle(HandlerWrapper.java:113)
	at org.eclipse.jetty.server.handler.HandlerWrapper.handle(HandlerWrapper.java:113)
	at org.eclipse.jetty.server.handler.HandlerWrapper.handle(HandlerWrapper.java:113)
	at org.eclipse.jetty.server.handler.HandlerWrapper.handle(HandlerWrapper.java:113)
	at org.eclipse.jetty.server.handler.HandlerWrapper.handle(HandlerWrapper.java:113)
	at org.eclipse.jetty.server.handler.HandlerWrapper.handle(HandlerWrapper.java:113)
	at org.eclipse.jetty.server.handler.HandlerWrapper.handle(HandlerWrapper.java:113)
	at org.eclipse.jetty.server.handler.HandlerWrapper.handle(HandlerWrapper.java:113)
	at org.eclipse.jetty.server.handler.HandlerWrapper.handle(HandlerWrapper.java:113)
	at org.eclipse.jetty.server.handler.HandlerWrapper.handle(HandlerWrapper.java:113)
	at org.eclipse.jetty.server.handler.HandlerWrapper.handle(HandlerWrapper.java:113)
	at org.eclipse.jetty.server.handler.HandlerWrapper.handle(HandlerWrapper.java:113)
	at org.eclipse.jetty.server.handler.HandlerWrapper.handle(HandlerWrapper.java:113)
	at org.eclipse.jetty.server.handler.HandlerWrapper.handle(HandlerWrapper.java:113)
	at org.eclipse.jetty.server.handler.HandlerWrapper.handle(HandlerWrapper.java:113)
	at org.eclipse.jetty.server.handler.HandlerWrapper.handle(HandlerWrapper.java:113)
	at org.eclipse.jetty.server.handler.HandlerWrapper.handle(HandlerWrapper.java:113)
	at org.eclipse.jetty.server.handler.HandlerWrapper.handle(HandlerWrapper.java:113)
	at org.eclipse.jetty.server.handler.HandlerWrapper.handle(HandlerWrapper.java:113)
	at org.eclipse.jetty.server.handler.HandlerWrapper.handle(HandlerWrapper.java:113)
	at org.eclipse.jetty.server.handler.HandlerWrapper.handle(HandlerWrapper.java:113)
	at org.eclipse.jetty.server.handler.HandlerWrapper.handle(HandlerWrapper.java:113)
	at org.eclipse.jetty.server.handler.HandlerWrapper.handle(HandlerWrapper.java:113)
	at org.eclipse.jetty.server.handler.HandlerWrapper.handle(HandlerWrapper.java:113)
	at org.eclipse.jetty.server.handler.HandlerWrapper.handle(HandlerWrapper.java:113)
	at org.eclipse.jetty.server.handler.HandlerWrapper.handle(HandlerWrapper.java:113)
	at org.eclipse.jetty.server.handler.HandlerWrapper.handle(HandlerWrapper.java:113)
	at org.eclipse.jetty.server.handler.HandlerWrapper.handle(HandlerWrapper.java:113)
	at org.eclipse.jetty.server.handler.HandlerWrapper.handle(HandlerWrapper.java:113)
	at org.eclipse.jetty.server.handler.HandlerWrapper.handle(HandlerWrapper.java:113)
	at org.eclipse.jetty.server.handler.HandlerWrapper.handle(HandlerWrapper.java:113)
	at org.eclipse.jetty.server.handler.HandlerWrapper.handle(HandlerWrapper.java:113)
	at org.eclipse.jetty.server.handler.HandlerWrapper.handle(HandlerWrapper.java:113)
	at org.eclipse.jetty.server.handler.HandlerWrapper.handle(HandlerWrapper.java:113)
	at org.eclipse.jetty.server.handler.HandlerWrapper.handle(HandlerWrapper.java:113)
	at org.eclipse.jetty.server.handler.HandlerWrapper.handle(HandlerWrapper.java:113)
	at org.eclipse.jetty.server.handler.HandlerWrapper.handle(HandlerWrapper.java:113)
	at org.eclipse.jetty.server.handler.HandlerWrapper.handle(HandlerWrapper.java:113)
	at org.eclipse.jetty.server.handler.HandlerWrapper.handle(HandlerWrapper.java:113)
	at org.eclipse.jetty.server.handler.HandlerWrapper.handle(HandlerWrapper.java:113)
	at org.eclipse.jetty.server.handler.HandlerWrapper.handle(HandlerWrapper.java:113)
	at org.eclipse.jetty.server.handler.HandlerWrapper.handle(HandlerWrapper.java:113)
	at org.eclipse.jetty.server.handler.HandlerWrapper.handle(HandlerWrapper.java:113)
	at org.eclipse.jetty.server.handler.HandlerWrapper.handle(HandlerWrapper.java:113)
	at org.eclipse.jetty.server.handler.HandlerWrapper.handle(HandlerWrapper.java:113)
	at org.eclipse.jetty.server.handler.HandlerWrapper.handle(HandlerWrapper.java:113)
	at org.eclipse.jetty.server.handler.HandlerWrapper.handle(HandlerWrapper.java:113)
	at org.eclipse.jetty.server.handler.HandlerWrapper.handle(HandlerWrapper.java:113)
	at org.eclipse.jetty.server.handler.HandlerWrapper.handle(HandlerWrapper.java:113)
	at org.eclipse.jetty.server.handler.HandlerWrapper.handle(HandlerWrapper.java:113)
	at org.eclipse.jetty.server.handler.HandlerWrapper.handle(HandlerWrapper.java:113)
	at org.eclipse.jetty.server.handler.HandlerWrapper.handle(HandlerWrapper.java:113)
	at org.eclipse.jetty.server.handler.HandlerWrapper.handle(HandlerWrapper.java:113)
	at org.eclipse.jetty.server.handler.HandlerWrapper.handle(HandlerWrapper.java:113)
	at org.eclipse.jetty.server.handler.HandlerWrapper.handle(HandlerWrapper.java:113)
	at org.eclipse.jetty.server.handler.HandlerWrapper.handle(HandlerWrapper.java:113)
	at org.eclipse.jetty.server.handler.HandlerWrapper.handle(HandlerWrapper.java:113)
	at org.eclipse.jetty.server.handler.HandlerWrapper.handle(HandlerWrapper.java:113)
	at org.eclipse.jetty.server.handler.HandlerWrapper.handle(HandlerWrapper.java:113)
	at org.eclipse.jetty.server.handler.HandlerWrapper.handle(HandlerWrapper.java:113)
	at org.eclipse.jetty.server.handler.HandlerWrapper.handle(HandlerWrapper.java:113)
	at org.eclipse.jetty.server.handler.HandlerWrapper.handle(HandlerWrapper.java:113)
	at org.eclipse.jetty.server.handler.HandlerWrapper.handle(HandlerWrapper.java:113)
	at org.eclipse.jetty.server.handler.HandlerWrapper.handle(HandlerWrapper.java:113)
	at org.eclipse.jetty.server.handler.HandlerWrapper.handle(HandlerWrapper.java:113)
	at org.eclipse.jetty.server.handler.HandlerWrapper.handle(HandlerWrapper.java:113)
	at org.eclipse.jetty.server.handler.HandlerWrapper.handle(HandlerWrapper.java:113)
	at org.eclipse.jetty.server.handler.HandlerWrapper.handle(HandlerWrapper.java:113)
	at org.eclipse.jetty.server.handler.HandlerWrapper.handle(HandlerWrapper.java:113)
	at org.eclipse.jetty.server.handler.HandlerWrapper.handle(HandlerWrapper.java:113)
	at org.eclipse.jetty.server.handler.HandlerWrapper.handle(HandlerWrapper.java:113)
	at org.eclipse.jetty.server.handler.HandlerWrapper.handle(HandlerWrapper.java:113)
	at org.eclipse.jetty.server.handler.HandlerWrapper.handle(HandlerWrapper.java:113)
	at org.eclipse.jetty.server.handler.HandlerWrapper.handle(HandlerWrapper.java:113)
	at org.eclipse.jetty.server.handler.HandlerWrapper.handle(HandlerWrapper.java:113)
	at org.eclipse.jetty.server.handler.HandlerWrapper.handle(HandlerWrapper.java:113)
	at org.eclipse.jetty.server.handler.HandlerWrapper.handle(HandlerWrapper.java:113)
	at org.eclipse.jetty.server.handler.HandlerWrapper.handle(HandlerWrapper.java:113)
	at org.eclipse.jetty.server.handler.HandlerWrapper.handle(HandlerWrapper.java:113)
	at org.eclipse.jetty.server.handler.HandlerWrapper.handle(HandlerWrapper.java:113)
	at org.eclipse.jetty.server.handler.HandlerWrapper.handle(HandlerWrapper.java:113)
	at org.eclipse.jetty.server.handler.HandlerWrapper.handle(HandlerWrapper.java:113)
	at org.eclipse.jetty.server.handler.HandlerWrapper.handle(HandlerWrapper.java:113)
	at org.eclipse.jetty.server.handler.HandlerWrapper.handle(HandlerWrapper.java:113)
	at org.eclipse.jetty.server.handler.HandlerWrapper.handle(HandlerWrapper.java:113)
	at org.eclipse.jetty.server.handler.HandlerWrapper.handle(HandlerWrapper.java:113)
	at org.eclipse.jetty.server.handler.HandlerWrapper.handle(HandlerWrapper.java:113)
	at org.eclipse.jetty.server.handler.HandlerWrapper.handle(HandlerWrapper.java:113)
	at org.eclipse.jetty.server.handler.HandlerWrapper.handle(HandlerWrapper.java:113)
	at org.eclipse.jetty.server.handler.HandlerWrapper.handle(HandlerWrapper.java:113)
	at org.eclipse.jetty.server.handler.HandlerWrapper.handle(HandlerWrapper.java:113)
	at org.eclipse.jetty.server.handler.HandlerWrapper.handle(HandlerWrapper.java:113)
	at org.eclipse.jetty.server.handler.HandlerWrapper.handle(HandlerWrapper.java:113)
	at org.eclipse.jetty.server.handler.HandlerWrapper.handle(HandlerWrapper.java:113)
	at org.eclipse.jetty.server.handler.HandlerWrapper.handle(HandlerWrapper.java:113)
	at org.eclipse.jetty.server.handler.HandlerWrapper.handle(HandlerWrapper.java:113)
	at org.eclipse.jetty.server.handler.HandlerWrapper.handle(HandlerWrapper.java:113)
	at org.eclipse.jetty.server.handler.HandlerWrapper.handle(HandlerWrapper.java:113)
	at org.eclipse.jetty.server.handler.HandlerWrapper.handle(HandlerWrapper.java:113)
	at org.eclipse.jetty.server.handler.HandlerWrapper.handle(HandlerWrapper.java:113)
	at org.eclipse.jetty.server.handler.HandlerWrapper.handle(HandlerWrapper.java:113)
	at org.eclipse.jetty.server.handler.HandlerWrapper.handle(HandlerWrapper.java:113)
	at org.eclipse.jetty.server.handler.HandlerWrapper.handle(HandlerWrapper.java:113)
	at org.eclipse.jetty.server.handler.HandlerWrapper.handle(HandlerWrapper.java:113)
	at org.eclipse.jetty.server.handler.HandlerWrapper.handle(HandlerWrapper.java:113)
	at org.eclipse.jetty.server.handler.HandlerWrapper.handle(HandlerWrapper.java:113)
	at org.eclipse.jetty.server.handler.HandlerWrapper.handle(HandlerWrapper.java:113)
	at org.eclipse.jetty.server.handler.HandlerWrapper.handle(HandlerWrapper.java:113)
	at org.eclipse.jetty.server.handler.HandlerWrapper.handle(HandlerWrapper.java:113)
	at org.eclipse.jetty.server.handler.HandlerWrapper.handle(HandlerWrapper.java:113)
	at org.eclipse.jetty.server.handler.HandlerWrapper.handle(HandlerWrapper.java:113)
	at org.eclipse.jetty.server.handler.HandlerWrapper.handle(HandlerWrapper.java:113)
	at org.eclipse.jetty.server.handler.HandlerWrapper.handle(HandlerWrapper.java:113)
	at org.eclipse.jetty.server.handler.HandlerWrapper.handle(HandlerWrapper.java:113)
	at org.eclipse.jetty.server.handler.HandlerWrapper.handle(HandlerWrapper.java:113)
	at org.eclipse.jetty.server.handler.HandlerWrapper.handle(HandlerWrapper.java:113)
	at org.eclipse.jetty.server.handler.HandlerWrapper.handle(HandlerWrapper.java:113)
	at org.eclipse.jetty.server.handler.HandlerWrapper.handle(HandlerWrapper.java:113)
	at org.eclipse.jetty.server.handler.HandlerWrapper.handle(HandlerWrapper.java:113)
	at org.eclipse.jetty.server.handler.HandlerWrapper.handle(HandlerWrapper.java:113)
	at org.eclipse.jetty.server.handler.HandlerWrapper.handle(HandlerWrapper.java:113)
	at org.eclipse.jetty.server.handler.HandlerWrapper.handle(HandlerWrapper.java:113)
	at org.eclipse.jetty.server.handler.HandlerWrapper.handle(HandlerWrapper.java:113)
	at org.eclipse.jetty.server.handler.HandlerWrapper.handle(HandlerWrapper.java:113)
	at org.eclipse.jetty.server.handler.HandlerWrapper.handle(HandlerWrapper.java:113)
	at org.eclipse.jetty.server.handler.HandlerWrapper.handle(HandlerWrapper.java:113)
	at org.eclipse.jetty.server.handler.HandlerWrapper.handle(HandlerWrapper.java:113)
	at org.eclipse.jetty.server.handler.HandlerWrapper.handle(HandlerWrapper.java:113)
	at org.eclipse.jetty.server.handler.HandlerWrapper.handle(HandlerWrapper.java:113)
	at org.eclipse.jetty.server.handler.HandlerWrapper.handle(HandlerWrapper.java:113)
	at org.eclipse.jetty.server.handler.HandlerWrapper.handle(HandlerWrapper.java:113)
	at org.eclipse.jetty.server.handler.HandlerWrapper.handle(HandlerWrapper.java:113)
	at org.eclipse.jetty.server.handler.HandlerWrapper.handle(HandlerWrapper.java:113)
	at org.eclipse.jetty.server.handler.HandlerWrapper.handle(HandlerWrapper.java:113)
	at org.eclipse.jetty.server.handler.HandlerWrapper.handle(HandlerWrapper.java:113)
	at org.eclipse.jetty.server.handler.HandlerWrapper.handle(HandlerWrapper.java:113)
	at org.eclipse.jetty.server.handler.HandlerWrapper.handle(HandlerWrapper.java:113)
	at org.eclipse.jetty.server.handler.HandlerWrapper.handle(HandlerWrapper.java:113)
	at org.eclipse.jetty.server.handler.HandlerWrapper.handle(HandlerWrapper.java:113)
	at org.eclipse.jetty.server.handler.HandlerWrapper.handle(HandlerWrapper.java:113)
	at org.eclipse.jetty.server.handler.HandlerWrapper.handle(HandlerWrapper.java:113)
	at org.eclipse.jetty.server.handler.HandlerWrapper.handle(HandlerWrapper.java:113)
	at org.eclipse.jetty.server.handler.HandlerWrapper.handle(HandlerWrapper.java:113)
	at org.eclipse.jetty.server.handler.HandlerWrapper.handle(HandlerWrapper.java:113)
	at org.eclipse.jetty.server.handler.HandlerWrapper.handle(HandlerWrapper.java:113)
	at org.eclipse.jetty.server.handler.HandlerWrapper.handle(HandlerWrapper.java:113)
	at org.eclipse.jetty.server.handler.HandlerWrapper.handle(HandlerWrapper.java:113)
	at org.eclipse.jetty.server.handler.HandlerWrapper.handle(HandlerWrapper.java:113)
	at org.eclipse.jetty.server.handler.HandlerWrapper.handle(HandlerWrapper.java:113)
	at org.eclipse.jetty.server.handler.HandlerWrapper.handle(HandlerWrapper.java:113)
	at org.eclipse.jetty.server.handler.HandlerWrapper.handle(HandlerWrapper.java:113)
	at org.eclipse.jetty.server.handler.HandlerWrapper.handle(HandlerWrapper.java:113)
	at org.eclipse.jetty.server.handler.HandlerWrapper.handle(HandlerWrapper.java:113)
	at org.eclipse.jetty.server.handler.HandlerWrapper.handle(HandlerWrapper.java:113)
	at org.eclipse.jetty.server.handler.HandlerWrapper.handle(HandlerWrapper.java:113)
	at org.eclipse.jetty.server.handler.HandlerWrapper.handle(HandlerWrapper.java:113)
	at org.eclipse.jetty.server.handler.HandlerWrapper.handle(HandlerWrapper.java:113)
	at org.eclipse.jetty.server.handler.HandlerWrapper.handle(HandlerWrapper.java:113)
	at org.eclipse.jetty.server.handler.HandlerWrapper.handle(HandlerWrapper.java:113)
	at org.eclipse.jetty.server.handler.HandlerWrapper.handle(HandlerWrapper.java:113)
	at org.eclipse.jetty.server.handler.HandlerWrapper.handle(HandlerWrapper.java:113)
	at org.eclipse.jetty.server.handler.HandlerWrapper.handle(HandlerWrapper.java:113)
	at org.eclipse.jetty.server.handler.HandlerWrapper.handle(HandlerWrapper.java:113)
	at org.eclipse.jetty.server.handler.HandlerWrapper.handle(HandlerWrapper.java:113)
	at org.eclipse.jetty.server.handler.HandlerWrapper.handle(HandlerWrapper.java:113)
	at org.eclipse.jetty.server.handler.HandlerWrapper.handle(HandlerWrapper.java:113)
	at org.eclipse.jetty.server.handler.HandlerWrapper.handle(HandlerWrapper.java:113)
	at org.eclipse.jetty.server.handler.HandlerWrapper.handle(HandlerWrapper.java:113)
	at org.eclipse.jetty.server.handler.HandlerWrapper.handle(HandlerWrapper.java:113)
	at org.eclipse.jetty.server.handler.HandlerWrapper.handle(HandlerWrapper.java:113)
	at org.eclipse.jetty.server.handler.HandlerWrapper.handle(HandlerWrapper.java:113)
	at org.eclipse.jetty.server.handler.HandlerWrapper.handle(HandlerWrapper.java:113)
	at org.eclipse.jetty.server.handler.HandlerWrapper.handle(HandlerWrapper.java:113)
	at org.eclipse.jetty.server.handler.HandlerWrapper.handle(HandlerWrapper.java:113)
	at org.eclipse.jetty.server.handler.HandlerWrapper.handle(HandlerWrapper.java:113)
	at org.eclipse.jetty.server.handler.HandlerWrapper.handle(HandlerWrapper.java:113)
	at org.eclipse.jetty.server.handler.HandlerWrapper.handle(HandlerWrapper.java:113)
	at org.eclipse.jetty.server.handler.HandlerWrapper.handle(HandlerWrapper.java:113)
	at org.eclipse.jetty.server.handler.HandlerWrapper.handle(HandlerWrapper.java:113)
	at org.eclipse.jetty.server.handler.HandlerWrapper.handle(HandlerWrapper.java:113)
	at org.eclipse.jetty.server.handler.HandlerWrapper.handle(HandlerWrapper.java:113)
	at org.eclipse.jetty.server.handler.HandlerWrapper.handle(HandlerWrapper.java:113)
	at org.eclipse.jetty.server.handler.HandlerWrapper.handle(HandlerWrapper.java:113)
	at org.eclipse.jetty.server.handler.HandlerWrapper.handle(HandlerWrapper.java:113)
	at org.eclipse.jetty.server.handler.HandlerWrapper.handle(HandlerWrapper.java:113)
	at org.eclipse.jetty.server.handler.HandlerWrapper.handle(HandlerWrapper.java:113)
	at org.eclipse.jetty.server.handler.HandlerWrapper.handle(HandlerWrapper.java:113)
	at org.eclipse.jetty.server.handler.HandlerWrapper.handle(HandlerWrapper.java:113)
	at org.eclipse.jetty.server.handler.HandlerWrapper.handle(HandlerWrapper.java:113)
	at org.eclipse.jetty.server.handler.HandlerWrapper.handle(HandlerWrapper.java:113)
	at org.eclipse.jetty.server.handler.HandlerWrapper.handle(HandlerWrapper.java:113)
	at org.eclipse.jetty.server.handler.HandlerWrapper.handle(HandlerWrapper.java:113)
	at org.eclipse.jetty.server.handler.HandlerWrapper.handle(HandlerWrapper.java:113)
	at org.eclipse.jetty.server.handler.HandlerWrapper.handle(HandlerWrapper.java:113)
	at org.eclipse.jetty.server.handler.HandlerWrapper.handle(HandlerWrapper.java:113)
	at org.eclipse.jetty.server.handler.HandlerWrapper.handle(HandlerWrapper.java:113)
	at org.eclipse.jetty.server.handler.HandlerWrapper.handle(HandlerWrapper.java:113)
	at org.eclipse.jetty.server.handler.HandlerWrapper.handle(HandlerWrapper.java:113)
	at org.eclipse.jetty.server.handler.HandlerWrapper.handle(HandlerWrapper.java:113)
	at org.eclipse.jetty.server.handler.HandlerWrapper.handle(HandlerWrapper.java:113)
	at org.eclipse.jetty.server.handler.HandlerWrapper.handle(HandlerWrapper.java:113)
	at org.eclipse.jetty.server.handler.HandlerWrapper.handle(HandlerWrapper.java:113)
	at org.eclipse.jetty.server.handler.HandlerWrapper.handle(HandlerWrapper.java:113)
	at org.eclipse.jetty.server.handler.HandlerWrapper.handle(HandlerWrapper.java:113)
	at org.eclipse.jetty.server.handler.HandlerWrapper.handle(HandlerWrapper.java:113)
	at org.eclipse.jetty.server.handler.HandlerWrapper.handle(HandlerWrapper.java:113)
	at org.eclipse.jetty.server.handler.HandlerWrapper.handle(HandlerWrapper.java:113)
	at org.eclipse.jetty.server.handler.HandlerWrapper.handle(HandlerWrapper.java:113)
	at org.eclipse.jetty.server.handler.HandlerWrapper.handle(HandlerWrapper.java:113)
	at org.eclipse.jetty.server.handler.HandlerWrapper.handle(HandlerWrapper.java:113)
	at org.eclipse.jetty.server.handler.HandlerWrapper.handle(HandlerWrapper.java:113)
	at org.eclipse.jetty.server.handler.HandlerWrapper.handle(HandlerWrapper.java:113)
	at org.eclipse.jetty.server.handler.HandlerWrapper.handle(HandlerWrapper.java:113)
	at org.eclipse.jetty.server.handler.HandlerWrapper.handle(HandlerWrapper.java:113)
	at org.eclipse.jetty.server.handler.HandlerWrapper.handle(HandlerWrapper.java:113)
	at org.eclipse.jetty.server.handler.HandlerWrapper.handle(HandlerWrapper.java:113)
	at org.eclipse.jetty.server.handler.HandlerWrapper.handle(HandlerWrapper.java:113)
	at org.eclipse.jetty.server.handler.HandlerWrapper.handle(HandlerWrapper.java:113)
	at org.eclipse.jetty.server.handler.HandlerWrapper.handle(HandlerWrapper.java:113)
	at org.eclipse.jetty.server.handler.HandlerWrapper.handle(HandlerWrapper.java:113)
	at org.eclipse.jetty.server.handler.HandlerWrapper.handle(HandlerWrapper.java:113)
	at org.eclipse.jetty.server.handler.HandlerWrapper.handle(HandlerWrapper.java:113)
	at org.eclipse.jetty.server.handler.HandlerWrapper.handle(HandlerWrapper.java:113)
	at org.eclipse.jetty.server.handler.HandlerWrapper.handle(HandlerWrapper.java:113)
	at org.eclipse.jetty.server.handler.HandlerWrapper.handle(HandlerWrapper.java:113)
	at org.eclipse.jetty.server.handler.HandlerWrapper.handle(HandlerWrapper.java:113)
	at org.eclipse.jetty.server.handler.HandlerWrapper.handle(HandlerWrapper.java:113)
	at org.eclipse.jetty.server.handler.HandlerWrapper.handle(HandlerWrapper.java:113)
	at org.eclipse.jetty.server.handler.HandlerWrapper.handle(HandlerWrapper.java:113)
	at org.eclipse.jetty.server.handler.HandlerWrapper.handle(HandlerWrapper.java:113)
	at org.eclipse.jetty.server.handler.HandlerWrapper.handle(HandlerWrapper.java:113)
	at org.eclipse.jetty.server.handler.HandlerWrapper.handle(HandlerWrapper.java:113)
	at org.eclipse.jetty.server.handler.HandlerWrapper.handle(HandlerWrapper.java:113)
	at org.eclipse.jetty.server.handler.HandlerWrapper.handle(HandlerWrapper.java:113)
	at org.eclipse.jetty.server.handler.HandlerWrapper.handle(HandlerWrapper.java:113)
	at org.eclipse.jetty.server.handler.HandlerWrapper.handle(HandlerWrapper.java:113)
	at org.eclipse.jetty.server.handler.HandlerWrapper.handle(HandlerWrapper.java:113)
	at org.eclipse.jetty.server.handler.HandlerWrapper.handle(HandlerWrapper.java:113)
	at org.eclipse.jetty.server.handler.HandlerWrapper.handle(HandlerWrapper.java:113)
	at org.eclipse.jetty.server.handler.HandlerWrapper.handle(HandlerWrapper.java:113)
	at org.eclipse.jetty.server.handler.HandlerWrapper.handle(HandlerWrapper.java:113)
	at org.eclipse.jetty.server.handler.HandlerWrapper.handle(HandlerWrapper.java:113)
	at org.eclipse.jetty.server.handler.HandlerWrapper.handle(HandlerWrapper.java:113)
	at org.eclipse.jetty.server.handler.HandlerWrapper.handle(HandlerWrapper.java:113)
	at org.eclipse.jetty.server.handler.HandlerWrapper.handle(HandlerWrapper.java:113)
	at org.eclipse.jetty.server.handler.HandlerWrapper.handle(HandlerWrapper.java:113)
	at org.eclipse.jetty.server.handler.HandlerWrapper.handle(HandlerWrapper.java:113)
	at org.eclipse.jetty.server.handler.HandlerWrapper.handle(HandlerWrapper.java:113)
	at org.eclipse.jetty.server.handler.HandlerWrapper.handle(HandlerWrapper.java:113)
	at org.eclipse.jetty.server.handler.HandlerWrapper.handle(HandlerWrapper.java:113)
	at org.eclipse.jetty.server.handler.HandlerWrapper.handle(HandlerWrapper.java:113)
	at org.eclipse.jetty.server.handler.HandlerWrapper.handle(HandlerWrapper.java:113)
	at org.eclipse.jetty.server.handler.HandlerWrapper.handle(HandlerWrapper.java:113)
	at org.eclipse.jetty.server.handler.HandlerWrapper.handle(HandlerWrapper.java:113)
	at org.eclipse.jetty.server.handler.HandlerWrapper.handle(HandlerWrapper.java:113)
	at org.eclipse.jetty.server.handler.HandlerWrapper.handle(HandlerWrapper.java:113)
	at org.eclipse.jetty.server.handler.HandlerWrapper.handle(HandlerWrapper.java:113)
	at org.eclipse.jetty.server.handler.HandlerWrapper.handle(HandlerWrapper.java:113)
	at org.eclipse.jetty.server.handler.HandlerWrapper.handle(HandlerWrapper.java:113)
	at org.eclipse.jetty.server.handler.HandlerWrapper.handle(HandlerWrapper.java:113)
	at org.eclipse.jetty.server.handler.HandlerWrapper.handle(HandlerWrapper.java:113)
	at org.eclipse.jetty.server.handler.HandlerWrapper.handle(HandlerWrapper.java:113)
	at org.eclipse.jetty.server.handler.HandlerWrapper.handle(HandlerWrapper.java:113)
	at org.eclipse.jetty.server.handler.HandlerWrapper.handle(HandlerWrapper.java:113)
	at org.eclipse.jetty.server.handler.HandlerWrapper.handle(HandlerWrapper.java:113)
	at org.eclipse.jetty.server.handler.HandlerWrapper.handle(HandlerWrapper.java:113)
	at org.eclipse.jetty.server.handler.HandlerWrapper.handle(HandlerWrapper.java:113)
	at org.eclipse.jetty.server.handler.HandlerWrapper.handle(HandlerWrapper.java:113)
	at org.eclipse.jetty.server.handler.HandlerWrapper.handle(HandlerWrapper.java:113)
	at org.eclipse.jetty.server.handler.HandlerWrapper.handle(HandlerWrapper.java:113)
	at org.eclipse.jetty.server.handler.HandlerWrapper.handle(HandlerWrapper.java:113)
	at org.eclipse.jetty.server.handler.HandlerWrapper.handle(HandlerWrapper.java:113)
	at org.eclipse.jetty.server.handler.HandlerWrapper.handle(HandlerWrapper.java:113)
	at org.eclipse.jetty.server.handler.HandlerWrapper.handle(HandlerWrapper.java:113)
	at org.eclipse.jetty.server.handler.HandlerWrapper.handle(HandlerWrapper.java:113)
	at org.eclipse.jetty.server.handler.HandlerWrapper.handle(HandlerWrapper.java:113)
	at org.eclipse.jetty.server.handler.HandlerWrapper.handle(HandlerWrapper.java:113)
	at org.eclipse.jetty.server.handler.HandlerWrapper.handle(HandlerWrapper.java:113)
	at org.eclipse.jetty.server.handler.HandlerWrapper.handle(HandlerWrapper.java:113)
	at org.eclipse.jetty.server.handler.HandlerWrapper.handle(HandlerWrapper.java:113)
	at org.eclipse.jetty.server.handler.HandlerWrapper.handle(HandlerWrapper.java:113)
	at org.eclipse.jetty.server.handler.HandlerWrapper.handle(HandlerWrapper.java:113)
	at org.eclipse.jetty.server.handler.HandlerWrapper.handle(HandlerWrapper.java:113)
	at org.eclipse.jetty.server.handler.HandlerWrapper.handle(HandlerWrapper.java:113)
	at org.eclipse.jetty.server.handler.HandlerWrapper.handle(HandlerWrapper.java:113)
	at org.eclipse.jetty.server.handler.HandlerWrapper.handle(HandlerWrapper.java:113)
	at org.eclipse.jetty.server.handler.HandlerWrapper.handle(HandlerWrapper.java:113)
	at org.eclipse.jetty.server.handler.HandlerWrapper.handle(HandlerWrapper.java:113)
	at org.eclipse.jetty.server.handler.HandlerWrapper.handle(HandlerWrapper.java:113)
	at org.eclipse.jetty.server.handler.HandlerWrapper.handle(HandlerWrapper.java:113)
	at org.eclipse.jetty.server.handler.HandlerWrapper.handle(HandlerWrapper.java:113)
	at org.eclipse.jetty.server.handler.HandlerWrapper.handle(HandlerWrapper.java:113)
	at org.eclipse.jetty.server.handler.HandlerWrapper.handle(HandlerWrapper.java:113)
	at org.eclipse.jetty.server.handler.HandlerWrapper.handle(HandlerWrapper.java:113)
	at org.eclipse.jetty.server.handler.HandlerWrapper.handle(HandlerWrapper.java:113)
	at org.eclipse.jetty.server.handler.HandlerWrapper.handle(HandlerWrapper.java:113)
	at org.eclipse.jetty.server.handler.HandlerWrapper.handle(HandlerWrapper.java:113)
	at org.eclipse.jetty.server.handler.HandlerWrapper.handle(HandlerWrapper.java:113)
	at org.eclipse.jetty.server.handler.HandlerWrapper.handle(HandlerWrapper.java:113)
	at org.eclipse.jetty.server.handler.HandlerWrapper.handle(HandlerWrapper.java:113)
	at org.eclipse.jetty.server.handler.HandlerWrapper.handle(HandlerWrapper.java:113)
	at org.eclipse.jetty.server.handler.HandlerWrapper.handle(HandlerWrapper.java:113)
	at org.eclipse.jetty.server.handler.HandlerWrapper.handle(HandlerWrapper.java:113)
	at org.eclipse.jetty.server.handler.HandlerWrapper.handle(HandlerWrapper.java:113)
	at org.eclipse.jetty.server.handler.HandlerWrapper.handle(HandlerWrapper.java:113)
	at org.eclipse.jetty.server.handler.HandlerWrapper.handle(HandlerWrapper.java:113)
	at org.eclipse.jetty.server.handler.HandlerWrapper.handle(HandlerWrapper.java:113)
	at org.eclipse.jetty.server.handler.HandlerWrapper.handle(HandlerWrapper.java:113)
	at org.eclipse.jetty.server.handler.HandlerWrapper.handle(HandlerWrapper.java:113)
	at org.eclipse.jetty.server.handler.HandlerWrapper.handle(HandlerWrapper.java:113)
	at org.eclipse.jetty.server.handler.HandlerWrapper.handle(HandlerWrapper.java:113)
	at org.eclipse.jetty.server.handler.HandlerWrapper.handle(HandlerWrapper.java:113)
	at org.eclipse.jetty.server.handler.HandlerWrapper.handle(HandlerWrapper.java:113)
	at org.eclipse.jetty.server.handler.HandlerWrapper.handle(HandlerWrapper.java:113)
	at org.eclipse.jetty.server.handler.HandlerWrapper.handle(HandlerWrapper.java:113)
	at org.eclipse.jetty.server.handler.HandlerWrapper.handle(HandlerWrapper.java:113)
	at org.eclipse.jetty.server.handler.HandlerWrapper.handle(HandlerWrapper.java:113)
	at org.eclipse.jetty.server.handler.HandlerWrapper.handle(HandlerWrapper.java:113)
	at org.eclipse.jetty.server.handler.HandlerWrapper.handle(HandlerWrapper.java:113)
	at org.eclipse.jetty.server.handler.HandlerWrapper.handle(HandlerWrapper.java:113)
	at org.eclipse.jetty.server.handler.HandlerWrapper.handle(HandlerWrapper.java:113)
	at org.eclipse.jetty.server.handler.HandlerWrapper.handle(HandlerWrapper.java:113)
	at org.eclipse.jetty.server.handler.HandlerWrapper.handle(HandlerWrapper.java:113)
	at org.eclipse.jetty.server.handler.HandlerWrapper.handle(HandlerWrapper.java:113)
	at org.eclipse.jetty.server.handler.HandlerWrapper.handle(HandlerWrapper.java:113)
	at org.eclipse.jetty.server.handler.HandlerWrapper.handle(HandlerWrapper.java:113)
	at org.eclipse.jetty.server.handler.HandlerWrapper.handle(HandlerWrapper.java:113)
	at org.eclipse.jetty.server.handler.HandlerWrapper.handle(HandlerWrapper.java:113)
	at org.eclipse.jetty.server.handler.HandlerWrapper.handle(HandlerWrapper.java:113)
	at org.eclipse.jetty.server.handler.HandlerWrapper.handle(HandlerWrapper.java:113)
	at org.eclipse.jetty.server.handler.HandlerWrapper.handle(HandlerWrapper.java:113)
	at org.eclipse.jetty.server.handler.HandlerWrapper.handle(HandlerWrapper.java:113)
	at org.eclipse.jetty.server.handler.HandlerWrapper.handle(HandlerWrapper.java:113)
	at org.eclipse.jetty.server.handler.HandlerWrapper.handle(HandlerWrapper.java:113)
	at org.eclipse.jetty.server.handler.HandlerWrapper.handle(HandlerWrapper.java:113)
	at org.eclipse.jetty.server.handler.HandlerWrapper.handle(HandlerWrapper.java:113)
	at org.eclipse.jetty.server.handler.HandlerWrapper.handle(HandlerWrapper.java:113)
	at org.eclipse.jetty.server.handler.HandlerWrapper.handle(HandlerWrapper.java:113)
	at org.eclipse.jetty.server.handler.HandlerWrapper.handle(HandlerWrapper.java:113)
	at org.eclipse.jetty.server.handler.HandlerWrapper.handle(HandlerWrapper.java:113)
	at org.eclipse.jetty.server.handler.HandlerWrapper.handle(HandlerWrapper.java:113)
	at org.eclipse.jetty.server.handler.HandlerWrapper.handle(HandlerWrapper.java:113)
	at org.eclipse.jetty.server.handler.HandlerWrapper.handle(HandlerWrapper.java:113)
	at org.eclipse.jetty.server.handler.HandlerWrapper.handle(HandlerWrapper.java:113)
	at org.eclipse.jetty.server.handler.HandlerWrapper.handle(HandlerWrapper.java:113)
	at org.eclipse.jetty.server.handler.HandlerWrapper.handle(HandlerWrapper.java:113)
	at org.eclipse.jetty.server.handler.HandlerWrapper.handle(HandlerWrapper.java:113)
	at org.eclipse.jetty.server.handler.HandlerWrapper.handle(HandlerWrapper.java:113)
	at org.eclipse.jetty.server.handler.HandlerWrapper.handle(HandlerWrapper.java:113)
	at org.eclipse.jetty.server.handler.HandlerWrapper.handle(HandlerWrapper.java:113)
	at org.eclipse.jetty.server.handler.HandlerWrapper.handle(HandlerWrapper.java:113)
	at org.eclipse.jetty.server.handler.HandlerWrapper.handle(HandlerWrapper.java:113)
	at org.eclipse.jetty.server.handler.HandlerWrapper.handle(HandlerWrapper.java:113)
	at org.eclipse.jetty.server.handler.HandlerWrapper.handle(HandlerWrapper.java:113)
	at org.eclipse.jetty.server.handler.HandlerWrapper.handle(HandlerWrapper.java:113)
	at org.eclipse.jetty.server.handler.HandlerWrapper.handle(HandlerWrapper.java:113)
	at org.eclipse.jetty.server.handler.HandlerWrapper.handle(HandlerWrapper.java:113)
	at org.eclipse.jetty.server.handler.HandlerWrapper.handle(HandlerWrapper.java:113)
	at org.eclipse.jetty.server.handler.HandlerWrapper.handle(HandlerWrapper.java:113)
	at org.eclipse.jetty.server.handler.HandlerWrapper.handle(HandlerWrapper.java:113)
	at org.eclipse.jetty.server.handler.HandlerWrapper.handle(HandlerWrapper.java:113)
	at org.eclipse.jetty.server.handler.HandlerWrapper.handle(HandlerWrapper.java:113)
	at org.eclipse.jetty.server.handler.HandlerWrapper.handle(HandlerWrapper.java:113)
	at org.eclipse.jetty.server.handler.HandlerWrapper.handle(HandlerWrapper.java:113)
	at org.eclipse.jetty.server.handler.HandlerWrapper.handle(HandlerWrapper.java:113)
	at org.eclipse.jetty.server.handler.HandlerWrapper.handle(HandlerWrapper.java:113)
	at org.eclipse.jetty.server.handler.HandlerWrapper.handle(HandlerWrapper.java:113)
	at org.eclipse.jetty.server.handler.HandlerWrapper.handle(HandlerWrapper.java:113)
	at org.eclipse.jetty.server.handler.HandlerWrapper.handle(HandlerWrapper.java:113)
	at org.eclipse.jetty.server.handler.HandlerWrapper.handle(HandlerWrapper.java:113)
	at org.eclipse.jetty.server.handler.HandlerWrapper.handle(HandlerWrapper.java:113)
	at org.eclipse.jetty.server.handler.HandlerWrapper.handle(HandlerWrapper.java:113)
	at org.eclipse.jetty.server.handler.HandlerWrapper.handle(HandlerWrapper.java:113)
	at org.eclipse.jetty.server.handler.HandlerWrapper.handle(HandlerWrapper.java:113)
	at org.eclipse.jetty.server.handler.HandlerWrapper.handle(HandlerWrapper.java:113)
	at org.eclipse.jetty.server.handler.HandlerWrapper.handle(HandlerWrapper.java:113)
	at org.eclipse.jetty.server.handler.HandlerWrapper.handle(HandlerWrapper.java:113)
	at org.eclipse.jetty.server.handler.HandlerWrapper.handle(HandlerWrapper.java:113)
	at org.eclipse.jetty.server.handler.HandlerWrapper.handle(HandlerWrapper.java:113)
	at org.eclipse.jetty.server.handler.HandlerWrapper.handle(HandlerWrapper.java:113)
	at org.eclipse.jetty.server.handler.HandlerWrapper.handle(HandlerWrapper.java:113)
	at org.eclipse.jetty.server.handler.HandlerWrapper.handle(HandlerWrapper.java:113)
	at org.eclipse.jetty.server.handler.HandlerWrapper.handle(HandlerWrapper.java:113)
	at org.eclipse.jetty.server.handler.HandlerWrapper.handle(HandlerWrapper.java:113)
	at org.eclipse.jetty.server.handler.HandlerWrapper.handle(HandlerWrapper.java:113)
	at org.eclipse.jetty.server.handler.HandlerWrapper.handle(HandlerWrapper.java:113)
	at org.eclipse.jetty.server.handler.HandlerWrapper.handle(HandlerWrapper.java:113)
	at org.eclipse.jetty.server.handler.HandlerWrapper.handle(HandlerWrapper.java:113)
	at org.eclipse.jetty.server.handler.HandlerWrapper.handle(HandlerWrapper.java:113)
	at org.eclipse.jetty.server.handler.HandlerWrapper.handle(HandlerWrapper.java:113)
	at org.eclipse.jetty.server.handler.HandlerWrapper.handle(HandlerWrapper.java:113)
	at org.eclipse.jetty.server.handler.HandlerWrapper.handle(HandlerWrapper.java:113)
	at org.eclipse.jetty.server.handler.HandlerWrapper.handle(HandlerWrapper.java:113)
	at org.eclipse.jetty.server.handler.HandlerWrapper.handle(HandlerWrapper.java:113)
	at org.eclipse.jetty.server.handler.HandlerWrapper.handle(HandlerWrapper.java:113)
	at org.eclipse.jetty.server.handler.HandlerWrapper.handle(HandlerWrapper.java:113)
	at org.eclipse.jetty.server.handler.HandlerWrapper.handle(HandlerWrapper.java:113)
	at org.eclipse.jetty.server.handler.HandlerWrapper.handle(HandlerWrapper.java:113)
	at org.eclipse.jetty.server.handler.HandlerWrapper.handle(HandlerWrapper.java:113)
	at org.eclipse.jetty.server.handler.HandlerWrapper.handle(HandlerWrapper.java:113)
	at org.eclipse.jetty.server.handler.HandlerWrapper.handle(HandlerWrapper.java:113)
	at org.eclipse.jetty.server.handler.HandlerWrapper.handle(HandlerWrapper.java:113)
	at org.eclipse.jetty.server.handler.HandlerWrapper.handle(HandlerWrapper.java:113)
	at org.eclipse.jetty.server.handler.HandlerWrapper.handle(HandlerWrapper.java:113)
	at org.eclipse.jetty.server.handler.HandlerWrapper.handle(HandlerWrapper.java:113)
	at org.eclipse.jetty.server.handler.HandlerWrapper.handle(HandlerWrapper.java:113)
	at org.eclipse.jetty.server.handler.HandlerWrapper.handle(HandlerWrapper.java:113)
	at org.eclipse.jetty.server.handler.HandlerWrapper.handle(HandlerWrapper.java:113)
	at org.eclipse.jetty.server.handler.HandlerWrapper.handle(HandlerWrapper.java:113)
	at org.eclipse.jetty.server.handler.HandlerWrapper.handle(HandlerWrapper.java:113)
	at org.eclipse.jetty.server.handler.HandlerWrapper.handle(HandlerWrapper.java:113)
	at org.eclipse.jetty.server.handler.HandlerWrapper.handle(HandlerWrapper.java:113)
	at org.eclipse.jetty.server.handler.HandlerWrapper.handle(HandlerWrapper.java:113)
	at org.eclipse.jetty.server.handler.HandlerWrapper.handle(HandlerWrapper.java:113)
	at org.eclipse.jetty.server.handler.HandlerWrapper.handle(HandlerWrapper.java:113)
	at org.eclipse.jetty.server.handler.HandlerWrapper.handle(HandlerWrapper.java:113)
	at org.eclipse.jetty.server.handler.HandlerWrapper.handle(HandlerWrapper.java:113)
	at org.eclipse.jetty.server.handler.HandlerWrapper.handle(HandlerWrapper.java:113)
	at org.eclipse.jetty.server.handler.HandlerWrapper.handle(HandlerWrapper.java:113)
	at org.eclipse.jetty.server.handler.HandlerWrapper.handle(HandlerWrapper.java:113)
	at org.eclipse.jetty.server.handler.HandlerWrapper.handle(HandlerWrapper.java:113)
	at org.eclipse.jetty.server.handler.HandlerWrapper.handle(HandlerWrapper.java:113)
	at org.eclipse.jetty.server.handler.HandlerWrapper.handle(HandlerWrapper.java:113)
	at org.eclipse.jetty.server.handler.HandlerWrapper.handle(HandlerWrapper.java:113)
	at org.eclipse.jetty.server.handler.HandlerWrapper.handle(HandlerWrapper.java:113)
	at org.eclipse.jetty.server.handler.HandlerWrapper.handle(HandlerWrapper.java:113)
	at org.eclipse.jetty.server.handler.HandlerWrapper.handle(HandlerWrapper.java:113)
	at org.eclipse.jetty.server.handler.HandlerWrapper.handle(HandlerWrapper.java:113)
	at org.eclipse.jetty.server.handler.HandlerWrapper.handle(HandlerWrapper.java:113)
	at org.eclipse.jetty.server.handler.HandlerWrapper.handle(HandlerWrapper.java:113)
	at org.eclipse.jetty.server.handler.HandlerWrapper.handle(HandlerWrapper.java:113)
	at org.eclipse.jetty.server.handler.HandlerWrapper.handle(HandlerWrapper.java:113)
	at org.eclipse.jetty.server.handler.HandlerWrapper.handle(HandlerWrapper.java:113)
	at org.eclipse.jetty.server.handler.HandlerWrapper.handle(HandlerWrapper.java:113)
	at org.eclipse.jetty.server.handler.HandlerWrapper.handle(HandlerWrapper.java:113)
	at org.eclipse.jetty.server.handler.HandlerWrapper.handle(HandlerWrapper.java:113)
	at org.eclipse.jetty.server.handler.HandlerWrapper.handle(HandlerWrapper.java:113)
	at org.eclipse.jetty.server.handler.HandlerWrapper.handle(HandlerWrapper.java:113)
	at org.eclipse.jetty.server.handler.HandlerWrapper.handle(HandlerWrapper.java:113)
	at org.eclipse.jetty.server.handler.HandlerWrapper.handle(HandlerWrapper.java:113)
	at org.eclipse.jetty.server.handler.HandlerWrapper.handle(HandlerWrapper.java:113)
	at org.eclipse.jetty.server.handler.HandlerWrapper.handle(HandlerWrapper.java:113)
	at org.eclipse.jetty.server.handler.HandlerWrapper.handle(HandlerWrapper.java:113)
	at org.eclipse.jetty.server.handler.HandlerWrapper.handle(HandlerWrapper.java:113)
	at org.eclipse.jetty.server.handler.HandlerWrapper.handle(HandlerWrapper.java:113)
	at org.eclipse.jetty.server.handler.HandlerWrapper.handle(HandlerWrapper.java:113)
	at org.eclipse.jetty.server.handler.HandlerWrapper.handle(HandlerWrapper.java:113)
	at org.eclipse.jetty.server.handler.HandlerWrapper.handle(HandlerWrapper.java:113)
	at org.eclipse.jetty.server.handler.HandlerWrapper.handle(HandlerWrapper.java:113)
	at org.eclipse.jetty.server.handler.HandlerWrapper.handle(HandlerWrapper.java:113)
	at org.eclipse.jetty.server.handler.HandlerWrapper.handle(HandlerWrapper.java:113)
	at org.eclipse.jetty.server.handler.HandlerWrapper.handle(HandlerWrapper.java:113)
	at org.eclipse.jetty.server.handler.HandlerWrapper.handle(HandlerWrapper.java:113)
	at org.eclipse.jetty.server.handler.HandlerWrapper.handle(HandlerWrapper.java:113)
	at org.eclipse.jetty.server.handler.HandlerWrapper.handle(HandlerWrapper.java:113)
	at org.eclipse.jetty.server.handler.HandlerWrapper.handle(HandlerWrapper.java:113)
	at org.eclipse.jetty.server.handler.HandlerWrapper.handle(HandlerWrapper.java:113)
	at org.eclipse.jetty.server.handler.HandlerWrapper.handle(HandlerWrapper.java:113)
	at org.eclipse.jetty.server.handler.HandlerWrapper.handle(HandlerWrapper.java:113)
	at org.eclipse.jetty.server.handler.HandlerWrapper.handle(HandlerWrapper.java:113)
	at org.eclipse.jetty.server.handler.HandlerWrapper.handle(HandlerWrapper.java:113)
	at org.eclipse.jetty.server.handler.HandlerWrapper.handle(HandlerWrapper.java:113)
	at org.eclipse.jetty.server.handler.HandlerWrapper.handle(HandlerWrapper.java:113)
	at org.eclipse.jetty.server.handler.HandlerWrapper.handle(HandlerWrapper.java:113)
	at org.eclipse.jetty.server.handler.HandlerWrapper.handle(HandlerWrapper.java:113)
	at org.eclipse.jetty.server.handler.HandlerWrapper.handle(HandlerWrapper.java:113)
	at org.eclipse.jetty.server.handler.HandlerWrapper.handle(HandlerWrapper.java:113)
	at org.eclipse.jetty.server.handler.HandlerWrapper.handle(HandlerWrapper.java:113)
	at org.eclipse.jetty.server.handler.HandlerWrapper.handle(HandlerWrapper.java:113)
	at org.eclipse.jetty.server.handler.HandlerWrapper.handle(HandlerWrapper.java:113)
	at org.eclipse.jetty.server.handler.HandlerWrapper.handle(HandlerWrapper.java:113)
	at org.eclipse.jetty.server.handler.HandlerWrapper.handle(HandlerWrapper.java:113)
	at org.eclipse.jetty.server.handler.HandlerWrapper.handle(HandlerWrapper.java:113)
	at org.eclipse.jetty.server.handler.HandlerWrapper.handle(HandlerWrapper.java:113)
	at org.eclipse.jetty.server.handler.HandlerWrapper.handle(HandlerWrapper.java:113)
	at org.eclipse.jetty.server.handler.HandlerWrapper.handle(HandlerWrapper.java:113)
	at org.eclipse.jetty.server.handler.HandlerWrapper.handle(HandlerWrapper.java:113)
	at org.eclipse.jetty.server.handler.HandlerWrapper.handle(HandlerWrapper.java:113)
	at org.eclipse.jetty.server.handler.HandlerWrapper.handle(HandlerWrapper.java:113)
	at org.eclipse.jetty.server.handler.HandlerWrapper.handle(HandlerWrapper.java:113)
	at org.eclipse.jetty.server.handler.HandlerWrapper.handle(HandlerWrapper.java:113)
	at org.eclipse.jetty.server.handler.HandlerWrapper.handle(HandlerWrapper.java:113)
	at org.eclipse.jetty.server.handler.HandlerWrapper.handle(HandlerWrapper.java:113)
	at org.eclipse.jetty.server.handler.HandlerWrapper.handle(HandlerWrapper.java:113)
	at org.eclipse.jetty.server.handler.HandlerWrapper.handle(HandlerWrapper.java:113)
	at org.eclipse.jetty.server.handler.HandlerWrapper.handle(HandlerWrapper.java:113)
	at org.eclipse.jetty.server.handler.HandlerWrapper.handle(HandlerWrapper.java:113)
	at org.eclipse.jetty.server.handler.HandlerWrapper.handle(HandlerWrapper.java:113)
	at org.eclipse.jetty.server.handler.HandlerWrapper.handle(HandlerWrapper.java:113)
	at org.eclipse.jetty.server.handler.HandlerWrapper.handle(HandlerWrapper.java:113)
	at org.eclipse.jetty.server.handler.HandlerWrapper.handle(HandlerWrapper.java:113)
	at org.eclipse.jetty.server.handler.HandlerWrapper.handle(HandlerWrapper.java:113)
	at org.eclipse.jetty.server.handler.HandlerWrapper.handle(HandlerWrapper.java:113)
	at org.eclipse.jetty.server.handler.HandlerWrapper.handle(HandlerWrapper.java:113)
	at org.eclipse.jetty.server.handler.HandlerWrapper.handle(HandlerWrapper.java:113)
	at org.eclipse.jetty.server.handler.HandlerWrapper.handle(HandlerWrapper.java:113)
	at org.eclipse.jetty.server.handler.HandlerWrapper.handle(HandlerWrapper.java:113)
	at org.eclipse.jetty.server.handler.HandlerWrapper.handle(HandlerWrapper.java:113)
	at org.eclipse.jetty.server.handler.HandlerWrapper.handle(HandlerWrapper.java:113)
	at org.eclipse.jetty.server.handler.HandlerWrapper.handle(HandlerWrapper.java:113)
	at org.eclipse.jetty.server.handler.HandlerWrapper.handle(HandlerWrapper.java:113)
	at org.eclipse.jetty.server.handler.HandlerWrapper.handle(HandlerWrapper.java:113)
	at org.eclipse.jetty.server.handler.HandlerWrapper.handle(HandlerWrapper.java:113)
	at org.eclipse.jetty.server.handler.HandlerWrapper.handle(HandlerWrapper.java:113)
	at org.eclipse.jetty.server.handler.HandlerWrapper.handle(HandlerWrapper.java:113)
	at org.eclipse.jetty.server.handler.HandlerWrapper.handle(HandlerWrapper.java:113)
	at org.eclipse.jetty.server.handler.HandlerWrapper.handle(HandlerWrapper.java:113)
	at org.eclipse.jetty.server.handler.HandlerWrapper.handle(HandlerWrapper.java:113)
	at org.eclipse.jetty.server.handler.HandlerWrapper.handle(HandlerWrapper.java:113)
	at org.eclipse.jetty.server.handler.HandlerWrapper.handle(HandlerWrapper.java:113)
	at org.eclipse.jetty.server.handler.HandlerWrapper.handle(HandlerWrapper.java:113)
	at org.eclipse.jetty.server.handler.HandlerWrapper.handle(HandlerWrapper.java:113)
	at org.eclipse.jetty.server.handler.HandlerWrapper.handle(HandlerWrapper.java:113)
	at org.eclipse.jetty.server.handler.HandlerWrapper.handle(HandlerWrapper.java:113)
	at org.eclipse.jetty.server.handler.HandlerWrapper.handle(HandlerWrapper.java:113)
	at org.eclipse.jetty.server.handler.HandlerWrapper.handle(HandlerWrapper.java:113)
	at org.eclipse.jetty.server.handler.HandlerWrapper.handle(HandlerWrapper.java:113)
	at org.eclipse.jetty.server.handler.HandlerWrapper.handle(HandlerWrapper.java:113)
	at org.eclipse.jetty.server.handler.HandlerWrapper.handle(HandlerWrapper.java:113)
	at org.eclipse.jetty.server.handler.HandlerWrapper.handle(HandlerWrapper.java:113)
	at org.eclipse.jetty.server.handler.HandlerWrapper.handle(HandlerWrapper.java:113)
	at org.eclipse.jetty.server.handler.HandlerWrapper.handle(HandlerWrapper.java:113)
	at org.eclipse.jetty.server.handler.HandlerWrapper.handle(HandlerWrapper.java:113)
	at org.eclipse.jetty.server.handler.HandlerWrapper.handle(HandlerWrapper.java:113)
	at org.eclipse.jetty.server.handler.HandlerWrapper.handle(HandlerWrapper.java:113)
	at org.eclipse.jetty.server.handler.HandlerWrapper.handle(HandlerWrapper.java:113)
	at org.eclipse.jetty.server.handler.HandlerWrapper.handle(HandlerWrapper.java:113)
	at org.eclipse.jetty.server.handler.HandlerWrapper.handle(HandlerWrapper.java:113)
	at org.eclipse.jetty.server.handler.HandlerWrapper.handle(HandlerWrapper.java:113)
	at org.eclipse.jetty.server.handler.HandlerWrapper.handle(HandlerWrapper.java:113)
	at org.eclipse.jetty.server.handler.HandlerWrapper.handle(HandlerWrapper.java:113)
	at org.eclipse.jetty.server.handler.HandlerWrapper.handle(HandlerWrapper.java:113)
	at org.eclipse.jetty.server.handler.HandlerWrapper.handle(HandlerWrapper.java:113)
	at org.eclipse.jetty.server.handler.HandlerWrapper.handle(HandlerWrapper.java:113)
	at org.eclipse.jetty.server.handler.HandlerWrapper.handle(HandlerWrapper.java:113)
	at org.eclipse.jetty.server.handler.HandlerWrapper.handle(HandlerWrapper.java:113)
	at org.eclipse.jetty.server.handler.HandlerWrapper.handle(HandlerWrapper.java:113)
	at org.eclipse.jetty.server.handler.HandlerWrapper.handle(HandlerWrapper.java:113)
	at org.eclipse.jetty.server.handler.HandlerWrapper.handle(HandlerWrapper.java:113)
	at org.eclipse.jetty.server.handler.HandlerWrapper.handle(HandlerWrapper.java:113)
	at org.eclipse.jetty.server.handler.HandlerWrapper.handle(HandlerWrapper.java:113)
	at org.eclipse.jetty.server.handler.HandlerWrapper.handle(HandlerWrapper.java:113)
	at org.eclipse.jetty.server.handler.HandlerWrapper.handle(HandlerWrapper.java:113)
	at org.eclipse.jetty.server.handler.HandlerWrapper.handle(HandlerWrapper.java:113)
	at org.eclipse.jetty.server.handler.HandlerWrapper.handle(HandlerWrapper.java:113)
	at org.eclipse.jetty.server.handler.HandlerWrapper.handle(HandlerWrapper.java:113)
	at org.eclipse.jetty.server.handler.HandlerWrapper.handle(HandlerWrapper.java:113)
	at org.eclipse.jetty.server.handler.HandlerWrapper.handle(HandlerWrapper.java:113)
	at org.eclipse.jetty.server.handler.HandlerWrapper.handle(HandlerWrapper.java:113)
	at org.eclipse.jetty.server.handler.HandlerWrapper.handle(HandlerWrapper.java:113)
	at org.eclipse.jetty.server.handler.HandlerWrapper.handle(HandlerWrapper.java:113)
	at org.eclipse.jetty.server.handler.HandlerWrapper.handle(HandlerWrapper.java:113)
	at org.eclipse.jetty.server.handler.HandlerWrapper.handle(HandlerWrapper.java:113)
	at org.eclipse.jetty.server.handler.HandlerWrapper.handle(HandlerWrapper.java:113)
	at org.eclipse.jetty.server.handler.HandlerWrapper.handle(HandlerWrapper.java:113)
	at org.eclipse.jetty.server.handler.HandlerWrapper.handle(HandlerWrapper.java:113)
	at org.eclipse.jetty.server.handler.HandlerWrapper.handle(HandlerWrapper.java:113)
	at org.eclipse.jetty.server.handler.HandlerWrapper.handle(HandlerWrapper.java:113)
	at org.eclipse.jetty.server.handler.HandlerWrapper.handle(HandlerWrapper.java:113)
	at org.eclipse.jetty.server.handler.HandlerWrapper.handle(HandlerWrapper.java:113)
	at org.eclipse.jetty.server.handler.HandlerWrapper.handle(HandlerWrapper.java:113)
	at org.eclipse.jetty.server.handler.HandlerWrapper.handle(HandlerWrapper.java:113)
	at org.eclipse.jetty.server.handler.HandlerWrapper.handle(HandlerWrapper.java:113)
	at org.eclipse.jetty.server.handler.HandlerWrapper.handle(HandlerWrapper.java:113)
	at org.eclipse.jetty.server.handler.HandlerWrapper.handle(HandlerWrapper.java:113)
	at org.eclipse.jetty.server.handler.HandlerWrapper.handle(HandlerWrapper.java:113)
	at org.eclipse.jetty.server.handler.HandlerWrapper.handle(HandlerWrapper.java:113)
	at org.eclipse.jetty.server.handler.HandlerWrapper.handle(HandlerWrapper.java:113)
	at org.eclipse.jetty.server.handler.HandlerWrapper.handle(HandlerWrapper.java:113)
	at org.eclipse.jetty.server.handler.HandlerWrapper.handle(HandlerWrapper.java:113)
	at org.eclipse.jetty.server.handler.HandlerWrapper.handle(HandlerWrapper.java:113)
	at org.eclipse.jetty.server.handler.HandlerWrapper.handle(HandlerWrapper.java:113)
	at org.eclipse.jetty.server.handler.HandlerWrapper.handle(HandlerWrapper.java:113)
	at org.eclipse.jetty.server.handler.HandlerWrapper.handle(HandlerWrapper.java:113)
	at org.eclipse.jetty.server.handler.HandlerWrapper.handle(HandlerWrapper.java:113)
	at org.eclipse.jetty.server.handler.HandlerWrapper.handle(HandlerWrapper.java:113)
	at org.eclipse.jetty.server.handler.HandlerWrapper.handle(HandlerWrapper.java:113)
	at org.eclipse.jetty.server.handler.HandlerWrapper.handle(HandlerWrapper.java:113)
	at org.eclipse.jetty.server.handler.HandlerWrapper.handle(HandlerWrapper.java:113)
	at org.eclipse.jetty.server.handler.HandlerWrapper.handle(HandlerWrapper.java:113)
	at org.eclipse.jetty.server.handler.HandlerWrapper.handle(HandlerWrapper.java:113)
	at org.eclipse.jetty.server.handler.HandlerWrapper.handle(HandlerWrapper.java:113)
	at org.eclipse.jetty.server.handler.HandlerWrapper.handle(HandlerWrapper.java:113)
	at org.eclipse.jetty.server.handler.HandlerWrapper.handle(HandlerWrapper.java:113)
	at org.eclipse.jetty.server.handler.HandlerWrapper.handle(HandlerWrapper.java:113)
	at org.eclipse.jetty.server.handler.HandlerWrapper.handle(HandlerWrapper.java:113)
	at org.eclipse.jetty.server.handler.HandlerWrapper.handle(HandlerWrapper.java:113)
	at org.eclipse.jetty.server.handler.HandlerWrapper.handle(HandlerWrapper.java:113)
	at org.eclipse.jetty.server.handler.HandlerWrapper.handle(HandlerWrapper.java:113)
	at org.eclipse.jetty.server.handler.HandlerWrapper.handle(HandlerWrapper.java:113)
	at org.eclipse.jetty.server.handler.HandlerWrapper.handle(HandlerWrapper.java:113)
	at org.eclipse.jetty.server.handler.HandlerWrapper.handle(HandlerWrapper.java:113)
	at org.eclipse.jetty.server.handler.HandlerWrapper.handle(HandlerWrapper.java:113)
15-04-12 20:54:34 INFO  log main - Logging initialized @890ms
15-04-12 20:54:34 INFO  Server main - jetty-9.3.0.M2
15-04-12 20:54:34 INFO  ServerConnector main - Started ServerConnector@e6d02f4{HTTP/1.1,[http/1.1]}{0.0.0.0:8080}
15-04-12 20:54:34 INFO  Server main - Started @1043ms
15-04-12 20:54:37 WARN  HttpChannel qtp990416209-14 - //localhost:8080/
java.lang.StackOverflowError
	at org.eclipse.jetty.server.handler.HandlerWrapper.handle(HandlerWrapper.java:113)
	at org.eclipse.jetty.server.handler.HandlerWrapper.handle(HandlerWrapper.java:113)
	at org.eclipse.jetty.server.handler.HandlerWrapper.handle(HandlerWrapper.java:113)
	at org.eclipse.jetty.server.handler.HandlerWrapper.handle(HandlerWrapper.java:113)
	at org.eclipse.jetty.server.handler.HandlerWrapper.handle(HandlerWrapper.java:113)
	at org.eclipse.jetty.server.handler.HandlerWrapper.handle(HandlerWrapper.java:113)
	at org.eclipse.jetty.server.handler.HandlerWrapper.handle(HandlerWrapper.java:113)
	at org.eclipse.jetty.server.handler.HandlerWrapper.handle(HandlerWrapper.java:113)
	at org.eclipse.jetty.server.handler.HandlerWrapper.handle(HandlerWrapper.java:113)
	at org.eclipse.jetty.server.handler.HandlerWrapper.handle(HandlerWrapper.java:113)
	at org.eclipse.jetty.server.handler.HandlerWrapper.handle(HandlerWrapper.java:113)
	at org.eclipse.jetty.server.handler.HandlerWrapper.handle(HandlerWrapper.java:113)
	at org.eclipse.jetty.server.handler.HandlerWrapper.handle(HandlerWrapper.java:113)
	at org.eclipse.jetty.server.handler.HandlerWrapper.handle(HandlerWrapper.java:113)
	at org.eclipse.jetty.server.handler.HandlerWrapper.handle(HandlerWrapper.java:113)
	at org.eclipse.jetty.server.handler.HandlerWrapper.handle(HandlerWrapper.java:113)
	at org.eclipse.jetty.server.handler.HandlerWrapper.handle(HandlerWrapper.java:113)
	at org.eclipse.jetty.server.handler.HandlerWrapper.handle(HandlerWrapper.java:113)
	at org.eclipse.jetty.server.handler.HandlerWrapper.handle(HandlerWrapper.java:113)
	at org.eclipse.jetty.server.handler.HandlerWrapper.handle(HandlerWrapper.java:113)
	at org.eclipse.jetty.server.handler.HandlerWrapper.handle(HandlerWrapper.java:113)
	at org.eclipse.jetty.server.handler.HandlerWrapper.handle(HandlerWrapper.java:113)
	at org.eclipse.jetty.server.handler.HandlerWrapper.handle(HandlerWrapper.java:113)
	at org.eclipse.jetty.server.handler.HandlerWrapper.handle(HandlerWrapper.java:113)
	at org.eclipse.jetty.server.handler.HandlerWrapper.handle(HandlerWrapper.java:113)
	at org.eclipse.jetty.server.handler.HandlerWrapper.handle(HandlerWrapper.java:113)
	at org.eclipse.jetty.server.handler.HandlerWrapper.handle(HandlerWrapper.java:113)
	at org.eclipse.jetty.server.handler.HandlerWrapper.handle(HandlerWrapper.java:113)
	at org.eclipse.jetty.server.handler.HandlerWrapper.handle(HandlerWrapper.java:113)
	at org.eclipse.jetty.server.handler.HandlerWrapper.handle(HandlerWrapper.java:113)
	at org.eclipse.jetty.server.handler.HandlerWrapper.handle(HandlerWrapper.java:113)
	at org.eclipse.jetty.server.handler.HandlerWrapper.handle(HandlerWrapper.java:113)
	at org.eclipse.jetty.server.handler.HandlerWrapper.handle(HandlerWrapper.java:113)
	at org.eclipse.jetty.server.handler.HandlerWrapper.handle(HandlerWrapper.java:113)
	at org.eclipse.jetty.server.handler.HandlerWrapper.handle(HandlerWrapper.java:113)
	at org.eclipse.jetty.server.handler.HandlerWrapper.handle(HandlerWrapper.java:113)
	at org.eclipse.jetty.server.handler.HandlerWrapper.handle(HandlerWrapper.java:113)
	at org.eclipse.jetty.server.handler.HandlerWrapper.handle(HandlerWrapper.java:113)
	at org.eclipse.jetty.server.handler.HandlerWrapper.handle(HandlerWrapper.java:113)
	at org.eclipse.jetty.server.handler.HandlerWrapper.handle(HandlerWrapper.java:113)
	at org.eclipse.jetty.server.handler.HandlerWrapper.handle(HandlerWrapper.java:113)
	at org.eclipse.jetty.server.handler.HandlerWrapper.handle(HandlerWrapper.java:113)
	at org.eclipse.jetty.server.handler.HandlerWrapper.handle(HandlerWrapper.java:113)
	at org.eclipse.jetty.server.handler.HandlerWrapper.handle(HandlerWrapper.java:113)
	at org.eclipse.jetty.server.handler.HandlerWrapper.handle(HandlerWrapper.java:113)
	at org.eclipse.jetty.server.handler.HandlerWrapper.handle(HandlerWrapper.java:113)
	at org.eclipse.jetty.server.handler.HandlerWrapper.handle(HandlerWrapper.java:113)
	at org.eclipse.jetty.server.handler.HandlerWrapper.handle(HandlerWrapper.java:113)
	at org.eclipse.jetty.server.handler.HandlerWrapper.handle(HandlerWrapper.java:113)
	at org.eclipse.jetty.server.handler.HandlerWrapper.handle(HandlerWrapper.java:113)
	at org.eclipse.jetty.server.handler.HandlerWrapper.handle(HandlerWrapper.java:113)
	at org.eclipse.jetty.server.handler.HandlerWrapper.handle(HandlerWrapper.java:113)
	at org.eclipse.jetty.server.handler.HandlerWrapper.handle(HandlerWrapper.java:113)
	at org.eclipse.jetty.server.handler.HandlerWrapper.handle(HandlerWrapper.java:113)
	at org.eclipse.jetty.server.handler.HandlerWrapper.handle(HandlerWrapper.java:113)
	at org.eclipse.jetty.server.handler.HandlerWrapper.handle(HandlerWrapper.java:113)
	at org.eclipse.jetty.server.handler.HandlerWrapper.handle(HandlerWrapper.java:113)
	at org.eclipse.jetty.server.handler.HandlerWrapper.handle(HandlerWrapper.java:113)
	at org.eclipse.jetty.server.handler.HandlerWrapper.handle(HandlerWrapper.java:113)
	at org.eclipse.jetty.server.handler.HandlerWrapper.handle(HandlerWrapper.java:113)
	at org.eclipse.jetty.server.handler.HandlerWrapper.handle(HandlerWrapper.java:113)
	at org.eclipse.jetty.server.handler.HandlerWrapper.handle(HandlerWrapper.java:113)
	at org.eclipse.jetty.server.handler.HandlerWrapper.handle(HandlerWrapper.java:113)
	at org.eclipse.jetty.server.handler.HandlerWrapper.handle(HandlerWrapper.java:113)
	at org.eclipse.jetty.server.handler.HandlerWrapper.handle(HandlerWrapper.java:113)
	at org.eclipse.jetty.server.handler.HandlerWrapper.handle(HandlerWrapper.java:113)
	at org.eclipse.jetty.server.handler.HandlerWrapper.handle(HandlerWrapper.java:113)
	at org.eclipse.jetty.server.handler.HandlerWrapper.handle(HandlerWrapper.java:113)
	at org.eclipse.jetty.server.handler.HandlerWrapper.handle(HandlerWrapper.java:113)
	at org.eclipse.jetty.server.handler.HandlerWrapper.handle(HandlerWrapper.java:113)
	at org.eclipse.jetty.server.handler.HandlerWrapper.handle(HandlerWrapper.java:113)
	at org.eclipse.jetty.server.handler.HandlerWrapper.handle(HandlerWrapper.java:113)
	at org.eclipse.jetty.server.handler.HandlerWrapper.handle(HandlerWrapper.java:113)
	at org.eclipse.jetty.server.handler.HandlerWrapper.handle(HandlerWrapper.java:113)
	at org.eclipse.jetty.server.handler.HandlerWrapper.handle(HandlerWrapper.java:113)
	at org.eclipse.jetty.server.handler.HandlerWrapper.handle(HandlerWrapper.java:113)
	at org.eclipse.jetty.server.handler.HandlerWrapper.handle(HandlerWrapper.java:113)
	at org.eclipse.jetty.server.handler.HandlerWrapper.handle(HandlerWrapper.java:113)
	at org.eclipse.jetty.server.handler.HandlerWrapper.handle(HandlerWrapper.java:113)
	at org.eclipse.jetty.server.handler.HandlerWrapper.handle(HandlerWrapper.java:113)
	at org.eclipse.jetty.server.handler.HandlerWrapper.handle(HandlerWrapper.java:113)
	at org.eclipse.jetty.server.handler.HandlerWrapper.handle(HandlerWrapper.java:113)
	at org.eclipse.jetty.server.handler.HandlerWrapper.handle(HandlerWrapper.java:113)
	at org.eclipse.jetty.server.handler.HandlerWrapper.handle(HandlerWrapper.java:113)
	at org.eclipse.jetty.server.handler.HandlerWrapper.handle(HandlerWrapper.java:113)
	at org.eclipse.jetty.server.handler.HandlerWrapper.handle(HandlerWrapper.java:113)
	at org.eclipse.jetty.server.handler.HandlerWrapper.handle(HandlerWrapper.java:113)
	at org.eclipse.jetty.server.handler.HandlerWrapper.handle(HandlerWrapper.java:113)
	at org.eclipse.jetty.server.handler.HandlerWrapper.handle(HandlerWrapper.java:113)
	at org.eclipse.jetty.server.handler.HandlerWrapper.handle(HandlerWrapper.java:113)
	at org.eclipse.jetty.server.handler.HandlerWrapper.handle(HandlerWrapper.java:113)
	at org.eclipse.jetty.server.handler.HandlerWrapper.handle(HandlerWrapper.java:113)
	at org.eclipse.jetty.server.handler.HandlerWrapper.handle(HandlerWrapper.java:113)
	at org.eclipse.jetty.server.handler.HandlerWrapper.handle(HandlerWrapper.java:113)
	at org.eclipse.jetty.server.handler.HandlerWrapper.handle(HandlerWrapper.java:113)
	at org.eclipse.jetty.server.handler.HandlerWrapper.handle(HandlerWrapper.java:113)
	at org.eclipse.jetty.server.handler.HandlerWrapper.handle(HandlerWrapper.java:113)
	at org.eclipse.jetty.server.handler.HandlerWrapper.handle(HandlerWrapper.java:113)
	at org.eclipse.jetty.server.handler.HandlerWrapper.handle(HandlerWrapper.java:113)
	at org.eclipse.jetty.server.handler.HandlerWrapper.handle(HandlerWrapper.java:113)
	at org.eclipse.jetty.server.handler.HandlerWrapper.handle(HandlerWrapper.java:113)
	at org.eclipse.jetty.server.handler.HandlerWrapper.handle(HandlerWrapper.java:113)
	at org.eclipse.jetty.server.handler.HandlerWrapper.handle(HandlerWrapper.java:113)
	at org.eclipse.jetty.server.handler.HandlerWrapper.handle(HandlerWrapper.java:113)
	at org.eclipse.jetty.server.handler.HandlerWrapper.handle(HandlerWrapper.java:113)
	at org.eclipse.jetty.server.handler.HandlerWrapper.handle(HandlerWrapper.java:113)
	at org.eclipse.jetty.server.handler.HandlerWrapper.handle(HandlerWrapper.java:113)
	at org.eclipse.jetty.server.handler.HandlerWrapper.handle(HandlerWrapper.java:113)
	at org.eclipse.jetty.server.handler.HandlerWrapper.handle(HandlerWrapper.java:113)
	at org.eclipse.jetty.server.handler.HandlerWrapper.handle(HandlerWrapper.java:113)
	at org.eclipse.jetty.server.handler.HandlerWrapper.handle(HandlerWrapper.java:113)
	at org.eclipse.jetty.server.handler.HandlerWrapper.handle(HandlerWrapper.java:113)
	at org.eclipse.jetty.server.handler.HandlerWrapper.handle(HandlerWrapper.java:113)
	at org.eclipse.jetty.server.handler.HandlerWrapper.handle(HandlerWrapper.java:113)
	at org.eclipse.jetty.server.handler.HandlerWrapper.handle(HandlerWrapper.java:113)
	at org.eclipse.jetty.server.handler.HandlerWrapper.handle(HandlerWrapper.java:113)
	at org.eclipse.jetty.server.handler.HandlerWrapper.handle(HandlerWrapper.java:113)
	at org.eclipse.jetty.server.handler.HandlerWrapper.handle(HandlerWrapper.java:113)
	at org.eclipse.jetty.server.handler.HandlerWrapper.handle(HandlerWrapper.java:113)
	at org.eclipse.jetty.server.handler.HandlerWrapper.handle(HandlerWrapper.java:113)
	at org.eclipse.jetty.server.handler.HandlerWrapper.handle(HandlerWrapper.java:113)
	at org.eclipse.jetty.server.handler.HandlerWrapper.handle(HandlerWrapper.java:113)
	at org.eclipse.jetty.server.handler.HandlerWrapper.handle(HandlerWrapper.java:113)
	at org.eclipse.jetty.server.handler.HandlerWrapper.handle(HandlerWrapper.java:113)
	at org.eclipse.jetty.server.handler.HandlerWrapper.handle(HandlerWrapper.java:113)
	at org.eclipse.jetty.server.handler.HandlerWrapper.handle(HandlerWrapper.java:113)
	at org.eclipse.jetty.server.handler.HandlerWrapper.handle(HandlerWrapper.java:113)
	at org.eclipse.jetty.server.handler.HandlerWrapper.handle(HandlerWrapper.java:113)
	at org.eclipse.jetty.server.handler.HandlerWrapper.handle(HandlerWrapper.java:113)
	at org.eclipse.jetty.server.handler.HandlerWrapper.handle(HandlerWrapper.java:113)
	at org.eclipse.jetty.server.handler.HandlerWrapper.handle(HandlerWrapper.java:113)
	at org.eclipse.jetty.server.handler.HandlerWrapper.handle(HandlerWrapper.java:113)
	at org.eclipse.jetty.server.handler.HandlerWrapper.handle(HandlerWrapper.java:113)
	at org.eclipse.jetty.server.handler.HandlerWrapper.handle(HandlerWrapper.java:113)
	at org.eclipse.jetty.server.handler.HandlerWrapper.handle(HandlerWrapper.java:113)
	at org.eclipse.jetty.server.handler.HandlerWrapper.handle(HandlerWrapper.java:113)
	at org.eclipse.jetty.server.handler.HandlerWrapper.handle(HandlerWrapper.java:113)
	at org.eclipse.jetty.server.handler.HandlerWrapper.handle(HandlerWrapper.java:113)
	at org.eclipse.jetty.server.handler.HandlerWrapper.handle(HandlerWrapper.java:113)
	at org.eclipse.jetty.server.handler.HandlerWrapper.handle(HandlerWrapper.java:113)
	at org.eclipse.jetty.server.handler.HandlerWrapper.handle(HandlerWrapper.java:113)
	at org.eclipse.jetty.server.handler.HandlerWrapper.handle(HandlerWrapper.java:113)
	at org.eclipse.jetty.server.handler.HandlerWrapper.handle(HandlerWrapper.java:113)
	at org.eclipse.jetty.server.handler.HandlerWrapper.handle(HandlerWrapper.java:113)
	at org.eclipse.jetty.server.handler.HandlerWrapper.handle(HandlerWrapper.java:113)
	at org.eclipse.jetty.server.handler.HandlerWrapper.handle(HandlerWrapper.java:113)
	at org.eclipse.jetty.server.handler.HandlerWrapper.handle(HandlerWrapper.java:113)
	at org.eclipse.jetty.server.handler.HandlerWrapper.handle(HandlerWrapper.java:113)
	at org.eclipse.jetty.server.handler.HandlerWrapper.handle(HandlerWrapper.java:113)
	at org.eclipse.jetty.server.handler.HandlerWrapper.handle(HandlerWrapper.java:113)
	at org.eclipse.jetty.server.handler.HandlerWrapper.handle(HandlerWrapper.java:113)
	at org.eclipse.jetty.server.handler.HandlerWrapper.handle(HandlerWrapper.java:113)
	at org.eclipse.jetty.server.handler.HandlerWrapper.handle(HandlerWrapper.java:113)
	at org.eclipse.jetty.server.handler.HandlerWrapper.handle(HandlerWrapper.java:113)
	at org.eclipse.jetty.server.handler.HandlerWrapper.handle(HandlerWrapper.java:113)
	at org.eclipse.jetty.server.handler.HandlerWrapper.handle(HandlerWrapper.java:113)
	at org.eclipse.jetty.server.handler.HandlerWrapper.handle(HandlerWrapper.java:113)
	at org.eclipse.jetty.server.handler.HandlerWrapper.handle(HandlerWrapper.java:113)
	at org.eclipse.jetty.server.handler.HandlerWrapper.handle(HandlerWrapper.java:113)
	at org.eclipse.jetty.server.handler.HandlerWrapper.handle(HandlerWrapper.java:113)
	at org.eclipse.jetty.server.handler.HandlerWrapper.handle(HandlerWrapper.java:113)
	at org.eclipse.jetty.server.handler.HandlerWrapper.handle(HandlerWrapper.java:113)
	at org.eclipse.jetty.server.handler.HandlerWrapper.handle(HandlerWrapper.java:113)
	at org.eclipse.jetty.server.handler.HandlerWrapper.handle(HandlerWrapper.java:113)
	at org.eclipse.jetty.server.handler.HandlerWrapper.handle(HandlerWrapper.java:113)
	at org.eclipse.jetty.server.handler.HandlerWrapper.handle(HandlerWrapper.java:113)
	at org.eclipse.jetty.server.handler.HandlerWrapper.handle(HandlerWrapper.java:113)
	at org.eclipse.jetty.server.handler.HandlerWrapper.handle(HandlerWrapper.java:113)
	at org.eclipse.jetty.server.handler.HandlerWrapper.handle(HandlerWrapper.java:113)
	at org.eclipse.jetty.server.handler.HandlerWrapper.handle(HandlerWrapper.java:113)
	at org.eclipse.jetty.server.handler.HandlerWrapper.handle(HandlerWrapper.java:113)
	at org.eclipse.jetty.server.handler.HandlerWrapper.handle(HandlerWrapper.java:113)
	at org.eclipse.jetty.server.handler.HandlerWrapper.handle(HandlerWrapper.java:113)
	at org.eclipse.jetty.server.handler.HandlerWrapper.handle(HandlerWrapper.java:113)
	at org.eclipse.jetty.server.handler.HandlerWrapper.handle(HandlerWrapper.java:113)
	at org.eclipse.jetty.server.handler.HandlerWrapper.handle(HandlerWrapper.java:113)
	at org.eclipse.jetty.server.handler.HandlerWrapper.handle(HandlerWrapper.java:113)
	at org.eclipse.jetty.server.handler.HandlerWrapper.handle(HandlerWrapper.java:113)
	at org.eclipse.jetty.server.handler.HandlerWrapper.handle(HandlerWrapper.java:113)
	at org.eclipse.jetty.server.handler.HandlerWrapper.handle(HandlerWrapper.java:113)
	at org.eclipse.jetty.server.handler.HandlerWrapper.handle(HandlerWrapper.java:113)
	at org.eclipse.jetty.server.handler.HandlerWrapper.handle(HandlerWrapper.java:113)
	at org.eclipse.jetty.server.handler.HandlerWrapper.handle(HandlerWrapper.java:113)
	at org.eclipse.jetty.server.handler.HandlerWrapper.handle(HandlerWrapper.java:113)
	at org.eclipse.jetty.server.handler.HandlerWrapper.handle(HandlerWrapper.java:113)
	at org.eclipse.jetty.server.handler.HandlerWrapper.handle(HandlerWrapper.java:113)
	at org.eclipse.jetty.server.handler.HandlerWrapper.handle(HandlerWrapper.java:113)
	at org.eclipse.jetty.server.handler.HandlerWrapper.handle(HandlerWrapper.java:113)
	at org.eclipse.jetty.server.handler.HandlerWrapper.handle(HandlerWrapper.java:113)
	at org.eclipse.jetty.server.handler.HandlerWrapper.handle(HandlerWrapper.java:113)
	at org.eclipse.jetty.server.handler.HandlerWrapper.handle(HandlerWrapper.java:113)
	at org.eclipse.jetty.server.handler.HandlerWrapper.handle(HandlerWrapper.java:113)
	at org.eclipse.jetty.server.handler.HandlerWrapper.handle(HandlerWrapper.java:113)
	at org.eclipse.jetty.server.handler.HandlerWrapper.handle(HandlerWrapper.java:113)
	at org.eclipse.jetty.server.handler.HandlerWrapper.handle(HandlerWrapper.java:113)
	at org.eclipse.jetty.server.handler.HandlerWrapper.handle(HandlerWrapper.java:113)
	at org.eclipse.jetty.server.handler.HandlerWrapper.handle(HandlerWrapper.java:113)
	at org.eclipse.jetty.server.handler.HandlerWrapper.handle(HandlerWrapper.java:113)
	at org.eclipse.jetty.server.handler.HandlerWrapper.handle(HandlerWrapper.java:113)
	at org.eclipse.jetty.server.handler.HandlerWrapper.handle(HandlerWrapper.java:113)
	at org.eclipse.jetty.server.handler.HandlerWrapper.handle(HandlerWrapper.java:113)
	at org.eclipse.jetty.server.handler.HandlerWrapper.handle(HandlerWrapper.java:113)
	at org.eclipse.jetty.server.handler.HandlerWrapper.handle(HandlerWrapper.java:113)
	at org.eclipse.jetty.server.handler.HandlerWrapper.handle(HandlerWrapper.java:113)
	at org.eclipse.jetty.server.handler.HandlerWrapper.handle(HandlerWrapper.java:113)
	at org.eclipse.jetty.server.handler.HandlerWrapper.handle(HandlerWrapper.java:113)
	at org.eclipse.jetty.server.handler.HandlerWrapper.handle(HandlerWrapper.java:113)
	at org.eclipse.jetty.server.handler.HandlerWrapper.handle(HandlerWrapper.java:113)
	at org.eclipse.jetty.server.handler.HandlerWrapper.handle(HandlerWrapper.java:113)
	at org.eclipse.jetty.server.handler.HandlerWrapper.handle(HandlerWrapper.java:113)
	at org.eclipse.jetty.server.handler.HandlerWrapper.handle(HandlerWrapper.java:113)
	at org.eclipse.jetty.server.handler.HandlerWrapper.handle(HandlerWrapper.java:113)
	at org.eclipse.jetty.server.handler.HandlerWrapper.handle(HandlerWrapper.java:113)
	at org.eclipse.jetty.server.handler.HandlerWrapper.handle(HandlerWrapper.java:113)
	at org.eclipse.jetty.server.handler.HandlerWrapper.handle(HandlerWrapper.java:113)
	at org.eclipse.jetty.server.handler.HandlerWrapper.handle(HandlerWrapper.java:113)
	at org.eclipse.jetty.server.handler.HandlerWrapper.handle(HandlerWrapper.java:113)
	at org.eclipse.jetty.server.handler.HandlerWrapper.handle(HandlerWrapper.java:113)
	at org.eclipse.jetty.server.handler.HandlerWrapper.handle(HandlerWrapper.java:113)
	at org.eclipse.jetty.server.handler.HandlerWrapper.handle(HandlerWrapper.java:113)
	at org.eclipse.jetty.server.handler.HandlerWrapper.handle(HandlerWrapper.java:113)
	at org.eclipse.jetty.server.handler.HandlerWrapper.handle(HandlerWrapper.java:113)
	at org.eclipse.jetty.server.handler.HandlerWrapper.handle(HandlerWrapper.java:113)
	at org.eclipse.jetty.server.handler.HandlerWrapper.handle(HandlerWrapper.java:113)
	at org.eclipse.jetty.server.handler.HandlerWrapper.handle(HandlerWrapper.java:113)
	at org.eclipse.jetty.server.handler.HandlerWrapper.handle(HandlerWrapper.java:113)
	at org.eclipse.jetty.server.handler.HandlerWrapper.handle(HandlerWrapper.java:113)
	at org.eclipse.jetty.server.handler.HandlerWrapper.handle(HandlerWrapper.java:113)
	at org.eclipse.jetty.server.handler.HandlerWrapper.handle(HandlerWrapper.java:113)
	at org.eclipse.jetty.server.handler.HandlerWrapper.handle(HandlerWrapper.java:113)
	at org.eclipse.jetty.server.handler.HandlerWrapper.handle(HandlerWrapper.java:113)
	at org.eclipse.jetty.server.handler.HandlerWrapper.handle(HandlerWrapper.java:113)
	at org.eclipse.jetty.server.handler.HandlerWrapper.handle(HandlerWrapper.java:113)
	at org.eclipse.jetty.server.handler.HandlerWrapper.handle(HandlerWrapper.java:113)
	at org.eclipse.jetty.server.handler.HandlerWrapper.handle(HandlerWrapper.java:113)
	at org.eclipse.jetty.server.handler.HandlerWrapper.handle(HandlerWrapper.java:113)
	at org.eclipse.jetty.server.handler.HandlerWrapper.handle(HandlerWrapper.java:113)
	at org.eclipse.jetty.server.handler.HandlerWrapper.handle(HandlerWrapper.java:113)
	at org.eclipse.jetty.server.handler.HandlerWrapper.handle(HandlerWrapper.java:113)
	at org.eclipse.jetty.server.handler.HandlerWrapper.handle(HandlerWrapper.java:113)
	at org.eclipse.jetty.server.handler.HandlerWrapper.handle(HandlerWrapper.java:113)
	at org.eclipse.jetty.server.handler.HandlerWrapper.handle(HandlerWrapper.java:113)
	at org.eclipse.jetty.server.handler.HandlerWrapper.handle(HandlerWrapper.java:113)
	at org.eclipse.jetty.server.handler.HandlerWrapper.handle(HandlerWrapper.java:113)
	at org.eclipse.jetty.server.handler.HandlerWrapper.handle(HandlerWrapper.java:113)
	at org.eclipse.jetty.server.handler.HandlerWrapper.handle(HandlerWrapper.java:113)
	at org.eclipse.jetty.server.handler.HandlerWrapper.handle(HandlerWrapper.java:113)
	at org.eclipse.jetty.server.handler.HandlerWrapper.handle(HandlerWrapper.java:113)
	at org.eclipse.jetty.server.handler.HandlerWrapper.handle(HandlerWrapper.java:113)
	at org.eclipse.jetty.server.handler.HandlerWrapper.handle(HandlerWrapper.java:113)
	at org.eclipse.jetty.server.handler.HandlerWrapper.handle(HandlerWrapper.java:113)
	at org.eclipse.jetty.server.handler.HandlerWrapper.handle(HandlerWrapper.java:113)
	at org.eclipse.jetty.server.handler.HandlerWrapper.handle(HandlerWrapper.java:113)
	at org.eclipse.jetty.server.handler.HandlerWrapper.handle(HandlerWrapper.java:113)
	at org.eclipse.jetty.server.handler.HandlerWrapper.handle(HandlerWrapper.java:113)
	at org.eclipse.jetty.server.handler.HandlerWrapper.handle(HandlerWrapper.java:113)
	at org.eclipse.jetty.server.handler.HandlerWrapper.handle(HandlerWrapper.java:113)
	at org.eclipse.jetty.server.handler.HandlerWrapper.handle(HandlerWrapper.java:113)
	at org.eclipse.jetty.server.handler.HandlerWrapper.handle(HandlerWrapper.java:113)
	at org.eclipse.jetty.server.handler.HandlerWrapper.handle(HandlerWrapper.java:113)
	at org.eclipse.jetty.server.handler.HandlerWrapper.handle(HandlerWrapper.java:113)
	at org.eclipse.jetty.server.handler.HandlerWrapper.handle(HandlerWrapper.java:113)
	at org.eclipse.jetty.server.handler.HandlerWrapper.handle(HandlerWrapper.java:113)
	at org.eclipse.jetty.server.handler.HandlerWrapper.handle(HandlerWrapper.java:113)
	at org.eclipse.jetty.server.handler.HandlerWrapper.handle(HandlerWrapper.java:113)
	at org.eclipse.jetty.server.handler.HandlerWrapper.handle(HandlerWrapper.java:113)
	at org.eclipse.jetty.server.handler.HandlerWrapper.handle(HandlerWrapper.java:113)
	at org.eclipse.jetty.server.handler.HandlerWrapper.handle(HandlerWrapper.java:113)
	at org.eclipse.jetty.server.handler.HandlerWrapper.handle(HandlerWrapper.java:113)
	at org.eclipse.jetty.server.handler.HandlerWrapper.handle(HandlerWrapper.java:113)
	at org.eclipse.jetty.server.handler.HandlerWrapper.handle(HandlerWrapper.java:113)
	at org.eclipse.jetty.server.handler.HandlerWrapper.handle(HandlerWrapper.java:113)
	at org.eclipse.jetty.server.handler.HandlerWrapper.handle(HandlerWrapper.java:113)
	at org.eclipse.jetty.server.handler.HandlerWrapper.handle(HandlerWrapper.java:113)
	at org.eclipse.jetty.server.handler.HandlerWrapper.handle(HandlerWrapper.java:113)
	at org.eclipse.jetty.server.handler.HandlerWrapper.handle(HandlerWrapper.java:113)
	at org.eclipse.jetty.server.handler.HandlerWrapper.handle(HandlerWrapper.java:113)
	at org.eclipse.jetty.server.handler.HandlerWrapper.handle(HandlerWrapper.java:113)
	at org.eclipse.jetty.server.handler.HandlerWrapper.handle(HandlerWrapper.java:113)
	at org.eclipse.jetty.server.handler.HandlerWrapper.handle(HandlerWrapper.java:113)
	at org.eclipse.jetty.server.handler.HandlerWrapper.handle(HandlerWrapper.java:113)
	at org.eclipse.jetty.server.handler.HandlerWrapper.handle(HandlerWrapper.java:113)
	at org.eclipse.jetty.server.handler.HandlerWrapper.handle(HandlerWrapper.java:113)
	at org.eclipse.jetty.server.handler.HandlerWrapper.handle(HandlerWrapper.java:113)
	at org.eclipse.jetty.server.handler.HandlerWrapper.handle(HandlerWrapper.java:113)
	at org.eclipse.jetty.server.handler.HandlerWrapper.handle(HandlerWrapper.java:113)
	at org.eclipse.jetty.server.handler.HandlerWrapper.handle(HandlerWrapper.java:113)
	at org.eclipse.jetty.server.handler.HandlerWrapper.handle(HandlerWrapper.java:113)
	at org.eclipse.jetty.server.handler.HandlerWrapper.handle(HandlerWrapper.java:113)
	at org.eclipse.jetty.server.handler.HandlerWrapper.handle(HandlerWrapper.java:113)
	at org.eclipse.jetty.server.handler.HandlerWrapper.handle(HandlerWrapper.java:113)
	at org.eclipse.jetty.server.handler.HandlerWrapper.handle(HandlerWrapper.java:113)
	at org.eclipse.jetty.server.handler.HandlerWrapper.handle(HandlerWrapper.java:113)
	at org.eclipse.jetty.server.handler.HandlerWrapper.handle(HandlerWrapper.java:113)
	at org.eclipse.jetty.server.handler.HandlerWrapper.handle(HandlerWrapper.java:113)
	at org.eclipse.jetty.server.handler.HandlerWrapper.handle(HandlerWrapper.java:113)
	at org.eclipse.jetty.server.handler.HandlerWrapper.handle(HandlerWrapper.java:113)
	at org.eclipse.jetty.server.handler.HandlerWrapper.handle(HandlerWrapper.java:113)
	at org.eclipse.jetty.server.handler.HandlerWrapper.handle(HandlerWrapper.java:113)
	at org.eclipse.jetty.server.handler.HandlerWrapper.handle(HandlerWrapper.java:113)
	at org.eclipse.jetty.server.handler.HandlerWrapper.handle(HandlerWrapper.java:113)
	at org.eclipse.jetty.server.handler.HandlerWrapper.handle(HandlerWrapper.java:113)
	at org.eclipse.jetty.server.handler.HandlerWrapper.handle(HandlerWrapper.java:113)
	at org.eclipse.jetty.server.handler.HandlerWrapper.handle(HandlerWrapper.java:113)
	at org.eclipse.jetty.server.handler.HandlerWrapper.handle(HandlerWrapper.java:113)
	at org.eclipse.jetty.server.handler.HandlerWrapper.handle(HandlerWrapper.java:113)
	at org.eclipse.jetty.server.handler.HandlerWrapper.handle(HandlerWrapper.java:113)
	at org.eclipse.jetty.server.handler.HandlerWrapper.handle(HandlerWrapper.java:113)
	at org.eclipse.jetty.server.handler.HandlerWrapper.handle(HandlerWrapper.java:113)
	at org.eclipse.jetty.server.handler.HandlerWrapper.handle(HandlerWrapper.java:113)
	at org.eclipse.jetty.server.handler.HandlerWrapper.handle(HandlerWrapper.java:113)
	at org.eclipse.jetty.server.handler.HandlerWrapper.handle(HandlerWrapper.java:113)
	at org.eclipse.jetty.server.handler.HandlerWrapper.handle(HandlerWrapper.java:113)
	at org.eclipse.jetty.server.handler.HandlerWrapper.handle(HandlerWrapper.java:113)
	at org.eclipse.jetty.server.handler.HandlerWrapper.handle(HandlerWrapper.java:113)
	at org.eclipse.jetty.server.handler.HandlerWrapper.handle(HandlerWrapper.java:113)
	at org.eclipse.jetty.server.handler.HandlerWrapper.handle(HandlerWrapper.java:113)
	at org.eclipse.jetty.server.handler.HandlerWrapper.handle(HandlerWrapper.java:113)
	at org.eclipse.jetty.server.handler.HandlerWrapper.handle(HandlerWrapper.java:113)
	at org.eclipse.jetty.server.handler.HandlerWrapper.handle(HandlerWrapper.java:113)
	at org.eclipse.jetty.server.handler.HandlerWrapper.handle(HandlerWrapper.java:113)
	at org.eclipse.jetty.server.handler.HandlerWrapper.handle(HandlerWrapper.java:113)
	at org.eclipse.jetty.server.handler.HandlerWrapper.handle(HandlerWrapper.java:113)
	at org.eclipse.jetty.server.handler.HandlerWrapper.handle(HandlerWrapper.java:113)
	at org.eclipse.jetty.server.handler.HandlerWrapper.handle(HandlerWrapper.java:113)
	at org.eclipse.jetty.server.handler.HandlerWrapper.handle(HandlerWrapper.java:113)
	at org.eclipse.jetty.server.handler.HandlerWrapper.handle(HandlerWrapper.java:113)
	at org.eclipse.jetty.server.handler.HandlerWrapper.handle(HandlerWrapper.java:113)
	at org.eclipse.jetty.server.handler.HandlerWrapper.handle(HandlerWrapper.java:113)
	at org.eclipse.jetty.server.handler.HandlerWrapper.handle(HandlerWrapper.java:113)
	at org.eclipse.jetty.server.handler.HandlerWrapper.handle(HandlerWrapper.java:113)
	at org.eclipse.jetty.server.handler.HandlerWrapper.handle(HandlerWrapper.java:113)
	at org.eclipse.jetty.server.handler.HandlerWrapper.handle(HandlerWrapper.java:113)
	at org.eclipse.jetty.server.handler.HandlerWrapper.handle(HandlerWrapper.java:113)
	at org.eclipse.jetty.server.handler.HandlerWrapper.handle(HandlerWrapper.java:113)
	at org.eclipse.jetty.server.handler.HandlerWrapper.handle(HandlerWrapper.java:113)
	at org.eclipse.jetty.server.handler.HandlerWrapper.handle(HandlerWrapper.java:113)
	at org.eclipse.jetty.server.handler.HandlerWrapper.handle(HandlerWrapper.java:113)
	at org.eclipse.jetty.server.handler.HandlerWrapper.handle(HandlerWrapper.java:113)
	at org.eclipse.jetty.server.handler.HandlerWrapper.handle(HandlerWrapper.java:113)
	at org.eclipse.jetty.server.handler.HandlerWrapper.handle(HandlerWrapper.java:113)
	at org.eclipse.jetty.server.handler.HandlerWrapper.handle(HandlerWrapper.java:113)
	at org.eclipse.jetty.server.handler.HandlerWrapper.handle(HandlerWrapper.java:113)
	at org.eclipse.jetty.server.handler.HandlerWrapper.handle(HandlerWrapper.java:113)
	at org.eclipse.jetty.server.handler.HandlerWrapper.handle(HandlerWrapper.java:113)
	at org.eclipse.jetty.server.handler.HandlerWrapper.handle(HandlerWrapper.java:113)
	at org.eclipse.jetty.server.handler.HandlerWrapper.handle(HandlerWrapper.java:113)
	at org.eclipse.jetty.server.handler.HandlerWrapper.handle(HandlerWrapper.java:113)
	at org.eclipse.jetty.server.handler.HandlerWrapper.handle(HandlerWrapper.java:113)
	at org.eclipse.jetty.server.handler.HandlerWrapper.handle(HandlerWrapper.java:113)
	at org.eclipse.jetty.server.handler.HandlerWrapper.handle(HandlerWrapper.java:113)
	at org.eclipse.jetty.server.handler.HandlerWrapper.handle(HandlerWrapper.java:113)
	at org.eclipse.jetty.server.handler.HandlerWrapper.handle(HandlerWrapper.java:113)
	at org.eclipse.jetty.server.handler.HandlerWrapper.handle(HandlerWrapper.java:113)
	at org.eclipse.jetty.server.handler.HandlerWrapper.handle(HandlerWrapper.java:113)
	at org.eclipse.jetty.server.handler.HandlerWrapper.handle(HandlerWrapper.java:113)
	at org.eclipse.jetty.server.handler.HandlerWrapper.handle(HandlerWrapper.java:113)
	at org.eclipse.jetty.server.handler.HandlerWrapper.handle(HandlerWrapper.java:113)
	at org.eclipse.jetty.server.handler.HandlerWrapper.handle(HandlerWrapper.java:113)
	at org.eclipse.jetty.server.handler.HandlerWrapper.handle(HandlerWrapper.java:113)
	at org.eclipse.jetty.server.handler.HandlerWrapper.handle(HandlerWrapper.java:113)
	at org.eclipse.jetty.server.handler.HandlerWrapper.handle(HandlerWrapper.java:113)
	at org.eclipse.jetty.server.handler.HandlerWrapper.handle(HandlerWrapper.java:113)
	at org.eclipse.jetty.server.handler.HandlerWrapper.handle(HandlerWrapper.java:113)
	at org.eclipse.jetty.server.handler.HandlerWrapper.handle(HandlerWrapper.java:113)
	at org.eclipse.jetty.server.handler.HandlerWrapper.handle(HandlerWrapper.java:113)
	at org.eclipse.jetty.server.handler.HandlerWrapper.handle(HandlerWrapper.java:113)
	at org.eclipse.jetty.server.handler.HandlerWrapper.handle(HandlerWrapper.java:113)
	at org.eclipse.jetty.server.handler.HandlerWrapper.handle(HandlerWrapper.java:113)
	at org.eclipse.jetty.server.handler.HandlerWrapper.handle(HandlerWrapper.java:113)
	at org.eclipse.jetty.server.handler.HandlerWrapper.handle(HandlerWrapper.java:113)
	at org.eclipse.jetty.server.handler.HandlerWrapper.handle(HandlerWrapper.java:113)
	at org.eclipse.jetty.server.handler.HandlerWrapper.handle(HandlerWrapper.java:113)
	at org.eclipse.jetty.server.handler.HandlerWrapper.handle(HandlerWrapper.java:113)
	at org.eclipse.jetty.server.handler.HandlerWrapper.handle(HandlerWrapper.java:113)
	at org.eclipse.jetty.server.handler.HandlerWrapper.handle(HandlerWrapper.java:113)
	at org.eclipse.jetty.server.handler.HandlerWrapper.handle(HandlerWrapper.java:113)
	at org.eclipse.jetty.server.handler.HandlerWrapper.handle(HandlerWrapper.java:113)
	at org.eclipse.jetty.server.handler.HandlerWrapper.handle(HandlerWrapper.java:113)
	at org.eclipse.jetty.server.handler.HandlerWrapper.handle(HandlerWrapper.java:113)
	at org.eclipse.jetty.server.handler.HandlerWrapper.handle(HandlerWrapper.java:113)
	at org.eclipse.jetty.server.handler.HandlerWrapper.handle(HandlerWrapper.java:113)
	at org.eclipse.jetty.server.handler.HandlerWrapper.handle(HandlerWrapper.java:113)
	at org.eclipse.jetty.server.handler.HandlerWrapper.handle(HandlerWrapper.java:113)
	at org.eclipse.jetty.server.handler.HandlerWrapper.handle(HandlerWrapper.java:113)
	at org.eclipse.jetty.server.handler.HandlerWrapper.handle(HandlerWrapper.java:113)
	at org.eclipse.jetty.server.handler.HandlerWrapper.handle(HandlerWrapper.java:113)
	at org.eclipse.jetty.server.handler.HandlerWrapper.handle(HandlerWrapper.java:113)
	at org.eclipse.jetty.server.handler.HandlerWrapper.handle(HandlerWrapper.java:113)
	at org.eclipse.jetty.server.handler.HandlerWrapper.handle(HandlerWrapper.java:113)
	at org.eclipse.jetty.server.handler.HandlerWrapper.handle(HandlerWrapper.java:113)
	at org.eclipse.jetty.server.handler.HandlerWrapper.handle(HandlerWrapper.java:113)
	at org.eclipse.jetty.server.handler.HandlerWrapper.handle(HandlerWrapper.java:113)
	at org.eclipse.jetty.server.handler.HandlerWrapper.handle(HandlerWrapper.java:113)
	at org.eclipse.jetty.server.handler.HandlerWrapper.handle(HandlerWrapper.java:113)
	at org.eclipse.jetty.server.handler.HandlerWrapper.handle(HandlerWrapper.java:113)
	at org.eclipse.jetty.server.handler.HandlerWrapper.handle(HandlerWrapper.java:113)
	at org.eclipse.jetty.server.handler.HandlerWrapper.handle(HandlerWrapper.java:113)
	at org.eclipse.jetty.server.handler.HandlerWrapper.handle(HandlerWrapper.java:113)
	at org.eclipse.jetty.server.handler.HandlerWrapper.handle(HandlerWrapper.java:113)
	at org.eclipse.jetty.server.handler.HandlerWrapper.handle(HandlerWrapper.java:113)
	at org.eclipse.jetty.server.handler.HandlerWrapper.handle(HandlerWrapper.java:113)
	at org.eclipse.jetty.server.handler.HandlerWrapper.handle(HandlerWrapper.java:113)
	at org.eclipse.jetty.server.handler.HandlerWrapper.handle(HandlerWrapper.java:113)
	at org.eclipse.jetty.server.handler.HandlerWrapper.handle(HandlerWrapper.java:113)
	at org.eclipse.jetty.server.handler.HandlerWrapper.handle(HandlerWrapper.java:113)
	at org.eclipse.jetty.server.handler.HandlerWrapper.handle(HandlerWrapper.java:113)
	at org.eclipse.jetty.server.handler.HandlerWrapper.handle(HandlerWrapper.java:113)
	at org.eclipse.jetty.server.handler.HandlerWrapper.handle(HandlerWrapper.java:113)
	at org.eclipse.jetty.server.handler.HandlerWrapper.handle(HandlerWrapper.java:113)
	at org.eclipse.jetty.server.handler.HandlerWrapper.handle(HandlerWrapper.java:113)
	at org.eclipse.jetty.server.handler.HandlerWrapper.handle(HandlerWrapper.java:113)
	at org.eclipse.jetty.server.handler.HandlerWrapper.handle(HandlerWrapper.java:113)
	at org.eclipse.jetty.server.handler.HandlerWrapper.handle(HandlerWrapper.java:113)
	at org.eclipse.jetty.server.handler.HandlerWrapper.handle(HandlerWrapper.java:113)
	at org.eclipse.jetty.server.handler.HandlerWrapper.handle(HandlerWrapper.java:113)
	at org.eclipse.jetty.server.handler.HandlerWrapper.handle(HandlerWrapper.java:113)
	at org.eclipse.jetty.server.handler.HandlerWrapper.handle(HandlerWrapper.java:113)
	at org.eclipse.jetty.server.handler.HandlerWrapper.handle(HandlerWrapper.java:113)
	at org.eclipse.jetty.server.handler.HandlerWrapper.handle(HandlerWrapper.java:113)
	at org.eclipse.jetty.server.handler.HandlerWrapper.handle(HandlerWrapper.java:113)
	at org.eclipse.jetty.server.handler.HandlerWrapper.handle(HandlerWrapper.java:113)
	at org.eclipse.jetty.server.handler.HandlerWrapper.handle(HandlerWrapper.java:113)
	at org.eclipse.jetty.server.handler.HandlerWrapper.handle(HandlerWrapper.java:113)
	at org.eclipse.jetty.server.handler.HandlerWrapper.handle(HandlerWrapper.java:113)
	at org.eclipse.jetty.server.handler.HandlerWrapper.handle(HandlerWrapper.java:113)
	at org.eclipse.jetty.server.handler.HandlerWrapper.handle(HandlerWrapper.java:113)
	at org.eclipse.jetty.server.handler.HandlerWrapper.handle(HandlerWrapper.java:113)
	at org.eclipse.jetty.server.handler.HandlerWrapper.handle(HandlerWrapper.java:113)
	at org.eclipse.jetty.server.handler.HandlerWrapper.handle(HandlerWrapper.java:113)
	at org.eclipse.jetty.server.handler.HandlerWrapper.handle(HandlerWrapper.java:113)
	at org.eclipse.jetty.server.handler.HandlerWrapper.handle(HandlerWrapper.java:113)
	at org.eclipse.jetty.server.handler.HandlerWrapper.handle(HandlerWrapper.java:113)
	at org.eclipse.jetty.server.handler.HandlerWrapper.handle(HandlerWrapper.java:113)
	at org.eclipse.jetty.server.handler.HandlerWrapper.handle(HandlerWrapper.java:113)
	at org.eclipse.jetty.server.handler.HandlerWrapper.handle(HandlerWrapper.java:113)
	at org.eclipse.jetty.server.handler.HandlerWrapper.handle(HandlerWrapper.java:113)
	at org.eclipse.jetty.server.handler.HandlerWrapper.handle(HandlerWrapper.java:113)
	at org.eclipse.jetty.server.handler.HandlerWrapper.handle(HandlerWrapper.java:113)
	at org.eclipse.jetty.server.handler.HandlerWrapper.handle(HandlerWrapper.java:113)
	at org.eclipse.jetty.server.handler.HandlerWrapper.handle(HandlerWrapper.java:113)
	at org.eclipse.jetty.server.handler.HandlerWrapper.handle(HandlerWrapper.java:113)
	at org.eclipse.jetty.server.handler.HandlerWrapper.handle(HandlerWrapper.java:113)
	at org.eclipse.jetty.server.handler.HandlerWrapper.handle(HandlerWrapper.java:113)
	at org.eclipse.jetty.server.handler.HandlerWrapper.handle(HandlerWrapper.java:113)
	at org.eclipse.jetty.server.handler.HandlerWrapper.handle(HandlerWrapper.java:113)
	at org.eclipse.jetty.server.handler.HandlerWrapper.handle(HandlerWrapper.java:113)
	at org.eclipse.jetty.server.handler.HandlerWrapper.handle(HandlerWrapper.java:113)
	at org.eclipse.jetty.server.handler.HandlerWrapper.handle(HandlerWrapper.java:113)
	at org.eclipse.jetty.server.handler.HandlerWrapper.handle(HandlerWrapper.java:113)
	at org.eclipse.jetty.server.handler.HandlerWrapper.handle(HandlerWrapper.java:113)
	at org.eclipse.jetty.server.handler.HandlerWrapper.handle(HandlerWrapper.java:113)
	at org.eclipse.jetty.server.handler.HandlerWrapper.handle(HandlerWrapper.java:113)
	at org.eclipse.jetty.server.handler.HandlerWrapper.handle(HandlerWrapper.java:113)
	at org.eclipse.jetty.server.handler.HandlerWrapper.handle(HandlerWrapper.java:113)
	at org.eclipse.jetty.server.handler.HandlerWrapper.handle(HandlerWrapper.java:113)
	at org.eclipse.jetty.server.handler.HandlerWrapper.handle(HandlerWrapper.java:113)
	at org.eclipse.jetty.server.handler.HandlerWrapper.handle(HandlerWrapper.java:113)
	at org.eclipse.jetty.server.handler.HandlerWrapper.handle(HandlerWrapper.java:113)
	at org.eclipse.jetty.server.handler.HandlerWrapper.handle(HandlerWrapper.java:113)
	at org.eclipse.jetty.server.handler.HandlerWrapper.handle(HandlerWrapper.java:113)
	at org.eclipse.jetty.server.handler.HandlerWrapper.handle(HandlerWrapper.java:113)
	at org.eclipse.jetty.server.handler.HandlerWrapper.handle(HandlerWrapper.java:113)
	at org.eclipse.jetty.server.handler.HandlerWrapper.handle(HandlerWrapper.java:113)
	at org.eclipse.jetty.server.handler.HandlerWrapper.handle(HandlerWrapper.java:113)
	at org.eclipse.jetty.server.handler.HandlerWrapper.handle(HandlerWrapper.java:113)
	at org.eclipse.jetty.server.handler.HandlerWrapper.handle(HandlerWrapper.java:113)
	at org.eclipse.jetty.server.handler.HandlerWrapper.handle(HandlerWrapper.java:113)
	at org.eclipse.jetty.server.handler.HandlerWrapper.handle(HandlerWrapper.java:113)
	at org.eclipse.jetty.server.handler.HandlerWrapper.handle(HandlerWrapper.java:113)
	at org.eclipse.jetty.server.handler.HandlerWrapper.handle(HandlerWrapper.java:113)
	at org.eclipse.jetty.server.handler.HandlerWrapper.handle(HandlerWrapper.java:113)
	at org.eclipse.jetty.server.handler.HandlerWrapper.handle(HandlerWrapper.java:113)
	at org.eclipse.jetty.server.handler.HandlerWrapper.handle(HandlerWrapper.java:113)
	at org.eclipse.jetty.server.handler.HandlerWrapper.handle(HandlerWrapper.java:113)
	at org.eclipse.jetty.server.handler.HandlerWrapper.handle(HandlerWrapper.java:113)
	at org.eclipse.jetty.server.handler.HandlerWrapper.handle(HandlerWrapper.java:113)
	at org.eclipse.jetty.server.handler.HandlerWrapper.handle(HandlerWrapper.java:113)
	at org.eclipse.jetty.server.handler.HandlerWrapper.handle(HandlerWrapper.java:113)
	at org.eclipse.jetty.server.handler.HandlerWrapper.handle(HandlerWrapper.java:113)
	at org.eclipse.jetty.server.handler.HandlerWrapper.handle(HandlerWrapper.java:113)
	at org.eclipse.jetty.server.handler.HandlerWrapper.handle(HandlerWrapper.java:113)
	at org.eclipse.jetty.server.handler.HandlerWrapper.handle(HandlerWrapper.java:113)
	at org.eclipse.jetty.server.handler.HandlerWrapper.handle(HandlerWrapper.java:113)
	at org.eclipse.jetty.server.handler.HandlerWrapper.handle(HandlerWrapper.java:113)
	at org.eclipse.jetty.server.handler.HandlerWrapper.handle(HandlerWrapper.java:113)
	at org.eclipse.jetty.server.handler.HandlerWrapper.handle(HandlerWrapper.java:113)
	at org.eclipse.jetty.server.handler.HandlerWrapper.handle(HandlerWrapper.java:113)
	at org.eclipse.jetty.server.handler.HandlerWrapper.handle(HandlerWrapper.java:113)
	at org.eclipse.jetty.server.handler.HandlerWrapper.handle(HandlerWrapper.java:113)
	at org.eclipse.jetty.server.handler.HandlerWrapper.handle(HandlerWrapper.java:113)
	at org.eclipse.jetty.server.handler.HandlerWrapper.handle(HandlerWrapper.java:113)
	at org.eclipse.jetty.server.handler.HandlerWrapper.handle(HandlerWrapper.java:113)
	at org.eclipse.jetty.server.handler.HandlerWrapper.handle(HandlerWrapper.java:113)
	at org.eclipse.jetty.server.handler.HandlerWrapper.handle(HandlerWrapper.java:113)
	at org.eclipse.jetty.server.handler.HandlerWrapper.handle(HandlerWrapper.java:113)
	at org.eclipse.jetty.server.handler.HandlerWrapper.handle(HandlerWrapper.java:113)
	at org.eclipse.jetty.server.handler.HandlerWrapper.handle(HandlerWrapper.java:113)
	at org.eclipse.jetty.server.handler.HandlerWrapper.handle(HandlerWrapper.java:113)
	at org.eclipse.jetty.server.handler.HandlerWrapper.handle(HandlerWrapper.java:113)
	at org.eclipse.jetty.server.handler.HandlerWrapper.handle(HandlerWrapper.java:113)
	at org.eclipse.jetty.server.handler.HandlerWrapper.handle(HandlerWrapper.java:113)
	at org.eclipse.jetty.server.handler.HandlerWrapper.handle(HandlerWrapper.java:113)
	at org.eclipse.jetty.server.handler.HandlerWrapper.handle(HandlerWrapper.java:113)
	at org.eclipse.jetty.server.handler.HandlerWrapper.handle(HandlerWrapper.java:113)
	at org.eclipse.jetty.server.handler.HandlerWrapper.handle(HandlerWrapper.java:113)
	at org.eclipse.jetty.server.handler.HandlerWrapper.handle(HandlerWrapper.java:113)
	at org.eclipse.jetty.server.handler.HandlerWrapper.handle(HandlerWrapper.java:113)
	at org.eclipse.jetty.server.handler.HandlerWrapper.handle(HandlerWrapper.java:113)
	at org.eclipse.jetty.server.handler.HandlerWrapper.handle(HandlerWrapper.java:113)
	at org.eclipse.jetty.server.handler.HandlerWrapper.handle(HandlerWrapper.java:113)
	at org.eclipse.jetty.server.handler.HandlerWrapper.handle(HandlerWrapper.java:113)
	at org.eclipse.jetty.server.handler.HandlerWrapper.handle(HandlerWrapper.java:113)
	at org.eclipse.jetty.server.handler.HandlerWrapper.handle(HandlerWrapper.java:113)
	at org.eclipse.jetty.server.handler.HandlerWrapper.handle(HandlerWrapper.java:113)
	at org.eclipse.jetty.server.handler.HandlerWrapper.handle(HandlerWrapper.java:113)
	at org.eclipse.jetty.server.handler.HandlerWrapper.handle(HandlerWrapper.java:113)
	at org.eclipse.jetty.server.handler.HandlerWrapper.handle(HandlerWrapper.java:113)
	at org.eclipse.jetty.server.handler.HandlerWrapper.handle(HandlerWrapper.java:113)
	at org.eclipse.jetty.server.handler.HandlerWrapper.handle(HandlerWrapper.java:113)
	at org.eclipse.jetty.server.handler.HandlerWrapper.handle(HandlerWrapper.java:113)
	at org.eclipse.jetty.server.handler.HandlerWrapper.handle(HandlerWrapper.java:113)
	at org.eclipse.jetty.server.handler.HandlerWrapper.handle(HandlerWrapper.java:113)
	at org.eclipse.jetty.server.handler.HandlerWrapper.handle(HandlerWrapper.java:113)
	at org.eclipse.jetty.server.handler.HandlerWrapper.handle(HandlerWrapper.java:113)
	at org.eclipse.jetty.server.handler.HandlerWrapper.handle(HandlerWrapper.java:113)
	at org.eclipse.jetty.server.handler.HandlerWrapper.handle(HandlerWrapper.java:113)
	at org.eclipse.jetty.server.handler.HandlerWrapper.handle(HandlerWrapper.java:113)
	at org.eclipse.jetty.server.handler.HandlerWrapper.handle(HandlerWrapper.java:113)
	at org.eclipse.jetty.server.handler.HandlerWrapper.handle(HandlerWrapper.java:113)
	at org.eclipse.jetty.server.handler.HandlerWrapper.handle(HandlerWrapper.java:113)
	at org.eclipse.jetty.server.handler.HandlerWrapper.handle(HandlerWrapper.java:113)
	at org.eclipse.jetty.server.handler.HandlerWrapper.handle(HandlerWrapper.java:113)
	at org.eclipse.jetty.server.handler.HandlerWrapper.handle(HandlerWrapper.java:113)
	at org.eclipse.jetty.server.handler.HandlerWrapper.handle(HandlerWrapper.java:113)
	at org.eclipse.jetty.server.handler.HandlerWrapper.handle(HandlerWrapper.java:113)
	at org.eclipse.jetty.server.handler.HandlerWrapper.handle(HandlerWrapper.java:113)
	at org.eclipse.jetty.server.handler.HandlerWrapper.handle(HandlerWrapper.java:113)
	at org.eclipse.jetty.server.handler.HandlerWrapper.handle(HandlerWrapper.java:113)
	at org.eclipse.jetty.server.handler.HandlerWrapper.handle(HandlerWrapper.java:113)
	at org.eclipse.jetty.server.handler.HandlerWrapper.handle(HandlerWrapper.java:113)
	at org.eclipse.jetty.server.handler.HandlerWrapper.handle(HandlerWrapper.java:113)
	at org.eclipse.jetty.server.handler.HandlerWrapper.handle(HandlerWrapper.java:113)
	at org.eclipse.jetty.server.handler.HandlerWrapper.handle(HandlerWrapper.java:113)
	at org.eclipse.jetty.server.handler.HandlerWrapper.handle(HandlerWrapper.java:113)
	at org.eclipse.jetty.server.handler.HandlerWrapper.handle(HandlerWrapper.java:113)
	at org.eclipse.jetty.server.handler.HandlerWrapper.handle(HandlerWrapper.java:113)
	at org.eclipse.jetty.server.handler.HandlerWrapper.handle(HandlerWrapper.java:113)
	at org.eclipse.jetty.server.handler.HandlerWrapper.handle(HandlerWrapper.java:113)
	at org.eclipse.jetty.server.handler.HandlerWrapper.handle(HandlerWrapper.java:113)
	at org.eclipse.jetty.server.handler.HandlerWrapper.handle(HandlerWrapper.java:113)
	at org.eclipse.jetty.server.handler.HandlerWrapper.handle(HandlerWrapper.java:113)
	at org.eclipse.jetty.server.handler.HandlerWrapper.handle(HandlerWrapper.java:113)
	at org.eclipse.jetty.server.handler.HandlerWrapper.handle(HandlerWrapper.java:113)
	at org.eclipse.jetty.server.handler.HandlerWrapper.handle(HandlerWrapper.java:113)
	at org.eclipse.jetty.server.handler.HandlerWrapper.handle(HandlerWrapper.java:113)
	at org.eclipse.jetty.server.handler.HandlerWrapper.handle(HandlerWrapper.java:113)
	at org.eclipse.jetty.server.handler.HandlerWrapper.handle(HandlerWrapper.java:113)
	at org.eclipse.jetty.server.handler.HandlerWrapper.handle(HandlerWrapper.java:113)
	at org.eclipse.jetty.server.handler.HandlerWrapper.handle(HandlerWrapper.java:113)
	at org.eclipse.jetty.server.handler.HandlerWrapper.handle(HandlerWrapper.java:113)
	at org.eclipse.jetty.server.handler.HandlerWrapper.handle(HandlerWrapper.java:113)
	at org.eclipse.jetty.server.handler.HandlerWrapper.handle(HandlerWrapper.java:113)
	at org.eclipse.jetty.server.handler.HandlerWrapper.handle(HandlerWrapper.java:113)
	at org.eclipse.jetty.server.handler.HandlerWrapper.handle(HandlerWrapper.java:113)
	at org.eclipse.jetty.server.handler.HandlerWrapper.handle(HandlerWrapper.java:113)
	at org.eclipse.jetty.server.handler.HandlerWrapper.handle(HandlerWrapper.java:113)
	at org.eclipse.jetty.server.handler.HandlerWrapper.handle(HandlerWrapper.java:113)
	at org.eclipse.jetty.server.handler.HandlerWrapper.handle(HandlerWrapper.java:113)
	at org.eclipse.jetty.server.handler.HandlerWrapper.handle(HandlerWrapper.java:113)
	at org.eclipse.jetty.server.handler.HandlerWrapper.handle(HandlerWrapper.java:113)
	at org.eclipse.jetty.server.handler.HandlerWrapper.handle(HandlerWrapper.java:113)
	at org.eclipse.jetty.server.handler.HandlerWrapper.handle(HandlerWrapper.java:113)
	at org.eclipse.jetty.server.handler.HandlerWrapper.handle(HandlerWrapper.java:113)
	at org.eclipse.jetty.server.handler.HandlerWrapper.handle(HandlerWrapper.java:113)
	at org.eclipse.jetty.server.handler.HandlerWrapper.handle(HandlerWrapper.java:113)
	at org.eclipse.jetty.server.handler.HandlerWrapper.handle(HandlerWrapper.java:113)
	at org.eclipse.jetty.server.handler.HandlerWrapper.handle(HandlerWrapper.java:113)
	at org.eclipse.jetty.server.handler.HandlerWrapper.handle(HandlerWrapper.java:113)
	at org.eclipse.jetty.server.handler.HandlerWrapper.handle(HandlerWrapper.java:113)
	at org.eclipse.jetty.server.handler.HandlerWrapper.handle(HandlerWrapper.java:113)
	at org.eclipse.jetty.server.handler.HandlerWrapper.handle(HandlerWrapper.java:113)
	at org.eclipse.jetty.server.handler.HandlerWrapper.handle(HandlerWrapper.java:113)
	at org.eclipse.jetty.server.handler.HandlerWrapper.handle(HandlerWrapper.java:113)
	at org.eclipse.jetty.server.handler.HandlerWrapper.handle(HandlerWrapper.java:113)
	at org.eclipse.jetty.server.handler.HandlerWrapper.handle(HandlerWrapper.java:113)
	at org.eclipse.jetty.server.handler.HandlerWrapper.handle(HandlerWrapper.java:113)
	at org.eclipse.jetty.server.handler.HandlerWrapper.handle(HandlerWrapper.java:113)
	at org.eclipse.jetty.server.handler.HandlerWrapper.handle(HandlerWrapper.java:113)
	at org.eclipse.jetty.server.handler.HandlerWrapper.handle(HandlerWrapper.java:113)
	at org.eclipse.jetty.server.handler.HandlerWrapper.handle(HandlerWrapper.java:113)
	at org.eclipse.jetty.server.handler.HandlerWrapper.handle(HandlerWrapper.java:113)
	at org.eclipse.jetty.server.handler.HandlerWrapper.handle(HandlerWrapper.java:113)
	at org.eclipse.jetty.server.handler.HandlerWrapper.handle(HandlerWrapper.java:113)
	at org.eclipse.jetty.server.handler.HandlerWrapper.handle(HandlerWrapper.java:113)
	at org.eclipse.jetty.server.handler.HandlerWrapper.handle(HandlerWrapper.java:113)
	at org.eclipse.jetty.server.handler.HandlerWrapper.handle(HandlerWrapper.java:113)
	at org.eclipse.jetty.server.handler.HandlerWrapper.handle(HandlerWrapper.java:113)
	at org.eclipse.jetty.server.handler.HandlerWrapper.handle(HandlerWrapper.java:113)
	at org.eclipse.jetty.server.handler.HandlerWrapper.handle(HandlerWrapper.java:113)
	at org.eclipse.jetty.server.handler.HandlerWrapper.handle(HandlerWrapper.java:113)
	at org.eclipse.jetty.server.handler.HandlerWrapper.handle(HandlerWrapper.java:113)
	at org.eclipse.jetty.server.handler.HandlerWrapper.handle(HandlerWrapper.java:113)
	at org.eclipse.jetty.server.handler.HandlerWrapper.handle(HandlerWrapper.java:113)
	at org.eclipse.jetty.server.handler.HandlerWrapper.handle(HandlerWrapper.java:113)
	at org.eclipse.jetty.server.handler.HandlerWrapper.handle(HandlerWrapper.java:113)
	at org.eclipse.jetty.server.handler.HandlerWrapper.handle(HandlerWrapper.java:113)
	at org.eclipse.jetty.server.handler.HandlerWrapper.handle(HandlerWrapper.java:113)
	at org.eclipse.jetty.server.handler.HandlerWrapper.handle(HandlerWrapper.java:113)
	at org.eclipse.jetty.server.handler.HandlerWrapper.handle(HandlerWrapper.java:113)
	at org.eclipse.jetty.server.handler.HandlerWrapper.handle(HandlerWrapper.java:113)
	at org.eclipse.jetty.server.handler.HandlerWrapper.handle(HandlerWrapper.java:113)
	at org.eclipse.jetty.server.handler.HandlerWrapper.handle(HandlerWrapper.java:113)
	at org.eclipse.jetty.server.handler.HandlerWrapper.handle(HandlerWrapper.java:113)
	at org.eclipse.jetty.server.handler.HandlerWrapper.handle(HandlerWrapper.java:113)
	at org.eclipse.jetty.server.handler.HandlerWrapper.handle(HandlerWrapper.java:113)
	at org.eclipse.jetty.server.handler.HandlerWrapper.handle(HandlerWrapper.java:113)
	at org.eclipse.jetty.server.handler.HandlerWrapper.handle(HandlerWrapper.java:113)
	at org.eclipse.jetty.server.handler.HandlerWrapper.handle(HandlerWrapper.java:113)
	at org.eclipse.jetty.server.handler.HandlerWrapper.handle(HandlerWrapper.java:113)
	at org.eclipse.jetty.server.handler.HandlerWrapper.handle(HandlerWrapper.java:113)
	at org.eclipse.jetty.server.handler.HandlerWrapper.handle(HandlerWrapper.java:113)
	at org.eclipse.jetty.server.handler.HandlerWrapper.handle(HandlerWrapper.java:113)
	at org.eclipse.jetty.server.handler.HandlerWrapper.handle(HandlerWrapper.java:113)
	at org.eclipse.jetty.server.handler.HandlerWrapper.handle(HandlerWrapper.java:113)
	at org.eclipse.jetty.server.handler.HandlerWrapper.handle(HandlerWrapper.java:113)
	at org.eclipse.jetty.server.handler.HandlerWrapper.handle(HandlerWrapper.java:113)
	at org.eclipse.jetty.server.handler.HandlerWrapper.handle(HandlerWrapper.java:113)
	at org.eclipse.jetty.server.handler.HandlerWrapper.handle(HandlerWrapper.java:113)
	at org.eclipse.jetty.server.handler.HandlerWrapper.handle(HandlerWrapper.java:113)
	at org.eclipse.jetty.server.handler.HandlerWrapper.handle(HandlerWrapper.java:113)
	at org.eclipse.jetty.server.handler.HandlerWrapper.handle(HandlerWrapper.java:113)
	at org.eclipse.jetty.server.handler.HandlerWrapper.handle(HandlerWrapper.java:113)
	at org.eclipse.jetty.server.handler.HandlerWrapper.handle(HandlerWrapper.java:113)
	at org.eclipse.jetty.server.handler.HandlerWrapper.handle(HandlerWrapper.java:113)
	at org.eclipse.jetty.server.handler.HandlerWrapper.handle(HandlerWrapper.java:113)
	at org.eclipse.jetty.server.handler.HandlerWrapper.handle(HandlerWrapper.java:113)
	at org.eclipse.jetty.server.handler.HandlerWrapper.handle(HandlerWrapper.java:113)
	at org.eclipse.jetty.server.handler.HandlerWrapper.handle(HandlerWrapper.java:113)
	at org.eclipse.jetty.server.handler.HandlerWrapper.handle(HandlerWrapper.java:113)
	at org.eclipse.jetty.server.handler.HandlerWrapper.handle(HandlerWrapper.java:113)
	at org.eclipse.jetty.server.handler.HandlerWrapper.handle(HandlerWrapper.java:113)
	at org.eclipse.jetty.server.handler.HandlerWrapper.handle(HandlerWrapper.java:113)
	at org.eclipse.jetty.server.handler.HandlerWrapper.handle(HandlerWrapper.java:113)
	at org.eclipse.jetty.server.handler.HandlerWrapper.handle(HandlerWrapper.java:113)
	at org.eclipse.jetty.server.handler.HandlerWrapper.handle(HandlerWrapper.java:113)
	at org.eclipse.jetty.server.handler.HandlerWrapper.handle(HandlerWrapper.java:113)
	at org.eclipse.jetty.server.handler.HandlerWrapper.handle(HandlerWrapper.java:113)
	at org.eclipse.jetty.server.handler.HandlerWrapper.handle(HandlerWrapper.java:113)
	at org.eclipse.jetty.server.handler.HandlerWrapper.handle(HandlerWrapper.java:113)
	at org.eclipse.jetty.server.handler.HandlerWrapper.handle(HandlerWrapper.java:113)
	at org.eclipse.jetty.server.handler.HandlerWrapper.handle(HandlerWrapper.java:113)
	at org.eclipse.jetty.server.handler.HandlerWrapper.handle(HandlerWrapper.java:113)
	at org.eclipse.jetty.server.handler.HandlerWrapper.handle(HandlerWrapper.java:113)
	at org.eclipse.jetty.server.handler.HandlerWrapper.handle(HandlerWrapper.java:113)
	at org.eclipse.jetty.server.handler.HandlerWrapper.handle(HandlerWrapper.java:113)
	at org.eclipse.jetty.server.handler.HandlerWrapper.handle(HandlerWrapper.java:113)
	at org.eclipse.jetty.server.handler.HandlerWrapper.handle(HandlerWrapper.java:113)
	at org.eclipse.jetty.server.handler.HandlerWrapper.handle(HandlerWrapper.java:113)
	at org.eclipse.jetty.server.handler.HandlerWrapper.handle(HandlerWrapper.java:113)
	at org.eclipse.jetty.server.handler.HandlerWrapper.handle(HandlerWrapper.java:113)
	at org.eclipse.jetty.server.handler.HandlerWrapper.handle(HandlerWrapper.java:113)
	at org.eclipse.jetty.server.handler.HandlerWrapper.handle(HandlerWrapper.java:113)
	at org.eclipse.jetty.server.handler.HandlerWrapper.handle(HandlerWrapper.java:113)
	at org.eclipse.jetty.server.handler.HandlerWrapper.handle(HandlerWrapper.java:113)
	at org.eclipse.jetty.server.handler.HandlerWrapper.handle(HandlerWrapper.java:113)
	at org.eclipse.jetty.server.handler.HandlerWrapper.handle(HandlerWrapper.java:113)
	at org.eclipse.jetty.server.handler.HandlerWrapper.handle(HandlerWrapper.java:113)
	at org.eclipse.jetty.server.handler.HandlerWrapper.handle(HandlerWrapper.java:113)
	at org.eclipse.jetty.server.handler.HandlerWrapper.handle(HandlerWrapper.java:113)
	at org.eclipse.jetty.server.handler.HandlerWrapper.handle(HandlerWrapper.java:113)
	at org.eclipse.jetty.server.handler.HandlerWrapper.handle(HandlerWrapper.java:113)
	at org.eclipse.jetty.server.handler.HandlerWrapper.handle(HandlerWrapper.java:113)
	at org.eclipse.jetty.server.handler.HandlerWrapper.handle(HandlerWrapper.java:113)
	at org.eclipse.jetty.server.handler.HandlerWrapper.handle(HandlerWrapper.java:113)
	at org.eclipse.jetty.server.handler.HandlerWrapper.handle(HandlerWrapper.java:113)
	at org.eclipse.jetty.server.handler.HandlerWrapper.handle(HandlerWrapper.java:113)
	at org.eclipse.jetty.server.handler.HandlerWrapper.handle(HandlerWrapper.java:113)
	at org.eclipse.jetty.server.handler.HandlerWrapper.handle(HandlerWrapper.java:113)
	at org.eclipse.jetty.server.handler.HandlerWrapper.handle(HandlerWrapper.java:113)
	at org.eclipse.jetty.server.handler.HandlerWrapper.handle(HandlerWrapper.java:113)
	at org.eclipse.jetty.server.handler.HandlerWrapper.handle(HandlerWrapper.java:113)
	at org.eclipse.jetty.server.handler.HandlerWrapper.handle(HandlerWrapper.java:113)
	at org.eclipse.jetty.server.handler.HandlerWrapper.handle(HandlerWrapper.java:113)
	at org.eclipse.jetty.server.handler.HandlerWrapper.handle(HandlerWrapper.java:113)
	at org.eclipse.jetty.server.handler.HandlerWrapper.handle(HandlerWrapper.java:113)
	at org.eclipse.jetty.server.handler.HandlerWrapper.handle(HandlerWrapper.java:113)
	at org.eclipse.jetty.server.handler.HandlerWrapper.handle(HandlerWrapper.java:113)
	at org.eclipse.jetty.server.handler.HandlerWrapper.handle(HandlerWrapper.java:113)
	at org.eclipse.jetty.server.handler.HandlerWrapper.handle(HandlerWrapper.java:113)
	at org.eclipse.jetty.server.handler.HandlerWrapper.handle(HandlerWrapper.java:113)
	at org.eclipse.jetty.server.handler.HandlerWrapper.handle(HandlerWrapper.java:113)
	at org.eclipse.jetty.server.handler.HandlerWrapper.handle(HandlerWrapper.java:113)
	at org.eclipse.jetty.server.handler.HandlerWrapper.handle(HandlerWrapper.java:113)
	at org.eclipse.jetty.server.handler.HandlerWrapper.handle(HandlerWrapper.java:113)
	at org.eclipse.jetty.server.handler.HandlerWrapper.handle(HandlerWrapper.java:113)
	at org.eclipse.jetty.server.handler.HandlerWrapper.handle(HandlerWrapper.java:113)
	at org.eclipse.jetty.server.handler.HandlerWrapper.handle(HandlerWrapper.java:113)
	at org.eclipse.jetty.server.handler.HandlerWrapper.handle(HandlerWrapper.java:113)
	at org.eclipse.jetty.server.handler.HandlerWrapper.handle(HandlerWrapper.java:113)
	at org.eclipse.jetty.server.handler.HandlerWrapper.handle(HandlerWrapper.java:113)
	at org.eclipse.jetty.server.handler.HandlerWrapper.handle(HandlerWrapper.java:113)
	at org.eclipse.jetty.server.handler.HandlerWrapper.handle(HandlerWrapper.java:113)
	at org.eclipse.jetty.server.handler.HandlerWrapper.handle(HandlerWrapper.java:113)
	at org.eclipse.jetty.server.handler.HandlerWrapper.handle(HandlerWrapper.java:113)
	at org.eclipse.jetty.server.handler.HandlerWrapper.handle(HandlerWrapper.java:113)
	at org.eclipse.jetty.server.handler.HandlerWrapper.handle(HandlerWrapper.java:113)
	at org.eclipse.jetty.server.handler.HandlerWrapper.handle(HandlerWrapper.java:113)
	at org.eclipse.jetty.server.handler.HandlerWrapper.handle(HandlerWrapper.java:113)
	at org.eclipse.jetty.server.handler.HandlerWrapper.handle(HandlerWrapper.java:113)
	at org.eclipse.jetty.server.handler.HandlerWrapper.handle(HandlerWrapper.java:113)
	at org.eclipse.jetty.server.handler.HandlerWrapper.handle(HandlerWrapper.java:113)
	at org.eclipse.jetty.server.handler.HandlerWrapper.handle(HandlerWrapper.java:113)
	at org.eclipse.jetty.server.handler.HandlerWrapper.handle(HandlerWrapper.java:113)
	at org.eclipse.jetty.server.handler.HandlerWrapper.handle(HandlerWrapper.java:113)
	at org.eclipse.jetty.server.handler.HandlerWrapper.handle(HandlerWrapper.java:113)
	at org.eclipse.jetty.server.handler.HandlerWrapper.handle(HandlerWrapper.java:113)
	at org.eclipse.jetty.server.handler.HandlerWrapper.handle(HandlerWrapper.java:113)
	at org.eclipse.jetty.server.handler.HandlerWrapper.handle(HandlerWrapper.java:113)
	at org.eclipse.jetty.server.handler.HandlerWrapper.handle(HandlerWrapper.java:113)
	at org.eclipse.jetty.server.handler.HandlerWrapper.handle(HandlerWrapper.java:113)
	at org.eclipse.jetty.server.handler.HandlerWrapper.handle(HandlerWrapper.java:113)
	at org.eclipse.jetty.server.handler.HandlerWrapper.handle(HandlerWrapper.java:113)
	at org.eclipse.jetty.server.handler.HandlerWrapper.handle(HandlerWrapper.java:113)
	at org.eclipse.jetty.server.handler.HandlerWrapper.handle(HandlerWrapper.java:113)
	at org.eclipse.jetty.server.handler.HandlerWrapper.handle(HandlerWrapper.java:113)
	at org.eclipse.jetty.server.handler.HandlerWrapper.handle(HandlerWrapper.java:113)
	at org.eclipse.jetty.server.handler.HandlerWrapper.handle(HandlerWrapper.java:113)
	at org.eclipse.jetty.server.handler.HandlerWrapper.handle(HandlerWrapper.java:113)
	at org.eclipse.jetty.server.handler.HandlerWrapper.handle(HandlerWrapper.java:113)
	at org.eclipse.jetty.server.handler.HandlerWrapper.handle(HandlerWrapper.java:113)
	at org.eclipse.jetty.server.handler.HandlerWrapper.handle(HandlerWrapper.java:113)
	at org.eclipse.jetty.server.handler.HandlerWrapper.handle(HandlerWrapper.java:113)
	at org.eclipse.jetty.server.handler.HandlerWrapper.handle(HandlerWrapper.java:113)
	at org.eclipse.jetty.server.handler.HandlerWrapper.handle(HandlerWrapper.java:113)
	at org.eclipse.jetty.server.handler.HandlerWrapper.handle(HandlerWrapper.java:113)
	at org.eclipse.jetty.server.handler.HandlerWrapper.handle(HandlerWrapper.java:113)
	at org.eclipse.jetty.server.handler.HandlerWrapper.handle(HandlerWrapper.java:113)
	at org.eclipse.jetty.server.handler.HandlerWrapper.handle(HandlerWrapper.java:113)
	at org.eclipse.jetty.server.handler.HandlerWrapper.handle(HandlerWrapper.java:113)
	at org.eclipse.jetty.server.handler.HandlerWrapper.handle(HandlerWrapper.java:113)
	at org.eclipse.jetty.server.handler.HandlerWrapper.handle(HandlerWrapper.java:113)
	at org.eclipse.jetty.server.handler.HandlerWrapper.handle(HandlerWrapper.java:113)
	at org.eclipse.jetty.server.handler.HandlerWrapper.handle(HandlerWrapper.java:113)
	at org.eclipse.jetty.server.handler.HandlerWrapper.handle(HandlerWrapper.java:113)
	at org.eclipse.jetty.server.handler.HandlerWrapper.handle(HandlerWrapper.java:113)
	at org.eclipse.jetty.server.handler.HandlerWrapper.handle(HandlerWrapper.java:113)
	at org.eclipse.jetty.server.handler.HandlerWrapper.handle(HandlerWrapper.java:113)
	at org.eclipse.jetty.server.handler.HandlerWrapper.handle(HandlerWrapper.java:113)
	at org.eclipse.jetty.server.handler.HandlerWrapper.handle(HandlerWrapper.java:113)
	at org.eclipse.jetty.server.handler.HandlerWrapper.handle(HandlerWrapper.java:113)
	at org.eclipse.jetty.server.handler.HandlerWrapper.handle(HandlerWrapper.java:113)
	at org.eclipse.jetty.server.handler.HandlerWrapper.handle(HandlerWrapper.java:113)
	at org.eclipse.jetty.server.handler.HandlerWrapper.handle(HandlerWrapper.java:113)
	at org.eclipse.jetty.server.handler.HandlerWrapper.handle(HandlerWrapper.java:113)
	at org.eclipse.jetty.server.handler.HandlerWrapper.handle(HandlerWrapper.java:113)
	at org.eclipse.jetty.server.handler.HandlerWrapper.handle(HandlerWrapper.java:113)
	at org.eclipse.jetty.server.handler.HandlerWrapper.handle(HandlerWrapper.java:113)
	at org.eclipse.jetty.server.handler.HandlerWrapper.handle(HandlerWrapper.java:113)
	at org.eclipse.jetty.server.handler.HandlerWrapper.handle(HandlerWrapper.java:113)
	at org.eclipse.jetty.server.handler.HandlerWrapper.handle(HandlerWrapper.java:113)
	at org.eclipse.jetty.server.handler.HandlerWrapper.handle(HandlerWrapper.java:113)
	at org.eclipse.jetty.server.handler.HandlerWrapper.handle(HandlerWrapper.java:113)
	at org.eclipse.jetty.server.handler.HandlerWrapper.handle(HandlerWrapper.java:113)
	at org.eclipse.jetty.server.handler.HandlerWrapper.handle(HandlerWrapper.java:113)
	at org.eclipse.jetty.server.handler.HandlerWrapper.handle(HandlerWrapper.java:113)
	at org.eclipse.jetty.server.handler.HandlerWrapper.handle(HandlerWrapper.java:113)
	at org.eclipse.jetty.server.handler.HandlerWrapper.handle(HandlerWrapper.java:113)
	at org.eclipse.jetty.server.handler.HandlerWrapper.handle(HandlerWrapper.java:113)
	at org.eclipse.jetty.server.handler.HandlerWrapper.handle(HandlerWrapper.java:113)
	at org.eclipse.jetty.server.handler.HandlerWrapper.handle(HandlerWrapper.java:113)
	at org.eclipse.jetty.server.handler.HandlerWrapper.handle(HandlerWrapper.java:113)
	at org.eclipse.jetty.server.handler.HandlerWrapper.handle(HandlerWrapper.java:113)
	at org.eclipse.jetty.server.handler.HandlerWrapper.handle(HandlerWrapper.java:113)
	at org.eclipse.jetty.server.handler.HandlerWrapper.handle(HandlerWrapper.java:113)
	at org.eclipse.jetty.server.handler.HandlerWrapper.handle(HandlerWrapper.java:113)
	at org.eclipse.jetty.server.handler.HandlerWrapper.handle(HandlerWrapper.java:113)
	at org.eclipse.jetty.server.handler.HandlerWrapper.handle(HandlerWrapper.java:113)
	at org.eclipse.jetty.server.handler.HandlerWrapper.handle(HandlerWrapper.java:113)
	at org.eclipse.jetty.server.handler.HandlerWrapper.handle(HandlerWrapper.java:113)
	at org.eclipse.jetty.server.handler.HandlerWrapper.handle(HandlerWrapper.java:113)
	at org.eclipse.jetty.server.handler.HandlerWrapper.handle(HandlerWrapper.java:113)
	at org.eclipse.jetty.server.handler.HandlerWrapper.handle(HandlerWrapper.java:113)
	at org.eclipse.jetty.server.handler.HandlerWrapper.handle(HandlerWrapper.java:113)
	at org.eclipse.jetty.server.handler.HandlerWrapper.handle(HandlerWrapper.java:113)
	at org.eclipse.jetty.server.handler.HandlerWrapper.handle(HandlerWrapper.java:113)
	at org.eclipse.jetty.server.handler.HandlerWrapper.handle(HandlerWrapper.java:113)
	at org.eclipse.jetty.server.handler.HandlerWrapper.handle(HandlerWrapper.java:113)
	at org.eclipse.jetty.server.handler.HandlerWrapper.handle(HandlerWrapper.java:113)
	at org.eclipse.jetty.server.handler.HandlerWrapper.handle(HandlerWrapper.java:113)
	at org.eclipse.jetty.server.handler.HandlerWrapper.handle(HandlerWrapper.java:113)
	at org.eclipse.jetty.server.handler.HandlerWrapper.handle(HandlerWrapper.java:113)
	at org.eclipse.jetty.server.handler.HandlerWrapper.handle(HandlerWrapper.java:113)
	at org.eclipse.jetty.server.handler.HandlerWrapper.handle(HandlerWrapper.java:113)
	at org.eclipse.jetty.server.handler.HandlerWrapper.handle(HandlerWrapper.java:113)
	at org.eclipse.jetty.server.handler.HandlerWrapper.handle(HandlerWrapper.java:113)
	at org.eclipse.jetty.server.handler.HandlerWrapper.handle(HandlerWrapper.java:113)
	at org.eclipse.jetty.server.handler.HandlerWrapper.handle(HandlerWrapper.java:113)
	at org.eclipse.jetty.server.handler.HandlerWrapper.handle(HandlerWrapper.java:113)
	at org.eclipse.jetty.server.handler.HandlerWrapper.handle(HandlerWrapper.java:113)
	at org.eclipse.jetty.server.handler.HandlerWrapper.handle(HandlerWrapper.java:113)
	at org.eclipse.jetty.server.handler.HandlerWrapper.handle(HandlerWrapper.java:113)
	at org.eclipse.jetty.server.handler.HandlerWrapper.handle(HandlerWrapper.java:113)
	at org.eclipse.jetty.server.handler.HandlerWrapper.handle(HandlerWrapper.java:113)
	at org.eclipse.jetty.server.handler.HandlerWrapper.handle(HandlerWrapper.java:113)
	at org.eclipse.jetty.server.handler.HandlerWrapper.handle(HandlerWrapper.java:113)
	at org.eclipse.jetty.server.handler.HandlerWrapper.handle(HandlerWrapper.java:113)
	at org.eclipse.jetty.server.handler.HandlerWrapper.handle(HandlerWrapper.java:113)
	at org.eclipse.jetty.server.handler.HandlerWrapper.handle(HandlerWrapper.java:113)
	at org.eclipse.jetty.server.handler.HandlerWrapper.handle(HandlerWrapper.java:113)
	at org.eclipse.jetty.server.handler.HandlerWrapper.handle(HandlerWrapper.java:113)
	at org.eclipse.jetty.server.handler.HandlerWrapper.handle(HandlerWrapper.java:113)
	at org.eclipse.jetty.server.handler.HandlerWrapper.handle(HandlerWrapper.java:113)
	at org.eclipse.jetty.server.handler.HandlerWrapper.handle(HandlerWrapper.java:113)
	at org.eclipse.jetty.server.handler.HandlerWrapper.handle(HandlerWrapper.java:113)
	at org.eclipse.jetty.server.handler.HandlerWrapper.handle(HandlerWrapper.java:113)
	at org.eclipse.jetty.server.handler.HandlerWrapper.handle(HandlerWrapper.java:113)
	at org.eclipse.jetty.server.handler.HandlerWrapper.handle(HandlerWrapper.java:113)
	at org.eclipse.jetty.server.handler.HandlerWrapper.handle(HandlerWrapper.java:113)
	at org.eclipse.jetty.server.handler.HandlerWrapper.handle(HandlerWrapper.java:113)
	at org.eclipse.jetty.server.handler.HandlerWrapper.handle(HandlerWrapper.java:113)
	at org.eclipse.jetty.server.handler.HandlerWrapper.handle(HandlerWrapper.java:113)
	at org.eclipse.jetty.server.handler.HandlerWrapper.handle(HandlerWrapper.java:113)
	at org.eclipse.jetty.server.handler.HandlerWrapper.handle(HandlerWrapper.java:113)
	at org.eclipse.jetty.server.handler.HandlerWrapper.handle(HandlerWrapper.java:113)
	at org.eclipse.jetty.server.handler.HandlerWrapper.handle(HandlerWrapper.java:113)
	at org.eclipse.jetty.server.handler.HandlerWrapper.handle(HandlerWrapper.java:113)
	at org.eclipse.jetty.server.handler.HandlerWrapper.handle(HandlerWrapper.java:113)
	at org.eclipse.jetty.server.handler.HandlerWrapper.handle(HandlerWrapper.java:113)
	at org.eclipse.jetty.server.handler.HandlerWrapper.handle(HandlerWrapper.java:113)
	at org.eclipse.jetty.server.handler.HandlerWrapper.handle(HandlerWrapper.java:113)
	at org.eclipse.jetty.server.handler.HandlerWrapper.handle(HandlerWrapper.java:113)
	at org.eclipse.jetty.server.handler.HandlerWrapper.handle(HandlerWrapper.java:113)
	at org.eclipse.jetty.server.handler.HandlerWrapper.handle(HandlerWrapper.java:113)
	at org.eclipse.jetty.server.handler.HandlerWrapper.handle(HandlerWrapper.java:113)
	at org.eclipse.jetty.server.handler.HandlerWrapper.handle(HandlerWrapper.java:113)
	at org.eclipse.jetty.server.handler.HandlerWrapper.handle(HandlerWrapper.java:113)
	at org.eclipse.jetty.server.handler.HandlerWrapper.handle(HandlerWrapper.java:113)
	at org.eclipse.jetty.server.handler.HandlerWrapper.handle(HandlerWrapper.java:113)
	at org.eclipse.jetty.server.handler.HandlerWrapper.handle(HandlerWrapper.java:113)
	at org.eclipse.jetty.server.handler.HandlerWrapper.handle(HandlerWrapper.java:113)
	at org.eclipse.jetty.server.handler.HandlerWrapper.handle(HandlerWrapper.java:113)
	at org.eclipse.jetty.server.handler.HandlerWrapper.handle(HandlerWrapper.java:113)
	at org.eclipse.jetty.server.handler.HandlerWrapper.handle(HandlerWrapper.java:113)
	at org.eclipse.jetty.server.handler.HandlerWrapper.handle(HandlerWrapper.java:113)
	at org.eclipse.jetty.server.handler.HandlerWrapper.handle(HandlerWrapper.java:113)
	at org.eclipse.jetty.server.handler.HandlerWrapper.handle(HandlerWrapper.java:113)
	at org.eclipse.jetty.server.handler.HandlerWrapper.handle(HandlerWrapper.java:113)
	at org.eclipse.jetty.server.handler.HandlerWrapper.handle(HandlerWrapper.java:113)
	at org.eclipse.jetty.server.handler.HandlerWrapper.handle(HandlerWrapper.java:113)
	at org.eclipse.jetty.server.handler.HandlerWrapper.handle(HandlerWrapper.java:113)
	at org.eclipse.jetty.server.handler.HandlerWrapper.handle(HandlerWrapper.java:113)
	at org.eclipse.jetty.server.handler.HandlerWrapper.handle(HandlerWrapper.java:113)
	at org.eclipse.jetty.server.handler.HandlerWrapper.handle(HandlerWrapper.java:113)
	at org.eclipse.jetty.server.handler.HandlerWrapper.handle(HandlerWrapper.java:113)
	at org.eclipse.jetty.server.handler.HandlerWrapper.handle(HandlerWrapper.java:113)
	at org.eclipse.jetty.server.handler.HandlerWrapper.handle(HandlerWrapper.java:113)
	at org.eclipse.jetty.server.handler.HandlerWrapper.handle(HandlerWrapper.java:113)
	at org.eclipse.jetty.server.handler.HandlerWrapper.handle(HandlerWrapper.java:113)
	at org.eclipse.jetty.server.handler.HandlerWrapper.handle(HandlerWrapper.java:113)
	at org.eclipse.jetty.server.handler.HandlerWrapper.handle(HandlerWrapper.java:113)
	at org.eclipse.jetty.server.handler.HandlerWrapper.handle(HandlerWrapper.java:113)
	at org.eclipse.jetty.server.handler.HandlerWrapper.handle(HandlerWrapper.java:113)
	at org.eclipse.jetty.server.handler.HandlerWrapper.handle(HandlerWrapper.java:113)
	at org.eclipse.jetty.server.handler.HandlerWrapper.handle(HandlerWrapper.java:113)
	at org.eclipse.jetty.server.handler.HandlerWrapper.handle(HandlerWrapper.java:113)
	at org.eclipse.jetty.server.handler.HandlerWrapper.handle(HandlerWrapper.java:113)
	at org.eclipse.jetty.server.handler.HandlerWrapper.handle(HandlerWrapper.java:113)
	at org.eclipse.jetty.server.handler.HandlerWrapper.handle(HandlerWrapper.java:113)
	at org.eclipse.jetty.server.handler.HandlerWrapper.handle(HandlerWrapper.java:113)
	at org.eclipse.jetty.server.handler.HandlerWrapper.handle(HandlerWrapper.java:113)
	at org.eclipse.jetty.server.handler.HandlerWrapper.handle(HandlerWrapper.java:113)
	at org.eclipse.jetty.server.handler.HandlerWrapper.handle(HandlerWrapper.java:113)
	at org.eclipse.jetty.server.handler.HandlerWrapper.handle(HandlerWrapper.java:113)
	at org.eclipse.jetty.server.handler.HandlerWrapper.handle(HandlerWrapper.java:113)
	at org.eclipse.jetty.server.handler.HandlerWrapper.handle(HandlerWrapper.java:113)
	at org.eclipse.jetty.server.handler.HandlerWrapper.handle(HandlerWrapper.java:113)
	at org.eclipse.jetty.server.handler.HandlerWrapper.handle(HandlerWrapper.java:113)
	at org.eclipse.jetty.server.handler.HandlerWrapper.handle(HandlerWrapper.java:113)
	at org.eclipse.jetty.server.handler.HandlerWrapper.handle(HandlerWrapper.java:113)
	at org.eclipse.jetty.server.handler.HandlerWrapper.handle(HandlerWrapper.java:113)
	at org.eclipse.jetty.server.handler.HandlerWrapper.handle(HandlerWrapper.java:113)
	at org.eclipse.jetty.server.handler.HandlerWrapper.handle(HandlerWrapper.java:113)
	at org.eclipse.jetty.server.handler.HandlerWrapper.handle(HandlerWrapper.java:113)
	at org.eclipse.jetty.server.handler.HandlerWrapper.handle(HandlerWrapper.java:113)
	at org.eclipse.jetty.server.handler.HandlerWrapper.handle(HandlerWrapper.java:113)
	at org.eclipse.jetty.server.handler.HandlerWrapper.handle(HandlerWrapper.java:113)
	at org.eclipse.jetty.server.handler.HandlerWrapper.handle(HandlerWrapper.java:113)
	at org.eclipse.jetty.server.handler.HandlerWrapper.handle(HandlerWrapper.java:113)
	at org.eclipse.jetty.server.handler.HandlerWrapper.handle(HandlerWrapper.java:113)
	at org.eclipse.jetty.server.handler.HandlerWrapper.handle(HandlerWrapper.java:113)
	at org.eclipse.jetty.server.handler.HandlerWrapper.handle(HandlerWrapper.java:113)
	at org.eclipse.jetty.server.handler.HandlerWrapper.handle(HandlerWrapper.java:113)
	at org.eclipse.jetty.server.handler.HandlerWrapper.handle(HandlerWrapper.java:113)
	at org.eclipse.jetty.server.handler.HandlerWrapper.handle(HandlerWrapper.java:113)
	at org.eclipse.jetty.server.handler.HandlerWrapper.handle(HandlerWrapper.java:113)
	at org.eclipse.jetty.server.handler.HandlerWrapper.handle(HandlerWrapper.java:113)
	at org.eclipse.jetty.server.handler.HandlerWrapper.handle(HandlerWrapper.java:113)
	at org.eclipse.jetty.server.handler.HandlerWrapper.handle(HandlerWrapper.java:113)
	at org.eclipse.jetty.server.handler.HandlerWrapper.handle(HandlerWrapper.java:113)
	at org.eclipse.jetty.server.handler.HandlerWrapper.handle(HandlerWrapper.java:113)
	at org.eclipse.jetty.server.handler.HandlerWrapper.handle(HandlerWrapper.java:113)
	at org.eclipse.jetty.server.handler.HandlerWrapper.handle(HandlerWrapper.java:113)
	at org.eclipse.jetty.server.handler.HandlerWrapper.handle(HandlerWrapper.java:113)
	at org.eclipse.jetty.server.handler.HandlerWrapper.handle(HandlerWrapper.java:113)
	at org.eclipse.jetty.server.handler.HandlerWrapper.handle(HandlerWrapper.java:113)
	at org.eclipse.jetty.server.handler.HandlerWrapper.handle(HandlerWrapper.java:113)
	at org.eclipse.jetty.server.handler.HandlerWrapper.handle(HandlerWrapper.java:113)
	at org.eclipse.jetty.server.handler.HandlerWrapper.handle(HandlerWrapper.java:113)
	at org.eclipse.jetty.server.handler.HandlerWrapper.handle(HandlerWrapper.java:113)
	at org.eclipse.jetty.server.handler.HandlerWrapper.handle(HandlerWrapper.java:113)
	at org.eclipse.jetty.server.handler.HandlerWrapper.handle(HandlerWrapper.java:113)
	at org.eclipse.jetty.server.handler.HandlerWrapper.handle(HandlerWrapper.java:113)
	at org.eclipse.jetty.server.handler.HandlerWrapper.handle(HandlerWrapper.java:113)
	at org.eclipse.jetty.server.handler.HandlerWrapper.handle(HandlerWrapper.java:113)
	at org.eclipse.jetty.server.handler.HandlerWrapper.handle(HandlerWrapper.java:113)
	at org.eclipse.jetty.server.handler.HandlerWrapper.handle(HandlerWrapper.java:113)
	at org.eclipse.jetty.server.handler.HandlerWrapper.handle(HandlerWrapper.java:113)
	at org.eclipse.jetty.server.handler.HandlerWrapper.handle(HandlerWrapper.java:113)
	at org.eclipse.jetty.server.handler.HandlerWrapper.handle(HandlerWrapper.java:113)
	at org.eclipse.jetty.server.handler.HandlerWrapper.handle(HandlerWrapper.java:113)
	at org.eclipse.jetty.server.handler.HandlerWrapper.handle(HandlerWrapper.java:113)
	at org.eclipse.jetty.server.handler.HandlerWrapper.handle(HandlerWrapper.java:113)
	at org.eclipse.jetty.server.handler.HandlerWrapper.handle(HandlerWrapper.java:113)
	at org.eclipse.jetty.server.handler.HandlerWrapper.handle(HandlerWrapper.java:113)
	at org.eclipse.jetty.server.handler.HandlerWrapper.handle(HandlerWrapper.java:113)
	at org.eclipse.jetty.server.handler.HandlerWrapper.handle(HandlerWrapper.java:113)
	at org.eclipse.jetty.server.handler.HandlerWrapper.handle(HandlerWrapper.java:113)
	at org.eclipse.jetty.server.handler.HandlerWrapper.handle(HandlerWrapper.java:113)
	at org.eclipse.jetty.server.handler.HandlerWrapper.handle(HandlerWrapper.java:113)
	at org.eclipse.jetty.server.handler.HandlerWrapper.handle(HandlerWrapper.java:113)
	at org.eclipse.jetty.server.handler.HandlerWrapper.handle(HandlerWrapper.java:113)
	at org.eclipse.jetty.server.handler.HandlerWrapper.handle(HandlerWrapper.java:113)
	at org.eclipse.jetty.server.handler.HandlerWrapper.handle(HandlerWrapper.java:113)
	at org.eclipse.jetty.server.handler.HandlerWrapper.handle(HandlerWrapper.java:113)
	at org.eclipse.jetty.server.handler.HandlerWrapper.handle(HandlerWrapper.java:113)
	at org.eclipse.jetty.server.handler.HandlerWrapper.handle(HandlerWrapper.java:113)
	at org.eclipse.jetty.server.handler.HandlerWrapper.handle(HandlerWrapper.java:113)
	at org.eclipse.jetty.server.handler.HandlerWrapper.handle(HandlerWrapper.java:113)
	at org.eclipse.jetty.server.handler.HandlerWrapper.handle(HandlerWrapper.java:113)
	at org.eclipse.jetty.server.handler.HandlerWrapper.handle(HandlerWrapper.java:113)
	at org.eclipse.jetty.server.handler.HandlerWrapper.handle(HandlerWrapper.java:113)
	at org.eclipse.jetty.server.handler.HandlerWrapper.handle(HandlerWrapper.java:113)
	at org.eclipse.jetty.server.handler.HandlerWrapper.handle(HandlerWrapper.java:113)
	at org.eclipse.jetty.server.handler.HandlerWrapper.handle(HandlerWrapper.java:113)
	at org.eclipse.jetty.server.handler.HandlerWrapper.handle(HandlerWrapper.java:113)
	at org.eclipse.jetty.server.handler.HandlerWrapper.handle(HandlerWrapper.java:113)
	at org.eclipse.jetty.server.handler.HandlerWrapper.handle(HandlerWrapper.java:113)
	at org.eclipse.jetty.server.handler.HandlerWrapper.handle(HandlerWrapper.java:113)
	at org.eclipse.jetty.server.handler.HandlerWrapper.handle(HandlerWrapper.java:113)
	at org.eclipse.jetty.server.handler.HandlerWrapper.handle(HandlerWrapper.java:113)
	at org.eclipse.jetty.server.handler.HandlerWrapper.handle(HandlerWrapper.java:113)
	at org.eclipse.jetty.server.handler.HandlerWrapper.handle(HandlerWrapper.java:113)
	at org.eclipse.jetty.server.handler.HandlerWrapper.handle(HandlerWrapper.java:113)
	at org.eclipse.jetty.server.handler.HandlerWrapper.handle(HandlerWrapper.java:113)
	at org.eclipse.jetty.server.handler.HandlerWrapper.handle(HandlerWrapper.java:113)
	at org.eclipse.jetty.server.handler.HandlerWrapper.handle(HandlerWrapper.java:113)
	at org.eclipse.jetty.server.handler.HandlerWrapper.handle(HandlerWrapper.java:113)
	at org.eclipse.jetty.server.handler.HandlerWrapper.handle(HandlerWrapper.java:113)
	at org.eclipse.jetty.server.handler.HandlerWrapper.handle(HandlerWrapper.java:113)
	at org.eclipse.jetty.server.handler.HandlerWrapper.handle(HandlerWrapper.java:113)
	at org.eclipse.jetty.server.handler.HandlerWrapper.handle(HandlerWrapper.java:113)
	at org.eclipse.jetty.server.handler.HandlerWrapper.handle(HandlerWrapper.java:113)
	at org.eclipse.jetty.server.handler.HandlerWrapper.handle(HandlerWrapper.java:113)
	at org.eclipse.jetty.server.handler.HandlerWrapper.handle(HandlerWrapper.java:113)
	at org.eclipse.jetty.server.handler.HandlerWrapper.handle(HandlerWrapper.java:113)
	at org.eclipse.jetty.server.handler.HandlerWrapper.handle(HandlerWrapper.java:113)
	at org.eclipse.jetty.server.handler.HandlerWrapper.handle(HandlerWrapper.java:113)
	at org.eclipse.jetty.server.handler.HandlerWrapper.handle(HandlerWrapper.java:113)
	at org.eclipse.jetty.server.handler.HandlerWrapper.handle(HandlerWrapper.java:113)
	at org.eclipse.jetty.server.handler.HandlerWrapper.handle(HandlerWrapper.java:113)
	at org.eclipse.jetty.server.handler.HandlerWrapper.handle(HandlerWrapper.java:113)
	at org.eclipse.jetty.server.handler.HandlerWrapper.handle(HandlerWrapper.java:113)
	at org.eclipse.jetty.server.handler.HandlerWrapper.handle(HandlerWrapper.java:113)
	at org.eclipse.jetty.server.handler.HandlerWrapper.handle(HandlerWrapper.java:113)
	at org.eclipse.jetty.server.handler.HandlerWrapper.handle(HandlerWrapper.java:113)
	at org.eclipse.jetty.server.handler.HandlerWrapper.handle(HandlerWrapper.java:113)
	at org.eclipse.jetty.server.handler.HandlerWrapper.handle(HandlerWrapper.java:113)
	at org.eclipse.jetty.server.handler.HandlerWrapper.handle(HandlerWrapper.java:113)
	at org.eclipse.jetty.server.handler.HandlerWrapper.handle(HandlerWrapper.java:113)
	at org.eclipse.jetty.server.handler.HandlerWrapper.handle(HandlerWrapper.java:113)
	at org.eclipse.jetty.server.handler.HandlerWrapper.handle(HandlerWrapper.java:113)
	at org.eclipse.jetty.server.handler.HandlerWrapper.handle(HandlerWrapper.java:113)
	at org.eclipse.jetty.server.handler.HandlerWrapper.handle(HandlerWrapper.java:113)
	at org.eclipse.jetty.server.handler.HandlerWrapper.handle(HandlerWrapper.java:113)
	at org.eclipse.jetty.server.handler.HandlerWrapper.handle(HandlerWrapper.java:113)
	at org.eclipse.jetty.server.handler.HandlerWrapper.handle(HandlerWrapper.java:113)
	at org.eclipse.jetty.server.handler.HandlerWrapper.handle(HandlerWrapper.java:113)
	at org.eclipse.jetty.server.handler.HandlerWrapper.handle(HandlerWrapper.java:113)
	at org.eclipse.jetty.server.handler.HandlerWrapper.handle(HandlerWrapper.java:113)
	at org.eclipse.jetty.server.handler.HandlerWrapper.handle(HandlerWrapper.java:113)
	at org.eclipse.jetty.server.handler.HandlerWrapper.handle(HandlerWrapper.java:113)
	at org.eclipse.jetty.server.handler.HandlerWrapper.handle(HandlerWrapper.java:113)
	at org.eclipse.jetty.server.handler.HandlerWrapper.handle(HandlerWrapper.java:113)
	at org.eclipse.jetty.server.handler.HandlerWrapper.handle(HandlerWrapper.java:113)
	at org.eclipse.jetty.server.handler.HandlerWrapper.handle(HandlerWrapper.java:113)
	at org.eclipse.jetty.server.handler.HandlerWrapper.handle(HandlerWrapper.java:113)
	at org.eclipse.jetty.server.handler.HandlerWrapper.handle(HandlerWrapper.java:113)
	at org.eclipse.jetty.server.handler.HandlerWrapper.handle(HandlerWrapper.java:113)
	at org.eclipse.jetty.server.handler.HandlerWrapper.handle(HandlerWrapper.java:113)
	at org.eclipse.jetty.server.handler.HandlerWrapper.handle(HandlerWrapper.java:113)
	at org.eclipse.jetty.server.handler.HandlerWrapper.handle(HandlerWrapper.java:113)
	at org.eclipse.jetty.server.handler.HandlerWrapper.handle(HandlerWrapper.java:113)
	at org.eclipse.jetty.server.handler.HandlerWrapper.handle(HandlerWrapper.java:113)
	at org.eclipse.jetty.server.handler.HandlerWrapper.handle(HandlerWrapper.java:113)
	at org.eclipse.jetty.server.handler.HandlerWrapper.handle(HandlerWrapper.java:113)
	at org.eclipse.jetty.server.handler.HandlerWrapper.handle(HandlerWrapper.java:113)
	at org.eclipse.jetty.server.handler.HandlerWrapper.handle(HandlerWrapper.java:113)
	at org.eclipse.jetty.server.handler.HandlerWrapper.handle(HandlerWrapper.java:113)
	at org.eclipse.jetty.server.handler.HandlerWrapper.handle(HandlerWrapper.java:113)
	at org.eclipse.jetty.server.handler.HandlerWrapper.handle(HandlerWrapper.java:113)
	at org.eclipse.jetty.server.handler.HandlerWrapper.handle(HandlerWrapper.java:113)
	at org.eclipse.jetty.server.handler.HandlerWrapper.handle(HandlerWrapper.java:113)
	at org.eclipse.jetty.server.handler.HandlerWrapper.handle(HandlerWrapper.java:113)
	at org.eclipse.jetty.server.handler.HandlerWrapper.handle(HandlerWrapper.java:113)
	at org.eclipse.jetty.server.handler.HandlerWrapper.handle(HandlerWrapper.java:113)
	at org.eclipse.jetty.server.handler.HandlerWrapper.handle(HandlerWrapper.java:113)
	at org.eclipse.jetty.server.handler.HandlerWrapper.handle(HandlerWrapper.java:113)
	at org.eclipse.jetty.server.handler.HandlerWrapper.handle(HandlerWrapper.java:113)
	at org.eclipse.jetty.server.handler.HandlerWrapper.handle(HandlerWrapper.java:113)
	at org.eclipse.jetty.server.handler.HandlerWrapper.handle(HandlerWrapper.java:113)
	at org.eclipse.jetty.server.handler.HandlerWrapper.handle(HandlerWrapper.java:113)
	at org.eclipse.jetty.server.handler.HandlerWrapper.handle(HandlerWrapper.java:113)
	at org.eclipse.jetty.server.handler.HandlerWrapper.handle(HandlerWrapper.java:113)
15-04-12 20:55:26 INFO  log main - Logging initialized @954ms
15-04-12 20:55:26 INFO  Server main - jetty-9.3.0.M2
15-04-12 20:55:26 INFO  ServerConnector main - Started ServerConnector@2473b9ce{HTTP/1.1,[http/1.1]}{0.0.0.0:8080}
15-04-12 20:55:26 INFO  Server main - Started @1104ms
15-04-12 20:55:29 WARN  HttpChannel qtp990416209-17 - //localhost:8080/
java.lang.StackOverflowError
	at org.eclipse.jetty.server.handler.HandlerWrapper.handle(HandlerWrapper.java:113)
	at org.eclipse.jetty.server.handler.HandlerWrapper.handle(HandlerWrapper.java:113)
	at org.eclipse.jetty.server.handler.HandlerWrapper.handle(HandlerWrapper.java:113)
	at org.eclipse.jetty.server.handler.HandlerWrapper.handle(HandlerWrapper.java:113)
	at org.eclipse.jetty.server.handler.HandlerWrapper.handle(HandlerWrapper.java:113)
	at org.eclipse.jetty.server.handler.HandlerWrapper.handle(HandlerWrapper.java:113)
	at org.eclipse.jetty.server.handler.HandlerWrapper.handle(HandlerWrapper.java:113)
	at org.eclipse.jetty.server.handler.HandlerWrapper.handle(HandlerWrapper.java:113)
	at org.eclipse.jetty.server.handler.HandlerWrapper.handle(HandlerWrapper.java:113)
	at org.eclipse.jetty.server.handler.HandlerWrapper.handle(HandlerWrapper.java:113)
	at org.eclipse.jetty.server.handler.HandlerWrapper.handle(HandlerWrapper.java:113)
	at org.eclipse.jetty.server.handler.HandlerWrapper.handle(HandlerWrapper.java:113)
	at org.eclipse.jetty.server.handler.HandlerWrapper.handle(HandlerWrapper.java:113)
	at org.eclipse.jetty.server.handler.HandlerWrapper.handle(HandlerWrapper.java:113)
	at org.eclipse.jetty.server.handler.HandlerWrapper.handle(HandlerWrapper.java:113)
	at org.eclipse.jetty.server.handler.HandlerWrapper.handle(HandlerWrapper.java:113)
	at org.eclipse.jetty.server.handler.HandlerWrapper.handle(HandlerWrapper.java:113)
	at org.eclipse.jetty.server.handler.HandlerWrapper.handle(HandlerWrapper.java:113)
	at org.eclipse.jetty.server.handler.HandlerWrapper.handle(HandlerWrapper.java:113)
	at org.eclipse.jetty.server.handler.HandlerWrapper.handle(HandlerWrapper.java:113)
	at org.eclipse.jetty.server.handler.HandlerWrapper.handle(HandlerWrapper.java:113)
	at org.eclipse.jetty.server.handler.HandlerWrapper.handle(HandlerWrapper.java:113)
	at org.eclipse.jetty.server.handler.HandlerWrapper.handle(HandlerWrapper.java:113)
	at org.eclipse.jetty.server.handler.HandlerWrapper.handle(HandlerWrapper.java:113)
	at org.eclipse.jetty.server.handler.HandlerWrapper.handle(HandlerWrapper.java:113)
	at org.eclipse.jetty.server.handler.HandlerWrapper.handle(HandlerWrapper.java:113)
	at org.eclipse.jetty.server.handler.HandlerWrapper.handle(HandlerWrapper.java:113)
	at org.eclipse.jetty.server.handler.HandlerWrapper.handle(HandlerWrapper.java:113)
	at org.eclipse.jetty.server.handler.HandlerWrapper.handle(HandlerWrapper.java:113)
	at org.eclipse.jetty.server.handler.HandlerWrapper.handle(HandlerWrapper.java:113)
	at org.eclipse.jetty.server.handler.HandlerWrapper.handle(HandlerWrapper.java:113)
	at org.eclipse.jetty.server.handler.HandlerWrapper.handle(HandlerWrapper.java:113)
	at org.eclipse.jetty.server.handler.HandlerWrapper.handle(HandlerWrapper.java:113)
	at org.eclipse.jetty.server.handler.HandlerWrapper.handle(HandlerWrapper.java:113)
	at org.eclipse.jetty.server.handler.HandlerWrapper.handle(HandlerWrapper.java:113)
	at org.eclipse.jetty.server.handler.HandlerWrapper.handle(HandlerWrapper.java:113)
	at org.eclipse.jetty.server.handler.HandlerWrapper.handle(HandlerWrapper.java:113)
	at org.eclipse.jetty.server.handler.HandlerWrapper.handle(HandlerWrapper.java:113)
	at org.eclipse.jetty.server.handler.HandlerWrapper.handle(HandlerWrapper.java:113)
	at org.eclipse.jetty.server.handler.HandlerWrapper.handle(HandlerWrapper.java:113)
	at org.eclipse.jetty.server.handler.HandlerWrapper.handle(HandlerWrapper.java:113)
	at org.eclipse.jetty.server.handler.HandlerWrapper.handle(HandlerWrapper.java:113)
	at org.eclipse.jetty.server.handler.HandlerWrapper.handle(HandlerWrapper.java:113)
	at org.eclipse.jetty.server.handler.HandlerWrapper.handle(HandlerWrapper.java:113)
	at org.eclipse.jetty.server.handler.HandlerWrapper.handle(HandlerWrapper.java:113)
	at org.eclipse.jetty.server.handler.HandlerWrapper.handle(HandlerWrapper.java:113)
	at org.eclipse.jetty.server.handler.HandlerWrapper.handle(HandlerWrapper.java:113)
	at org.eclipse.jetty.server.handler.HandlerWrapper.handle(HandlerWrapper.java:113)
	at org.eclipse.jetty.server.handler.HandlerWrapper.handle(HandlerWrapper.java:113)
	at org.eclipse.jetty.server.handler.HandlerWrapper.handle(HandlerWrapper.java:113)
	at org.eclipse.jetty.server.handler.HandlerWrapper.handle(HandlerWrapper.java:113)
	at org.eclipse.jetty.server.handler.HandlerWrapper.handle(HandlerWrapper.java:113)
	at org.eclipse.jetty.server.handler.HandlerWrapper.handle(HandlerWrapper.java:113)
	at org.eclipse.jetty.server.handler.HandlerWrapper.handle(HandlerWrapper.java:113)
	at org.eclipse.jetty.server.handler.HandlerWrapper.handle(HandlerWrapper.java:113)
	at org.eclipse.jetty.server.handler.HandlerWrapper.handle(HandlerWrapper.java:113)
	at org.eclipse.jetty.server.handler.HandlerWrapper.handle(HandlerWrapper.java:113)
	at org.eclipse.jetty.server.handler.HandlerWrapper.handle(HandlerWrapper.java:113)
	at org.eclipse.jetty.server.handler.HandlerWrapper.handle(HandlerWrapper.java:113)
	at org.eclipse.jetty.server.handler.HandlerWrapper.handle(HandlerWrapper.java:113)
	at org.eclipse.jetty.server.handler.HandlerWrapper.handle(HandlerWrapper.java:113)
	at org.eclipse.jetty.server.handler.HandlerWrapper.handle(HandlerWrapper.java:113)
	at org.eclipse.jetty.server.handler.HandlerWrapper.handle(HandlerWrapper.java:113)
	at org.eclipse.jetty.server.handler.HandlerWrapper.handle(HandlerWrapper.java:113)
	at org.eclipse.jetty.server.handler.HandlerWrapper.handle(HandlerWrapper.java:113)
	at org.eclipse.jetty.server.handler.HandlerWrapper.handle(HandlerWrapper.java:113)
	at org.eclipse.jetty.server.handler.HandlerWrapper.handle(HandlerWrapper.java:113)
	at org.eclipse.jetty.server.handler.HandlerWrapper.handle(HandlerWrapper.java:113)
	at org.eclipse.jetty.server.handler.HandlerWrapper.handle(HandlerWrapper.java:113)
	at org.eclipse.jetty.server.handler.HandlerWrapper.handle(HandlerWrapper.java:113)
	at org.eclipse.jetty.server.handler.HandlerWrapper.handle(HandlerWrapper.java:113)
	at org.eclipse.jetty.server.handler.HandlerWrapper.handle(HandlerWrapper.java:113)
	at org.eclipse.jetty.server.handler.HandlerWrapper.handle(HandlerWrapper.java:113)
	at org.eclipse.jetty.server.handler.HandlerWrapper.handle(HandlerWrapper.java:113)
	at org.eclipse.jetty.server.handler.HandlerWrapper.handle(HandlerWrapper.java:113)
	at org.eclipse.jetty.server.handler.HandlerWrapper.handle(HandlerWrapper.java:113)
	at org.eclipse.jetty.server.handler.HandlerWrapper.handle(HandlerWrapper.java:113)
	at org.eclipse.jetty.server.handler.HandlerWrapper.handle(HandlerWrapper.java:113)
	at org.eclipse.jetty.server.handler.HandlerWrapper.handle(HandlerWrapper.java:113)
	at org.eclipse.jetty.server.handler.HandlerWrapper.handle(HandlerWrapper.java:113)
	at org.eclipse.jetty.server.handler.HandlerWrapper.handle(HandlerWrapper.java:113)
	at org.eclipse.jetty.server.handler.HandlerWrapper.handle(HandlerWrapper.java:113)
	at org.eclipse.jetty.server.handler.HandlerWrapper.handle(HandlerWrapper.java:113)
	at org.eclipse.jetty.server.handler.HandlerWrapper.handle(HandlerWrapper.java:113)
	at org.eclipse.jetty.server.handler.HandlerWrapper.handle(HandlerWrapper.java:113)
	at org.eclipse.jetty.server.handler.HandlerWrapper.handle(HandlerWrapper.java:113)
	at org.eclipse.jetty.server.handler.HandlerWrapper.handle(HandlerWrapper.java:113)
	at org.eclipse.jetty.server.handler.HandlerWrapper.handle(HandlerWrapper.java:113)
	at org.eclipse.jetty.server.handler.HandlerWrapper.handle(HandlerWrapper.java:113)
	at org.eclipse.jetty.server.handler.HandlerWrapper.handle(HandlerWrapper.java:113)
	at org.eclipse.jetty.server.handler.HandlerWrapper.handle(HandlerWrapper.java:113)
	at org.eclipse.jetty.server.handler.HandlerWrapper.handle(HandlerWrapper.java:113)
	at org.eclipse.jetty.server.handler.HandlerWrapper.handle(HandlerWrapper.java:113)
	at org.eclipse.jetty.server.handler.HandlerWrapper.handle(HandlerWrapper.java:113)
	at org.eclipse.jetty.server.handler.HandlerWrapper.handle(HandlerWrapper.java:113)
	at org.eclipse.jetty.server.handler.HandlerWrapper.handle(HandlerWrapper.java:113)
	at org.eclipse.jetty.server.handler.HandlerWrapper.handle(HandlerWrapper.java:113)
	at org.eclipse.jetty.server.handler.HandlerWrapper.handle(HandlerWrapper.java:113)
	at org.eclipse.jetty.server.handler.HandlerWrapper.handle(HandlerWrapper.java:113)
	at org.eclipse.jetty.server.handler.HandlerWrapper.handle(HandlerWrapper.java:113)
	at org.eclipse.jetty.server.handler.HandlerWrapper.handle(HandlerWrapper.java:113)
	at org.eclipse.jetty.server.handler.HandlerWrapper.handle(HandlerWrapper.java:113)
	at org.eclipse.jetty.server.handler.HandlerWrapper.handle(HandlerWrapper.java:113)
	at org.eclipse.jetty.server.handler.HandlerWrapper.handle(HandlerWrapper.java:113)
	at org.eclipse.jetty.server.handler.HandlerWrapper.handle(HandlerWrapper.java:113)
	at org.eclipse.jetty.server.handler.HandlerWrapper.handle(HandlerWrapper.java:113)
	at org.eclipse.jetty.server.handler.HandlerWrapper.handle(HandlerWrapper.java:113)
	at org.eclipse.jetty.server.handler.HandlerWrapper.handle(HandlerWrapper.java:113)
	at org.eclipse.jetty.server.handler.HandlerWrapper.handle(HandlerWrapper.java:113)
	at org.eclipse.jetty.server.handler.HandlerWrapper.handle(HandlerWrapper.java:113)
	at org.eclipse.jetty.server.handler.HandlerWrapper.handle(HandlerWrapper.java:113)
	at org.eclipse.jetty.server.handler.HandlerWrapper.handle(HandlerWrapper.java:113)
	at org.eclipse.jetty.server.handler.HandlerWrapper.handle(HandlerWrapper.java:113)
	at org.eclipse.jetty.server.handler.HandlerWrapper.handle(HandlerWrapper.java:113)
	at org.eclipse.jetty.server.handler.HandlerWrapper.handle(HandlerWrapper.java:113)
	at org.eclipse.jetty.server.handler.HandlerWrapper.handle(HandlerWrapper.java:113)
	at org.eclipse.jetty.server.handler.HandlerWrapper.handle(HandlerWrapper.java:113)
	at org.eclipse.jetty.server.handler.HandlerWrapper.handle(HandlerWrapper.java:113)
	at org.eclipse.jetty.server.handler.HandlerWrapper.handle(HandlerWrapper.java:113)
	at org.eclipse.jetty.server.handler.HandlerWrapper.handle(HandlerWrapper.java:113)
	at org.eclipse.jetty.server.handler.HandlerWrapper.handle(HandlerWrapper.java:113)
	at org.eclipse.jetty.server.handler.HandlerWrapper.handle(HandlerWrapper.java:113)
	at org.eclipse.jetty.server.handler.HandlerWrapper.handle(HandlerWrapper.java:113)
	at org.eclipse.jetty.server.handler.HandlerWrapper.handle(HandlerWrapper.java:113)
	at org.eclipse.jetty.server.handler.HandlerWrapper.handle(HandlerWrapper.java:113)
	at org.eclipse.jetty.server.handler.HandlerWrapper.handle(HandlerWrapper.java:113)
	at org.eclipse.jetty.server.handler.HandlerWrapper.handle(HandlerWrapper.java:113)
	at org.eclipse.jetty.server.handler.HandlerWrapper.handle(HandlerWrapper.java:113)
	at org.eclipse.jetty.server.handler.HandlerWrapper.handle(HandlerWrapper.java:113)
	at org.eclipse.jetty.server.handler.HandlerWrapper.handle(HandlerWrapper.java:113)
	at org.eclipse.jetty.server.handler.HandlerWrapper.handle(HandlerWrapper.java:113)
	at org.eclipse.jetty.server.handler.HandlerWrapper.handle(HandlerWrapper.java:113)
	at org.eclipse.jetty.server.handler.HandlerWrapper.handle(HandlerWrapper.java:113)
	at org.eclipse.jetty.server.handler.HandlerWrapper.handle(HandlerWrapper.java:113)
	at org.eclipse.jetty.server.handler.HandlerWrapper.handle(HandlerWrapper.java:113)
	at org.eclipse.jetty.server.handler.HandlerWrapper.handle(HandlerWrapper.java:113)
	at org.eclipse.jetty.server.handler.HandlerWrapper.handle(HandlerWrapper.java:113)
	at org.eclipse.jetty.server.handler.HandlerWrapper.handle(HandlerWrapper.java:113)
	at org.eclipse.jetty.server.handler.HandlerWrapper.handle(HandlerWrapper.java:113)
	at org.eclipse.jetty.server.handler.HandlerWrapper.handle(HandlerWrapper.java:113)
	at org.eclipse.jetty.server.handler.HandlerWrapper.handle(HandlerWrapper.java:113)
	at org.eclipse.jetty.server.handler.HandlerWrapper.handle(HandlerWrapper.java:113)
	at org.eclipse.jetty.server.handler.HandlerWrapper.handle(HandlerWrapper.java:113)
	at org.eclipse.jetty.server.handler.HandlerWrapper.handle(HandlerWrapper.java:113)
	at org.eclipse.jetty.server.handler.HandlerWrapper.handle(HandlerWrapper.java:113)
	at org.eclipse.jetty.server.handler.HandlerWrapper.handle(HandlerWrapper.java:113)
	at org.eclipse.jetty.server.handler.HandlerWrapper.handle(HandlerWrapper.java:113)
	at org.eclipse.jetty.server.handler.HandlerWrapper.handle(HandlerWrapper.java:113)
	at org.eclipse.jetty.server.handler.HandlerWrapper.handle(HandlerWrapper.java:113)
	at org.eclipse.jetty.server.handler.HandlerWrapper.handle(HandlerWrapper.java:113)
	at org.eclipse.jetty.server.handler.HandlerWrapper.handle(HandlerWrapper.java:113)
	at org.eclipse.jetty.server.handler.HandlerWrapper.handle(HandlerWrapper.java:113)
	at org.eclipse.jetty.server.handler.HandlerWrapper.handle(HandlerWrapper.java:113)
	at org.eclipse.jetty.server.handler.HandlerWrapper.handle(HandlerWrapper.java:113)
	at org.eclipse.jetty.server.handler.HandlerWrapper.handle(HandlerWrapper.java:113)
	at org.eclipse.jetty.server.handler.HandlerWrapper.handle(HandlerWrapper.java:113)
	at org.eclipse.jetty.server.handler.HandlerWrapper.handle(HandlerWrapper.java:113)
	at org.eclipse.jetty.server.handler.HandlerWrapper.handle(HandlerWrapper.java:113)
	at org.eclipse.jetty.server.handler.HandlerWrapper.handle(HandlerWrapper.java:113)
	at org.eclipse.jetty.server.handler.HandlerWrapper.handle(HandlerWrapper.java:113)
	at org.eclipse.jetty.server.handler.HandlerWrapper.handle(HandlerWrapper.java:113)
	at org.eclipse.jetty.server.handler.HandlerWrapper.handle(HandlerWrapper.java:113)
	at org.eclipse.jetty.server.handler.HandlerWrapper.handle(HandlerWrapper.java:113)
	at org.eclipse.jetty.server.handler.HandlerWrapper.handle(HandlerWrapper.java:113)
	at org.eclipse.jetty.server.handler.HandlerWrapper.handle(HandlerWrapper.java:113)
	at org.eclipse.jetty.server.handler.HandlerWrapper.handle(HandlerWrapper.java:113)
	at org.eclipse.jetty.server.handler.HandlerWrapper.handle(HandlerWrapper.java:113)
	at org.eclipse.jetty.server.handler.HandlerWrapper.handle(HandlerWrapper.java:113)
	at org.eclipse.jetty.server.handler.HandlerWrapper.handle(HandlerWrapper.java:113)
	at org.eclipse.jetty.server.handler.HandlerWrapper.handle(HandlerWrapper.java:113)
	at org.eclipse.jetty.server.handler.HandlerWrapper.handle(HandlerWrapper.java:113)
	at org.eclipse.jetty.server.handler.HandlerWrapper.handle(HandlerWrapper.java:113)
	at org.eclipse.jetty.server.handler.HandlerWrapper.handle(HandlerWrapper.java:113)
	at org.eclipse.jetty.server.handler.HandlerWrapper.handle(HandlerWrapper.java:113)
	at org.eclipse.jetty.server.handler.HandlerWrapper.handle(HandlerWrapper.java:113)
	at org.eclipse.jetty.server.handler.HandlerWrapper.handle(HandlerWrapper.java:113)
	at org.eclipse.jetty.server.handler.HandlerWrapper.handle(HandlerWrapper.java:113)
	at org.eclipse.jetty.server.handler.HandlerWrapper.handle(HandlerWrapper.java:113)
	at org.eclipse.jetty.server.handler.HandlerWrapper.handle(HandlerWrapper.java:113)
	at org.eclipse.jetty.server.handler.HandlerWrapper.handle(HandlerWrapper.java:113)
	at org.eclipse.jetty.server.handler.HandlerWrapper.handle(HandlerWrapper.java:113)
	at org.eclipse.jetty.server.handler.HandlerWrapper.handle(HandlerWrapper.java:113)
	at org.eclipse.jetty.server.handler.HandlerWrapper.handle(HandlerWrapper.java:113)
	at org.eclipse.jetty.server.handler.HandlerWrapper.handle(HandlerWrapper.java:113)
	at org.eclipse.jetty.server.handler.HandlerWrapper.handle(HandlerWrapper.java:113)
	at org.eclipse.jetty.server.handler.HandlerWrapper.handle(HandlerWrapper.java:113)
	at org.eclipse.jetty.server.handler.HandlerWrapper.handle(HandlerWrapper.java:113)
	at org.eclipse.jetty.server.handler.HandlerWrapper.handle(HandlerWrapper.java:113)
	at org.eclipse.jetty.server.handler.HandlerWrapper.handle(HandlerWrapper.java:113)
	at org.eclipse.jetty.server.handler.HandlerWrapper.handle(HandlerWrapper.java:113)
	at org.eclipse.jetty.server.handler.HandlerWrapper.handle(HandlerWrapper.java:113)
	at org.eclipse.jetty.server.handler.HandlerWrapper.handle(HandlerWrapper.java:113)
	at org.eclipse.jetty.server.handler.HandlerWrapper.handle(HandlerWrapper.java:113)
	at org.eclipse.jetty.server.handler.HandlerWrapper.handle(HandlerWrapper.java:113)
	at org.eclipse.jetty.server.handler.HandlerWrapper.handle(HandlerWrapper.java:113)
	at org.eclipse.jetty.server.handler.HandlerWrapper.handle(HandlerWrapper.java:113)
	at org.eclipse.jetty.server.handler.HandlerWrapper.handle(HandlerWrapper.java:113)
	at org.eclipse.jetty.server.handler.HandlerWrapper.handle(HandlerWrapper.java:113)
	at org.eclipse.jetty.server.handler.HandlerWrapper.handle(HandlerWrapper.java:113)
	at org.eclipse.jetty.server.handler.HandlerWrapper.handle(HandlerWrapper.java:113)
	at org.eclipse.jetty.server.handler.HandlerWrapper.handle(HandlerWrapper.java:113)
	at org.eclipse.jetty.server.handler.HandlerWrapper.handle(HandlerWrapper.java:113)
	at org.eclipse.jetty.server.handler.HandlerWrapper.handle(HandlerWrapper.java:113)
	at org.eclipse.jetty.server.handler.HandlerWrapper.handle(HandlerWrapper.java:113)
	at org.eclipse.jetty.server.handler.HandlerWrapper.handle(HandlerWrapper.java:113)
	at org.eclipse.jetty.server.handler.HandlerWrapper.handle(HandlerWrapper.java:113)
	at org.eclipse.jetty.server.handler.HandlerWrapper.handle(HandlerWrapper.java:113)
	at org.eclipse.jetty.server.handler.HandlerWrapper.handle(HandlerWrapper.java:113)
	at org.eclipse.jetty.server.handler.HandlerWrapper.handle(HandlerWrapper.java:113)
	at org.eclipse.jetty.server.handler.HandlerWrapper.handle(HandlerWrapper.java:113)
	at org.eclipse.jetty.server.handler.HandlerWrapper.handle(HandlerWrapper.java:113)
	at org.eclipse.jetty.server.handler.HandlerWrapper.handle(HandlerWrapper.java:113)
	at org.eclipse.jetty.server.handler.HandlerWrapper.handle(HandlerWrapper.java:113)
	at org.eclipse.jetty.server.handler.HandlerWrapper.handle(HandlerWrapper.java:113)
	at org.eclipse.jetty.server.handler.HandlerWrapper.handle(HandlerWrapper.java:113)
	at org.eclipse.jetty.server.handler.HandlerWrapper.handle(HandlerWrapper.java:113)
	at org.eclipse.jetty.server.handler.HandlerWrapper.handle(HandlerWrapper.java:113)
	at org.eclipse.jetty.server.handler.HandlerWrapper.handle(HandlerWrapper.java:113)
	at org.eclipse.jetty.server.handler.HandlerWrapper.handle(HandlerWrapper.java:113)
	at org.eclipse.jetty.server.handler.HandlerWrapper.handle(HandlerWrapper.java:113)
	at org.eclipse.jetty.server.handler.HandlerWrapper.handle(HandlerWrapper.java:113)
	at org.eclipse.jetty.server.handler.HandlerWrapper.handle(HandlerWrapper.java:113)
	at org.eclipse.jetty.server.handler.HandlerWrapper.handle(HandlerWrapper.java:113)
	at org.eclipse.jetty.server.handler.HandlerWrapper.handle(HandlerWrapper.java:113)
	at org.eclipse.jetty.server.handler.HandlerWrapper.handle(HandlerWrapper.java:113)
	at org.eclipse.jetty.server.handler.HandlerWrapper.handle(HandlerWrapper.java:113)
	at org.eclipse.jetty.server.handler.HandlerWrapper.handle(HandlerWrapper.java:113)
	at org.eclipse.jetty.server.handler.HandlerWrapper.handle(HandlerWrapper.java:113)
	at org.eclipse.jetty.server.handler.HandlerWrapper.handle(HandlerWrapper.java:113)
	at org.eclipse.jetty.server.handler.HandlerWrapper.handle(HandlerWrapper.java:113)
	at org.eclipse.jetty.server.handler.HandlerWrapper.handle(HandlerWrapper.java:113)
	at org.eclipse.jetty.server.handler.HandlerWrapper.handle(HandlerWrapper.java:113)
	at org.eclipse.jetty.server.handler.HandlerWrapper.handle(HandlerWrapper.java:113)
	at org.eclipse.jetty.server.handler.HandlerWrapper.handle(HandlerWrapper.java:113)
	at org.eclipse.jetty.server.handler.HandlerWrapper.handle(HandlerWrapper.java:113)
	at org.eclipse.jetty.server.handler.HandlerWrapper.handle(HandlerWrapper.java:113)
	at org.eclipse.jetty.server.handler.HandlerWrapper.handle(HandlerWrapper.java:113)
	at org.eclipse.jetty.server.handler.HandlerWrapper.handle(HandlerWrapper.java:113)
	at org.eclipse.jetty.server.handler.HandlerWrapper.handle(HandlerWrapper.java:113)
	at org.eclipse.jetty.server.handler.HandlerWrapper.handle(HandlerWrapper.java:113)
	at org.eclipse.jetty.server.handler.HandlerWrapper.handle(HandlerWrapper.java:113)
	at org.eclipse.jetty.server.handler.HandlerWrapper.handle(HandlerWrapper.java:113)
	at org.eclipse.jetty.server.handler.HandlerWrapper.handle(HandlerWrapper.java:113)
	at org.eclipse.jetty.server.handler.HandlerWrapper.handle(HandlerWrapper.java:113)
	at org.eclipse.jetty.server.handler.HandlerWrapper.handle(HandlerWrapper.java:113)
	at org.eclipse.jetty.server.handler.HandlerWrapper.handle(HandlerWrapper.java:113)
	at org.eclipse.jetty.server.handler.HandlerWrapper.handle(HandlerWrapper.java:113)
	at org.eclipse.jetty.server.handler.HandlerWrapper.handle(HandlerWrapper.java:113)
	at org.eclipse.jetty.server.handler.HandlerWrapper.handle(HandlerWrapper.java:113)
	at org.eclipse.jetty.server.handler.HandlerWrapper.handle(HandlerWrapper.java:113)
	at org.eclipse.jetty.server.handler.HandlerWrapper.handle(HandlerWrapper.java:113)
	at org.eclipse.jetty.server.handler.HandlerWrapper.handle(HandlerWrapper.java:113)
	at org.eclipse.jetty.server.handler.HandlerWrapper.handle(HandlerWrapper.java:113)
	at org.eclipse.jetty.server.handler.HandlerWrapper.handle(HandlerWrapper.java:113)
	at org.eclipse.jetty.server.handler.HandlerWrapper.handle(HandlerWrapper.java:113)
	at org.eclipse.jetty.server.handler.HandlerWrapper.handle(HandlerWrapper.java:113)
	at org.eclipse.jetty.server.handler.HandlerWrapper.handle(HandlerWrapper.java:113)
	at org.eclipse.jetty.server.handler.HandlerWrapper.handle(HandlerWrapper.java:113)
	at org.eclipse.jetty.server.handler.HandlerWrapper.handle(HandlerWrapper.java:113)
	at org.eclipse.jetty.server.handler.HandlerWrapper.handle(HandlerWrapper.java:113)
	at org.eclipse.jetty.server.handler.HandlerWrapper.handle(HandlerWrapper.java:113)
	at org.eclipse.jetty.server.handler.HandlerWrapper.handle(HandlerWrapper.java:113)
	at org.eclipse.jetty.server.handler.HandlerWrapper.handle(HandlerWrapper.java:113)
	at org.eclipse.jetty.server.handler.HandlerWrapper.handle(HandlerWrapper.java:113)
	at org.eclipse.jetty.server.handler.HandlerWrapper.handle(HandlerWrapper.java:113)
	at org.eclipse.jetty.server.handler.HandlerWrapper.handle(HandlerWrapper.java:113)
	at org.eclipse.jetty.server.handler.HandlerWrapper.handle(HandlerWrapper.java:113)
	at org.eclipse.jetty.server.handler.HandlerWrapper.handle(HandlerWrapper.java:113)
	at org.eclipse.jetty.server.handler.HandlerWrapper.handle(HandlerWrapper.java:113)
	at org.eclipse.jetty.server.handler.HandlerWrapper.handle(HandlerWrapper.java:113)
	at org.eclipse.jetty.server.handler.HandlerWrapper.handle(HandlerWrapper.java:113)
	at org.eclipse.jetty.server.handler.HandlerWrapper.handle(HandlerWrapper.java:113)
	at org.eclipse.jetty.server.handler.HandlerWrapper.handle(HandlerWrapper.java:113)
	at org.eclipse.jetty.server.handler.HandlerWrapper.handle(HandlerWrapper.java:113)
	at org.eclipse.jetty.server.handler.HandlerWrapper.handle(HandlerWrapper.java:113)
	at org.eclipse.jetty.server.handler.HandlerWrapper.handle(HandlerWrapper.java:113)
	at org.eclipse.jetty.server.handler.HandlerWrapper.handle(HandlerWrapper.java:113)
	at org.eclipse.jetty.server.handler.HandlerWrapper.handle(HandlerWrapper.java:113)
	at org.eclipse.jetty.server.handler.HandlerWrapper.handle(HandlerWrapper.java:113)
	at org.eclipse.jetty.server.handler.HandlerWrapper.handle(HandlerWrapper.java:113)
	at org.eclipse.jetty.server.handler.HandlerWrapper.handle(HandlerWrapper.java:113)
	at org.eclipse.jetty.server.handler.HandlerWrapper.handle(HandlerWrapper.java:113)
	at org.eclipse.jetty.server.handler.HandlerWrapper.handle(HandlerWrapper.java:113)
	at org.eclipse.jetty.server.handler.HandlerWrapper.handle(HandlerWrapper.java:113)
	at org.eclipse.jetty.server.handler.HandlerWrapper.handle(HandlerWrapper.java:113)
	at org.eclipse.jetty.server.handler.HandlerWrapper.handle(HandlerWrapper.java:113)
	at org.eclipse.jetty.server.handler.HandlerWrapper.handle(HandlerWrapper.java:113)
	at org.eclipse.jetty.server.handler.HandlerWrapper.handle(HandlerWrapper.java:113)
	at org.eclipse.jetty.server.handler.HandlerWrapper.handle(HandlerWrapper.java:113)
	at org.eclipse.jetty.server.handler.HandlerWrapper.handle(HandlerWrapper.java:113)
	at org.eclipse.jetty.server.handler.HandlerWrapper.handle(HandlerWrapper.java:113)
	at org.eclipse.jetty.server.handler.HandlerWrapper.handle(HandlerWrapper.java:113)
	at org.eclipse.jetty.server.handler.HandlerWrapper.handle(HandlerWrapper.java:113)
	at org.eclipse.jetty.server.handler.HandlerWrapper.handle(HandlerWrapper.java:113)
	at org.eclipse.jetty.server.handler.HandlerWrapper.handle(HandlerWrapper.java:113)
	at org.eclipse.jetty.server.handler.HandlerWrapper.handle(HandlerWrapper.java:113)
	at org.eclipse.jetty.server.handler.HandlerWrapper.handle(HandlerWrapper.java:113)
	at org.eclipse.jetty.server.handler.HandlerWrapper.handle(HandlerWrapper.java:113)
	at org.eclipse.jetty.server.handler.HandlerWrapper.handle(HandlerWrapper.java:113)
	at org.eclipse.jetty.server.handler.HandlerWrapper.handle(HandlerWrapper.java:113)
	at org.eclipse.jetty.server.handler.HandlerWrapper.handle(HandlerWrapper.java:113)
	at org.eclipse.jetty.server.handler.HandlerWrapper.handle(HandlerWrapper.java:113)
	at org.eclipse.jetty.server.handler.HandlerWrapper.handle(HandlerWrapper.java:113)
	at org.eclipse.jetty.server.handler.HandlerWrapper.handle(HandlerWrapper.java:113)
	at org.eclipse.jetty.server.handler.HandlerWrapper.handle(HandlerWrapper.java:113)
	at org.eclipse.jetty.server.handler.HandlerWrapper.handle(HandlerWrapper.java:113)
	at org.eclipse.jetty.server.handler.HandlerWrapper.handle(HandlerWrapper.java:113)
	at org.eclipse.jetty.server.handler.HandlerWrapper.handle(HandlerWrapper.java:113)
	at org.eclipse.jetty.server.handler.HandlerWrapper.handle(HandlerWrapper.java:113)
	at org.eclipse.jetty.server.handler.HandlerWrapper.handle(HandlerWrapper.java:113)
	at org.eclipse.jetty.server.handler.HandlerWrapper.handle(HandlerWrapper.java:113)
	at org.eclipse.jetty.server.handler.HandlerWrapper.handle(HandlerWrapper.java:113)
	at org.eclipse.jetty.server.handler.HandlerWrapper.handle(HandlerWrapper.java:113)
	at org.eclipse.jetty.server.handler.HandlerWrapper.handle(HandlerWrapper.java:113)
	at org.eclipse.jetty.server.handler.HandlerWrapper.handle(HandlerWrapper.java:113)
	at org.eclipse.jetty.server.handler.HandlerWrapper.handle(HandlerWrapper.java:113)
	at org.eclipse.jetty.server.handler.HandlerWrapper.handle(HandlerWrapper.java:113)
	at org.eclipse.jetty.server.handler.HandlerWrapper.handle(HandlerWrapper.java:113)
	at org.eclipse.jetty.server.handler.HandlerWrapper.handle(HandlerWrapper.java:113)
	at org.eclipse.jetty.server.handler.HandlerWrapper.handle(HandlerWrapper.java:113)
	at org.eclipse.jetty.server.handler.HandlerWrapper.handle(HandlerWrapper.java:113)
	at org.eclipse.jetty.server.handler.HandlerWrapper.handle(HandlerWrapper.java:113)
	at org.eclipse.jetty.server.handler.HandlerWrapper.handle(HandlerWrapper.java:113)
	at org.eclipse.jetty.server.handler.HandlerWrapper.handle(HandlerWrapper.java:113)
	at org.eclipse.jetty.server.handler.HandlerWrapper.handle(HandlerWrapper.java:113)
	at org.eclipse.jetty.server.handler.HandlerWrapper.handle(HandlerWrapper.java:113)
	at org.eclipse.jetty.server.handler.HandlerWrapper.handle(HandlerWrapper.java:113)
	at org.eclipse.jetty.server.handler.HandlerWrapper.handle(HandlerWrapper.java:113)
	at org.eclipse.jetty.server.handler.HandlerWrapper.handle(HandlerWrapper.java:113)
	at org.eclipse.jetty.server.handler.HandlerWrapper.handle(HandlerWrapper.java:113)
	at org.eclipse.jetty.server.handler.HandlerWrapper.handle(HandlerWrapper.java:113)
	at org.eclipse.jetty.server.handler.HandlerWrapper.handle(HandlerWrapper.java:113)
	at org.eclipse.jetty.server.handler.HandlerWrapper.handle(HandlerWrapper.java:113)
	at org.eclipse.jetty.server.handler.HandlerWrapper.handle(HandlerWrapper.java:113)
	at org.eclipse.jetty.server.handler.HandlerWrapper.handle(HandlerWrapper.java:113)
	at org.eclipse.jetty.server.handler.HandlerWrapper.handle(HandlerWrapper.java:113)
	at org.eclipse.jetty.server.handler.HandlerWrapper.handle(HandlerWrapper.java:113)
	at org.eclipse.jetty.server.handler.HandlerWrapper.handle(HandlerWrapper.java:113)
	at org.eclipse.jetty.server.handler.HandlerWrapper.handle(HandlerWrapper.java:113)
	at org.eclipse.jetty.server.handler.HandlerWrapper.handle(HandlerWrapper.java:113)
	at org.eclipse.jetty.server.handler.HandlerWrapper.handle(HandlerWrapper.java:113)
	at org.eclipse.jetty.server.handler.HandlerWrapper.handle(HandlerWrapper.java:113)
	at org.eclipse.jetty.server.handler.HandlerWrapper.handle(HandlerWrapper.java:113)
	at org.eclipse.jetty.server.handler.HandlerWrapper.handle(HandlerWrapper.java:113)
	at org.eclipse.jetty.server.handler.HandlerWrapper.handle(HandlerWrapper.java:113)
	at org.eclipse.jetty.server.handler.HandlerWrapper.handle(HandlerWrapper.java:113)
	at org.eclipse.jetty.server.handler.HandlerWrapper.handle(HandlerWrapper.java:113)
	at org.eclipse.jetty.server.handler.HandlerWrapper.handle(HandlerWrapper.java:113)
	at org.eclipse.jetty.server.handler.HandlerWrapper.handle(HandlerWrapper.java:113)
	at org.eclipse.jetty.server.handler.HandlerWrapper.handle(HandlerWrapper.java:113)
	at org.eclipse.jetty.server.handler.HandlerWrapper.handle(HandlerWrapper.java:113)
	at org.eclipse.jetty.server.handler.HandlerWrapper.handle(HandlerWrapper.java:113)
	at org.eclipse.jetty.server.handler.HandlerWrapper.handle(HandlerWrapper.java:113)
	at org.eclipse.jetty.server.handler.HandlerWrapper.handle(HandlerWrapper.java:113)
	at org.eclipse.jetty.server.handler.HandlerWrapper.handle(HandlerWrapper.java:113)
	at org.eclipse.jetty.server.handler.HandlerWrapper.handle(HandlerWrapper.java:113)
	at org.eclipse.jetty.server.handler.HandlerWrapper.handle(HandlerWrapper.java:113)
	at org.eclipse.jetty.server.handler.HandlerWrapper.handle(HandlerWrapper.java:113)
	at org.eclipse.jetty.server.handler.HandlerWrapper.handle(HandlerWrapper.java:113)
	at org.eclipse.jetty.server.handler.HandlerWrapper.handle(HandlerWrapper.java:113)
	at org.eclipse.jetty.server.handler.HandlerWrapper.handle(HandlerWrapper.java:113)
	at org.eclipse.jetty.server.handler.HandlerWrapper.handle(HandlerWrapper.java:113)
	at org.eclipse.jetty.server.handler.HandlerWrapper.handle(HandlerWrapper.java:113)
	at org.eclipse.jetty.server.handler.HandlerWrapper.handle(HandlerWrapper.java:113)
	at org.eclipse.jetty.server.handler.HandlerWrapper.handle(HandlerWrapper.java:113)
	at org.eclipse.jetty.server.handler.HandlerWrapper.handle(HandlerWrapper.java:113)
	at org.eclipse.jetty.server.handler.HandlerWrapper.handle(HandlerWrapper.java:113)
	at org.eclipse.jetty.server.handler.HandlerWrapper.handle(HandlerWrapper.java:113)
	at org.eclipse.jetty.server.handler.HandlerWrapper.handle(HandlerWrapper.java:113)
	at org.eclipse.jetty.server.handler.HandlerWrapper.handle(HandlerWrapper.java:113)
	at org.eclipse.jetty.server.handler.HandlerWrapper.handle(HandlerWrapper.java:113)
	at org.eclipse.jetty.server.handler.HandlerWrapper.handle(HandlerWrapper.java:113)
	at org.eclipse.jetty.server.handler.HandlerWrapper.handle(HandlerWrapper.java:113)
	at org.eclipse.jetty.server.handler.HandlerWrapper.handle(HandlerWrapper.java:113)
	at org.eclipse.jetty.server.handler.HandlerWrapper.handle(HandlerWrapper.java:113)
	at org.eclipse.jetty.server.handler.HandlerWrapper.handle(HandlerWrapper.java:113)
	at org.eclipse.jetty.server.handler.HandlerWrapper.handle(HandlerWrapper.java:113)
	at org.eclipse.jetty.server.handler.HandlerWrapper.handle(HandlerWrapper.java:113)
	at org.eclipse.jetty.server.handler.HandlerWrapper.handle(HandlerWrapper.java:113)
	at org.eclipse.jetty.server.handler.HandlerWrapper.handle(HandlerWrapper.java:113)
	at org.eclipse.jetty.server.handler.HandlerWrapper.handle(HandlerWrapper.java:113)
	at org.eclipse.jetty.server.handler.HandlerWrapper.handle(HandlerWrapper.java:113)
	at org.eclipse.jetty.server.handler.HandlerWrapper.handle(HandlerWrapper.java:113)
	at org.eclipse.jetty.server.handler.HandlerWrapper.handle(HandlerWrapper.java:113)
	at org.eclipse.jetty.server.handler.HandlerWrapper.handle(HandlerWrapper.java:113)
	at org.eclipse.jetty.server.handler.HandlerWrapper.handle(HandlerWrapper.java:113)
	at org.eclipse.jetty.server.handler.HandlerWrapper.handle(HandlerWrapper.java:113)
	at org.eclipse.jetty.server.handler.HandlerWrapper.handle(HandlerWrapper.java:113)
	at org.eclipse.jetty.server.handler.HandlerWrapper.handle(HandlerWrapper.java:113)
	at org.eclipse.jetty.server.handler.HandlerWrapper.handle(HandlerWrapper.java:113)
	at org.eclipse.jetty.server.handler.HandlerWrapper.handle(HandlerWrapper.java:113)
	at org.eclipse.jetty.server.handler.HandlerWrapper.handle(HandlerWrapper.java:113)
	at org.eclipse.jetty.server.handler.HandlerWrapper.handle(HandlerWrapper.java:113)
	at org.eclipse.jetty.server.handler.HandlerWrapper.handle(HandlerWrapper.java:113)
	at org.eclipse.jetty.server.handler.HandlerWrapper.handle(HandlerWrapper.java:113)
	at org.eclipse.jetty.server.handler.HandlerWrapper.handle(HandlerWrapper.java:113)
	at org.eclipse.jetty.server.handler.HandlerWrapper.handle(HandlerWrapper.java:113)
	at org.eclipse.jetty.server.handler.HandlerWrapper.handle(HandlerWrapper.java:113)
	at org.eclipse.jetty.server.handler.HandlerWrapper.handle(HandlerWrapper.java:113)
	at org.eclipse.jetty.server.handler.HandlerWrapper.handle(HandlerWrapper.java:113)
	at org.eclipse.jetty.server.handler.HandlerWrapper.handle(HandlerWrapper.java:113)
	at org.eclipse.jetty.server.handler.HandlerWrapper.handle(HandlerWrapper.java:113)
	at org.eclipse.jetty.server.handler.HandlerWrapper.handle(HandlerWrapper.java:113)
	at org.eclipse.jetty.server.handler.HandlerWrapper.handle(HandlerWrapper.java:113)
	at org.eclipse.jetty.server.handler.HandlerWrapper.handle(HandlerWrapper.java:113)
	at org.eclipse.jetty.server.handler.HandlerWrapper.handle(HandlerWrapper.java:113)
	at org.eclipse.jetty.server.handler.HandlerWrapper.handle(HandlerWrapper.java:113)
	at org.eclipse.jetty.server.handler.HandlerWrapper.handle(HandlerWrapper.java:113)
	at org.eclipse.jetty.server.handler.HandlerWrapper.handle(HandlerWrapper.java:113)
	at org.eclipse.jetty.server.handler.HandlerWrapper.handle(HandlerWrapper.java:113)
	at org.eclipse.jetty.server.handler.HandlerWrapper.handle(HandlerWrapper.java:113)
	at org.eclipse.jetty.server.handler.HandlerWrapper.handle(HandlerWrapper.java:113)
	at org.eclipse.jetty.server.handler.HandlerWrapper.handle(HandlerWrapper.java:113)
	at org.eclipse.jetty.server.handler.HandlerWrapper.handle(HandlerWrapper.java:113)
	at org.eclipse.jetty.server.handler.HandlerWrapper.handle(HandlerWrapper.java:113)
	at org.eclipse.jetty.server.handler.HandlerWrapper.handle(HandlerWrapper.java:113)
	at org.eclipse.jetty.server.handler.HandlerWrapper.handle(HandlerWrapper.java:113)
	at org.eclipse.jetty.server.handler.HandlerWrapper.handle(HandlerWrapper.java:113)
	at org.eclipse.jetty.server.handler.HandlerWrapper.handle(HandlerWrapper.java:113)
	at org.eclipse.jetty.server.handler.HandlerWrapper.handle(HandlerWrapper.java:113)
	at org.eclipse.jetty.server.handler.HandlerWrapper.handle(HandlerWrapper.java:113)
	at org.eclipse.jetty.server.handler.HandlerWrapper.handle(HandlerWrapper.java:113)
	at org.eclipse.jetty.server.handler.HandlerWrapper.handle(HandlerWrapper.java:113)
	at org.eclipse.jetty.server.handler.HandlerWrapper.handle(HandlerWrapper.java:113)
	at org.eclipse.jetty.server.handler.HandlerWrapper.handle(HandlerWrapper.java:113)
	at org.eclipse.jetty.server.handler.HandlerWrapper.handle(HandlerWrapper.java:113)
	at org.eclipse.jetty.server.handler.HandlerWrapper.handle(HandlerWrapper.java:113)
	at org.eclipse.jetty.server.handler.HandlerWrapper.handle(HandlerWrapper.java:113)
	at org.eclipse.jetty.server.handler.HandlerWrapper.handle(HandlerWrapper.java:113)
	at org.eclipse.jetty.server.handler.HandlerWrapper.handle(HandlerWrapper.java:113)
	at org.eclipse.jetty.server.handler.HandlerWrapper.handle(HandlerWrapper.java:113)
	at org.eclipse.jetty.server.handler.HandlerWrapper.handle(HandlerWrapper.java:113)
	at org.eclipse.jetty.server.handler.HandlerWrapper.handle(HandlerWrapper.java:113)
	at org.eclipse.jetty.server.handler.HandlerWrapper.handle(HandlerWrapper.java:113)
	at org.eclipse.jetty.server.handler.HandlerWrapper.handle(HandlerWrapper.java:113)
	at org.eclipse.jetty.server.handler.HandlerWrapper.handle(HandlerWrapper.java:113)
	at org.eclipse.jetty.server.handler.HandlerWrapper.handle(HandlerWrapper.java:113)
	at org.eclipse.jetty.server.handler.HandlerWrapper.handle(HandlerWrapper.java:113)
	at org.eclipse.jetty.server.handler.HandlerWrapper.handle(HandlerWrapper.java:113)
	at org.eclipse.jetty.server.handler.HandlerWrapper.handle(HandlerWrapper.java:113)
	at org.eclipse.jetty.server.handler.HandlerWrapper.handle(HandlerWrapper.java:113)
	at org.eclipse.jetty.server.handler.HandlerWrapper.handle(HandlerWrapper.java:113)
	at org.eclipse.jetty.server.handler.HandlerWrapper.handle(HandlerWrapper.java:113)
	at org.eclipse.jetty.server.handler.HandlerWrapper.handle(HandlerWrapper.java:113)
	at org.eclipse.jetty.server.handler.HandlerWrapper.handle(HandlerWrapper.java:113)
	at org.eclipse.jetty.server.handler.HandlerWrapper.handle(HandlerWrapper.java:113)
	at org.eclipse.jetty.server.handler.HandlerWrapper.handle(HandlerWrapper.java:113)
	at org.eclipse.jetty.server.handler.HandlerWrapper.handle(HandlerWrapper.java:113)
	at org.eclipse.jetty.server.handler.HandlerWrapper.handle(HandlerWrapper.java:113)
	at org.eclipse.jetty.server.handler.HandlerWrapper.handle(HandlerWrapper.java:113)
	at org.eclipse.jetty.server.handler.HandlerWrapper.handle(HandlerWrapper.java:113)
	at org.eclipse.jetty.server.handler.HandlerWrapper.handle(HandlerWrapper.java:113)
	at org.eclipse.jetty.server.handler.HandlerWrapper.handle(HandlerWrapper.java:113)
	at org.eclipse.jetty.server.handler.HandlerWrapper.handle(HandlerWrapper.java:113)
	at org.eclipse.jetty.server.handler.HandlerWrapper.handle(HandlerWrapper.java:113)
	at org.eclipse.jetty.server.handler.HandlerWrapper.handle(HandlerWrapper.java:113)
	at org.eclipse.jetty.server.handler.HandlerWrapper.handle(HandlerWrapper.java:113)
	at org.eclipse.jetty.server.handler.HandlerWrapper.handle(HandlerWrapper.java:113)
	at org.eclipse.jetty.server.handler.HandlerWrapper.handle(HandlerWrapper.java:113)
	at org.eclipse.jetty.server.handler.HandlerWrapper.handle(HandlerWrapper.java:113)
	at org.eclipse.jetty.server.handler.HandlerWrapper.handle(HandlerWrapper.java:113)
	at org.eclipse.jetty.server.handler.HandlerWrapper.handle(HandlerWrapper.java:113)
	at org.eclipse.jetty.server.handler.HandlerWrapper.handle(HandlerWrapper.java:113)
	at org.eclipse.jetty.server.handler.HandlerWrapper.handle(HandlerWrapper.java:113)
	at org.eclipse.jetty.server.handler.HandlerWrapper.handle(HandlerWrapper.java:113)
	at org.eclipse.jetty.server.handler.HandlerWrapper.handle(HandlerWrapper.java:113)
	at org.eclipse.jetty.server.handler.HandlerWrapper.handle(HandlerWrapper.java:113)
	at org.eclipse.jetty.server.handler.HandlerWrapper.handle(HandlerWrapper.java:113)
	at org.eclipse.jetty.server.handler.HandlerWrapper.handle(HandlerWrapper.java:113)
	at org.eclipse.jetty.server.handler.HandlerWrapper.handle(HandlerWrapper.java:113)
	at org.eclipse.jetty.server.handler.HandlerWrapper.handle(HandlerWrapper.java:113)
	at org.eclipse.jetty.server.handler.HandlerWrapper.handle(HandlerWrapper.java:113)
	at org.eclipse.jetty.server.handler.HandlerWrapper.handle(HandlerWrapper.java:113)
	at org.eclipse.jetty.server.handler.HandlerWrapper.handle(HandlerWrapper.java:113)
	at org.eclipse.jetty.server.handler.HandlerWrapper.handle(HandlerWrapper.java:113)
	at org.eclipse.jetty.server.handler.HandlerWrapper.handle(HandlerWrapper.java:113)
	at org.eclipse.jetty.server.handler.HandlerWrapper.handle(HandlerWrapper.java:113)
	at org.eclipse.jetty.server.handler.HandlerWrapper.handle(HandlerWrapper.java:113)
	at org.eclipse.jetty.server.handler.HandlerWrapper.handle(HandlerWrapper.java:113)
	at org.eclipse.jetty.server.handler.HandlerWrapper.handle(HandlerWrapper.java:113)
	at org.eclipse.jetty.server.handler.HandlerWrapper.handle(HandlerWrapper.java:113)
	at org.eclipse.jetty.server.handler.HandlerWrapper.handle(HandlerWrapper.java:113)
	at org.eclipse.jetty.server.handler.HandlerWrapper.handle(HandlerWrapper.java:113)
	at org.eclipse.jetty.server.handler.HandlerWrapper.handle(HandlerWrapper.java:113)
	at org.eclipse.jetty.server.handler.HandlerWrapper.handle(HandlerWrapper.java:113)
	at org.eclipse.jetty.server.handler.HandlerWrapper.handle(HandlerWrapper.java:113)
	at org.eclipse.jetty.server.handler.HandlerWrapper.handle(HandlerWrapper.java:113)
	at org.eclipse.jetty.server.handler.HandlerWrapper.handle(HandlerWrapper.java:113)
	at org.eclipse.jetty.server.handler.HandlerWrapper.handle(HandlerWrapper.java:113)
	at org.eclipse.jetty.server.handler.HandlerWrapper.handle(HandlerWrapper.java:113)
	at org.eclipse.jetty.server.handler.HandlerWrapper.handle(HandlerWrapper.java:113)
	at org.eclipse.jetty.server.handler.HandlerWrapper.handle(HandlerWrapper.java:113)
	at org.eclipse.jetty.server.handler.HandlerWrapper.handle(HandlerWrapper.java:113)
	at org.eclipse.jetty.server.handler.HandlerWrapper.handle(HandlerWrapper.java:113)
	at org.eclipse.jetty.server.handler.HandlerWrapper.handle(HandlerWrapper.java:113)
	at org.eclipse.jetty.server.handler.HandlerWrapper.handle(HandlerWrapper.java:113)
	at org.eclipse.jetty.server.handler.HandlerWrapper.handle(HandlerWrapper.java:113)
	at org.eclipse.jetty.server.handler.HandlerWrapper.handle(HandlerWrapper.java:113)
	at org.eclipse.jetty.server.handler.HandlerWrapper.handle(HandlerWrapper.java:113)
	at org.eclipse.jetty.server.handler.HandlerWrapper.handle(HandlerWrapper.java:113)
	at org.eclipse.jetty.server.handler.HandlerWrapper.handle(HandlerWrapper.java:113)
	at org.eclipse.jetty.server.handler.HandlerWrapper.handle(HandlerWrapper.java:113)
	at org.eclipse.jetty.server.handler.HandlerWrapper.handle(HandlerWrapper.java:113)
	at org.eclipse.jetty.server.handler.HandlerWrapper.handle(HandlerWrapper.java:113)
	at org.eclipse.jetty.server.handler.HandlerWrapper.handle(HandlerWrapper.java:113)
	at org.eclipse.jetty.server.handler.HandlerWrapper.handle(HandlerWrapper.java:113)
	at org.eclipse.jetty.server.handler.HandlerWrapper.handle(HandlerWrapper.java:113)
	at org.eclipse.jetty.server.handler.HandlerWrapper.handle(HandlerWrapper.java:113)
	at org.eclipse.jetty.server.handler.HandlerWrapper.handle(HandlerWrapper.java:113)
	at org.eclipse.jetty.server.handler.HandlerWrapper.handle(HandlerWrapper.java:113)
	at org.eclipse.jetty.server.handler.HandlerWrapper.handle(HandlerWrapper.java:113)
	at org.eclipse.jetty.server.handler.HandlerWrapper.handle(HandlerWrapper.java:113)
	at org.eclipse.jetty.server.handler.HandlerWrapper.handle(HandlerWrapper.java:113)
	at org.eclipse.jetty.server.handler.HandlerWrapper.handle(HandlerWrapper.java:113)
	at org.eclipse.jetty.server.handler.HandlerWrapper.handle(HandlerWrapper.java:113)
	at org.eclipse.jetty.server.handler.HandlerWrapper.handle(HandlerWrapper.java:113)
	at org.eclipse.jetty.server.handler.HandlerWrapper.handle(HandlerWrapper.java:113)
	at org.eclipse.jetty.server.handler.HandlerWrapper.handle(HandlerWrapper.java:113)
	at org.eclipse.jetty.server.handler.HandlerWrapper.handle(HandlerWrapper.java:113)
	at org.eclipse.jetty.server.handler.HandlerWrapper.handle(HandlerWrapper.java:113)
	at org.eclipse.jetty.server.handler.HandlerWrapper.handle(HandlerWrapper.java:113)
	at org.eclipse.jetty.server.handler.HandlerWrapper.handle(HandlerWrapper.java:113)
	at org.eclipse.jetty.server.handler.HandlerWrapper.handle(HandlerWrapper.java:113)
	at org.eclipse.jetty.server.handler.HandlerWrapper.handle(HandlerWrapper.java:113)
	at org.eclipse.jetty.server.handler.HandlerWrapper.handle(HandlerWrapper.java:113)
	at org.eclipse.jetty.server.handler.HandlerWrapper.handle(HandlerWrapper.java:113)
	at org.eclipse.jetty.server.handler.HandlerWrapper.handle(HandlerWrapper.java:113)
	at org.eclipse.jetty.server.handler.HandlerWrapper.handle(HandlerWrapper.java:113)
	at org.eclipse.jetty.server.handler.HandlerWrapper.handle(HandlerWrapper.java:113)
	at org.eclipse.jetty.server.handler.HandlerWrapper.handle(HandlerWrapper.java:113)
	at org.eclipse.jetty.server.handler.HandlerWrapper.handle(HandlerWrapper.java:113)
	at org.eclipse.jetty.server.handler.HandlerWrapper.handle(HandlerWrapper.java:113)
	at org.eclipse.jetty.server.handler.HandlerWrapper.handle(HandlerWrapper.java:113)
	at org.eclipse.jetty.server.handler.HandlerWrapper.handle(HandlerWrapper.java:113)
	at org.eclipse.jetty.server.handler.HandlerWrapper.handle(HandlerWrapper.java:113)
	at org.eclipse.jetty.server.handler.HandlerWrapper.handle(HandlerWrapper.java:113)
	at org.eclipse.jetty.server.handler.HandlerWrapper.handle(HandlerWrapper.java:113)
	at org.eclipse.jetty.server.handler.HandlerWrapper.handle(HandlerWrapper.java:113)
	at org.eclipse.jetty.server.handler.HandlerWrapper.handle(HandlerWrapper.java:113)
	at org.eclipse.jetty.server.handler.HandlerWrapper.handle(HandlerWrapper.java:113)
	at org.eclipse.jetty.server.handler.HandlerWrapper.handle(HandlerWrapper.java:113)
	at org.eclipse.jetty.server.handler.HandlerWrapper.handle(HandlerWrapper.java:113)
	at org.eclipse.jetty.server.handler.HandlerWrapper.handle(HandlerWrapper.java:113)
	at org.eclipse.jetty.server.handler.HandlerWrapper.handle(HandlerWrapper.java:113)
	at org.eclipse.jetty.server.handler.HandlerWrapper.handle(HandlerWrapper.java:113)
	at org.eclipse.jetty.server.handler.HandlerWrapper.handle(HandlerWrapper.java:113)
	at org.eclipse.jetty.server.handler.HandlerWrapper.handle(HandlerWrapper.java:113)
	at org.eclipse.jetty.server.handler.HandlerWrapper.handle(HandlerWrapper.java:113)
	at org.eclipse.jetty.server.handler.HandlerWrapper.handle(HandlerWrapper.java:113)
	at org.eclipse.jetty.server.handler.HandlerWrapper.handle(HandlerWrapper.java:113)
	at org.eclipse.jetty.server.handler.HandlerWrapper.handle(HandlerWrapper.java:113)
	at org.eclipse.jetty.server.handler.HandlerWrapper.handle(HandlerWrapper.java:113)
	at org.eclipse.jetty.server.handler.HandlerWrapper.handle(HandlerWrapper.java:113)
	at org.eclipse.jetty.server.handler.HandlerWrapper.handle(HandlerWrapper.java:113)
	at org.eclipse.jetty.server.handler.HandlerWrapper.handle(HandlerWrapper.java:113)
	at org.eclipse.jetty.server.handler.HandlerWrapper.handle(HandlerWrapper.java:113)
	at org.eclipse.jetty.server.handler.HandlerWrapper.handle(HandlerWrapper.java:113)
	at org.eclipse.jetty.server.handler.HandlerWrapper.handle(HandlerWrapper.java:113)
	at org.eclipse.jetty.server.handler.HandlerWrapper.handle(HandlerWrapper.java:113)
	at org.eclipse.jetty.server.handler.HandlerWrapper.handle(HandlerWrapper.java:113)
	at org.eclipse.jetty.server.handler.HandlerWrapper.handle(HandlerWrapper.java:113)
	at org.eclipse.jetty.server.handler.HandlerWrapper.handle(HandlerWrapper.java:113)
	at org.eclipse.jetty.server.handler.HandlerWrapper.handle(HandlerWrapper.java:113)
	at org.eclipse.jetty.server.handler.HandlerWrapper.handle(HandlerWrapper.java:113)
	at org.eclipse.jetty.server.handler.HandlerWrapper.handle(HandlerWrapper.java:113)
	at org.eclipse.jetty.server.handler.HandlerWrapper.handle(HandlerWrapper.java:113)
	at org.eclipse.jetty.server.handler.HandlerWrapper.handle(HandlerWrapper.java:113)
	at org.eclipse.jetty.server.handler.HandlerWrapper.handle(HandlerWrapper.java:113)
	at org.eclipse.jetty.server.handler.HandlerWrapper.handle(HandlerWrapper.java:113)
	at org.eclipse.jetty.server.handler.HandlerWrapper.handle(HandlerWrapper.java:113)
	at org.eclipse.jetty.server.handler.HandlerWrapper.handle(HandlerWrapper.java:113)
	at org.eclipse.jetty.server.handler.HandlerWrapper.handle(HandlerWrapper.java:113)
	at org.eclipse.jetty.server.handler.HandlerWrapper.handle(HandlerWrapper.java:113)
	at org.eclipse.jetty.server.handler.HandlerWrapper.handle(HandlerWrapper.java:113)
	at org.eclipse.jetty.server.handler.HandlerWrapper.handle(HandlerWrapper.java:113)
	at org.eclipse.jetty.server.handler.HandlerWrapper.handle(HandlerWrapper.java:113)
	at org.eclipse.jetty.server.handler.HandlerWrapper.handle(HandlerWrapper.java:113)
	at org.eclipse.jetty.server.handler.HandlerWrapper.handle(HandlerWrapper.java:113)
	at org.eclipse.jetty.server.handler.HandlerWrapper.handle(HandlerWrapper.java:113)
	at org.eclipse.jetty.server.handler.HandlerWrapper.handle(HandlerWrapper.java:113)
	at org.eclipse.jetty.server.handler.HandlerWrapper.handle(HandlerWrapper.java:113)
	at org.eclipse.jetty.server.handler.HandlerWrapper.handle(HandlerWrapper.java:113)
	at org.eclipse.jetty.server.handler.HandlerWrapper.handle(HandlerWrapper.java:113)
	at org.eclipse.jetty.server.handler.HandlerWrapper.handle(HandlerWrapper.java:113)
	at org.eclipse.jetty.server.handler.HandlerWrapper.handle(HandlerWrapper.java:113)
	at org.eclipse.jetty.server.handler.HandlerWrapper.handle(HandlerWrapper.java:113)
	at org.eclipse.jetty.server.handler.HandlerWrapper.handle(HandlerWrapper.java:113)
	at org.eclipse.jetty.server.handler.HandlerWrapper.handle(HandlerWrapper.java:113)
	at org.eclipse.jetty.server.handler.HandlerWrapper.handle(HandlerWrapper.java:113)
	at org.eclipse.jetty.server.handler.HandlerWrapper.handle(HandlerWrapper.java:113)
	at org.eclipse.jetty.server.handler.HandlerWrapper.handle(HandlerWrapper.java:113)
	at org.eclipse.jetty.server.handler.HandlerWrapper.handle(HandlerWrapper.java:113)
	at org.eclipse.jetty.server.handler.HandlerWrapper.handle(HandlerWrapper.java:113)
	at org.eclipse.jetty.server.handler.HandlerWrapper.handle(HandlerWrapper.java:113)
	at org.eclipse.jetty.server.handler.HandlerWrapper.handle(HandlerWrapper.java:113)
	at org.eclipse.jetty.server.handler.HandlerWrapper.handle(HandlerWrapper.java:113)
	at org.eclipse.jetty.server.handler.HandlerWrapper.handle(HandlerWrapper.java:113)
	at org.eclipse.jetty.server.handler.HandlerWrapper.handle(HandlerWrapper.java:113)
	at org.eclipse.jetty.server.handler.HandlerWrapper.handle(HandlerWrapper.java:113)
	at org.eclipse.jetty.server.handler.HandlerWrapper.handle(HandlerWrapper.java:113)
	at org.eclipse.jetty.server.handler.HandlerWrapper.handle(HandlerWrapper.java:113)
	at org.eclipse.jetty.server.handler.HandlerWrapper.handle(HandlerWrapper.java:113)
	at org.eclipse.jetty.server.handler.HandlerWrapper.handle(HandlerWrapper.java:113)
	at org.eclipse.jetty.server.handler.HandlerWrapper.handle(HandlerWrapper.java:113)
	at org.eclipse.jetty.server.handler.HandlerWrapper.handle(HandlerWrapper.java:113)
	at org.eclipse.jetty.server.handler.HandlerWrapper.handle(HandlerWrapper.java:113)
	at org.eclipse.jetty.server.handler.HandlerWrapper.handle(HandlerWrapper.java:113)
	at org.eclipse.jetty.server.handler.HandlerWrapper.handle(HandlerWrapper.java:113)
	at org.eclipse.jetty.server.handler.HandlerWrapper.handle(HandlerWrapper.java:113)
	at org.eclipse.jetty.server.handler.HandlerWrapper.handle(HandlerWrapper.java:113)
	at org.eclipse.jetty.server.handler.HandlerWrapper.handle(HandlerWrapper.java:113)
	at org.eclipse.jetty.server.handler.HandlerWrapper.handle(HandlerWrapper.java:113)
	at org.eclipse.jetty.server.handler.HandlerWrapper.handle(HandlerWrapper.java:113)
	at org.eclipse.jetty.server.handler.HandlerWrapper.handle(HandlerWrapper.java:113)
	at org.eclipse.jetty.server.handler.HandlerWrapper.handle(HandlerWrapper.java:113)
	at org.eclipse.jetty.server.handler.HandlerWrapper.handle(HandlerWrapper.java:113)
	at org.eclipse.jetty.server.handler.HandlerWrapper.handle(HandlerWrapper.java:113)
	at org.eclipse.jetty.server.handler.HandlerWrapper.handle(HandlerWrapper.java:113)
	at org.eclipse.jetty.server.handler.HandlerWrapper.handle(HandlerWrapper.java:113)
	at org.eclipse.jetty.server.handler.HandlerWrapper.handle(HandlerWrapper.java:113)
	at org.eclipse.jetty.server.handler.HandlerWrapper.handle(HandlerWrapper.java:113)
	at org.eclipse.jetty.server.handler.HandlerWrapper.handle(HandlerWrapper.java:113)
	at org.eclipse.jetty.server.handler.HandlerWrapper.handle(HandlerWrapper.java:113)
	at org.eclipse.jetty.server.handler.HandlerWrapper.handle(HandlerWrapper.java:113)
	at org.eclipse.jetty.server.handler.HandlerWrapper.handle(HandlerWrapper.java:113)
	at org.eclipse.jetty.server.handler.HandlerWrapper.handle(HandlerWrapper.java:113)
	at org.eclipse.jetty.server.handler.HandlerWrapper.handle(HandlerWrapper.java:113)
	at org.eclipse.jetty.server.handler.HandlerWrapper.handle(HandlerWrapper.java:113)
	at org.eclipse.jetty.server.handler.HandlerWrapper.handle(HandlerWrapper.java:113)
	at org.eclipse.jetty.server.handler.HandlerWrapper.handle(HandlerWrapper.java:113)
	at org.eclipse.jetty.server.handler.HandlerWrapper.handle(HandlerWrapper.java:113)
	at org.eclipse.jetty.server.handler.HandlerWrapper.handle(HandlerWrapper.java:113)
	at org.eclipse.jetty.server.handler.HandlerWrapper.handle(HandlerWrapper.java:113)
	at org.eclipse.jetty.server.handler.HandlerWrapper.handle(HandlerWrapper.java:113)
	at org.eclipse.jetty.server.handler.HandlerWrapper.handle(HandlerWrapper.java:113)
	at org.eclipse.jetty.server.handler.HandlerWrapper.handle(HandlerWrapper.java:113)
	at org.eclipse.jetty.server.handler.HandlerWrapper.handle(HandlerWrapper.java:113)
	at org.eclipse.jetty.server.handler.HandlerWrapper.handle(HandlerWrapper.java:113)
	at org.eclipse.jetty.server.handler.HandlerWrapper.handle(HandlerWrapper.java:113)
	at org.eclipse.jetty.server.handler.HandlerWrapper.handle(HandlerWrapper.java:113)
	at org.eclipse.jetty.server.handler.HandlerWrapper.handle(HandlerWrapper.java:113)
	at org.eclipse.jetty.server.handler.HandlerWrapper.handle(HandlerWrapper.java:113)
	at org.eclipse.jetty.server.handler.HandlerWrapper.handle(HandlerWrapper.java:113)
	at org.eclipse.jetty.server.handler.HandlerWrapper.handle(HandlerWrapper.java:113)
	at org.eclipse.jetty.server.handler.HandlerWrapper.handle(HandlerWrapper.java:113)
	at org.eclipse.jetty.server.handler.HandlerWrapper.handle(HandlerWrapper.java:113)
	at org.eclipse.jetty.server.handler.HandlerWrapper.handle(HandlerWrapper.java:113)
	at org.eclipse.jetty.server.handler.HandlerWrapper.handle(HandlerWrapper.java:113)
	at org.eclipse.jetty.server.handler.HandlerWrapper.handle(HandlerWrapper.java:113)
	at org.eclipse.jetty.server.handler.HandlerWrapper.handle(HandlerWrapper.java:113)
	at org.eclipse.jetty.server.handler.HandlerWrapper.handle(HandlerWrapper.java:113)
	at org.eclipse.jetty.server.handler.HandlerWrapper.handle(HandlerWrapper.java:113)
	at org.eclipse.jetty.server.handler.HandlerWrapper.handle(HandlerWrapper.java:113)
	at org.eclipse.jetty.server.handler.HandlerWrapper.handle(HandlerWrapper.java:113)
	at org.eclipse.jetty.server.handler.HandlerWrapper.handle(HandlerWrapper.java:113)
	at org.eclipse.jetty.server.handler.HandlerWrapper.handle(HandlerWrapper.java:113)
	at org.eclipse.jetty.server.handler.HandlerWrapper.handle(HandlerWrapper.java:113)
	at org.eclipse.jetty.server.handler.HandlerWrapper.handle(HandlerWrapper.java:113)
	at org.eclipse.jetty.server.handler.HandlerWrapper.handle(HandlerWrapper.java:113)
	at org.eclipse.jetty.server.handler.HandlerWrapper.handle(HandlerWrapper.java:113)
	at org.eclipse.jetty.server.handler.HandlerWrapper.handle(HandlerWrapper.java:113)
	at org.eclipse.jetty.server.handler.HandlerWrapper.handle(HandlerWrapper.java:113)
	at org.eclipse.jetty.server.handler.HandlerWrapper.handle(HandlerWrapper.java:113)
	at org.eclipse.jetty.server.handler.HandlerWrapper.handle(HandlerWrapper.java:113)
	at org.eclipse.jetty.server.handler.HandlerWrapper.handle(HandlerWrapper.java:113)
	at org.eclipse.jetty.server.handler.HandlerWrapper.handle(HandlerWrapper.java:113)
	at org.eclipse.jetty.server.handler.HandlerWrapper.handle(HandlerWrapper.java:113)
	at org.eclipse.jetty.server.handler.HandlerWrapper.handle(HandlerWrapper.java:113)
	at org.eclipse.jetty.server.handler.HandlerWrapper.handle(HandlerWrapper.java:113)
	at org.eclipse.jetty.server.handler.HandlerWrapper.handle(HandlerWrapper.java:113)
	at org.eclipse.jetty.server.handler.HandlerWrapper.handle(HandlerWrapper.java:113)
	at org.eclipse.jetty.server.handler.HandlerWrapper.handle(HandlerWrapper.java:113)
	at org.eclipse.jetty.server.handler.HandlerWrapper.handle(HandlerWrapper.java:113)
	at org.eclipse.jetty.server.handler.HandlerWrapper.handle(HandlerWrapper.java:113)
	at org.eclipse.jetty.server.handler.HandlerWrapper.handle(HandlerWrapper.java:113)
	at org.eclipse.jetty.server.handler.HandlerWrapper.handle(HandlerWrapper.java:113)
	at org.eclipse.jetty.server.handler.HandlerWrapper.handle(HandlerWrapper.java:113)
	at org.eclipse.jetty.server.handler.HandlerWrapper.handle(HandlerWrapper.java:113)
	at org.eclipse.jetty.server.handler.HandlerWrapper.handle(HandlerWrapper.java:113)
	at org.eclipse.jetty.server.handler.HandlerWrapper.handle(HandlerWrapper.java:113)
	at org.eclipse.jetty.server.handler.HandlerWrapper.handle(HandlerWrapper.java:113)
	at org.eclipse.jetty.server.handler.HandlerWrapper.handle(HandlerWrapper.java:113)
	at org.eclipse.jetty.server.handler.HandlerWrapper.handle(HandlerWrapper.java:113)
	at org.eclipse.jetty.server.handler.HandlerWrapper.handle(HandlerWrapper.java:113)
	at org.eclipse.jetty.server.handler.HandlerWrapper.handle(HandlerWrapper.java:113)
	at org.eclipse.jetty.server.handler.HandlerWrapper.handle(HandlerWrapper.java:113)
	at org.eclipse.jetty.server.handler.HandlerWrapper.handle(HandlerWrapper.java:113)
	at org.eclipse.jetty.server.handler.HandlerWrapper.handle(HandlerWrapper.java:113)
	at org.eclipse.jetty.server.handler.HandlerWrapper.handle(HandlerWrapper.java:113)
	at org.eclipse.jetty.server.handler.HandlerWrapper.handle(HandlerWrapper.java:113)
	at org.eclipse.jetty.server.handler.HandlerWrapper.handle(HandlerWrapper.java:113)
	at org.eclipse.jetty.server.handler.HandlerWrapper.handle(HandlerWrapper.java:113)
	at org.eclipse.jetty.server.handler.HandlerWrapper.handle(HandlerWrapper.java:113)
	at org.eclipse.jetty.server.handler.HandlerWrapper.handle(HandlerWrapper.java:113)
	at org.eclipse.jetty.server.handler.HandlerWrapper.handle(HandlerWrapper.java:113)
	at org.eclipse.jetty.server.handler.HandlerWrapper.handle(HandlerWrapper.java:113)
	at org.eclipse.jetty.server.handler.HandlerWrapper.handle(HandlerWrapper.java:113)
	at org.eclipse.jetty.server.handler.HandlerWrapper.handle(HandlerWrapper.java:113)
	at org.eclipse.jetty.server.handler.HandlerWrapper.handle(HandlerWrapper.java:113)
	at org.eclipse.jetty.server.handler.HandlerWrapper.handle(HandlerWrapper.java:113)
	at org.eclipse.jetty.server.handler.HandlerWrapper.handle(HandlerWrapper.java:113)
	at org.eclipse.jetty.server.handler.HandlerWrapper.handle(HandlerWrapper.java:113)
	at org.eclipse.jetty.server.handler.HandlerWrapper.handle(HandlerWrapper.java:113)
	at org.eclipse.jetty.server.handler.HandlerWrapper.handle(HandlerWrapper.java:113)
	at org.eclipse.jetty.server.handler.HandlerWrapper.handle(HandlerWrapper.java:113)
	at org.eclipse.jetty.server.handler.HandlerWrapper.handle(HandlerWrapper.java:113)
	at org.eclipse.jetty.server.handler.HandlerWrapper.handle(HandlerWrapper.java:113)
	at org.eclipse.jetty.server.handler.HandlerWrapper.handle(HandlerWrapper.java:113)
	at org.eclipse.jetty.server.handler.HandlerWrapper.handle(HandlerWrapper.java:113)
	at org.eclipse.jetty.server.handler.HandlerWrapper.handle(HandlerWrapper.java:113)
	at org.eclipse.jetty.server.handler.HandlerWrapper.handle(HandlerWrapper.java:113)
	at org.eclipse.jetty.server.handler.HandlerWrapper.handle(HandlerWrapper.java:113)
	at org.eclipse.jetty.server.handler.HandlerWrapper.handle(HandlerWrapper.java:113)
	at org.eclipse.jetty.server.handler.HandlerWrapper.handle(HandlerWrapper.java:113)
	at org.eclipse.jetty.server.handler.HandlerWrapper.handle(HandlerWrapper.java:113)
	at org.eclipse.jetty.server.handler.HandlerWrapper.handle(HandlerWrapper.java:113)
	at org.eclipse.jetty.server.handler.HandlerWrapper.handle(HandlerWrapper.java:113)
	at org.eclipse.jetty.server.handler.HandlerWrapper.handle(HandlerWrapper.java:113)
	at org.eclipse.jetty.server.handler.HandlerWrapper.handle(HandlerWrapper.java:113)
	at org.eclipse.jetty.server.handler.HandlerWrapper.handle(HandlerWrapper.java:113)
	at org.eclipse.jetty.server.handler.HandlerWrapper.handle(HandlerWrapper.java:113)
	at org.eclipse.jetty.server.handler.HandlerWrapper.handle(HandlerWrapper.java:113)
	at org.eclipse.jetty.server.handler.HandlerWrapper.handle(HandlerWrapper.java:113)
	at org.eclipse.jetty.server.handler.HandlerWrapper.handle(HandlerWrapper.java:113)
	at org.eclipse.jetty.server.handler.HandlerWrapper.handle(HandlerWrapper.java:113)
	at org.eclipse.jetty.server.handler.HandlerWrapper.handle(HandlerWrapper.java:113)
	at org.eclipse.jetty.server.handler.HandlerWrapper.handle(HandlerWrapper.java:113)
	at org.eclipse.jetty.server.handler.HandlerWrapper.handle(HandlerWrapper.java:113)
	at org.eclipse.jetty.server.handler.HandlerWrapper.handle(HandlerWrapper.java:113)
	at org.eclipse.jetty.server.handler.HandlerWrapper.handle(HandlerWrapper.java:113)
	at org.eclipse.jetty.server.handler.HandlerWrapper.handle(HandlerWrapper.java:113)
	at org.eclipse.jetty.server.handler.HandlerWrapper.handle(HandlerWrapper.java:113)
	at org.eclipse.jetty.server.handler.HandlerWrapper.handle(HandlerWrapper.java:113)
	at org.eclipse.jetty.server.handler.HandlerWrapper.handle(HandlerWrapper.java:113)
	at org.eclipse.jetty.server.handler.HandlerWrapper.handle(HandlerWrapper.java:113)
	at org.eclipse.jetty.server.handler.HandlerWrapper.handle(HandlerWrapper.java:113)
	at org.eclipse.jetty.server.handler.HandlerWrapper.handle(HandlerWrapper.java:113)
	at org.eclipse.jetty.server.handler.HandlerWrapper.handle(HandlerWrapper.java:113)
	at org.eclipse.jetty.server.handler.HandlerWrapper.handle(HandlerWrapper.java:113)
	at org.eclipse.jetty.server.handler.HandlerWrapper.handle(HandlerWrapper.java:113)
	at org.eclipse.jetty.server.handler.HandlerWrapper.handle(HandlerWrapper.java:113)
	at org.eclipse.jetty.server.handler.HandlerWrapper.handle(HandlerWrapper.java:113)
	at org.eclipse.jetty.server.handler.HandlerWrapper.handle(HandlerWrapper.java:113)
	at org.eclipse.jetty.server.handler.HandlerWrapper.handle(HandlerWrapper.java:113)
	at org.eclipse.jetty.server.handler.HandlerWrapper.handle(HandlerWrapper.java:113)
	at org.eclipse.jetty.server.handler.HandlerWrapper.handle(HandlerWrapper.java:113)
	at org.eclipse.jetty.server.handler.HandlerWrapper.handle(HandlerWrapper.java:113)
	at org.eclipse.jetty.server.handler.HandlerWrapper.handle(HandlerWrapper.java:113)
	at org.eclipse.jetty.server.handler.HandlerWrapper.handle(HandlerWrapper.java:113)
	at org.eclipse.jetty.server.handler.HandlerWrapper.handle(HandlerWrapper.java:113)
	at org.eclipse.jetty.server.handler.HandlerWrapper.handle(HandlerWrapper.java:113)
	at org.eclipse.jetty.server.handler.HandlerWrapper.handle(HandlerWrapper.java:113)
	at org.eclipse.jetty.server.handler.HandlerWrapper.handle(HandlerWrapper.java:113)
	at org.eclipse.jetty.server.handler.HandlerWrapper.handle(HandlerWrapper.java:113)
	at org.eclipse.jetty.server.handler.HandlerWrapper.handle(HandlerWrapper.java:113)
	at org.eclipse.jetty.server.handler.HandlerWrapper.handle(HandlerWrapper.java:113)
	at org.eclipse.jetty.server.handler.HandlerWrapper.handle(HandlerWrapper.java:113)
	at org.eclipse.jetty.server.handler.HandlerWrapper.handle(HandlerWrapper.java:113)
	at org.eclipse.jetty.server.handler.HandlerWrapper.handle(HandlerWrapper.java:113)
	at org.eclipse.jetty.server.handler.HandlerWrapper.handle(HandlerWrapper.java:113)
	at org.eclipse.jetty.server.handler.HandlerWrapper.handle(HandlerWrapper.java:113)
	at org.eclipse.jetty.server.handler.HandlerWrapper.handle(HandlerWrapper.java:113)
	at org.eclipse.jetty.server.handler.HandlerWrapper.handle(HandlerWrapper.java:113)
	at org.eclipse.jetty.server.handler.HandlerWrapper.handle(HandlerWrapper.java:113)
	at org.eclipse.jetty.server.handler.HandlerWrapper.handle(HandlerWrapper.java:113)
	at org.eclipse.jetty.server.handler.HandlerWrapper.handle(HandlerWrapper.java:113)
	at org.eclipse.jetty.server.handler.HandlerWrapper.handle(HandlerWrapper.java:113)
	at org.eclipse.jetty.server.handler.HandlerWrapper.handle(HandlerWrapper.java:113)
	at org.eclipse.jetty.server.handler.HandlerWrapper.handle(HandlerWrapper.java:113)
	at org.eclipse.jetty.server.handler.HandlerWrapper.handle(HandlerWrapper.java:113)
	at org.eclipse.jetty.server.handler.HandlerWrapper.handle(HandlerWrapper.java:113)
	at org.eclipse.jetty.server.handler.HandlerWrapper.handle(HandlerWrapper.java:113)
	at org.eclipse.jetty.server.handler.HandlerWrapper.handle(HandlerWrapper.java:113)
	at org.eclipse.jetty.server.handler.HandlerWrapper.handle(HandlerWrapper.java:113)
	at org.eclipse.jetty.server.handler.HandlerWrapper.handle(HandlerWrapper.java:113)
	at org.eclipse.jetty.server.handler.HandlerWrapper.handle(HandlerWrapper.java:113)
	at org.eclipse.jetty.server.handler.HandlerWrapper.handle(HandlerWrapper.java:113)
	at org.eclipse.jetty.server.handler.HandlerWrapper.handle(HandlerWrapper.java:113)
	at org.eclipse.jetty.server.handler.HandlerWrapper.handle(HandlerWrapper.java:113)
	at org.eclipse.jetty.server.handler.HandlerWrapper.handle(HandlerWrapper.java:113)
	at org.eclipse.jetty.server.handler.HandlerWrapper.handle(HandlerWrapper.java:113)
	at org.eclipse.jetty.server.handler.HandlerWrapper.handle(HandlerWrapper.java:113)
	at org.eclipse.jetty.server.handler.HandlerWrapper.handle(HandlerWrapper.java:113)
	at org.eclipse.jetty.server.handler.HandlerWrapper.handle(HandlerWrapper.java:113)
	at org.eclipse.jetty.server.handler.HandlerWrapper.handle(HandlerWrapper.java:113)
	at org.eclipse.jetty.server.handler.HandlerWrapper.handle(HandlerWrapper.java:113)
	at org.eclipse.jetty.server.handler.HandlerWrapper.handle(HandlerWrapper.java:113)
	at org.eclipse.jetty.server.handler.HandlerWrapper.handle(HandlerWrapper.java:113)
	at org.eclipse.jetty.server.handler.HandlerWrapper.handle(HandlerWrapper.java:113)
	at org.eclipse.jetty.server.handler.HandlerWrapper.handle(HandlerWrapper.java:113)
	at org.eclipse.jetty.server.handler.HandlerWrapper.handle(HandlerWrapper.java:113)
	at org.eclipse.jetty.server.handler.HandlerWrapper.handle(HandlerWrapper.java:113)
	at org.eclipse.jetty.server.handler.HandlerWrapper.handle(HandlerWrapper.java:113)
	at org.eclipse.jetty.server.handler.HandlerWrapper.handle(HandlerWrapper.java:113)
	at org.eclipse.jetty.server.handler.HandlerWrapper.handle(HandlerWrapper.java:113)
	at org.eclipse.jetty.server.handler.HandlerWrapper.handle(HandlerWrapper.java:113)
	at org.eclipse.jetty.server.handler.HandlerWrapper.handle(HandlerWrapper.java:113)
	at org.eclipse.jetty.server.handler.HandlerWrapper.handle(HandlerWrapper.java:113)
	at org.eclipse.jetty.server.handler.HandlerWrapper.handle(HandlerWrapper.java:113)
	at org.eclipse.jetty.server.handler.HandlerWrapper.handle(HandlerWrapper.java:113)
	at org.eclipse.jetty.server.handler.HandlerWrapper.handle(HandlerWrapper.java:113)
	at org.eclipse.jetty.server.handler.HandlerWrapper.handle(HandlerWrapper.java:113)
	at org.eclipse.jetty.server.handler.HandlerWrapper.handle(HandlerWrapper.java:113)
	at org.eclipse.jetty.server.handler.HandlerWrapper.handle(HandlerWrapper.java:113)
	at org.eclipse.jetty.server.handler.HandlerWrapper.handle(HandlerWrapper.java:113)
	at org.eclipse.jetty.server.handler.HandlerWrapper.handle(HandlerWrapper.java:113)
	at org.eclipse.jetty.server.handler.HandlerWrapper.handle(HandlerWrapper.java:113)
	at org.eclipse.jetty.server.handler.HandlerWrapper.handle(HandlerWrapper.java:113)
	at org.eclipse.jetty.server.handler.HandlerWrapper.handle(HandlerWrapper.java:113)
	at org.eclipse.jetty.server.handler.HandlerWrapper.handle(HandlerWrapper.java:113)
	at org.eclipse.jetty.server.handler.HandlerWrapper.handle(HandlerWrapper.java:113)
	at org.eclipse.jetty.server.handler.HandlerWrapper.handle(HandlerWrapper.java:113)
	at org.eclipse.jetty.server.handler.HandlerWrapper.handle(HandlerWrapper.java:113)
	at org.eclipse.jetty.server.handler.HandlerWrapper.handle(HandlerWrapper.java:113)
	at org.eclipse.jetty.server.handler.HandlerWrapper.handle(HandlerWrapper.java:113)
	at org.eclipse.jetty.server.handler.HandlerWrapper.handle(HandlerWrapper.java:113)
	at org.eclipse.jetty.server.handler.HandlerWrapper.handle(HandlerWrapper.java:113)
	at org.eclipse.jetty.server.handler.HandlerWrapper.handle(HandlerWrapper.java:113)
	at org.eclipse.jetty.server.handler.HandlerWrapper.handle(HandlerWrapper.java:113)
	at org.eclipse.jetty.server.handler.HandlerWrapper.handle(HandlerWrapper.java:113)
	at org.eclipse.jetty.server.handler.HandlerWrapper.handle(HandlerWrapper.java:113)
	at org.eclipse.jetty.server.handler.HandlerWrapper.handle(HandlerWrapper.java:113)
	at org.eclipse.jetty.server.handler.HandlerWrapper.handle(HandlerWrapper.java:113)
	at org.eclipse.jetty.server.handler.HandlerWrapper.handle(HandlerWrapper.java:113)
	at org.eclipse.jetty.server.handler.HandlerWrapper.handle(HandlerWrapper.java:113)
	at org.eclipse.jetty.server.handler.HandlerWrapper.handle(HandlerWrapper.java:113)
	at org.eclipse.jetty.server.handler.HandlerWrapper.handle(HandlerWrapper.java:113)
	at org.eclipse.jetty.server.handler.HandlerWrapper.handle(HandlerWrapper.java:113)
	at org.eclipse.jetty.server.handler.HandlerWrapper.handle(HandlerWrapper.java:113)
	at org.eclipse.jetty.server.handler.HandlerWrapper.handle(HandlerWrapper.java:113)
	at org.eclipse.jetty.server.handler.HandlerWrapper.handle(HandlerWrapper.java:113)
	at org.eclipse.jetty.server.handler.HandlerWrapper.handle(HandlerWrapper.java:113)
	at org.eclipse.jetty.server.handler.HandlerWrapper.handle(HandlerWrapper.java:113)
	at org.eclipse.jetty.server.handler.HandlerWrapper.handle(HandlerWrapper.java:113)
	at org.eclipse.jetty.server.handler.HandlerWrapper.handle(HandlerWrapper.java:113)
	at org.eclipse.jetty.server.handler.HandlerWrapper.handle(HandlerWrapper.java:113)
	at org.eclipse.jetty.server.handler.HandlerWrapper.handle(HandlerWrapper.java:113)
	at org.eclipse.jetty.server.handler.HandlerWrapper.handle(HandlerWrapper.java:113)
	at org.eclipse.jetty.server.handler.HandlerWrapper.handle(HandlerWrapper.java:113)
	at org.eclipse.jetty.server.handler.HandlerWrapper.handle(HandlerWrapper.java:113)
	at org.eclipse.jetty.server.handler.HandlerWrapper.handle(HandlerWrapper.java:113)
	at org.eclipse.jetty.server.handler.HandlerWrapper.handle(HandlerWrapper.java:113)
	at org.eclipse.jetty.server.handler.HandlerWrapper.handle(HandlerWrapper.java:113)
	at org.eclipse.jetty.server.handler.HandlerWrapper.handle(HandlerWrapper.java:113)
	at org.eclipse.jetty.server.handler.HandlerWrapper.handle(HandlerWrapper.java:113)
	at org.eclipse.jetty.server.handler.HandlerWrapper.handle(HandlerWrapper.java:113)
	at org.eclipse.jetty.server.handler.HandlerWrapper.handle(HandlerWrapper.java:113)
	at org.eclipse.jetty.server.handler.HandlerWrapper.handle(HandlerWrapper.java:113)
	at org.eclipse.jetty.server.handler.HandlerWrapper.handle(HandlerWrapper.java:113)
	at org.eclipse.jetty.server.handler.HandlerWrapper.handle(HandlerWrapper.java:113)
	at org.eclipse.jetty.server.handler.HandlerWrapper.handle(HandlerWrapper.java:113)
	at org.eclipse.jetty.server.handler.HandlerWrapper.handle(HandlerWrapper.java:113)
	at org.eclipse.jetty.server.handler.HandlerWrapper.handle(HandlerWrapper.java:113)
	at org.eclipse.jetty.server.handler.HandlerWrapper.handle(HandlerWrapper.java:113)
	at org.eclipse.jetty.server.handler.HandlerWrapper.handle(HandlerWrapper.java:113)
	at org.eclipse.jetty.server.handler.HandlerWrapper.handle(HandlerWrapper.java:113)
	at org.eclipse.jetty.server.handler.HandlerWrapper.handle(HandlerWrapper.java:113)
	at org.eclipse.jetty.server.handler.HandlerWrapper.handle(HandlerWrapper.java:113)
	at org.eclipse.jetty.server.handler.HandlerWrapper.handle(HandlerWrapper.java:113)
	at org.eclipse.jetty.server.handler.HandlerWrapper.handle(HandlerWrapper.java:113)
	at org.eclipse.jetty.server.handler.HandlerWrapper.handle(HandlerWrapper.java:113)
	at org.eclipse.jetty.server.handler.HandlerWrapper.handle(HandlerWrapper.java:113)
	at org.eclipse.jetty.server.handler.HandlerWrapper.handle(HandlerWrapper.java:113)
	at org.eclipse.jetty.server.handler.HandlerWrapper.handle(HandlerWrapper.java:113)
	at org.eclipse.jetty.server.handler.HandlerWrapper.handle(HandlerWrapper.java:113)
	at org.eclipse.jetty.server.handler.HandlerWrapper.handle(HandlerWrapper.java:113)
	at org.eclipse.jetty.server.handler.HandlerWrapper.handle(HandlerWrapper.java:113)
	at org.eclipse.jetty.server.handler.HandlerWrapper.handle(HandlerWrapper.java:113)
	at org.eclipse.jetty.server.handler.HandlerWrapper.handle(HandlerWrapper.java:113)
	at org.eclipse.jetty.server.handler.HandlerWrapper.handle(HandlerWrapper.java:113)
	at org.eclipse.jetty.server.handler.HandlerWrapper.handle(HandlerWrapper.java:113)
	at org.eclipse.jetty.server.handler.HandlerWrapper.handle(HandlerWrapper.java:113)
	at org.eclipse.jetty.server.handler.HandlerWrapper.handle(HandlerWrapper.java:113)
	at org.eclipse.jetty.server.handler.HandlerWrapper.handle(HandlerWrapper.java:113)
	at org.eclipse.jetty.server.handler.HandlerWrapper.handle(HandlerWrapper.java:113)
	at org.eclipse.jetty.server.handler.HandlerWrapper.handle(HandlerWrapper.java:113)
	at org.eclipse.jetty.server.handler.HandlerWrapper.handle(HandlerWrapper.java:113)
	at org.eclipse.jetty.server.handler.HandlerWrapper.handle(HandlerWrapper.java:113)
	at org.eclipse.jetty.server.handler.HandlerWrapper.handle(HandlerWrapper.java:113)
	at org.eclipse.jetty.server.handler.HandlerWrapper.handle(HandlerWrapper.java:113)
	at org.eclipse.jetty.server.handler.HandlerWrapper.handle(HandlerWrapper.java:113)
	at org.eclipse.jetty.server.handler.HandlerWrapper.handle(HandlerWrapper.java:113)
	at org.eclipse.jetty.server.handler.HandlerWrapper.handle(HandlerWrapper.java:113)
	at org.eclipse.jetty.server.handler.HandlerWrapper.handle(HandlerWrapper.java:113)
	at org.eclipse.jetty.server.handler.HandlerWrapper.handle(HandlerWrapper.java:113)
	at org.eclipse.jetty.server.handler.HandlerWrapper.handle(HandlerWrapper.java:113)
	at org.eclipse.jetty.server.handler.HandlerWrapper.handle(HandlerWrapper.java:113)
	at org.eclipse.jetty.server.handler.HandlerWrapper.handle(HandlerWrapper.java:113)
	at org.eclipse.jetty.server.handler.HandlerWrapper.handle(HandlerWrapper.java:113)
	at org.eclipse.jetty.server.handler.HandlerWrapper.handle(HandlerWrapper.java:113)
	at org.eclipse.jetty.server.handler.HandlerWrapper.handle(HandlerWrapper.java:113)
	at org.eclipse.jetty.server.handler.HandlerWrapper.handle(HandlerWrapper.java:113)
	at org.eclipse.jetty.server.handler.HandlerWrapper.handle(HandlerWrapper.java:113)
	at org.eclipse.jetty.server.handler.HandlerWrapper.handle(HandlerWrapper.java:113)
	at org.eclipse.jetty.server.handler.HandlerWrapper.handle(HandlerWrapper.java:113)
	at org.eclipse.jetty.server.handler.HandlerWrapper.handle(HandlerWrapper.java:113)
	at org.eclipse.jetty.server.handler.HandlerWrapper.handle(HandlerWrapper.java:113)
	at org.eclipse.jetty.server.handler.HandlerWrapper.handle(HandlerWrapper.java:113)
	at org.eclipse.jetty.server.handler.HandlerWrapper.handle(HandlerWrapper.java:113)
	at org.eclipse.jetty.server.handler.HandlerWrapper.handle(HandlerWrapper.java:113)
	at org.eclipse.jetty.server.handler.HandlerWrapper.handle(HandlerWrapper.java:113)
	at org.eclipse.jetty.server.handler.HandlerWrapper.handle(HandlerWrapper.java:113)
	at org.eclipse.jetty.server.handler.HandlerWrapper.handle(HandlerWrapper.java:113)
	at org.eclipse.jetty.server.handler.HandlerWrapper.handle(HandlerWrapper.java:113)
	at org.eclipse.jetty.server.handler.HandlerWrapper.handle(HandlerWrapper.java:113)
	at org.eclipse.jetty.server.handler.HandlerWrapper.handle(HandlerWrapper.java:113)
	at org.eclipse.jetty.server.handler.HandlerWrapper.handle(HandlerWrapper.java:113)
	at org.eclipse.jetty.server.handler.HandlerWrapper.handle(HandlerWrapper.java:113)
	at org.eclipse.jetty.server.handler.HandlerWrapper.handle(HandlerWrapper.java:113)
	at org.eclipse.jetty.server.handler.HandlerWrapper.handle(HandlerWrapper.java:113)
	at org.eclipse.jetty.server.handler.HandlerWrapper.handle(HandlerWrapper.java:113)
	at org.eclipse.jetty.server.handler.HandlerWrapper.handle(HandlerWrapper.java:113)
	at org.eclipse.jetty.server.handler.HandlerWrapper.handle(HandlerWrapper.java:113)
	at org.eclipse.jetty.server.handler.HandlerWrapper.handle(HandlerWrapper.java:113)
	at org.eclipse.jetty.server.handler.HandlerWrapper.handle(HandlerWrapper.java:113)
	at org.eclipse.jetty.server.handler.HandlerWrapper.handle(HandlerWrapper.java:113)
	at org.eclipse.jetty.server.handler.HandlerWrapper.handle(HandlerWrapper.java:113)
	at org.eclipse.jetty.server.handler.HandlerWrapper.handle(HandlerWrapper.java:113)
	at org.eclipse.jetty.server.handler.HandlerWrapper.handle(HandlerWrapper.java:113)
	at org.eclipse.jetty.server.handler.HandlerWrapper.handle(HandlerWrapper.java:113)
	at org.eclipse.jetty.server.handler.HandlerWrapper.handle(HandlerWrapper.java:113)
	at org.eclipse.jetty.server.handler.HandlerWrapper.handle(HandlerWrapper.java:113)
	at org.eclipse.jetty.server.handler.HandlerWrapper.handle(HandlerWrapper.java:113)
	at org.eclipse.jetty.server.handler.HandlerWrapper.handle(HandlerWrapper.java:113)
	at org.eclipse.jetty.server.handler.HandlerWrapper.handle(HandlerWrapper.java:113)
	at org.eclipse.jetty.server.handler.HandlerWrapper.handle(HandlerWrapper.java:113)
	at org.eclipse.jetty.server.handler.HandlerWrapper.handle(HandlerWrapper.java:113)
	at org.eclipse.jetty.server.handler.HandlerWrapper.handle(HandlerWrapper.java:113)
	at org.eclipse.jetty.server.handler.HandlerWrapper.handle(HandlerWrapper.java:113)
	at org.eclipse.jetty.server.handler.HandlerWrapper.handle(HandlerWrapper.java:113)
	at org.eclipse.jetty.server.handler.HandlerWrapper.handle(HandlerWrapper.java:113)
	at org.eclipse.jetty.server.handler.HandlerWrapper.handle(HandlerWrapper.java:113)
	at org.eclipse.jetty.server.handler.HandlerWrapper.handle(HandlerWrapper.java:113)
	at org.eclipse.jetty.server.handler.HandlerWrapper.handle(HandlerWrapper.java:113)
	at org.eclipse.jetty.server.handler.HandlerWrapper.handle(HandlerWrapper.java:113)
	at org.eclipse.jetty.server.handler.HandlerWrapper.handle(HandlerWrapper.java:113)
	at org.eclipse.jetty.server.handler.HandlerWrapper.handle(HandlerWrapper.java:113)
	at org.eclipse.jetty.server.handler.HandlerWrapper.handle(HandlerWrapper.java:113)
	at org.eclipse.jetty.server.handler.HandlerWrapper.handle(HandlerWrapper.java:113)
	at org.eclipse.jetty.server.handler.HandlerWrapper.handle(HandlerWrapper.java:113)
	at org.eclipse.jetty.server.handler.HandlerWrapper.handle(HandlerWrapper.java:113)
	at org.eclipse.jetty.server.handler.HandlerWrapper.handle(HandlerWrapper.java:113)
	at org.eclipse.jetty.server.handler.HandlerWrapper.handle(HandlerWrapper.java:113)
	at org.eclipse.jetty.server.handler.HandlerWrapper.handle(HandlerWrapper.java:113)
	at org.eclipse.jetty.server.handler.HandlerWrapper.handle(HandlerWrapper.java:113)
	at org.eclipse.jetty.server.handler.HandlerWrapper.handle(HandlerWrapper.java:113)
	at org.eclipse.jetty.server.handler.HandlerWrapper.handle(HandlerWrapper.java:113)
	at org.eclipse.jetty.server.handler.HandlerWrapper.handle(HandlerWrapper.java:113)
	at org.eclipse.jetty.server.handler.HandlerWrapper.handle(HandlerWrapper.java:113)
	at org.eclipse.jetty.server.handler.HandlerWrapper.handle(HandlerWrapper.java:113)
	at org.eclipse.jetty.server.handler.HandlerWrapper.handle(HandlerWrapper.java:113)
	at org.eclipse.jetty.server.handler.HandlerWrapper.handle(HandlerWrapper.java:113)
	at org.eclipse.jetty.server.handler.HandlerWrapper.handle(HandlerWrapper.java:113)
	at org.eclipse.jetty.server.handler.HandlerWrapper.handle(HandlerWrapper.java:113)
	at org.eclipse.jetty.server.handler.HandlerWrapper.handle(HandlerWrapper.java:113)
	at org.eclipse.jetty.server.handler.HandlerWrapper.handle(HandlerWrapper.java:113)
	at org.eclipse.jetty.server.handler.HandlerWrapper.handle(HandlerWrapper.java:113)
	at org.eclipse.jetty.server.handler.HandlerWrapper.handle(HandlerWrapper.java:113)
	at org.eclipse.jetty.server.handler.HandlerWrapper.handle(HandlerWrapper.java:113)
	at org.eclipse.jetty.server.handler.HandlerWrapper.handle(HandlerWrapper.java:113)
	at org.eclipse.jetty.server.handler.HandlerWrapper.handle(HandlerWrapper.java:113)
	at org.eclipse.jetty.server.handler.HandlerWrapper.handle(HandlerWrapper.java:113)
	at org.eclipse.jetty.server.handler.HandlerWrapper.handle(HandlerWrapper.java:113)
	at org.eclipse.jetty.server.handler.HandlerWrapper.handle(HandlerWrapper.java:113)
	at org.eclipse.jetty.server.handler.HandlerWrapper.handle(HandlerWrapper.java:113)
	at org.eclipse.jetty.server.handler.HandlerWrapper.handle(HandlerWrapper.java:113)
	at org.eclipse.jetty.server.handler.HandlerWrapper.handle(HandlerWrapper.java:113)
	at org.eclipse.jetty.server.handler.HandlerWrapper.handle(HandlerWrapper.java:113)
	at org.eclipse.jetty.server.handler.HandlerWrapper.handle(HandlerWrapper.java:113)
	at org.eclipse.jetty.server.handler.HandlerWrapper.handle(HandlerWrapper.java:113)
	at org.eclipse.jetty.server.handler.HandlerWrapper.handle(HandlerWrapper.java:113)
	at org.eclipse.jetty.server.handler.HandlerWrapper.handle(HandlerWrapper.java:113)
	at org.eclipse.jetty.server.handler.HandlerWrapper.handle(HandlerWrapper.java:113)
	at org.eclipse.jetty.server.handler.HandlerWrapper.handle(HandlerWrapper.java:113)
	at org.eclipse.jetty.server.handler.HandlerWrapper.handle(HandlerWrapper.java:113)
	at org.eclipse.jetty.server.handler.HandlerWrapper.handle(HandlerWrapper.java:113)
	at org.eclipse.jetty.server.handler.HandlerWrapper.handle(HandlerWrapper.java:113)
	at org.eclipse.jetty.server.handler.HandlerWrapper.handle(HandlerWrapper.java:113)
	at org.eclipse.jetty.server.handler.HandlerWrapper.handle(HandlerWrapper.java:113)
	at org.eclipse.jetty.server.handler.HandlerWrapper.handle(HandlerWrapper.java:113)
	at org.eclipse.jetty.server.handler.HandlerWrapper.handle(HandlerWrapper.java:113)
	at org.eclipse.jetty.server.handler.HandlerWrapper.handle(HandlerWrapper.java:113)
	at org.eclipse.jetty.server.handler.HandlerWrapper.handle(HandlerWrapper.java:113)
	at org.eclipse.jetty.server.handler.HandlerWrapper.handle(HandlerWrapper.java:113)
	at org.eclipse.jetty.server.handler.HandlerWrapper.handle(HandlerWrapper.java:113)
	at org.eclipse.jetty.server.handler.HandlerWrapper.handle(HandlerWrapper.java:113)
	at org.eclipse.jetty.server.handler.HandlerWrapper.handle(HandlerWrapper.java:113)
	at org.eclipse.jetty.server.handler.HandlerWrapper.handle(HandlerWrapper.java:113)
	at org.eclipse.jetty.server.handler.HandlerWrapper.handle(HandlerWrapper.java:113)
	at org.eclipse.jetty.server.handler.HandlerWrapper.handle(HandlerWrapper.java:113)
	at org.eclipse.jetty.server.handler.HandlerWrapper.handle(HandlerWrapper.java:113)
	at org.eclipse.jetty.server.handler.HandlerWrapper.handle(HandlerWrapper.java:113)
	at org.eclipse.jetty.server.handler.HandlerWrapper.handle(HandlerWrapper.java:113)
	at org.eclipse.jetty.server.handler.HandlerWrapper.handle(HandlerWrapper.java:113)
	at org.eclipse.jetty.server.handler.HandlerWrapper.handle(HandlerWrapper.java:113)
	at org.eclipse.jetty.server.handler.HandlerWrapper.handle(HandlerWrapper.java:113)
	at org.eclipse.jetty.server.handler.HandlerWrapper.handle(HandlerWrapper.java:113)
	at org.eclipse.jetty.server.handler.HandlerWrapper.handle(HandlerWrapper.java:113)
	at org.eclipse.jetty.server.handler.HandlerWrapper.handle(HandlerWrapper.java:113)
	at org.eclipse.jetty.server.handler.HandlerWrapper.handle(HandlerWrapper.java:113)
	at org.eclipse.jetty.server.handler.HandlerWrapper.handle(HandlerWrapper.java:113)
	at org.eclipse.jetty.server.handler.HandlerWrapper.handle(HandlerWrapper.java:113)
	at org.eclipse.jetty.server.handler.HandlerWrapper.handle(HandlerWrapper.java:113)
	at org.eclipse.jetty.server.handler.HandlerWrapper.handle(HandlerWrapper.java:113)
	at org.eclipse.jetty.server.handler.HandlerWrapper.handle(HandlerWrapper.java:113)
	at org.eclipse.jetty.server.handler.HandlerWrapper.handle(HandlerWrapper.java:113)
	at org.eclipse.jetty.server.handler.HandlerWrapper.handle(HandlerWrapper.java:113)
	at org.eclipse.jetty.server.handler.HandlerWrapper.handle(HandlerWrapper.java:113)
	at org.eclipse.jetty.server.handler.HandlerWrapper.handle(HandlerWrapper.java:113)
	at org.eclipse.jetty.server.handler.HandlerWrapper.handle(HandlerWrapper.java:113)
	at org.eclipse.jetty.server.handler.HandlerWrapper.handle(HandlerWrapper.java:113)
	at org.eclipse.jetty.server.handler.HandlerWrapper.handle(HandlerWrapper.java:113)
	at org.eclipse.jetty.server.handler.HandlerWrapper.handle(HandlerWrapper.java:113)
	at org.eclipse.jetty.server.handler.HandlerWrapper.handle(HandlerWrapper.java:113)
	at org.eclipse.jetty.server.handler.HandlerWrapper.handle(HandlerWrapper.java:113)
	at org.eclipse.jetty.server.handler.HandlerWrapper.handle(HandlerWrapper.java:113)
	at org.eclipse.jetty.server.handler.HandlerWrapper.handle(HandlerWrapper.java:113)
	at org.eclipse.jetty.server.handler.HandlerWrapper.handle(HandlerWrapper.java:113)
	at org.eclipse.jetty.server.handler.HandlerWrapper.handle(HandlerWrapper.java:113)
	at org.eclipse.jetty.server.handler.HandlerWrapper.handle(HandlerWrapper.java:113)
	at org.eclipse.jetty.server.handler.HandlerWrapper.handle(HandlerWrapper.java:113)
	at org.eclipse.jetty.server.handler.HandlerWrapper.handle(HandlerWrapper.java:113)
	at org.eclipse.jetty.server.handler.HandlerWrapper.handle(HandlerWrapper.java:113)
	at org.eclipse.jetty.server.handler.HandlerWrapper.handle(HandlerWrapper.java:113)
15-04-12 20:55:32 WARN  HttpChannel qtp990416209-16 - //localhost:8080/
java.lang.StackOverflowError
	at org.eclipse.jetty.server.handler.HandlerWrapper.handle(HandlerWrapper.java:113)
	at org.eclipse.jetty.server.handler.HandlerWrapper.handle(HandlerWrapper.java:113)
	at org.eclipse.jetty.server.handler.HandlerWrapper.handle(HandlerWrapper.java:113)
	at org.eclipse.jetty.server.handler.HandlerWrapper.handle(HandlerWrapper.java:113)
	at org.eclipse.jetty.server.handler.HandlerWrapper.handle(HandlerWrapper.java:113)
	at org.eclipse.jetty.server.handler.HandlerWrapper.handle(HandlerWrapper.java:113)
	at org.eclipse.jetty.server.handler.HandlerWrapper.handle(HandlerWrapper.java:113)
	at org.eclipse.jetty.server.handler.HandlerWrapper.handle(HandlerWrapper.java:113)
	at org.eclipse.jetty.server.handler.HandlerWrapper.handle(HandlerWrapper.java:113)
	at org.eclipse.jetty.server.handler.HandlerWrapper.handle(HandlerWrapper.java:113)
	at org.eclipse.jetty.server.handler.HandlerWrapper.handle(HandlerWrapper.java:113)
	at org.eclipse.jetty.server.handler.HandlerWrapper.handle(HandlerWrapper.java:113)
	at org.eclipse.jetty.server.handler.HandlerWrapper.handle(HandlerWrapper.java:113)
	at org.eclipse.jetty.server.handler.HandlerWrapper.handle(HandlerWrapper.java:113)
	at org.eclipse.jetty.server.handler.HandlerWrapper.handle(HandlerWrapper.java:113)
	at org.eclipse.jetty.server.handler.HandlerWrapper.handle(HandlerWrapper.java:113)
	at org.eclipse.jetty.server.handler.HandlerWrapper.handle(HandlerWrapper.java:113)
	at org.eclipse.jetty.server.handler.HandlerWrapper.handle(HandlerWrapper.java:113)
	at org.eclipse.jetty.server.handler.HandlerWrapper.handle(HandlerWrapper.java:113)
	at org.eclipse.jetty.server.handler.HandlerWrapper.handle(HandlerWrapper.java:113)
	at org.eclipse.jetty.server.handler.HandlerWrapper.handle(HandlerWrapper.java:113)
	at org.eclipse.jetty.server.handler.HandlerWrapper.handle(HandlerWrapper.java:113)
	at org.eclipse.jetty.server.handler.HandlerWrapper.handle(HandlerWrapper.java:113)
	at org.eclipse.jetty.server.handler.HandlerWrapper.handle(HandlerWrapper.java:113)
	at org.eclipse.jetty.server.handler.HandlerWrapper.handle(HandlerWrapper.java:113)
	at org.eclipse.jetty.server.handler.HandlerWrapper.handle(HandlerWrapper.java:113)
	at org.eclipse.jetty.server.handler.HandlerWrapper.handle(HandlerWrapper.java:113)
	at org.eclipse.jetty.server.handler.HandlerWrapper.handle(HandlerWrapper.java:113)
	at org.eclipse.jetty.server.handler.HandlerWrapper.handle(HandlerWrapper.java:113)
	at org.eclipse.jetty.server.handler.HandlerWrapper.handle(HandlerWrapper.java:113)
	at org.eclipse.jetty.server.handler.HandlerWrapper.handle(HandlerWrapper.java:113)
	at org.eclipse.jetty.server.handler.HandlerWrapper.handle(HandlerWrapper.java:113)
	at org.eclipse.jetty.server.handler.HandlerWrapper.handle(HandlerWrapper.java:113)
	at org.eclipse.jetty.server.handler.HandlerWrapper.handle(HandlerWrapper.java:113)
	at org.eclipse.jetty.server.handler.HandlerWrapper.handle(HandlerWrapper.java:113)
	at org.eclipse.jetty.server.handler.HandlerWrapper.handle(HandlerWrapper.java:113)
	at org.eclipse.jetty.server.handler.HandlerWrapper.handle(HandlerWrapper.java:113)
	at org.eclipse.jetty.server.handler.HandlerWrapper.handle(HandlerWrapper.java:113)
	at org.eclipse.jetty.server.handler.HandlerWrapper.handle(HandlerWrapper.java:113)
	at org.eclipse.jetty.server.handler.HandlerWrapper.handle(HandlerWrapper.java:113)
	at org.eclipse.jetty.server.handler.HandlerWrapper.handle(HandlerWrapper.java:113)
	at org.eclipse.jetty.server.handler.HandlerWrapper.handle(HandlerWrapper.java:113)
	at org.eclipse.jetty.server.handler.HandlerWrapper.handle(HandlerWrapper.java:113)
	at org.eclipse.jetty.server.handler.HandlerWrapper.handle(HandlerWrapper.java:113)
	at org.eclipse.jetty.server.handler.HandlerWrapper.handle(HandlerWrapper.java:113)
	at org.eclipse.jetty.server.handler.HandlerWrapper.handle(HandlerWrapper.java:113)
	at org.eclipse.jetty.server.handler.HandlerWrapper.handle(HandlerWrapper.java:113)
	at org.eclipse.jetty.server.handler.HandlerWrapper.handle(HandlerWrapper.java:113)
	at org.eclipse.jetty.server.handler.HandlerWrapper.handle(HandlerWrapper.java:113)
	at org.eclipse.jetty.server.handler.HandlerWrapper.handle(HandlerWrapper.java:113)
	at org.eclipse.jetty.server.handler.HandlerWrapper.handle(HandlerWrapper.java:113)
	at org.eclipse.jetty.server.handler.HandlerWrapper.handle(HandlerWrapper.java:113)
	at org.eclipse.jetty.server.handler.HandlerWrapper.handle(HandlerWrapper.java:113)
	at org.eclipse.jetty.server.handler.HandlerWrapper.handle(HandlerWrapper.java:113)
	at org.eclipse.jetty.server.handler.HandlerWrapper.handle(HandlerWrapper.java:113)
	at org.eclipse.jetty.server.handler.HandlerWrapper.handle(HandlerWrapper.java:113)
	at org.eclipse.jetty.server.handler.HandlerWrapper.handle(HandlerWrapper.java:113)
	at org.eclipse.jetty.server.handler.HandlerWrapper.handle(HandlerWrapper.java:113)
	at org.eclipse.jetty.server.handler.HandlerWrapper.handle(HandlerWrapper.java:113)
	at org.eclipse.jetty.server.handler.HandlerWrapper.handle(HandlerWrapper.java:113)
	at org.eclipse.jetty.server.handler.HandlerWrapper.handle(HandlerWrapper.java:113)
	at org.eclipse.jetty.server.handler.HandlerWrapper.handle(HandlerWrapper.java:113)
	at org.eclipse.jetty.server.handler.HandlerWrapper.handle(HandlerWrapper.java:113)
	at org.eclipse.jetty.server.handler.HandlerWrapper.handle(HandlerWrapper.java:113)
	at org.eclipse.jetty.server.handler.HandlerWrapper.handle(HandlerWrapper.java:113)
	at org.eclipse.jetty.server.handler.HandlerWrapper.handle(HandlerWrapper.java:113)
	at org.eclipse.jetty.server.handler.HandlerWrapper.handle(HandlerWrapper.java:113)
	at org.eclipse.jetty.server.handler.HandlerWrapper.handle(HandlerWrapper.java:113)
	at org.eclipse.jetty.server.handler.HandlerWrapper.handle(HandlerWrapper.java:113)
	at org.eclipse.jetty.server.handler.HandlerWrapper.handle(HandlerWrapper.java:113)
	at org.eclipse.jetty.server.handler.HandlerWrapper.handle(HandlerWrapper.java:113)
	at org.eclipse.jetty.server.handler.HandlerWrapper.handle(HandlerWrapper.java:113)
	at org.eclipse.jetty.server.handler.HandlerWrapper.handle(HandlerWrapper.java:113)
	at org.eclipse.jetty.server.handler.HandlerWrapper.handle(HandlerWrapper.java:113)
	at org.eclipse.jetty.server.handler.HandlerWrapper.handle(HandlerWrapper.java:113)
	at org.eclipse.jetty.server.handler.HandlerWrapper.handle(HandlerWrapper.java:113)
	at org.eclipse.jetty.server.handler.HandlerWrapper.handle(HandlerWrapper.java:113)
	at org.eclipse.jetty.server.handler.HandlerWrapper.handle(HandlerWrapper.java:113)
	at org.eclipse.jetty.server.handler.HandlerWrapper.handle(HandlerWrapper.java:113)
	at org.eclipse.jetty.server.handler.HandlerWrapper.handle(HandlerWrapper.java:113)
	at org.eclipse.jetty.server.handler.HandlerWrapper.handle(HandlerWrapper.java:113)
	at org.eclipse.jetty.server.handler.HandlerWrapper.handle(HandlerWrapper.java:113)
	at org.eclipse.jetty.server.handler.HandlerWrapper.handle(HandlerWrapper.java:113)
	at org.eclipse.jetty.server.handler.HandlerWrapper.handle(HandlerWrapper.java:113)
	at org.eclipse.jetty.server.handler.HandlerWrapper.handle(HandlerWrapper.java:113)
	at org.eclipse.jetty.server.handler.HandlerWrapper.handle(HandlerWrapper.java:113)
	at org.eclipse.jetty.server.handler.HandlerWrapper.handle(HandlerWrapper.java:113)
	at org.eclipse.jetty.server.handler.HandlerWrapper.handle(HandlerWrapper.java:113)
	at org.eclipse.jetty.server.handler.HandlerWrapper.handle(HandlerWrapper.java:113)
	at org.eclipse.jetty.server.handler.HandlerWrapper.handle(HandlerWrapper.java:113)
	at org.eclipse.jetty.server.handler.HandlerWrapper.handle(HandlerWrapper.java:113)
	at org.eclipse.jetty.server.handler.HandlerWrapper.handle(HandlerWrapper.java:113)
	at org.eclipse.jetty.server.handler.HandlerWrapper.handle(HandlerWrapper.java:113)
	at org.eclipse.jetty.server.handler.HandlerWrapper.handle(HandlerWrapper.java:113)
	at org.eclipse.jetty.server.handler.HandlerWrapper.handle(HandlerWrapper.java:113)
	at org.eclipse.jetty.server.handler.HandlerWrapper.handle(HandlerWrapper.java:113)
	at org.eclipse.jetty.server.handler.HandlerWrapper.handle(HandlerWrapper.java:113)
	at org.eclipse.jetty.server.handler.HandlerWrapper.handle(HandlerWrapper.java:113)
	at org.eclipse.jetty.server.handler.HandlerWrapper.handle(HandlerWrapper.java:113)
	at org.eclipse.jetty.server.handler.HandlerWrapper.handle(HandlerWrapper.java:113)
	at org.eclipse.jetty.server.handler.HandlerWrapper.handle(HandlerWrapper.java:113)
	at org.eclipse.jetty.server.handler.HandlerWrapper.handle(HandlerWrapper.java:113)
	at org.eclipse.jetty.server.handler.HandlerWrapper.handle(HandlerWrapper.java:113)
	at org.eclipse.jetty.server.handler.HandlerWrapper.handle(HandlerWrapper.java:113)
	at org.eclipse.jetty.server.handler.HandlerWrapper.handle(HandlerWrapper.java:113)
	at org.eclipse.jetty.server.handler.HandlerWrapper.handle(HandlerWrapper.java:113)
	at org.eclipse.jetty.server.handler.HandlerWrapper.handle(HandlerWrapper.java:113)
	at org.eclipse.jetty.server.handler.HandlerWrapper.handle(HandlerWrapper.java:113)
	at org.eclipse.jetty.server.handler.HandlerWrapper.handle(HandlerWrapper.java:113)
	at org.eclipse.jetty.server.handler.HandlerWrapper.handle(HandlerWrapper.java:113)
	at org.eclipse.jetty.server.handler.HandlerWrapper.handle(HandlerWrapper.java:113)
	at org.eclipse.jetty.server.handler.HandlerWrapper.handle(HandlerWrapper.java:113)
	at org.eclipse.jetty.server.handler.HandlerWrapper.handle(HandlerWrapper.java:113)
	at org.eclipse.jetty.server.handler.HandlerWrapper.handle(HandlerWrapper.java:113)
	at org.eclipse.jetty.server.handler.HandlerWrapper.handle(HandlerWrapper.java:113)
	at org.eclipse.jetty.server.handler.HandlerWrapper.handle(HandlerWrapper.java:113)
	at org.eclipse.jetty.server.handler.HandlerWrapper.handle(HandlerWrapper.java:113)
	at org.eclipse.jetty.server.handler.HandlerWrapper.handle(HandlerWrapper.java:113)
	at org.eclipse.jetty.server.handler.HandlerWrapper.handle(HandlerWrapper.java:113)
	at org.eclipse.jetty.server.handler.HandlerWrapper.handle(HandlerWrapper.java:113)
	at org.eclipse.jetty.server.handler.HandlerWrapper.handle(HandlerWrapper.java:113)
	at org.eclipse.jetty.server.handler.HandlerWrapper.handle(HandlerWrapper.java:113)
	at org.eclipse.jetty.server.handler.HandlerWrapper.handle(HandlerWrapper.java:113)
	at org.eclipse.jetty.server.handler.HandlerWrapper.handle(HandlerWrapper.java:113)
	at org.eclipse.jetty.server.handler.HandlerWrapper.handle(HandlerWrapper.java:113)
	at org.eclipse.jetty.server.handler.HandlerWrapper.handle(HandlerWrapper.java:113)
	at org.eclipse.jetty.server.handler.HandlerWrapper.handle(HandlerWrapper.java:113)
	at org.eclipse.jetty.server.handler.HandlerWrapper.handle(HandlerWrapper.java:113)
	at org.eclipse.jetty.server.handler.HandlerWrapper.handle(HandlerWrapper.java:113)
	at org.eclipse.jetty.server.handler.HandlerWrapper.handle(HandlerWrapper.java:113)
	at org.eclipse.jetty.server.handler.HandlerWrapper.handle(HandlerWrapper.java:113)
	at org.eclipse.jetty.server.handler.HandlerWrapper.handle(HandlerWrapper.java:113)
	at org.eclipse.jetty.server.handler.HandlerWrapper.handle(HandlerWrapper.java:113)
	at org.eclipse.jetty.server.handler.HandlerWrapper.handle(HandlerWrapper.java:113)
	at org.eclipse.jetty.server.handler.HandlerWrapper.handle(HandlerWrapper.java:113)
	at org.eclipse.jetty.server.handler.HandlerWrapper.handle(HandlerWrapper.java:113)
	at org.eclipse.jetty.server.handler.HandlerWrapper.handle(HandlerWrapper.java:113)
	at org.eclipse.jetty.server.handler.HandlerWrapper.handle(HandlerWrapper.java:113)
	at org.eclipse.jetty.server.handler.HandlerWrapper.handle(HandlerWrapper.java:113)
	at org.eclipse.jetty.server.handler.HandlerWrapper.handle(HandlerWrapper.java:113)
	at org.eclipse.jetty.server.handler.HandlerWrapper.handle(HandlerWrapper.java:113)
	at org.eclipse.jetty.server.handler.HandlerWrapper.handle(HandlerWrapper.java:113)
	at org.eclipse.jetty.server.handler.HandlerWrapper.handle(HandlerWrapper.java:113)
	at org.eclipse.jetty.server.handler.HandlerWrapper.handle(HandlerWrapper.java:113)
	at org.eclipse.jetty.server.handler.HandlerWrapper.handle(HandlerWrapper.java:113)
	at org.eclipse.jetty.server.handler.HandlerWrapper.handle(HandlerWrapper.java:113)
	at org.eclipse.jetty.server.handler.HandlerWrapper.handle(HandlerWrapper.java:113)
	at org.eclipse.jetty.server.handler.HandlerWrapper.handle(HandlerWrapper.java:113)
	at org.eclipse.jetty.server.handler.HandlerWrapper.handle(HandlerWrapper.java:113)
	at org.eclipse.jetty.server.handler.HandlerWrapper.handle(HandlerWrapper.java:113)
	at org.eclipse.jetty.server.handler.HandlerWrapper.handle(HandlerWrapper.java:113)
	at org.eclipse.jetty.server.handler.HandlerWrapper.handle(HandlerWrapper.java:113)
	at org.eclipse.jetty.server.handler.HandlerWrapper.handle(HandlerWrapper.java:113)
	at org.eclipse.jetty.server.handler.HandlerWrapper.handle(HandlerWrapper.java:113)
	at org.eclipse.jetty.server.handler.HandlerWrapper.handle(HandlerWrapper.java:113)
	at org.eclipse.jetty.server.handler.HandlerWrapper.handle(HandlerWrapper.java:113)
	at org.eclipse.jetty.server.handler.HandlerWrapper.handle(HandlerWrapper.java:113)
	at org.eclipse.jetty.server.handler.HandlerWrapper.handle(HandlerWrapper.java:113)
	at org.eclipse.jetty.server.handler.HandlerWrapper.handle(HandlerWrapper.java:113)
	at org.eclipse.jetty.server.handler.HandlerWrapper.handle(HandlerWrapper.java:113)
	at org.eclipse.jetty.server.handler.HandlerWrapper.handle(HandlerWrapper.java:113)
	at org.eclipse.jetty.server.handler.HandlerWrapper.handle(HandlerWrapper.java:113)
	at org.eclipse.jetty.server.handler.HandlerWrapper.handle(HandlerWrapper.java:113)
	at org.eclipse.jetty.server.handler.HandlerWrapper.handle(HandlerWrapper.java:113)
	at org.eclipse.jetty.server.handler.HandlerWrapper.handle(HandlerWrapper.java:113)
	at org.eclipse.jetty.server.handler.HandlerWrapper.handle(HandlerWrapper.java:113)
	at org.eclipse.jetty.server.handler.HandlerWrapper.handle(HandlerWrapper.java:113)
	at org.eclipse.jetty.server.handler.HandlerWrapper.handle(HandlerWrapper.java:113)
	at org.eclipse.jetty.server.handler.HandlerWrapper.handle(HandlerWrapper.java:113)
	at org.eclipse.jetty.server.handler.HandlerWrapper.handle(HandlerWrapper.java:113)
	at org.eclipse.jetty.server.handler.HandlerWrapper.handle(HandlerWrapper.java:113)
	at org.eclipse.jetty.server.handler.HandlerWrapper.handle(HandlerWrapper.java:113)
	at org.eclipse.jetty.server.handler.HandlerWrapper.handle(HandlerWrapper.java:113)
	at org.eclipse.jetty.server.handler.HandlerWrapper.handle(HandlerWrapper.java:113)
	at org.eclipse.jetty.server.handler.HandlerWrapper.handle(HandlerWrapper.java:113)
	at org.eclipse.jetty.server.handler.HandlerWrapper.handle(HandlerWrapper.java:113)
	at org.eclipse.jetty.server.handler.HandlerWrapper.handle(HandlerWrapper.java:113)
	at org.eclipse.jetty.server.handler.HandlerWrapper.handle(HandlerWrapper.java:113)
	at org.eclipse.jetty.server.handler.HandlerWrapper.handle(HandlerWrapper.java:113)
	at org.eclipse.jetty.server.handler.HandlerWrapper.handle(HandlerWrapper.java:113)
	at org.eclipse.jetty.server.handler.HandlerWrapper.handle(HandlerWrapper.java:113)
	at org.eclipse.jetty.server.handler.HandlerWrapper.handle(HandlerWrapper.java:113)
	at org.eclipse.jetty.server.handler.HandlerWrapper.handle(HandlerWrapper.java:113)
	at org.eclipse.jetty.server.handler.HandlerWrapper.handle(HandlerWrapper.java:113)
	at org.eclipse.jetty.server.handler.HandlerWrapper.handle(HandlerWrapper.java:113)
	at org.eclipse.jetty.server.handler.HandlerWrapper.handle(HandlerWrapper.java:113)
	at org.eclipse.jetty.server.handler.HandlerWrapper.handle(HandlerWrapper.java:113)
	at org.eclipse.jetty.server.handler.HandlerWrapper.handle(HandlerWrapper.java:113)
	at org.eclipse.jetty.server.handler.HandlerWrapper.handle(HandlerWrapper.java:113)
	at org.eclipse.jetty.server.handler.HandlerWrapper.handle(HandlerWrapper.java:113)
	at org.eclipse.jetty.server.handler.HandlerWrapper.handle(HandlerWrapper.java:113)
	at org.eclipse.jetty.server.handler.HandlerWrapper.handle(HandlerWrapper.java:113)
	at org.eclipse.jetty.server.handler.HandlerWrapper.handle(HandlerWrapper.java:113)
	at org.eclipse.jetty.server.handler.HandlerWrapper.handle(HandlerWrapper.java:113)
	at org.eclipse.jetty.server.handler.HandlerWrapper.handle(HandlerWrapper.java:113)
	at org.eclipse.jetty.server.handler.HandlerWrapper.handle(HandlerWrapper.java:113)
	at org.eclipse.jetty.server.handler.HandlerWrapper.handle(HandlerWrapper.java:113)
	at org.eclipse.jetty.server.handler.HandlerWrapper.handle(HandlerWrapper.java:113)
	at org.eclipse.jetty.server.handler.HandlerWrapper.handle(HandlerWrapper.java:113)
	at org.eclipse.jetty.server.handler.HandlerWrapper.handle(HandlerWrapper.java:113)
	at org.eclipse.jetty.server.handler.HandlerWrapper.handle(HandlerWrapper.java:113)
	at org.eclipse.jetty.server.handler.HandlerWrapper.handle(HandlerWrapper.java:113)
	at org.eclipse.jetty.server.handler.HandlerWrapper.handle(HandlerWrapper.java:113)
	at org.eclipse.jetty.server.handler.HandlerWrapper.handle(HandlerWrapper.java:113)
	at org.eclipse.jetty.server.handler.HandlerWrapper.handle(HandlerWrapper.java:113)
	at org.eclipse.jetty.server.handler.HandlerWrapper.handle(HandlerWrapper.java:113)
	at org.eclipse.jetty.server.handler.HandlerWrapper.handle(HandlerWrapper.java:113)
	at org.eclipse.jetty.server.handler.HandlerWrapper.handle(HandlerWrapper.java:113)
	at org.eclipse.jetty.server.handler.HandlerWrapper.handle(HandlerWrapper.java:113)
	at org.eclipse.jetty.server.handler.HandlerWrapper.handle(HandlerWrapper.java:113)
	at org.eclipse.jetty.server.handler.HandlerWrapper.handle(HandlerWrapper.java:113)
	at org.eclipse.jetty.server.handler.HandlerWrapper.handle(HandlerWrapper.java:113)
	at org.eclipse.jetty.server.handler.HandlerWrapper.handle(HandlerWrapper.java:113)
	at org.eclipse.jetty.server.handler.HandlerWrapper.handle(HandlerWrapper.java:113)
	at org.eclipse.jetty.server.handler.HandlerWrapper.handle(HandlerWrapper.java:113)
	at org.eclipse.jetty.server.handler.HandlerWrapper.handle(HandlerWrapper.java:113)
	at org.eclipse.jetty.server.handler.HandlerWrapper.handle(HandlerWrapper.java:113)
	at org.eclipse.jetty.server.handler.HandlerWrapper.handle(HandlerWrapper.java:113)
	at org.eclipse.jetty.server.handler.HandlerWrapper.handle(HandlerWrapper.java:113)
	at org.eclipse.jetty.server.handler.HandlerWrapper.handle(HandlerWrapper.java:113)
	at org.eclipse.jetty.server.handler.HandlerWrapper.handle(HandlerWrapper.java:113)
	at org.eclipse.jetty.server.handler.HandlerWrapper.handle(HandlerWrapper.java:113)
	at org.eclipse.jetty.server.handler.HandlerWrapper.handle(HandlerWrapper.java:113)
	at org.eclipse.jetty.server.handler.HandlerWrapper.handle(HandlerWrapper.java:113)
	at org.eclipse.jetty.server.handler.HandlerWrapper.handle(HandlerWrapper.java:113)
	at org.eclipse.jetty.server.handler.HandlerWrapper.handle(HandlerWrapper.java:113)
	at org.eclipse.jetty.server.handler.HandlerWrapper.handle(HandlerWrapper.java:113)
	at org.eclipse.jetty.server.handler.HandlerWrapper.handle(HandlerWrapper.java:113)
	at org.eclipse.jetty.server.handler.HandlerWrapper.handle(HandlerWrapper.java:113)
	at org.eclipse.jetty.server.handler.HandlerWrapper.handle(HandlerWrapper.java:113)
	at org.eclipse.jetty.server.handler.HandlerWrapper.handle(HandlerWrapper.java:113)
	at org.eclipse.jetty.server.handler.HandlerWrapper.handle(HandlerWrapper.java:113)
	at org.eclipse.jetty.server.handler.HandlerWrapper.handle(HandlerWrapper.java:113)
	at org.eclipse.jetty.server.handler.HandlerWrapper.handle(HandlerWrapper.java:113)
	at org.eclipse.jetty.server.handler.HandlerWrapper.handle(HandlerWrapper.java:113)
	at org.eclipse.jetty.server.handler.HandlerWrapper.handle(HandlerWrapper.java:113)
	at org.eclipse.jetty.server.handler.HandlerWrapper.handle(HandlerWrapper.java:113)
	at org.eclipse.jetty.server.handler.HandlerWrapper.handle(HandlerWrapper.java:113)
	at org.eclipse.jetty.server.handler.HandlerWrapper.handle(HandlerWrapper.java:113)
	at org.eclipse.jetty.server.handler.HandlerWrapper.handle(HandlerWrapper.java:113)
	at org.eclipse.jetty.server.handler.HandlerWrapper.handle(HandlerWrapper.java:113)
	at org.eclipse.jetty.server.handler.HandlerWrapper.handle(HandlerWrapper.java:113)
	at org.eclipse.jetty.server.handler.HandlerWrapper.handle(HandlerWrapper.java:113)
	at org.eclipse.jetty.server.handler.HandlerWrapper.handle(HandlerWrapper.java:113)
	at org.eclipse.jetty.server.handler.HandlerWrapper.handle(HandlerWrapper.java:113)
	at org.eclipse.jetty.server.handler.HandlerWrapper.handle(HandlerWrapper.java:113)
	at org.eclipse.jetty.server.handler.HandlerWrapper.handle(HandlerWrapper.java:113)
	at org.eclipse.jetty.server.handler.HandlerWrapper.handle(HandlerWrapper.java:113)
	at org.eclipse.jetty.server.handler.HandlerWrapper.handle(HandlerWrapper.java:113)
	at org.eclipse.jetty.server.handler.HandlerWrapper.handle(HandlerWrapper.java:113)
	at org.eclipse.jetty.server.handler.HandlerWrapper.handle(HandlerWrapper.java:113)
	at org.eclipse.jetty.server.handler.HandlerWrapper.handle(HandlerWrapper.java:113)
	at org.eclipse.jetty.server.handler.HandlerWrapper.handle(HandlerWrapper.java:113)
	at org.eclipse.jetty.server.handler.HandlerWrapper.handle(HandlerWrapper.java:113)
	at org.eclipse.jetty.server.handler.HandlerWrapper.handle(HandlerWrapper.java:113)
	at org.eclipse.jetty.server.handler.HandlerWrapper.handle(HandlerWrapper.java:113)
	at org.eclipse.jetty.server.handler.HandlerWrapper.handle(HandlerWrapper.java:113)
	at org.eclipse.jetty.server.handler.HandlerWrapper.handle(HandlerWrapper.java:113)
	at org.eclipse.jetty.server.handler.HandlerWrapper.handle(HandlerWrapper.java:113)
	at org.eclipse.jetty.server.handler.HandlerWrapper.handle(HandlerWrapper.java:113)
	at org.eclipse.jetty.server.handler.HandlerWrapper.handle(HandlerWrapper.java:113)
	at org.eclipse.jetty.server.handler.HandlerWrapper.handle(HandlerWrapper.java:113)
	at org.eclipse.jetty.server.handler.HandlerWrapper.handle(HandlerWrapper.java:113)
	at org.eclipse.jetty.server.handler.HandlerWrapper.handle(HandlerWrapper.java:113)
	at org.eclipse.jetty.server.handler.HandlerWrapper.handle(HandlerWrapper.java:113)
	at org.eclipse.jetty.server.handler.HandlerWrapper.handle(HandlerWrapper.java:113)
	at org.eclipse.jetty.server.handler.HandlerWrapper.handle(HandlerWrapper.java:113)
	at org.eclipse.jetty.server.handler.HandlerWrapper.handle(HandlerWrapper.java:113)
	at org.eclipse.jetty.server.handler.HandlerWrapper.handle(HandlerWrapper.java:113)
	at org.eclipse.jetty.server.handler.HandlerWrapper.handle(HandlerWrapper.java:113)
	at org.eclipse.jetty.server.handler.HandlerWrapper.handle(HandlerWrapper.java:113)
	at org.eclipse.jetty.server.handler.HandlerWrapper.handle(HandlerWrapper.java:113)
	at org.eclipse.jetty.server.handler.HandlerWrapper.handle(HandlerWrapper.java:113)
	at org.eclipse.jetty.server.handler.HandlerWrapper.handle(HandlerWrapper.java:113)
	at org.eclipse.jetty.server.handler.HandlerWrapper.handle(HandlerWrapper.java:113)
	at org.eclipse.jetty.server.handler.HandlerWrapper.handle(HandlerWrapper.java:113)
	at org.eclipse.jetty.server.handler.HandlerWrapper.handle(HandlerWrapper.java:113)
	at org.eclipse.jetty.server.handler.HandlerWrapper.handle(HandlerWrapper.java:113)
	at org.eclipse.jetty.server.handler.HandlerWrapper.handle(HandlerWrapper.java:113)
	at org.eclipse.jetty.server.handler.HandlerWrapper.handle(HandlerWrapper.java:113)
	at org.eclipse.jetty.server.handler.HandlerWrapper.handle(HandlerWrapper.java:113)
	at org.eclipse.jetty.server.handler.HandlerWrapper.handle(HandlerWrapper.java:113)
	at org.eclipse.jetty.server.handler.HandlerWrapper.handle(HandlerWrapper.java:113)
	at org.eclipse.jetty.server.handler.HandlerWrapper.handle(HandlerWrapper.java:113)
	at org.eclipse.jetty.server.handler.HandlerWrapper.handle(HandlerWrapper.java:113)
	at org.eclipse.jetty.server.handler.HandlerWrapper.handle(HandlerWrapper.java:113)
	at org.eclipse.jetty.server.handler.HandlerWrapper.handle(HandlerWrapper.java:113)
	at org.eclipse.jetty.server.handler.HandlerWrapper.handle(HandlerWrapper.java:113)
	at org.eclipse.jetty.server.handler.HandlerWrapper.handle(HandlerWrapper.java:113)
	at org.eclipse.jetty.server.handler.HandlerWrapper.handle(HandlerWrapper.java:113)
	at org.eclipse.jetty.server.handler.HandlerWrapper.handle(HandlerWrapper.java:113)
	at org.eclipse.jetty.server.handler.HandlerWrapper.handle(HandlerWrapper.java:113)
	at org.eclipse.jetty.server.handler.HandlerWrapper.handle(HandlerWrapper.java:113)
	at org.eclipse.jetty.server.handler.HandlerWrapper.handle(HandlerWrapper.java:113)
	at org.eclipse.jetty.server.handler.HandlerWrapper.handle(HandlerWrapper.java:113)
	at org.eclipse.jetty.server.handler.HandlerWrapper.handle(HandlerWrapper.java:113)
	at org.eclipse.jetty.server.handler.HandlerWrapper.handle(HandlerWrapper.java:113)
	at org.eclipse.jetty.server.handler.HandlerWrapper.handle(HandlerWrapper.java:113)
	at org.eclipse.jetty.server.handler.HandlerWrapper.handle(HandlerWrapper.java:113)
	at org.eclipse.jetty.server.handler.HandlerWrapper.handle(HandlerWrapper.java:113)
	at org.eclipse.jetty.server.handler.HandlerWrapper.handle(HandlerWrapper.java:113)
	at org.eclipse.jetty.server.handler.HandlerWrapper.handle(HandlerWrapper.java:113)
	at org.eclipse.jetty.server.handler.HandlerWrapper.handle(HandlerWrapper.java:113)
	at org.eclipse.jetty.server.handler.HandlerWrapper.handle(HandlerWrapper.java:113)
	at org.eclipse.jetty.server.handler.HandlerWrapper.handle(HandlerWrapper.java:113)
	at org.eclipse.jetty.server.handler.HandlerWrapper.handle(HandlerWrapper.java:113)
	at org.eclipse.jetty.server.handler.HandlerWrapper.handle(HandlerWrapper.java:113)
	at org.eclipse.jetty.server.handler.HandlerWrapper.handle(HandlerWrapper.java:113)
	at org.eclipse.jetty.server.handler.HandlerWrapper.handle(HandlerWrapper.java:113)
	at org.eclipse.jetty.server.handler.HandlerWrapper.handle(HandlerWrapper.java:113)
	at org.eclipse.jetty.server.handler.HandlerWrapper.handle(HandlerWrapper.java:113)
	at org.eclipse.jetty.server.handler.HandlerWrapper.handle(HandlerWrapper.java:113)
	at org.eclipse.jetty.server.handler.HandlerWrapper.handle(HandlerWrapper.java:113)
	at org.eclipse.jetty.server.handler.HandlerWrapper.handle(HandlerWrapper.java:113)
	at org.eclipse.jetty.server.handler.HandlerWrapper.handle(HandlerWrapper.java:113)
	at org.eclipse.jetty.server.handler.HandlerWrapper.handle(HandlerWrapper.java:113)
	at org.eclipse.jetty.server.handler.HandlerWrapper.handle(HandlerWrapper.java:113)
	at org.eclipse.jetty.server.handler.HandlerWrapper.handle(HandlerWrapper.java:113)
	at org.eclipse.jetty.server.handler.HandlerWrapper.handle(HandlerWrapper.java:113)
	at org.eclipse.jetty.server.handler.HandlerWrapper.handle(HandlerWrapper.java:113)
	at org.eclipse.jetty.server.handler.HandlerWrapper.handle(HandlerWrapper.java:113)
	at org.eclipse.jetty.server.handler.HandlerWrapper.handle(HandlerWrapper.java:113)
	at org.eclipse.jetty.server.handler.HandlerWrapper.handle(HandlerWrapper.java:113)
	at org.eclipse.jetty.server.handler.HandlerWrapper.handle(HandlerWrapper.java:113)
	at org.eclipse.jetty.server.handler.HandlerWrapper.handle(HandlerWrapper.java:113)
	at org.eclipse.jetty.server.handler.HandlerWrapper.handle(HandlerWrapper.java:113)
	at org.eclipse.jetty.server.handler.HandlerWrapper.handle(HandlerWrapper.java:113)
	at org.eclipse.jetty.server.handler.HandlerWrapper.handle(HandlerWrapper.java:113)
	at org.eclipse.jetty.server.handler.HandlerWrapper.handle(HandlerWrapper.java:113)
	at org.eclipse.jetty.server.handler.HandlerWrapper.handle(HandlerWrapper.java:113)
	at org.eclipse.jetty.server.handler.HandlerWrapper.handle(HandlerWrapper.java:113)
	at org.eclipse.jetty.server.handler.HandlerWrapper.handle(HandlerWrapper.java:113)
	at org.eclipse.jetty.server.handler.HandlerWrapper.handle(HandlerWrapper.java:113)
	at org.eclipse.jetty.server.handler.HandlerWrapper.handle(HandlerWrapper.java:113)
	at org.eclipse.jetty.server.handler.HandlerWrapper.handle(HandlerWrapper.java:113)
	at org.eclipse.jetty.server.handler.HandlerWrapper.handle(HandlerWrapper.java:113)
	at org.eclipse.jetty.server.handler.HandlerWrapper.handle(HandlerWrapper.java:113)
	at org.eclipse.jetty.server.handler.HandlerWrapper.handle(HandlerWrapper.java:113)
	at org.eclipse.jetty.server.handler.HandlerWrapper.handle(HandlerWrapper.java:113)
	at org.eclipse.jetty.server.handler.HandlerWrapper.handle(HandlerWrapper.java:113)
	at org.eclipse.jetty.server.handler.HandlerWrapper.handle(HandlerWrapper.java:113)
	at org.eclipse.jetty.server.handler.HandlerWrapper.handle(HandlerWrapper.java:113)
	at org.eclipse.jetty.server.handler.HandlerWrapper.handle(HandlerWrapper.java:113)
	at org.eclipse.jetty.server.handler.HandlerWrapper.handle(HandlerWrapper.java:113)
	at org.eclipse.jetty.server.handler.HandlerWrapper.handle(HandlerWrapper.java:113)
	at org.eclipse.jetty.server.handler.HandlerWrapper.handle(HandlerWrapper.java:113)
	at org.eclipse.jetty.server.handler.HandlerWrapper.handle(HandlerWrapper.java:113)
	at org.eclipse.jetty.server.handler.HandlerWrapper.handle(HandlerWrapper.java:113)
	at org.eclipse.jetty.server.handler.HandlerWrapper.handle(HandlerWrapper.java:113)
	at org.eclipse.jetty.server.handler.HandlerWrapper.handle(HandlerWrapper.java:113)
	at org.eclipse.jetty.server.handler.HandlerWrapper.handle(HandlerWrapper.java:113)
	at org.eclipse.jetty.server.handler.HandlerWrapper.handle(HandlerWrapper.java:113)
	at org.eclipse.jetty.server.handler.HandlerWrapper.handle(HandlerWrapper.java:113)
	at org.eclipse.jetty.server.handler.HandlerWrapper.handle(HandlerWrapper.java:113)
	at org.eclipse.jetty.server.handler.HandlerWrapper.handle(HandlerWrapper.java:113)
	at org.eclipse.jetty.server.handler.HandlerWrapper.handle(HandlerWrapper.java:113)
	at org.eclipse.jetty.server.handler.HandlerWrapper.handle(HandlerWrapper.java:113)
	at org.eclipse.jetty.server.handler.HandlerWrapper.handle(HandlerWrapper.java:113)
	at org.eclipse.jetty.server.handler.HandlerWrapper.handle(HandlerWrapper.java:113)
	at org.eclipse.jetty.server.handler.HandlerWrapper.handle(HandlerWrapper.java:113)
	at org.eclipse.jetty.server.handler.HandlerWrapper.handle(HandlerWrapper.java:113)
	at org.eclipse.jetty.server.handler.HandlerWrapper.handle(HandlerWrapper.java:113)
	at org.eclipse.jetty.server.handler.HandlerWrapper.handle(HandlerWrapper.java:113)
	at org.eclipse.jetty.server.handler.HandlerWrapper.handle(HandlerWrapper.java:113)
	at org.eclipse.jetty.server.handler.HandlerWrapper.handle(HandlerWrapper.java:113)
	at org.eclipse.jetty.server.handler.HandlerWrapper.handle(HandlerWrapper.java:113)
	at org.eclipse.jetty.server.handler.HandlerWrapper.handle(HandlerWrapper.java:113)
	at org.eclipse.jetty.server.handler.HandlerWrapper.handle(HandlerWrapper.java:113)
	at org.eclipse.jetty.server.handler.HandlerWrapper.handle(HandlerWrapper.java:113)
	at org.eclipse.jetty.server.handler.HandlerWrapper.handle(HandlerWrapper.java:113)
	at org.eclipse.jetty.server.handler.HandlerWrapper.handle(HandlerWrapper.java:113)
	at org.eclipse.jetty.server.handler.HandlerWrapper.handle(HandlerWrapper.java:113)
	at org.eclipse.jetty.server.handler.HandlerWrapper.handle(HandlerWrapper.java:113)
	at org.eclipse.jetty.server.handler.HandlerWrapper.handle(HandlerWrapper.java:113)
	at org.eclipse.jetty.server.handler.HandlerWrapper.handle(HandlerWrapper.java:113)
	at org.eclipse.jetty.server.handler.HandlerWrapper.handle(HandlerWrapper.java:113)
	at org.eclipse.jetty.server.handler.HandlerWrapper.handle(HandlerWrapper.java:113)
	at org.eclipse.jetty.server.handler.HandlerWrapper.handle(HandlerWrapper.java:113)
	at org.eclipse.jetty.server.handler.HandlerWrapper.handle(HandlerWrapper.java:113)
	at org.eclipse.jetty.server.handler.HandlerWrapper.handle(HandlerWrapper.java:113)
	at org.eclipse.jetty.server.handler.HandlerWrapper.handle(HandlerWrapper.java:113)
	at org.eclipse.jetty.server.handler.HandlerWrapper.handle(HandlerWrapper.java:113)
	at org.eclipse.jetty.server.handler.HandlerWrapper.handle(HandlerWrapper.java:113)
	at org.eclipse.jetty.server.handler.HandlerWrapper.handle(HandlerWrapper.java:113)
	at org.eclipse.jetty.server.handler.HandlerWrapper.handle(HandlerWrapper.java:113)
	at org.eclipse.jetty.server.handler.HandlerWrapper.handle(HandlerWrapper.java:113)
	at org.eclipse.jetty.server.handler.HandlerWrapper.handle(HandlerWrapper.java:113)
	at org.eclipse.jetty.server.handler.HandlerWrapper.handle(HandlerWrapper.java:113)
	at org.eclipse.jetty.server.handler.HandlerWrapper.handle(HandlerWrapper.java:113)
	at org.eclipse.jetty.server.handler.HandlerWrapper.handle(HandlerWrapper.java:113)
	at org.eclipse.jetty.server.handler.HandlerWrapper.handle(HandlerWrapper.java:113)
	at org.eclipse.jetty.server.handler.HandlerWrapper.handle(HandlerWrapper.java:113)
	at org.eclipse.jetty.server.handler.HandlerWrapper.handle(HandlerWrapper.java:113)
	at org.eclipse.jetty.server.handler.HandlerWrapper.handle(HandlerWrapper.java:113)
	at org.eclipse.jetty.server.handler.HandlerWrapper.handle(HandlerWrapper.java:113)
	at org.eclipse.jetty.server.handler.HandlerWrapper.handle(HandlerWrapper.java:113)
	at org.eclipse.jetty.server.handler.HandlerWrapper.handle(HandlerWrapper.java:113)
	at org.eclipse.jetty.server.handler.HandlerWrapper.handle(HandlerWrapper.java:113)
	at org.eclipse.jetty.server.handler.HandlerWrapper.handle(HandlerWrapper.java:113)
	at org.eclipse.jetty.server.handler.HandlerWrapper.handle(HandlerWrapper.java:113)
	at org.eclipse.jetty.server.handler.HandlerWrapper.handle(HandlerWrapper.java:113)
	at org.eclipse.jetty.server.handler.HandlerWrapper.handle(HandlerWrapper.java:113)
	at org.eclipse.jetty.server.handler.HandlerWrapper.handle(HandlerWrapper.java:113)
	at org.eclipse.jetty.server.handler.HandlerWrapper.handle(HandlerWrapper.java:113)
	at org.eclipse.jetty.server.handler.HandlerWrapper.handle(HandlerWrapper.java:113)
	at org.eclipse.jetty.server.handler.HandlerWrapper.handle(HandlerWrapper.java:113)
	at org.eclipse.jetty.server.handler.HandlerWrapper.handle(HandlerWrapper.java:113)
	at org.eclipse.jetty.server.handler.HandlerWrapper.handle(HandlerWrapper.java:113)
	at org.eclipse.jetty.server.handler.HandlerWrapper.handle(HandlerWrapper.java:113)
	at org.eclipse.jetty.server.handler.HandlerWrapper.handle(HandlerWrapper.java:113)
	at org.eclipse.jetty.server.handler.HandlerWrapper.handle(HandlerWrapper.java:113)
	at org.eclipse.jetty.server.handler.HandlerWrapper.handle(HandlerWrapper.java:113)
	at org.eclipse.jetty.server.handler.HandlerWrapper.handle(HandlerWrapper.java:113)
	at org.eclipse.jetty.server.handler.HandlerWrapper.handle(HandlerWrapper.java:113)
	at org.eclipse.jetty.server.handler.HandlerWrapper.handle(HandlerWrapper.java:113)
	at org.eclipse.jetty.server.handler.HandlerWrapper.handle(HandlerWrapper.java:113)
	at org.eclipse.jetty.server.handler.HandlerWrapper.handle(HandlerWrapper.java:113)
	at org.eclipse.jetty.server.handler.HandlerWrapper.handle(HandlerWrapper.java:113)
	at org.eclipse.jetty.server.handler.HandlerWrapper.handle(HandlerWrapper.java:113)
	at org.eclipse.jetty.server.handler.HandlerWrapper.handle(HandlerWrapper.java:113)
	at org.eclipse.jetty.server.handler.HandlerWrapper.handle(HandlerWrapper.java:113)
	at org.eclipse.jetty.server.handler.HandlerWrapper.handle(HandlerWrapper.java:113)
	at org.eclipse.jetty.server.handler.HandlerWrapper.handle(HandlerWrapper.java:113)
	at org.eclipse.jetty.server.handler.HandlerWrapper.handle(HandlerWrapper.java:113)
	at org.eclipse.jetty.server.handler.HandlerWrapper.handle(HandlerWrapper.java:113)
	at org.eclipse.jetty.server.handler.HandlerWrapper.handle(HandlerWrapper.java:113)
	at org.eclipse.jetty.server.handler.HandlerWrapper.handle(HandlerWrapper.java:113)
	at org.eclipse.jetty.server.handler.HandlerWrapper.handle(HandlerWrapper.java:113)
	at org.eclipse.jetty.server.handler.HandlerWrapper.handle(HandlerWrapper.java:113)
	at org.eclipse.jetty.server.handler.HandlerWrapper.handle(HandlerWrapper.java:113)
	at org.eclipse.jetty.server.handler.HandlerWrapper.handle(HandlerWrapper.java:113)
	at org.eclipse.jetty.server.handler.HandlerWrapper.handle(HandlerWrapper.java:113)
	at org.eclipse.jetty.server.handler.HandlerWrapper.handle(HandlerWrapper.java:113)
	at org.eclipse.jetty.server.handler.HandlerWrapper.handle(HandlerWrapper.java:113)
	at org.eclipse.jetty.server.handler.HandlerWrapper.handle(HandlerWrapper.java:113)
	at org.eclipse.jetty.server.handler.HandlerWrapper.handle(HandlerWrapper.java:113)
	at org.eclipse.jetty.server.handler.HandlerWrapper.handle(HandlerWrapper.java:113)
	at org.eclipse.jetty.server.handler.HandlerWrapper.handle(HandlerWrapper.java:113)
	at org.eclipse.jetty.server.handler.HandlerWrapper.handle(HandlerWrapper.java:113)
	at org.eclipse.jetty.server.handler.HandlerWrapper.handle(HandlerWrapper.java:113)
	at org.eclipse.jetty.server.handler.HandlerWrapper.handle(HandlerWrapper.java:113)
	at org.eclipse.jetty.server.handler.HandlerWrapper.handle(HandlerWrapper.java:113)
	at org.eclipse.jetty.server.handler.HandlerWrapper.handle(HandlerWrapper.java:113)
	at org.eclipse.jetty.server.handler.HandlerWrapper.handle(HandlerWrapper.java:113)
	at org.eclipse.jetty.server.handler.HandlerWrapper.handle(HandlerWrapper.java:113)
	at org.eclipse.jetty.server.handler.HandlerWrapper.handle(HandlerWrapper.java:113)
	at org.eclipse.jetty.server.handler.HandlerWrapper.handle(HandlerWrapper.java:113)
	at org.eclipse.jetty.server.handler.HandlerWrapper.handle(HandlerWrapper.java:113)
	at org.eclipse.jetty.server.handler.HandlerWrapper.handle(HandlerWrapper.java:113)
	at org.eclipse.jetty.server.handler.HandlerWrapper.handle(HandlerWrapper.java:113)
	at org.eclipse.jetty.server.handler.HandlerWrapper.handle(HandlerWrapper.java:113)
	at org.eclipse.jetty.server.handler.HandlerWrapper.handle(HandlerWrapper.java:113)
	at org.eclipse.jetty.server.handler.HandlerWrapper.handle(HandlerWrapper.java:113)
	at org.eclipse.jetty.server.handler.HandlerWrapper.handle(HandlerWrapper.java:113)
	at org.eclipse.jetty.server.handler.HandlerWrapper.handle(HandlerWrapper.java:113)
	at org.eclipse.jetty.server.handler.HandlerWrapper.handle(HandlerWrapper.java:113)
	at org.eclipse.jetty.server.handler.HandlerWrapper.handle(HandlerWrapper.java:113)
	at org.eclipse.jetty.server.handler.HandlerWrapper.handle(HandlerWrapper.java:113)
	at org.eclipse.jetty.server.handler.HandlerWrapper.handle(HandlerWrapper.java:113)
	at org.eclipse.jetty.server.handler.HandlerWrapper.handle(HandlerWrapper.java:113)
	at org.eclipse.jetty.server.handler.HandlerWrapper.handle(HandlerWrapper.java:113)
	at org.eclipse.jetty.server.handler.HandlerWrapper.handle(HandlerWrapper.java:113)
	at org.eclipse.jetty.server.handler.HandlerWrapper.handle(HandlerWrapper.java:113)
	at org.eclipse.jetty.server.handler.HandlerWrapper.handle(HandlerWrapper.java:113)
	at org.eclipse.jetty.server.handler.HandlerWrapper.handle(HandlerWrapper.java:113)
	at org.eclipse.jetty.server.handler.HandlerWrapper.handle(HandlerWrapper.java:113)
	at org.eclipse.jetty.server.handler.HandlerWrapper.handle(HandlerWrapper.java:113)
	at org.eclipse.jetty.server.handler.HandlerWrapper.handle(HandlerWrapper.java:113)
	at org.eclipse.jetty.server.handler.HandlerWrapper.handle(HandlerWrapper.java:113)
	at org.eclipse.jetty.server.handler.HandlerWrapper.handle(HandlerWrapper.java:113)
	at org.eclipse.jetty.server.handler.HandlerWrapper.handle(HandlerWrapper.java:113)
	at org.eclipse.jetty.server.handler.HandlerWrapper.handle(HandlerWrapper.java:113)
	at org.eclipse.jetty.server.handler.HandlerWrapper.handle(HandlerWrapper.java:113)
	at org.eclipse.jetty.server.handler.HandlerWrapper.handle(HandlerWrapper.java:113)
	at org.eclipse.jetty.server.handler.HandlerWrapper.handle(HandlerWrapper.java:113)
	at org.eclipse.jetty.server.handler.HandlerWrapper.handle(HandlerWrapper.java:113)
	at org.eclipse.jetty.server.handler.HandlerWrapper.handle(HandlerWrapper.java:113)
	at org.eclipse.jetty.server.handler.HandlerWrapper.handle(HandlerWrapper.java:113)
	at org.eclipse.jetty.server.handler.HandlerWrapper.handle(HandlerWrapper.java:113)
	at org.eclipse.jetty.server.handler.HandlerWrapper.handle(HandlerWrapper.java:113)
	at org.eclipse.jetty.server.handler.HandlerWrapper.handle(HandlerWrapper.java:113)
	at org.eclipse.jetty.server.handler.HandlerWrapper.handle(HandlerWrapper.java:113)
	at org.eclipse.jetty.server.handler.HandlerWrapper.handle(HandlerWrapper.java:113)
	at org.eclipse.jetty.server.handler.HandlerWrapper.handle(HandlerWrapper.java:113)
	at org.eclipse.jetty.server.handler.HandlerWrapper.handle(HandlerWrapper.java:113)
	at org.eclipse.jetty.server.handler.HandlerWrapper.handle(HandlerWrapper.java:113)
	at org.eclipse.jetty.server.handler.HandlerWrapper.handle(HandlerWrapper.java:113)
	at org.eclipse.jetty.server.handler.HandlerWrapper.handle(HandlerWrapper.java:113)
	at org.eclipse.jetty.server.handler.HandlerWrapper.handle(HandlerWrapper.java:113)
	at org.eclipse.jetty.server.handler.HandlerWrapper.handle(HandlerWrapper.java:113)
	at org.eclipse.jetty.server.handler.HandlerWrapper.handle(HandlerWrapper.java:113)
	at org.eclipse.jetty.server.handler.HandlerWrapper.handle(HandlerWrapper.java:113)
	at org.eclipse.jetty.server.handler.HandlerWrapper.handle(HandlerWrapper.java:113)
	at org.eclipse.jetty.server.handler.HandlerWrapper.handle(HandlerWrapper.java:113)
	at org.eclipse.jetty.server.handler.HandlerWrapper.handle(HandlerWrapper.java:113)
	at org.eclipse.jetty.server.handler.HandlerWrapper.handle(HandlerWrapper.java:113)
	at org.eclipse.jetty.server.handler.HandlerWrapper.handle(HandlerWrapper.java:113)
	at org.eclipse.jetty.server.handler.HandlerWrapper.handle(HandlerWrapper.java:113)
	at org.eclipse.jetty.server.handler.HandlerWrapper.handle(HandlerWrapper.java:113)
	at org.eclipse.jetty.server.handler.HandlerWrapper.handle(HandlerWrapper.java:113)
	at org.eclipse.jetty.server.handler.HandlerWrapper.handle(HandlerWrapper.java:113)
	at org.eclipse.jetty.server.handler.HandlerWrapper.handle(HandlerWrapper.java:113)
	at org.eclipse.jetty.server.handler.HandlerWrapper.handle(HandlerWrapper.java:113)
	at org.eclipse.jetty.server.handler.HandlerWrapper.handle(HandlerWrapper.java:113)
	at org.eclipse.jetty.server.handler.HandlerWrapper.handle(HandlerWrapper.java:113)
	at org.eclipse.jetty.server.handler.HandlerWrapper.handle(HandlerWrapper.java:113)
	at org.eclipse.jetty.server.handler.HandlerWrapper.handle(HandlerWrapper.java:113)
	at org.eclipse.jetty.server.handler.HandlerWrapper.handle(HandlerWrapper.java:113)
	at org.eclipse.jetty.server.handler.HandlerWrapper.handle(HandlerWrapper.java:113)
	at org.eclipse.jetty.server.handler.HandlerWrapper.handle(HandlerWrapper.java:113)
	at org.eclipse.jetty.server.handler.HandlerWrapper.handle(HandlerWrapper.java:113)
	at org.eclipse.jetty.server.handler.HandlerWrapper.handle(HandlerWrapper.java:113)
	at org.eclipse.jetty.server.handler.HandlerWrapper.handle(HandlerWrapper.java:113)
	at org.eclipse.jetty.server.handler.HandlerWrapper.handle(HandlerWrapper.java:113)
	at org.eclipse.jetty.server.handler.HandlerWrapper.handle(HandlerWrapper.java:113)
	at org.eclipse.jetty.server.handler.HandlerWrapper.handle(HandlerWrapper.java:113)
	at org.eclipse.jetty.server.handler.HandlerWrapper.handle(HandlerWrapper.java:113)
	at org.eclipse.jetty.server.handler.HandlerWrapper.handle(HandlerWrapper.java:113)
	at org.eclipse.jetty.server.handler.HandlerWrapper.handle(HandlerWrapper.java:113)
	at org.eclipse.jetty.server.handler.HandlerWrapper.handle(HandlerWrapper.java:113)
	at org.eclipse.jetty.server.handler.HandlerWrapper.handle(HandlerWrapper.java:113)
	at org.eclipse.jetty.server.handler.HandlerWrapper.handle(HandlerWrapper.java:113)
	at org.eclipse.jetty.server.handler.HandlerWrapper.handle(HandlerWrapper.java:113)
	at org.eclipse.jetty.server.handler.HandlerWrapper.handle(HandlerWrapper.java:113)
	at org.eclipse.jetty.server.handler.HandlerWrapper.handle(HandlerWrapper.java:113)
	at org.eclipse.jetty.server.handler.HandlerWrapper.handle(HandlerWrapper.java:113)
	at org.eclipse.jetty.server.handler.HandlerWrapper.handle(HandlerWrapper.java:113)
	at org.eclipse.jetty.server.handler.HandlerWrapper.handle(HandlerWrapper.java:113)
	at org.eclipse.jetty.server.handler.HandlerWrapper.handle(HandlerWrapper.java:113)
	at org.eclipse.jetty.server.handler.HandlerWrapper.handle(HandlerWrapper.java:113)
	at org.eclipse.jetty.server.handler.HandlerWrapper.handle(HandlerWrapper.java:113)
	at org.eclipse.jetty.server.handler.HandlerWrapper.handle(HandlerWrapper.java:113)
	at org.eclipse.jetty.server.handler.HandlerWrapper.handle(HandlerWrapper.java:113)
	at org.eclipse.jetty.server.handler.HandlerWrapper.handle(HandlerWrapper.java:113)
	at org.eclipse.jetty.server.handler.HandlerWrapper.handle(HandlerWrapper.java:113)
	at org.eclipse.jetty.server.handler.HandlerWrapper.handle(HandlerWrapper.java:113)
	at org.eclipse.jetty.server.handler.HandlerWrapper.handle(HandlerWrapper.java:113)
	at org.eclipse.jetty.server.handler.HandlerWrapper.handle(HandlerWrapper.java:113)
	at org.eclipse.jetty.server.handler.HandlerWrapper.handle(HandlerWrapper.java:113)
	at org.eclipse.jetty.server.handler.HandlerWrapper.handle(HandlerWrapper.java:113)
	at org.eclipse.jetty.server.handler.HandlerWrapper.handle(HandlerWrapper.java:113)
	at org.eclipse.jetty.server.handler.HandlerWrapper.handle(HandlerWrapper.java:113)
	at org.eclipse.jetty.server.handler.HandlerWrapper.handle(HandlerWrapper.java:113)
	at org.eclipse.jetty.server.handler.HandlerWrapper.handle(HandlerWrapper.java:113)
	at org.eclipse.jetty.server.handler.HandlerWrapper.handle(HandlerWrapper.java:113)
	at org.eclipse.jetty.server.handler.HandlerWrapper.handle(HandlerWrapper.java:113)
	at org.eclipse.jetty.server.handler.HandlerWrapper.handle(HandlerWrapper.java:113)
	at org.eclipse.jetty.server.handler.HandlerWrapper.handle(HandlerWrapper.java:113)
	at org.eclipse.jetty.server.handler.HandlerWrapper.handle(HandlerWrapper.java:113)
	at org.eclipse.jetty.server.handler.HandlerWrapper.handle(HandlerWrapper.java:113)
	at org.eclipse.jetty.server.handler.HandlerWrapper.handle(HandlerWrapper.java:113)
	at org.eclipse.jetty.server.handler.HandlerWrapper.handle(HandlerWrapper.java:113)
	at org.eclipse.jetty.server.handler.HandlerWrapper.handle(HandlerWrapper.java:113)
	at org.eclipse.jetty.server.handler.HandlerWrapper.handle(HandlerWrapper.java:113)
	at org.eclipse.jetty.server.handler.HandlerWrapper.handle(HandlerWrapper.java:113)
	at org.eclipse.jetty.server.handler.HandlerWrapper.handle(HandlerWrapper.java:113)
	at org.eclipse.jetty.server.handler.HandlerWrapper.handle(HandlerWrapper.java:113)
	at org.eclipse.jetty.server.handler.HandlerWrapper.handle(HandlerWrapper.java:113)
	at org.eclipse.jetty.server.handler.HandlerWrapper.handle(HandlerWrapper.java:113)
	at org.eclipse.jetty.server.handler.HandlerWrapper.handle(HandlerWrapper.java:113)
	at org.eclipse.jetty.server.handler.HandlerWrapper.handle(HandlerWrapper.java:113)
	at org.eclipse.jetty.server.handler.HandlerWrapper.handle(HandlerWrapper.java:113)
	at org.eclipse.jetty.server.handler.HandlerWrapper.handle(HandlerWrapper.java:113)
	at org.eclipse.jetty.server.handler.HandlerWrapper.handle(HandlerWrapper.java:113)
	at org.eclipse.jetty.server.handler.HandlerWrapper.handle(HandlerWrapper.java:113)
	at org.eclipse.jetty.server.handler.HandlerWrapper.handle(HandlerWrapper.java:113)
	at org.eclipse.jetty.server.handler.HandlerWrapper.handle(HandlerWrapper.java:113)
	at org.eclipse.jetty.server.handler.HandlerWrapper.handle(HandlerWrapper.java:113)
	at org.eclipse.jetty.server.handler.HandlerWrapper.handle(HandlerWrapper.java:113)
	at org.eclipse.jetty.server.handler.HandlerWrapper.handle(HandlerWrapper.java:113)
	at org.eclipse.jetty.server.handler.HandlerWrapper.handle(HandlerWrapper.java:113)
	at org.eclipse.jetty.server.handler.HandlerWrapper.handle(HandlerWrapper.java:113)
	at org.eclipse.jetty.server.handler.HandlerWrapper.handle(HandlerWrapper.java:113)
	at org.eclipse.jetty.server.handler.HandlerWrapper.handle(HandlerWrapper.java:113)
	at org.eclipse.jetty.server.handler.HandlerWrapper.handle(HandlerWrapper.java:113)
	at org.eclipse.jetty.server.handler.HandlerWrapper.handle(HandlerWrapper.java:113)
	at org.eclipse.jetty.server.handler.HandlerWrapper.handle(HandlerWrapper.java:113)
	at org.eclipse.jetty.server.handler.HandlerWrapper.handle(HandlerWrapper.java:113)
	at org.eclipse.jetty.server.handler.HandlerWrapper.handle(HandlerWrapper.java:113)
	at org.eclipse.jetty.server.handler.HandlerWrapper.handle(HandlerWrapper.java:113)
	at org.eclipse.jetty.server.handler.HandlerWrapper.handle(HandlerWrapper.java:113)
	at org.eclipse.jetty.server.handler.HandlerWrapper.handle(HandlerWrapper.java:113)
	at org.eclipse.jetty.server.handler.HandlerWrapper.handle(HandlerWrapper.java:113)
	at org.eclipse.jetty.server.handler.HandlerWrapper.handle(HandlerWrapper.java:113)
	at org.eclipse.jetty.server.handler.HandlerWrapper.handle(HandlerWrapper.java:113)
	at org.eclipse.jetty.server.handler.HandlerWrapper.handle(HandlerWrapper.java:113)
	at org.eclipse.jetty.server.handler.HandlerWrapper.handle(HandlerWrapper.java:113)
	at org.eclipse.jetty.server.handler.HandlerWrapper.handle(HandlerWrapper.java:113)
	at org.eclipse.jetty.server.handler.HandlerWrapper.handle(HandlerWrapper.java:113)
	at org.eclipse.jetty.server.handler.HandlerWrapper.handle(HandlerWrapper.java:113)
	at org.eclipse.jetty.server.handler.HandlerWrapper.handle(HandlerWrapper.java:113)
	at org.eclipse.jetty.server.handler.HandlerWrapper.handle(HandlerWrapper.java:113)
	at org.eclipse.jetty.server.handler.HandlerWrapper.handle(HandlerWrapper.java:113)
	at org.eclipse.jetty.server.handler.HandlerWrapper.handle(HandlerWrapper.java:113)
	at org.eclipse.jetty.server.handler.HandlerWrapper.handle(HandlerWrapper.java:113)
	at org.eclipse.jetty.server.handler.HandlerWrapper.handle(HandlerWrapper.java:113)
	at org.eclipse.jetty.server.handler.HandlerWrapper.handle(HandlerWrapper.java:113)
	at org.eclipse.jetty.server.handler.HandlerWrapper.handle(HandlerWrapper.java:113)
	at org.eclipse.jetty.server.handler.HandlerWrapper.handle(HandlerWrapper.java:113)
	at org.eclipse.jetty.server.handler.HandlerWrapper.handle(HandlerWrapper.java:113)
	at org.eclipse.jetty.server.handler.HandlerWrapper.handle(HandlerWrapper.java:113)
	at org.eclipse.jetty.server.handler.HandlerWrapper.handle(HandlerWrapper.java:113)
	at org.eclipse.jetty.server.handler.HandlerWrapper.handle(HandlerWrapper.java:113)
	at org.eclipse.jetty.server.handler.HandlerWrapper.handle(HandlerWrapper.java:113)
	at org.eclipse.jetty.server.handler.HandlerWrapper.handle(HandlerWrapper.java:113)
	at org.eclipse.jetty.server.handler.HandlerWrapper.handle(HandlerWrapper.java:113)
	at org.eclipse.jetty.server.handler.HandlerWrapper.handle(HandlerWrapper.java:113)
	at org.eclipse.jetty.server.handler.HandlerWrapper.handle(HandlerWrapper.java:113)
	at org.eclipse.jetty.server.handler.HandlerWrapper.handle(HandlerWrapper.java:113)
	at org.eclipse.jetty.server.handler.HandlerWrapper.handle(HandlerWrapper.java:113)
	at org.eclipse.jetty.server.handler.HandlerWrapper.handle(HandlerWrapper.java:113)
	at org.eclipse.jetty.server.handler.HandlerWrapper.handle(HandlerWrapper.java:113)
	at org.eclipse.jetty.server.handler.HandlerWrapper.handle(HandlerWrapper.java:113)
	at org.eclipse.jetty.server.handler.HandlerWrapper.handle(HandlerWrapper.java:113)
	at org.eclipse.jetty.server.handler.HandlerWrapper.handle(HandlerWrapper.java:113)
	at org.eclipse.jetty.server.handler.HandlerWrapper.handle(HandlerWrapper.java:113)
	at org.eclipse.jetty.server.handler.HandlerWrapper.handle(HandlerWrapper.java:113)
	at org.eclipse.jetty.server.handler.HandlerWrapper.handle(HandlerWrapper.java:113)
	at org.eclipse.jetty.server.handler.HandlerWrapper.handle(HandlerWrapper.java:113)
	at org.eclipse.jetty.server.handler.HandlerWrapper.handle(HandlerWrapper.java:113)
	at org.eclipse.jetty.server.handler.HandlerWrapper.handle(HandlerWrapper.java:113)
	at org.eclipse.jetty.server.handler.HandlerWrapper.handle(HandlerWrapper.java:113)
	at org.eclipse.jetty.server.handler.HandlerWrapper.handle(HandlerWrapper.java:113)
	at org.eclipse.jetty.server.handler.HandlerWrapper.handle(HandlerWrapper.java:113)
	at org.eclipse.jetty.server.handler.HandlerWrapper.handle(HandlerWrapper.java:113)
	at org.eclipse.jetty.server.handler.HandlerWrapper.handle(HandlerWrapper.java:113)
	at org.eclipse.jetty.server.handler.HandlerWrapper.handle(HandlerWrapper.java:113)
	at org.eclipse.jetty.server.handler.HandlerWrapper.handle(HandlerWrapper.java:113)
	at org.eclipse.jetty.server.handler.HandlerWrapper.handle(HandlerWrapper.java:113)
	at org.eclipse.jetty.server.handler.HandlerWrapper.handle(HandlerWrapper.java:113)
	at org.eclipse.jetty.server.handler.HandlerWrapper.handle(HandlerWrapper.java:113)
	at org.eclipse.jetty.server.handler.HandlerWrapper.handle(HandlerWrapper.java:113)
	at org.eclipse.jetty.server.handler.HandlerWrapper.handle(HandlerWrapper.java:113)
	at org.eclipse.jetty.server.handler.HandlerWrapper.handle(HandlerWrapper.java:113)
	at org.eclipse.jetty.server.handler.HandlerWrapper.handle(HandlerWrapper.java:113)
	at org.eclipse.jetty.server.handler.HandlerWrapper.handle(HandlerWrapper.java:113)
	at org.eclipse.jetty.server.handler.HandlerWrapper.handle(HandlerWrapper.java:113)
	at org.eclipse.jetty.server.handler.HandlerWrapper.handle(HandlerWrapper.java:113)
	at org.eclipse.jetty.server.handler.HandlerWrapper.handle(HandlerWrapper.java:113)
	at org.eclipse.jetty.server.handler.HandlerWrapper.handle(HandlerWrapper.java:113)
	at org.eclipse.jetty.server.handler.HandlerWrapper.handle(HandlerWrapper.java:113)
	at org.eclipse.jetty.server.handler.HandlerWrapper.handle(HandlerWrapper.java:113)
	at org.eclipse.jetty.server.handler.HandlerWrapper.handle(HandlerWrapper.java:113)
	at org.eclipse.jetty.server.handler.HandlerWrapper.handle(HandlerWrapper.java:113)
	at org.eclipse.jetty.server.handler.HandlerWrapper.handle(HandlerWrapper.java:113)
	at org.eclipse.jetty.server.handler.HandlerWrapper.handle(HandlerWrapper.java:113)
	at org.eclipse.jetty.server.handler.HandlerWrapper.handle(HandlerWrapper.java:113)
	at org.eclipse.jetty.server.handler.HandlerWrapper.handle(HandlerWrapper.java:113)
	at org.eclipse.jetty.server.handler.HandlerWrapper.handle(HandlerWrapper.java:113)
	at org.eclipse.jetty.server.handler.HandlerWrapper.handle(HandlerWrapper.java:113)
	at org.eclipse.jetty.server.handler.HandlerWrapper.handle(HandlerWrapper.java:113)
	at org.eclipse.jetty.server.handler.HandlerWrapper.handle(HandlerWrapper.java:113)
	at org.eclipse.jetty.server.handler.HandlerWrapper.handle(HandlerWrapper.java:113)
	at org.eclipse.jetty.server.handler.HandlerWrapper.handle(HandlerWrapper.java:113)
	at org.eclipse.jetty.server.handler.HandlerWrapper.handle(HandlerWrapper.java:113)
	at org.eclipse.jetty.server.handler.HandlerWrapper.handle(HandlerWrapper.java:113)
	at org.eclipse.jetty.server.handler.HandlerWrapper.handle(HandlerWrapper.java:113)
	at org.eclipse.jetty.server.handler.HandlerWrapper.handle(HandlerWrapper.java:113)
	at org.eclipse.jetty.server.handler.HandlerWrapper.handle(HandlerWrapper.java:113)
	at org.eclipse.jetty.server.handler.HandlerWrapper.handle(HandlerWrapper.java:113)
	at org.eclipse.jetty.server.handler.HandlerWrapper.handle(HandlerWrapper.java:113)
	at org.eclipse.jetty.server.handler.HandlerWrapper.handle(HandlerWrapper.java:113)
	at org.eclipse.jetty.server.handler.HandlerWrapper.handle(HandlerWrapper.java:113)
	at org.eclipse.jetty.server.handler.HandlerWrapper.handle(HandlerWrapper.java:113)
	at org.eclipse.jetty.server.handler.HandlerWrapper.handle(HandlerWrapper.java:113)
	at org.eclipse.jetty.server.handler.HandlerWrapper.handle(HandlerWrapper.java:113)
	at org.eclipse.jetty.server.handler.HandlerWrapper.handle(HandlerWrapper.java:113)
	at org.eclipse.jetty.server.handler.HandlerWrapper.handle(HandlerWrapper.java:113)
	at org.eclipse.jetty.server.handler.HandlerWrapper.handle(HandlerWrapper.java:113)
	at org.eclipse.jetty.server.handler.HandlerWrapper.handle(HandlerWrapper.java:113)
	at org.eclipse.jetty.server.handler.HandlerWrapper.handle(HandlerWrapper.java:113)
	at org.eclipse.jetty.server.handler.HandlerWrapper.handle(HandlerWrapper.java:113)
	at org.eclipse.jetty.server.handler.HandlerWrapper.handle(HandlerWrapper.java:113)
	at org.eclipse.jetty.server.handler.HandlerWrapper.handle(HandlerWrapper.java:113)
	at org.eclipse.jetty.server.handler.HandlerWrapper.handle(HandlerWrapper.java:113)
	at org.eclipse.jetty.server.handler.HandlerWrapper.handle(HandlerWrapper.java:113)
	at org.eclipse.jetty.server.handler.HandlerWrapper.handle(HandlerWrapper.java:113)
	at org.eclipse.jetty.server.handler.HandlerWrapper.handle(HandlerWrapper.java:113)
	at org.eclipse.jetty.server.handler.HandlerWrapper.handle(HandlerWrapper.java:113)
	at org.eclipse.jetty.server.handler.HandlerWrapper.handle(HandlerWrapper.java:113)
	at org.eclipse.jetty.server.handler.HandlerWrapper.handle(HandlerWrapper.java:113)
	at org.eclipse.jetty.server.handler.HandlerWrapper.handle(HandlerWrapper.java:113)
	at org.eclipse.jetty.server.handler.HandlerWrapper.handle(HandlerWrapper.java:113)
	at org.eclipse.jetty.server.handler.HandlerWrapper.handle(HandlerWrapper.java:113)
	at org.eclipse.jetty.server.handler.HandlerWrapper.handle(HandlerWrapper.java:113)
	at org.eclipse.jetty.server.handler.HandlerWrapper.handle(HandlerWrapper.java:113)
	at org.eclipse.jetty.server.handler.HandlerWrapper.handle(HandlerWrapper.java:113)
	at org.eclipse.jetty.server.handler.HandlerWrapper.handle(HandlerWrapper.java:113)
	at org.eclipse.jetty.server.handler.HandlerWrapper.handle(HandlerWrapper.java:113)
	at org.eclipse.jetty.server.handler.HandlerWrapper.handle(HandlerWrapper.java:113)
	at org.eclipse.jetty.server.handler.HandlerWrapper.handle(HandlerWrapper.java:113)
	at org.eclipse.jetty.server.handler.HandlerWrapper.handle(HandlerWrapper.java:113)
	at org.eclipse.jetty.server.handler.HandlerWrapper.handle(HandlerWrapper.java:113)
	at org.eclipse.jetty.server.handler.HandlerWrapper.handle(HandlerWrapper.java:113)
	at org.eclipse.jetty.server.handler.HandlerWrapper.handle(HandlerWrapper.java:113)
	at org.eclipse.jetty.server.handler.HandlerWrapper.handle(HandlerWrapper.java:113)
	at org.eclipse.jetty.server.handler.HandlerWrapper.handle(HandlerWrapper.java:113)
	at org.eclipse.jetty.server.handler.HandlerWrapper.handle(HandlerWrapper.java:113)
	at org.eclipse.jetty.server.handler.HandlerWrapper.handle(HandlerWrapper.java:113)
	at org.eclipse.jetty.server.handler.HandlerWrapper.handle(HandlerWrapper.java:113)
	at org.eclipse.jetty.server.handler.HandlerWrapper.handle(HandlerWrapper.java:113)
	at org.eclipse.jetty.server.handler.HandlerWrapper.handle(HandlerWrapper.java:113)
	at org.eclipse.jetty.server.handler.HandlerWrapper.handle(HandlerWrapper.java:113)
	at org.eclipse.jetty.server.handler.HandlerWrapper.handle(HandlerWrapper.java:113)
	at org.eclipse.jetty.server.handler.HandlerWrapper.handle(HandlerWrapper.java:113)
	at org.eclipse.jetty.server.handler.HandlerWrapper.handle(HandlerWrapper.java:113)
	at org.eclipse.jetty.server.handler.HandlerWrapper.handle(HandlerWrapper.java:113)
	at org.eclipse.jetty.server.handler.HandlerWrapper.handle(HandlerWrapper.java:113)
	at org.eclipse.jetty.server.handler.HandlerWrapper.handle(HandlerWrapper.java:113)
	at org.eclipse.jetty.server.handler.HandlerWrapper.handle(HandlerWrapper.java:113)
	at org.eclipse.jetty.server.handler.HandlerWrapper.handle(HandlerWrapper.java:113)
	at org.eclipse.jetty.server.handler.HandlerWrapper.handle(HandlerWrapper.java:113)
	at org.eclipse.jetty.server.handler.HandlerWrapper.handle(HandlerWrapper.java:113)
	at org.eclipse.jetty.server.handler.HandlerWrapper.handle(HandlerWrapper.java:113)
	at org.eclipse.jetty.server.handler.HandlerWrapper.handle(HandlerWrapper.java:113)
	at org.eclipse.jetty.server.handler.HandlerWrapper.handle(HandlerWrapper.java:113)
	at org.eclipse.jetty.server.handler.HandlerWrapper.handle(HandlerWrapper.java:113)
	at org.eclipse.jetty.server.handler.HandlerWrapper.handle(HandlerWrapper.java:113)
	at org.eclipse.jetty.server.handler.HandlerWrapper.handle(HandlerWrapper.java:113)
	at org.eclipse.jetty.server.handler.HandlerWrapper.handle(HandlerWrapper.java:113)
	at org.eclipse.jetty.server.handler.HandlerWrapper.handle(HandlerWrapper.java:113)
	at org.eclipse.jetty.server.handler.HandlerWrapper.handle(HandlerWrapper.java:113)
	at org.eclipse.jetty.server.handler.HandlerWrapper.handle(HandlerWrapper.java:113)
	at org.eclipse.jetty.server.handler.HandlerWrapper.handle(HandlerWrapper.java:113)
	at org.eclipse.jetty.server.handler.HandlerWrapper.handle(HandlerWrapper.java:113)
	at org.eclipse.jetty.server.handler.HandlerWrapper.handle(HandlerWrapper.java:113)
	at org.eclipse.jetty.server.handler.HandlerWrapper.handle(HandlerWrapper.java:113)
	at org.eclipse.jetty.server.handler.HandlerWrapper.handle(HandlerWrapper.java:113)
	at org.eclipse.jetty.server.handler.HandlerWrapper.handle(HandlerWrapper.java:113)
	at org.eclipse.jetty.server.handler.HandlerWrapper.handle(HandlerWrapper.java:113)
	at org.eclipse.jetty.server.handler.HandlerWrapper.handle(HandlerWrapper.java:113)
	at org.eclipse.jetty.server.handler.HandlerWrapper.handle(HandlerWrapper.java:113)
	at org.eclipse.jetty.server.handler.HandlerWrapper.handle(HandlerWrapper.java:113)
	at org.eclipse.jetty.server.handler.HandlerWrapper.handle(HandlerWrapper.java:113)
	at org.eclipse.jetty.server.handler.HandlerWrapper.handle(HandlerWrapper.java:113)
	at org.eclipse.jetty.server.handler.HandlerWrapper.handle(HandlerWrapper.java:113)
	at org.eclipse.jetty.server.handler.HandlerWrapper.handle(HandlerWrapper.java:113)
	at org.eclipse.jetty.server.handler.HandlerWrapper.handle(HandlerWrapper.java:113)
	at org.eclipse.jetty.server.handler.HandlerWrapper.handle(HandlerWrapper.java:113)
	at org.eclipse.jetty.server.handler.HandlerWrapper.handle(HandlerWrapper.java:113)
	at org.eclipse.jetty.server.handler.HandlerWrapper.handle(HandlerWrapper.java:113)
	at org.eclipse.jetty.server.handler.HandlerWrapper.handle(HandlerWrapper.java:113)
	at org.eclipse.jetty.server.handler.HandlerWrapper.handle(HandlerWrapper.java:113)
	at org.eclipse.jetty.server.handler.HandlerWrapper.handle(HandlerWrapper.java:113)
	at org.eclipse.jetty.server.handler.HandlerWrapper.handle(HandlerWrapper.java:113)
	at org.eclipse.jetty.server.handler.HandlerWrapper.handle(HandlerWrapper.java:113)
	at org.eclipse.jetty.server.handler.HandlerWrapper.handle(HandlerWrapper.java:113)
	at org.eclipse.jetty.server.handler.HandlerWrapper.handle(HandlerWrapper.java:113)
	at org.eclipse.jetty.server.handler.HandlerWrapper.handle(HandlerWrapper.java:113)
	at org.eclipse.jetty.server.handler.HandlerWrapper.handle(HandlerWrapper.java:113)
	at org.eclipse.jetty.server.handler.HandlerWrapper.handle(HandlerWrapper.java:113)
	at org.eclipse.jetty.server.handler.HandlerWrapper.handle(HandlerWrapper.java:113)
	at org.eclipse.jetty.server.handler.HandlerWrapper.handle(HandlerWrapper.java:113)
	at org.eclipse.jetty.server.handler.HandlerWrapper.handle(HandlerWrapper.java:113)
	at org.eclipse.jetty.server.handler.HandlerWrapper.handle(HandlerWrapper.java:113)
	at org.eclipse.jetty.server.handler.HandlerWrapper.handle(HandlerWrapper.java:113)
	at org.eclipse.jetty.server.handler.HandlerWrapper.handle(HandlerWrapper.java:113)
	at org.eclipse.jetty.server.handler.HandlerWrapper.handle(HandlerWrapper.java:113)
	at org.eclipse.jetty.server.handler.HandlerWrapper.handle(HandlerWrapper.java:113)
	at org.eclipse.jetty.server.handler.HandlerWrapper.handle(HandlerWrapper.java:113)
	at org.eclipse.jetty.server.handler.HandlerWrapper.handle(HandlerWrapper.java:113)
	at org.eclipse.jetty.server.handler.HandlerWrapper.handle(HandlerWrapper.java:113)
	at org.eclipse.jetty.server.handler.HandlerWrapper.handle(HandlerWrapper.java:113)
	at org.eclipse.jetty.server.handler.HandlerWrapper.handle(HandlerWrapper.java:113)
	at org.eclipse.jetty.server.handler.HandlerWrapper.handle(HandlerWrapper.java:113)
	at org.eclipse.jetty.server.handler.HandlerWrapper.handle(HandlerWrapper.java:113)
	at org.eclipse.jetty.server.handler.HandlerWrapper.handle(HandlerWrapper.java:113)
	at org.eclipse.jetty.server.handler.HandlerWrapper.handle(HandlerWrapper.java:113)
	at org.eclipse.jetty.server.handler.HandlerWrapper.handle(HandlerWrapper.java:113)
	at org.eclipse.jetty.server.handler.HandlerWrapper.handle(HandlerWrapper.java:113)
	at org.eclipse.jetty.server.handler.HandlerWrapper.handle(HandlerWrapper.java:113)
	at org.eclipse.jetty.server.handler.HandlerWrapper.handle(HandlerWrapper.java:113)
	at org.eclipse.jetty.server.handler.HandlerWrapper.handle(HandlerWrapper.java:113)
	at org.eclipse.jetty.server.handler.HandlerWrapper.handle(HandlerWrapper.java:113)
	at org.eclipse.jetty.server.handler.HandlerWrapper.handle(HandlerWrapper.java:113)
	at org.eclipse.jetty.server.handler.HandlerWrapper.handle(HandlerWrapper.java:113)
	at org.eclipse.jetty.server.handler.HandlerWrapper.handle(HandlerWrapper.java:113)
	at org.eclipse.jetty.server.handler.HandlerWrapper.handle(HandlerWrapper.java:113)
	at org.eclipse.jetty.server.handler.HandlerWrapper.handle(HandlerWrapper.java:113)
	at org.eclipse.jetty.server.handler.HandlerWrapper.handle(HandlerWrapper.java:113)
	at org.eclipse.jetty.server.handler.HandlerWrapper.handle(HandlerWrapper.java:113)
	at org.eclipse.jetty.server.handler.HandlerWrapper.handle(HandlerWrapper.java:113)
	at org.eclipse.jetty.server.handler.HandlerWrapper.handle(HandlerWrapper.java:113)
	at org.eclipse.jetty.server.handler.HandlerWrapper.handle(HandlerWrapper.java:113)
	at org.eclipse.jetty.server.handler.HandlerWrapper.handle(HandlerWrapper.java:113)
	at org.eclipse.jetty.server.handler.HandlerWrapper.handle(HandlerWrapper.java:113)
	at org.eclipse.jetty.server.handler.HandlerWrapper.handle(HandlerWrapper.java:113)
	at org.eclipse.jetty.server.handler.HandlerWrapper.handle(HandlerWrapper.java:113)
	at org.eclipse.jetty.server.handler.HandlerWrapper.handle(HandlerWrapper.java:113)
	at org.eclipse.jetty.server.handler.HandlerWrapper.handle(HandlerWrapper.java:113)
	at org.eclipse.jetty.server.handler.HandlerWrapper.handle(HandlerWrapper.java:113)
	at org.eclipse.jetty.server.handler.HandlerWrapper.handle(HandlerWrapper.java:113)
	at org.eclipse.jetty.server.handler.HandlerWrapper.handle(HandlerWrapper.java:113)
	at org.eclipse.jetty.server.handler.HandlerWrapper.handle(HandlerWrapper.java:113)
	at org.eclipse.jetty.server.handler.HandlerWrapper.handle(HandlerWrapper.java:113)
	at org.eclipse.jetty.server.handler.HandlerWrapper.handle(HandlerWrapper.java:113)
	at org.eclipse.jetty.server.handler.HandlerWrapper.handle(HandlerWrapper.java:113)
	at org.eclipse.jetty.server.handler.HandlerWrapper.handle(HandlerWrapper.java:113)
	at org.eclipse.jetty.server.handler.HandlerWrapper.handle(HandlerWrapper.java:113)
	at org.eclipse.jetty.server.handler.HandlerWrapper.handle(HandlerWrapper.java:113)
	at org.eclipse.jetty.server.handler.HandlerWrapper.handle(HandlerWrapper.java:113)
	at org.eclipse.jetty.server.handler.HandlerWrapper.handle(HandlerWrapper.java:113)
	at org.eclipse.jetty.server.handler.HandlerWrapper.handle(HandlerWrapper.java:113)
	at org.eclipse.jetty.server.handler.HandlerWrapper.handle(HandlerWrapper.java:113)
	at org.eclipse.jetty.server.handler.HandlerWrapper.handle(HandlerWrapper.java:113)
	at org.eclipse.jetty.server.handler.HandlerWrapper.handle(HandlerWrapper.java:113)
	at org.eclipse.jetty.server.handler.HandlerWrapper.handle(HandlerWrapper.java:113)
	at org.eclipse.jetty.server.handler.HandlerWrapper.handle(HandlerWrapper.java:113)
	at org.eclipse.jetty.server.handler.HandlerWrapper.handle(HandlerWrapper.java:113)
	at org.eclipse.jetty.server.handler.HandlerWrapper.handle(HandlerWrapper.java:113)
	at org.eclipse.jetty.server.handler.HandlerWrapper.handle(HandlerWrapper.java:113)
	at org.eclipse.jetty.server.handler.HandlerWrapper.handle(HandlerWrapper.java:113)
	at org.eclipse.jetty.server.handler.HandlerWrapper.handle(HandlerWrapper.java:113)
	at org.eclipse.jetty.server.handler.HandlerWrapper.handle(HandlerWrapper.java:113)
	at org.eclipse.jetty.server.handler.HandlerWrapper.handle(HandlerWrapper.java:113)
	at org.eclipse.jetty.server.handler.HandlerWrapper.handle(HandlerWrapper.java:113)
	at org.eclipse.jetty.server.handler.HandlerWrapper.handle(HandlerWrapper.java:113)
	at org.eclipse.jetty.server.handler.HandlerWrapper.handle(HandlerWrapper.java:113)
	at org.eclipse.jetty.server.handler.HandlerWrapper.handle(HandlerWrapper.java:113)
	at org.eclipse.jetty.server.handler.HandlerWrapper.handle(HandlerWrapper.java:113)
	at org.eclipse.jetty.server.handler.HandlerWrapper.handle(HandlerWrapper.java:113)
	at org.eclipse.jetty.server.handler.HandlerWrapper.handle(HandlerWrapper.java:113)
	at org.eclipse.jetty.server.handler.HandlerWrapper.handle(HandlerWrapper.java:113)
	at org.eclipse.jetty.server.handler.HandlerWrapper.handle(HandlerWrapper.java:113)
	at org.eclipse.jetty.server.handler.HandlerWrapper.handle(HandlerWrapper.java:113)
	at org.eclipse.jetty.server.handler.HandlerWrapper.handle(HandlerWrapper.java:113)
	at org.eclipse.jetty.server.handler.HandlerWrapper.handle(HandlerWrapper.java:113)
	at org.eclipse.jetty.server.handler.HandlerWrapper.handle(HandlerWrapper.java:113)
	at org.eclipse.jetty.server.handler.HandlerWrapper.handle(HandlerWrapper.java:113)
	at org.eclipse.jetty.server.handler.HandlerWrapper.handle(HandlerWrapper.java:113)
	at org.eclipse.jetty.server.handler.HandlerWrapper.handle(HandlerWrapper.java:113)
	at org.eclipse.jetty.server.handler.HandlerWrapper.handle(HandlerWrapper.java:113)
	at org.eclipse.jetty.server.handler.HandlerWrapper.handle(HandlerWrapper.java:113)
	at org.eclipse.jetty.server.handler.HandlerWrapper.handle(HandlerWrapper.java:113)
	at org.eclipse.jetty.server.handler.HandlerWrapper.handle(HandlerWrapper.java:113)
	at org.eclipse.jetty.server.handler.HandlerWrapper.handle(HandlerWrapper.java:113)
	at org.eclipse.jetty.server.handler.HandlerWrapper.handle(HandlerWrapper.java:113)
	at org.eclipse.jetty.server.handler.HandlerWrapper.handle(HandlerWrapper.java:113)
	at org.eclipse.jetty.server.handler.HandlerWrapper.handle(HandlerWrapper.java:113)
	at org.eclipse.jetty.server.handler.HandlerWrapper.handle(HandlerWrapper.java:113)
	at org.eclipse.jetty.server.handler.HandlerWrapper.handle(HandlerWrapper.java:113)
	at org.eclipse.jetty.server.handler.HandlerWrapper.handle(HandlerWrapper.java:113)
	at org.eclipse.jetty.server.handler.HandlerWrapper.handle(HandlerWrapper.java:113)
	at org.eclipse.jetty.server.handler.HandlerWrapper.handle(HandlerWrapper.java:113)
	at org.eclipse.jetty.server.handler.HandlerWrapper.handle(HandlerWrapper.java:113)
	at org.eclipse.jetty.server.handler.HandlerWrapper.handle(HandlerWrapper.java:113)
	at org.eclipse.jetty.server.handler.HandlerWrapper.handle(HandlerWrapper.java:113)
	at org.eclipse.jetty.server.handler.HandlerWrapper.handle(HandlerWrapper.java:113)
	at org.eclipse.jetty.server.handler.HandlerWrapper.handle(HandlerWrapper.java:113)
	at org.eclipse.jetty.server.handler.HandlerWrapper.handle(HandlerWrapper.java:113)
	at org.eclipse.jetty.server.handler.HandlerWrapper.handle(HandlerWrapper.java:113)
	at org.eclipse.jetty.server.handler.HandlerWrapper.handle(HandlerWrapper.java:113)
	at org.eclipse.jetty.server.handler.HandlerWrapper.handle(HandlerWrapper.java:113)
	at org.eclipse.jetty.server.handler.HandlerWrapper.handle(HandlerWrapper.java:113)
	at org.eclipse.jetty.server.handler.HandlerWrapper.handle(HandlerWrapper.java:113)
	at org.eclipse.jetty.server.handler.HandlerWrapper.handle(HandlerWrapper.java:113)
	at org.eclipse.jetty.server.handler.HandlerWrapper.handle(HandlerWrapper.java:113)
	at org.eclipse.jetty.server.handler.HandlerWrapper.handle(HandlerWrapper.java:113)
	at org.eclipse.jetty.server.handler.HandlerWrapper.handle(HandlerWrapper.java:113)
	at org.eclipse.jetty.server.handler.HandlerWrapper.handle(HandlerWrapper.java:113)
	at org.eclipse.jetty.server.handler.HandlerWrapper.handle(HandlerWrapper.java:113)
	at org.eclipse.jetty.server.handler.HandlerWrapper.handle(HandlerWrapper.java:113)
	at org.eclipse.jetty.server.handler.HandlerWrapper.handle(HandlerWrapper.java:113)
	at org.eclipse.jetty.server.handler.HandlerWrapper.handle(HandlerWrapper.java:113)
	at org.eclipse.jetty.server.handler.HandlerWrapper.handle(HandlerWrapper.java:113)
	at org.eclipse.jetty.server.handler.HandlerWrapper.handle(HandlerWrapper.java:113)
	at org.eclipse.jetty.server.handler.HandlerWrapper.handle(HandlerWrapper.java:113)
	at org.eclipse.jetty.server.handler.HandlerWrapper.handle(HandlerWrapper.java:113)
	at org.eclipse.jetty.server.handler.HandlerWrapper.handle(HandlerWrapper.java:113)
	at org.eclipse.jetty.server.handler.HandlerWrapper.handle(HandlerWrapper.java:113)
	at org.eclipse.jetty.server.handler.HandlerWrapper.handle(HandlerWrapper.java:113)
	at org.eclipse.jetty.server.handler.HandlerWrapper.handle(HandlerWrapper.java:113)
	at org.eclipse.jetty.server.handler.HandlerWrapper.handle(HandlerWrapper.java:113)
	at org.eclipse.jetty.server.handler.HandlerWrapper.handle(HandlerWrapper.java:113)
	at org.eclipse.jetty.server.handler.HandlerWrapper.handle(HandlerWrapper.java:113)
	at org.eclipse.jetty.server.handler.HandlerWrapper.handle(HandlerWrapper.java:113)
	at org.eclipse.jetty.server.handler.HandlerWrapper.handle(HandlerWrapper.java:113)
	at org.eclipse.jetty.server.handler.HandlerWrapper.handle(HandlerWrapper.java:113)
	at org.eclipse.jetty.server.handler.HandlerWrapper.handle(HandlerWrapper.java:113)
	at org.eclipse.jetty.server.handler.HandlerWrapper.handle(HandlerWrapper.java:113)
	at org.eclipse.jetty.server.handler.HandlerWrapper.handle(HandlerWrapper.java:113)
	at org.eclipse.jetty.server.handler.HandlerWrapper.handle(HandlerWrapper.java:113)
	at org.eclipse.jetty.server.handler.HandlerWrapper.handle(HandlerWrapper.java:113)
	at org.eclipse.jetty.server.handler.HandlerWrapper.handle(HandlerWrapper.java:113)
	at org.eclipse.jetty.server.handler.HandlerWrapper.handle(HandlerWrapper.java:113)
	at org.eclipse.jetty.server.handler.HandlerWrapper.handle(HandlerWrapper.java:113)
	at org.eclipse.jetty.server.handler.HandlerWrapper.handle(HandlerWrapper.java:113)
	at org.eclipse.jetty.server.handler.HandlerWrapper.handle(HandlerWrapper.java:113)
	at org.eclipse.jetty.server.handler.HandlerWrapper.handle(HandlerWrapper.java:113)
	at org.eclipse.jetty.server.handler.HandlerWrapper.handle(HandlerWrapper.java:113)
	at org.eclipse.jetty.server.handler.HandlerWrapper.handle(HandlerWrapper.java:113)
	at org.eclipse.jetty.server.handler.HandlerWrapper.handle(HandlerWrapper.java:113)
	at org.eclipse.jetty.server.handler.HandlerWrapper.handle(HandlerWrapper.java:113)
	at org.eclipse.jetty.server.handler.HandlerWrapper.handle(HandlerWrapper.java:113)
	at org.eclipse.jetty.server.handler.HandlerWrapper.handle(HandlerWrapper.java:113)
	at org.eclipse.jetty.server.handler.HandlerWrapper.handle(HandlerWrapper.java:113)
	at org.eclipse.jetty.server.handler.HandlerWrapper.handle(HandlerWrapper.java:113)
	at org.eclipse.jetty.server.handler.HandlerWrapper.handle(HandlerWrapper.java:113)
	at org.eclipse.jetty.server.handler.HandlerWrapper.handle(HandlerWrapper.java:113)
	at org.eclipse.jetty.server.handler.HandlerWrapper.handle(HandlerWrapper.java:113)
	at org.eclipse.jetty.server.handler.HandlerWrapper.handle(HandlerWrapper.java:113)
	at org.eclipse.jetty.server.handler.HandlerWrapper.handle(HandlerWrapper.java:113)
	at org.eclipse.jetty.server.handler.HandlerWrapper.handle(HandlerWrapper.java:113)
	at org.eclipse.jetty.server.handler.HandlerWrapper.handle(HandlerWrapper.java:113)
	at org.eclipse.jetty.server.handler.HandlerWrapper.handle(HandlerWrapper.java:113)
	at org.eclipse.jetty.server.handler.HandlerWrapper.handle(HandlerWrapper.java:113)
	at org.eclipse.jetty.server.handler.HandlerWrapper.handle(HandlerWrapper.java:113)
	at org.eclipse.jetty.server.handler.HandlerWrapper.handle(HandlerWrapper.java:113)
	at org.eclipse.jetty.server.handler.HandlerWrapper.handle(HandlerWrapper.java:113)
	at org.eclipse.jetty.server.handler.HandlerWrapper.handle(HandlerWrapper.java:113)
	at org.eclipse.jetty.server.handler.HandlerWrapper.handle(HandlerWrapper.java:113)
	at org.eclipse.jetty.server.handler.HandlerWrapper.handle(HandlerWrapper.java:113)
	at org.eclipse.jetty.server.handler.HandlerWrapper.handle(HandlerWrapper.java:113)
	at org.eclipse.jetty.server.handler.HandlerWrapper.handle(HandlerWrapper.java:113)
	at org.eclipse.jetty.server.handler.HandlerWrapper.handle(HandlerWrapper.java:113)
	at org.eclipse.jetty.server.handler.HandlerWrapper.handle(HandlerWrapper.java:113)
	at org.eclipse.jetty.server.handler.HandlerWrapper.handle(HandlerWrapper.java:113)
	at org.eclipse.jetty.server.handler.HandlerWrapper.handle(HandlerWrapper.java:113)
	at org.eclipse.jetty.server.handler.HandlerWrapper.handle(HandlerWrapper.java:113)
	at org.eclipse.jetty.server.handler.HandlerWrapper.handle(HandlerWrapper.java:113)
	at org.eclipse.jetty.server.handler.HandlerWrapper.handle(HandlerWrapper.java:113)
	at org.eclipse.jetty.server.handler.HandlerWrapper.handle(HandlerWrapper.java:113)
	at org.eclipse.jetty.server.handler.HandlerWrapper.handle(HandlerWrapper.java:113)
	at org.eclipse.jetty.server.handler.HandlerWrapper.handle(HandlerWrapper.java:113)
	at org.eclipse.jetty.server.handler.HandlerWrapper.handle(HandlerWrapper.java:113)
	at org.eclipse.jetty.server.handler.HandlerWrapper.handle(HandlerWrapper.java:113)
	at org.eclipse.jetty.server.handler.HandlerWrapper.handle(HandlerWrapper.java:113)
	at org.eclipse.jetty.server.handler.HandlerWrapper.handle(HandlerWrapper.java:113)
	at org.eclipse.jetty.server.handler.HandlerWrapper.handle(HandlerWrapper.java:113)
	at org.eclipse.jetty.server.handler.HandlerWrapper.handle(HandlerWrapper.java:113)
	at org.eclipse.jetty.server.handler.HandlerWrapper.handle(HandlerWrapper.java:113)
	at org.eclipse.jetty.server.handler.HandlerWrapper.handle(HandlerWrapper.java:113)
	at org.eclipse.jetty.server.handler.HandlerWrapper.handle(HandlerWrapper.java:113)
	at org.eclipse.jetty.server.handler.HandlerWrapper.handle(HandlerWrapper.java:113)
	at org.eclipse.jetty.server.handler.HandlerWrapper.handle(HandlerWrapper.java:113)
	at org.eclipse.jetty.server.handler.HandlerWrapper.handle(HandlerWrapper.java:113)
	at org.eclipse.jetty.server.handler.HandlerWrapper.handle(HandlerWrapper.java:113)
	at org.eclipse.jetty.server.handler.HandlerWrapper.handle(HandlerWrapper.java:113)
	at org.eclipse.jetty.server.handler.HandlerWrapper.handle(HandlerWrapper.java:113)
	at org.eclipse.jetty.server.handler.HandlerWrapper.handle(HandlerWrapper.java:113)
	at org.eclipse.jetty.server.handler.HandlerWrapper.handle(HandlerWrapper.java:113)
	at org.eclipse.jetty.server.handler.HandlerWrapper.handle(HandlerWrapper.java:113)
	at org.eclipse.jetty.server.handler.HandlerWrapper.handle(HandlerWrapper.java:113)
	at org.eclipse.jetty.server.handler.HandlerWrapper.handle(HandlerWrapper.java:113)
	at org.eclipse.jetty.server.handler.HandlerWrapper.handle(HandlerWrapper.java:113)
	at org.eclipse.jetty.server.handler.HandlerWrapper.handle(HandlerWrapper.java:113)
	at org.eclipse.jetty.server.handler.HandlerWrapper.handle(HandlerWrapper.java:113)
	at org.eclipse.jetty.server.handler.HandlerWrapper.handle(HandlerWrapper.java:113)
	at org.eclipse.jetty.server.handler.HandlerWrapper.handle(HandlerWrapper.java:113)
	at org.eclipse.jetty.server.handler.HandlerWrapper.handle(HandlerWrapper.java:113)
	at org.eclipse.jetty.server.handler.HandlerWrapper.handle(HandlerWrapper.java:113)
	at org.eclipse.jetty.server.handler.HandlerWrapper.handle(HandlerWrapper.java:113)
	at org.eclipse.jetty.server.handler.HandlerWrapper.handle(HandlerWrapper.java:113)
	at org.eclipse.jetty.server.handler.HandlerWrapper.handle(HandlerWrapper.java:113)
	at org.eclipse.jetty.server.handler.HandlerWrapper.handle(HandlerWrapper.java:113)
	at org.eclipse.jetty.server.handler.HandlerWrapper.handle(HandlerWrapper.java:113)
	at org.eclipse.jetty.server.handler.HandlerWrapper.handle(HandlerWrapper.java:113)
	at org.eclipse.jetty.server.handler.HandlerWrapper.handle(HandlerWrapper.java:113)
	at org.eclipse.jetty.server.handler.HandlerWrapper.handle(HandlerWrapper.java:113)
	at org.eclipse.jetty.server.handler.HandlerWrapper.handle(HandlerWrapper.java:113)
	at org.eclipse.jetty.server.handler.HandlerWrapper.handle(HandlerWrapper.java:113)
	at org.eclipse.jetty.server.handler.HandlerWrapper.handle(HandlerWrapper.java:113)
	at org.eclipse.jetty.server.handler.HandlerWrapper.handle(HandlerWrapper.java:113)
	at org.eclipse.jetty.server.handler.HandlerWrapper.handle(HandlerWrapper.java:113)
	at org.eclipse.jetty.server.handler.HandlerWrapper.handle(HandlerWrapper.java:113)
	at org.eclipse.jetty.server.handler.HandlerWrapper.handle(HandlerWrapper.java:113)
	at org.eclipse.jetty.server.handler.HandlerWrapper.handle(HandlerWrapper.java:113)
	at org.eclipse.jetty.server.handler.HandlerWrapper.handle(HandlerWrapper.java:113)
	at org.eclipse.jetty.server.handler.HandlerWrapper.handle(HandlerWrapper.java:113)
	at org.eclipse.jetty.server.handler.HandlerWrapper.handle(HandlerWrapper.java:113)
	at org.eclipse.jetty.server.handler.HandlerWrapper.handle(HandlerWrapper.java:113)
	at org.eclipse.jetty.server.handler.HandlerWrapper.handle(HandlerWrapper.java:113)
	at org.eclipse.jetty.server.handler.HandlerWrapper.handle(HandlerWrapper.java:113)
	at org.eclipse.jetty.server.handler.HandlerWrapper.handle(HandlerWrapper.java:113)
	at org.eclipse.jetty.server.handler.HandlerWrapper.handle(HandlerWrapper.java:113)
	at org.eclipse.jetty.server.handler.HandlerWrapper.handle(HandlerWrapper.java:113)
	at org.eclipse.jetty.server.handler.HandlerWrapper.handle(HandlerWrapper.java:113)
	at org.eclipse.jetty.server.handler.HandlerWrapper.handle(HandlerWrapper.java:113)
	at org.eclipse.jetty.server.handler.HandlerWrapper.handle(HandlerWrapper.java:113)
	at org.eclipse.jetty.server.handler.HandlerWrapper.handle(HandlerWrapper.java:113)
	at org.eclipse.jetty.server.handler.HandlerWrapper.handle(HandlerWrapper.java:113)
	at org.eclipse.jetty.server.handler.HandlerWrapper.handle(HandlerWrapper.java:113)
	at org.eclipse.jetty.server.handler.HandlerWrapper.handle(HandlerWrapper.java:113)
	at org.eclipse.jetty.server.handler.HandlerWrapper.handle(HandlerWrapper.java:113)
	at org.eclipse.jetty.server.handler.HandlerWrapper.handle(HandlerWrapper.java:113)
	at org.eclipse.jetty.server.handler.HandlerWrapper.handle(HandlerWrapper.java:113)
	at org.eclipse.jetty.server.handler.HandlerWrapper.handle(HandlerWrapper.java:113)
	at org.eclipse.jetty.server.handler.HandlerWrapper.handle(HandlerWrapper.java:113)
	at org.eclipse.jetty.server.handler.HandlerWrapper.handle(HandlerWrapper.java:113)
	at org.eclipse.jetty.server.handler.HandlerWrapper.handle(HandlerWrapper.java:113)
	at org.eclipse.jetty.server.handler.HandlerWrapper.handle(HandlerWrapper.java:113)
	at org.eclipse.jetty.server.handler.HandlerWrapper.handle(HandlerWrapper.java:113)
	at org.eclipse.jetty.server.handler.HandlerWrapper.handle(HandlerWrapper.java:113)
	at org.eclipse.jetty.server.handler.HandlerWrapper.handle(HandlerWrapper.java:113)
	at org.eclipse.jetty.server.handler.HandlerWrapper.handle(HandlerWrapper.java:113)
	at org.eclipse.jetty.server.handler.HandlerWrapper.handle(HandlerWrapper.java:113)
	at org.eclipse.jetty.server.handler.HandlerWrapper.handle(HandlerWrapper.java:113)
	at org.eclipse.jetty.server.handler.HandlerWrapper.handle(HandlerWrapper.java:113)
	at org.eclipse.jetty.server.handler.HandlerWrapper.handle(HandlerWrapper.java:113)
	at org.eclipse.jetty.server.handler.HandlerWrapper.handle(HandlerWrapper.java:113)
	at org.eclipse.jetty.server.handler.HandlerWrapper.handle(HandlerWrapper.java:113)
	at org.eclipse.jetty.server.handler.HandlerWrapper.handle(HandlerWrapper.java:113)
	at org.eclipse.jetty.server.handler.HandlerWrapper.handle(HandlerWrapper.java:113)
	at org.eclipse.jetty.server.handler.HandlerWrapper.handle(HandlerWrapper.java:113)
	at org.eclipse.jetty.server.handler.HandlerWrapper.handle(HandlerWrapper.java:113)
	at org.eclipse.jetty.server.handler.HandlerWrapper.handle(HandlerWrapper.java:113)
	at org.eclipse.jetty.server.handler.HandlerWrapper.handle(HandlerWrapper.java:113)
	at org.eclipse.jetty.server.handler.HandlerWrapper.handle(HandlerWrapper.java:113)
	at org.eclipse.jetty.server.handler.HandlerWrapper.handle(HandlerWrapper.java:113)
	at org.eclipse.jetty.server.handler.HandlerWrapper.handle(HandlerWrapper.java:113)
	at org.eclipse.jetty.server.handler.HandlerWrapper.handle(HandlerWrapper.java:113)
	at org.eclipse.jetty.server.handler.HandlerWrapper.handle(HandlerWrapper.java:113)
	at org.eclipse.jetty.server.handler.HandlerWrapper.handle(HandlerWrapper.java:113)
	at org.eclipse.jetty.server.handler.HandlerWrapper.handle(HandlerWrapper.java:113)
	at org.eclipse.jetty.server.handler.HandlerWrapper.handle(HandlerWrapper.java:113)
	at org.eclipse.jetty.server.handler.HandlerWrapper.handle(HandlerWrapper.java:113)
	at org.eclipse.jetty.server.handler.HandlerWrapper.handle(HandlerWrapper.java:113)
	at org.eclipse.jetty.server.handler.HandlerWrapper.handle(HandlerWrapper.java:113)
	at org.eclipse.jetty.server.handler.HandlerWrapper.handle(HandlerWrapper.java:113)
	at org.eclipse.jetty.server.handler.HandlerWrapper.handle(HandlerWrapper.java:113)
	at org.eclipse.jetty.server.handler.HandlerWrapper.handle(HandlerWrapper.java:113)
	at org.eclipse.jetty.server.handler.HandlerWrapper.handle(HandlerWrapper.java:113)
	at org.eclipse.jetty.server.handler.HandlerWrapper.handle(HandlerWrapper.java:113)
	at org.eclipse.jetty.server.handler.HandlerWrapper.handle(HandlerWrapper.java:113)
15-04-12 20:56:12 INFO  log main - Logging initialized @916ms
15-04-12 20:56:12 INFO  Server main - jetty-9.3.0.M2
15-04-12 20:56:12 INFO  ContextHandler main - Started o.e.j.s.ServletContextHandler@57f23557{/xmpp/httpbind,null,AVAILABLE}
15-04-12 20:56:12 INFO  ContextHandler main - Started o.e.j.s.h.ContextHandler@3d0f8e03{jwchat-1.0,null,AVAILABLE}
15-04-12 20:56:12 INFO  ServerConnector main - Started ServerConnector@101df177{HTTP/1.1,[http/1.1]}{0.0.0.0:8080}
15-04-12 20:56:12 INFO  Server main - Started @1087ms
15-04-12 20:58:47 INFO  log main - Logging initialized @957ms
15-04-12 20:58:48 INFO  Server main - jetty-9.3.0.M2
15-04-12 20:58:48 INFO  ContextHandler main - Started o.e.j.s.ServletContextHandler@57f23557{/xmpp/httpbind,null,AVAILABLE}
15-04-12 20:58:48 INFO  ContextHandler main - Started o.e.j.s.h.ContextHandler@3d0f8e03{/jwchat-1.0,null,AVAILABLE}
15-04-12 20:58:48 INFO  ServerConnector main - Started ServerConnector@101df177{HTTP/1.1,[http/1.1]}{0.0.0.0:8080}
15-04-12 20:58:48 INFO  Server main - Started @1114ms
15-04-12 20:59:16 INFO  log main - Logging initialized @940ms
15-04-12 20:59:16 INFO  Server main - jetty-9.3.0.M2
15-04-12 20:59:16 INFO  ContextHandler main - Started o.e.j.s.ServletContextHandler@57f23557{/xmpp/httpbind,null,AVAILABLE}
15-04-12 20:59:16 INFO  ContextHandler main - Started o.e.j.s.h.ContextHandler@3d0f8e03{/jwchat-1.0,null,AVAILABLE}
15-04-12 20:59:16 INFO  ServerConnector main - Started ServerConnector@101df177{HTTP/1.1,[http/1.1]}{0.0.0.0:8080}
15-04-12 20:59:16 INFO  Server main - Started @1099ms
15-04-12 21:23:30 INFO  log main - Logging initialized @908ms
15-04-12 21:23:30 INFO  Server main - jetty-9.3.0.M2
15-04-12 21:23:30 INFO  ContextHandler main - Started o.e.j.s.ServletContextHandler@57f23557{/xmpp/httpbind,null,AVAILABLE}
15-04-12 21:23:30 INFO  ContextHandler main - Started o.e.j.s.h.ContextHandler@3d0f8e03{/jwchat-1.0,null,AVAILABLE}
15-04-12 21:23:30 INFO  ServerConnector main - Started ServerConnector@101df177{HTTP/1.1,[http/1.1]}{0.0.0.0:8080}
15-04-12 21:23:30 INFO  Server main - Started @1062ms
15-04-12 21:39:10 INFO  log main - Logging initialized @1032ms
15-04-12 21:39:11 INFO  Server main - jetty-9.3.0.M2
15-04-12 21:39:11 INFO  ContextHandler main - Started o.e.j.s.ServletContextHandler@57f23557{/xmpp/httpbind,null,AVAILABLE}
15-04-12 21:39:11 INFO  ContextHandler main - Started o.e.j.s.h.ContextHandler@3d0f8e03{/jwchat-1.0,null,AVAILABLE}
15-04-12 21:39:11 INFO  ServerConnector main - Started ServerConnector@101df177{HTTP/1.1,[http/1.1]}{0.0.0.0:8080}
15-04-12 21:39:11 INFO  Server main - Started @1194ms
15-04-12 21:41:54 INFO  log main - Logging initialized @1411ms
15-04-12 21:41:54 INFO  Server main - jetty-9.3.0.M2
15-04-12 21:41:54 INFO  ContextHandler main - Started o.e.j.s.ServletContextHandler@3ba987b8{/xmpp/httpbind,null,AVAILABLE}
15-04-12 21:41:54 INFO  ContextHandler main - Started o.e.j.s.h.ContextHandler@3f191845{/jwchat-1.0,null,AVAILABLE}
15-04-12 21:41:54 INFO  ServerConnector main - Started ServerConnector@6f204a1a{HTTP/1.1,[http/1.1]}{0.0.0.0:8080}
15-04-12 21:41:54 INFO  Server main - Started @1690ms
15-04-12 21:43:45 INFO  log main - Logging initialized @1226ms
15-04-12 21:43:45 INFO  Server main - jetty-9.3.0.M2
15-04-12 21:43:45 INFO  ContextHandler main - Started o.e.j.s.ServletContextHandler@54c5a2ff{/xmpp/httpbind,null,AVAILABLE}
15-04-12 21:43:45 INFO  ContextHandler main - Started o.e.j.s.h.ContextHandler@6d4d66d2{/jwchat-1.0,null,AVAILABLE}
15-04-12 21:43:45 INFO  ServerConnector main - Started ServerConnector@70ed52de{HTTP/1.1,[http/1.1]}{0.0.0.0:8080}
15-04-12 21:43:45 INFO  Server main - Started @1509ms
15-04-12 23:22:16 INFO  log main - Logging initialized @1193ms
15-04-12 23:22:16 INFO  Server main - jetty-9.3.0.M2
15-04-12 23:22:16 INFO  ContextHandler main - Started o.e.j.s.ServletContextHandler@57f23557{/xmpp/httpbind,null,AVAILABLE}
15-04-12 23:22:16 INFO  ContextHandler main - Started o.e.j.s.h.ContextHandler@3d0f8e03{/jwchat-1.0,null,AVAILABLE}
15-04-12 23:22:16 INFO  ServerConnector main - Started ServerConnector@101df177{HTTP/1.1,[http/1.1]}{0.0.0.0:8080}
15-04-12 23:22:16 INFO  Server main - Started @1455ms
15-04-12 23:27:49 INFO  log main - Logging initialized @881ms
15-04-12 23:27:49 INFO  Server main - jetty-9.3.0.M2
15-04-12 23:27:49 INFO  ContextHandler main - Started o.e.j.s.ServletContextHandler@57f23557{/xmpp/httpbind,null,AVAILABLE}
15-04-12 23:27:49 INFO  ContextHandler main - Started o.e.j.s.h.ContextHandler@3d0f8e03{/jwchat-1.0,null,AVAILABLE}
15-04-12 23:27:49 INFO  ServerConnector main - Started ServerConnector@101df177{HTTP/1.1,[http/1.1]}{0.0.0.0:8080}
15-04-12 23:27:49 INFO  Server main - Started @1028ms
15-04-12 23:53:03 INFO  log main - Logging initialized @927ms
15-04-12 23:53:03 INFO  Server main - jetty-9.3.0.M2
15-04-12 23:53:03 INFO  ContextHandler main - Started o.e.j.s.ServletContextHandler@57f23557{/xmpp/httpbind,null,AVAILABLE}
15-04-12 23:53:03 INFO  ContextHandler main - Started o.e.j.s.h.ContextHandler@3d0f8e03{/jwchat-1.0,null,AVAILABLE}
15-04-12 23:53:04 INFO  ServerConnector main - Started ServerConnector@101df177{HTTP/1.1,[http/1.1]}{0.0.0.0:80}
15-04-12 23:53:04 INFO  Server main - Started @1098ms
15-04-13 00:09:27 INFO  log main - Logging initialized @987ms
15-04-13 00:09:27 INFO  Server main - jetty-9.3.0.M2
15-04-13 00:09:27 INFO  ContextHandler main - Started o.e.j.s.ServletContextHandler@57f23557{/xmpp/httpbind,null,AVAILABLE}
15-04-13 00:09:27 INFO  ContextHandler main - Started o.e.j.s.h.ContextHandler@3d0f8e03{/jwchat,null,AVAILABLE}
15-04-13 00:09:27 INFO  ServerConnector main - Started ServerConnector@101df177{HTTP/1.1,[http/1.1]}{0.0.0.0:80}
15-04-13 00:09:27 INFO  Server main - Started @1143ms
15-04-13 00:39:43 INFO  log main - Logging initialized @889ms
15-04-13 00:39:43 INFO  Server main - jetty-9.3.0.M2
15-04-13 00:39:43 INFO  ContextHandler main - Started o.e.j.s.ServletContextHandler@57f23557{/xmpp/httpbind,null,AVAILABLE}
15-04-13 00:39:43 INFO  ContextHandler main - Started o.e.j.s.h.ContextHandler@3d0f8e03{/jwchat,null,AVAILABLE}
15-04-13 00:39:44 INFO  ServerConnector main - Started ServerConnector@101df177{HTTP/1.1,[http/1.1]}{0.0.0.0:80}
15-04-13 00:39:44 INFO  Server main - Started @1031ms
15-04-13 00:43:02 INFO  log main - Logging initialized @892ms
15-04-13 00:43:02 INFO  Server main - jetty-9.3.0.M2
15-04-13 00:43:02 INFO  ContextHandler main - Started o.e.j.s.ServletContextHandler@57f23557{/xmpp/httpbind,null,AVAILABLE}
15-04-13 00:43:02 INFO  ContextHandler main - Started o.e.j.s.h.ContextHandler@3d0f8e03{/jwchat,null,AVAILABLE}
15-04-13 00:43:13 INFO  log main - Logging initialized @952ms
15-04-13 00:43:14 INFO  Server main - jetty-9.3.0.M2
15-04-13 00:43:14 INFO  ContextHandler main - Started o.e.j.s.ServletContextHandler@57f23557{/xmpp/httpbind,null,AVAILABLE}
15-04-13 00:43:14 INFO  ContextHandler main - Started o.e.j.s.h.ContextHandler@3d0f8e03{/jwchat,null,AVAILABLE}
15-04-13 00:43:14 INFO  ServerConnector main - Started ServerConnector@101df177{HTTP/1.1,[http/1.1]}{0.0.0.0:80}
15-04-13 00:43:14 INFO  Server main - Started @1107ms
15-04-13 21:51:24 INFO  log main - Logging initialized @1295ms
15-04-13 21:51:24 INFO  Server main - jetty-9.3.0.M2
15-04-13 21:51:24 INFO  ContextHandler main - Started o.e.j.s.ServletContextHandler@57f23557{/xmpp/httpbind,null,AVAILABLE}
15-04-13 21:51:24 INFO  ContextHandler main - Started o.e.j.s.h.ContextHandler@3d0f8e03{/jwchat,null,AVAILABLE}
15-04-13 21:51:24 INFO  ServerConnector main - Started ServerConnector@101df177{HTTP/1.1,[http/1.1]}{0.0.0.0:80}
15-04-13 21:51:24 INFO  Server main - Started @1523ms
15-04-13 22:57:25 INFO  log main - Logging initialized @976ms
15-04-13 22:57:26 INFO  Server main - jetty-9.3.0.M2
15-04-13 22:57:26 INFO  ContextHandler main - Started o.e.j.s.ServletContextHandler@57f23557{/xmpp/httpbind,null,AVAILABLE}
15-04-13 22:57:26 INFO  ContextHandler main - Started o.e.j.s.h.ContextHandler@3d0f8e03{/jwchat,null,AVAILABLE}
15-04-13 22:57:26 INFO  ContextHandler main - Started o.e.j.s.h.ContextHandler@6366ebe0{/strophe-chat,null,AVAILABLE}
15-04-13 22:57:26 INFO  ContextHandler main - Started o.e.j.s.h.ContextHandler@44f75083{/res,null,AVAILABLE}
15-04-13 22:57:26 INFO  ServerConnector main - Started ServerConnector@40f08448{HTTP/1.1,[http/1.1]}{0.0.0.0:80}
15-04-13 22:57:26 INFO  Server main - Started @1116ms
15-04-13 23:03:18 INFO  log main - Logging initialized @908ms
15-04-13 23:03:18 INFO  Server main - jetty-9.3.0.M2
15-04-13 23:03:18 INFO  ContextHandler main - Started o.e.j.s.ServletContextHandler@57f23557{/xmpp/httpbind,null,AVAILABLE}
15-04-13 23:03:18 INFO  ContextHandler main - Started o.e.j.s.h.ContextHandler@3d0f8e03{/jwchat,null,AVAILABLE}
15-04-13 23:03:18 INFO  ContextHandler main - Started o.e.j.s.h.ContextHandler@6366ebe0{/strophe-chat,null,AVAILABLE}
15-04-13 23:03:18 INFO  ContextHandler main - Started o.e.j.s.h.ContextHandler@44f75083{/res,null,AVAILABLE}
15-04-13 23:03:18 INFO  ServerConnector main - Started ServerConnector@40f08448{HTTP/1.1,[http/1.1]}{0.0.0.0:80}
15-04-13 23:03:18 INFO  Server main - Started @1062ms
15-04-13 23:04:54 INFO  log main - Logging initialized @834ms
15-04-13 23:04:54 INFO  Server main - jetty-9.3.0.M2
15-04-13 23:04:54 INFO  ContextHandler main - Started o.e.j.s.ServletContextHandler@57f23557{/xmpp/httpbind,null,AVAILABLE}
15-04-13 23:04:54 INFO  ContextHandler main - Started o.e.j.s.h.ContextHandler@3d0f8e03{/jwchat,null,AVAILABLE}
15-04-13 23:04:54 INFO  ContextHandler main - Started o.e.j.s.h.ContextHandler@6366ebe0{/strophe-chat,null,AVAILABLE}
15-04-13 23:04:54 INFO  ContextHandler main - Started o.e.j.s.h.ContextHandler@44f75083{/res,null,AVAILABLE}
15-04-13 23:04:54 INFO  ServerConnector main - Started ServerConnector@40f08448{HTTP/1.1,[http/1.1]}{0.0.0.0:80}
15-04-13 23:04:54 INFO  Server main - Started @989ms
15-04-13 23:05:44 INFO  log main - Logging initialized @839ms
15-04-13 23:05:45 INFO  Server main - jetty-9.3.0.M2
15-04-13 23:05:45 INFO  ContextHandler main - Started o.e.j.s.ServletContextHandler@57f23557{/xmpp/httpbind,null,AVAILABLE}
15-04-13 23:05:45 INFO  ContextHandler main - Started o.e.j.s.h.ContextHandler@3d0f8e03{/jwchat,null,AVAILABLE}
15-04-13 23:05:45 INFO  ContextHandler main - Started o.e.j.s.h.ContextHandler@6366ebe0{/strophe-chat,null,AVAILABLE}
15-04-13 23:05:45 INFO  ContextHandler main - Started o.e.j.s.h.ContextHandler@44f75083{/res,null,AVAILABLE}
15-04-13 23:05:45 INFO  ServerConnector main - Started ServerConnector@40f08448{HTTP/1.1,[http/1.1]}{0.0.0.0:80}
15-04-13 23:05:45 INFO  Server main - Started @989ms
15-04-13 23:06:46 INFO  log main - Logging initialized @840ms
15-04-13 23:06:46 INFO  Server main - jetty-9.3.0.M2
15-04-13 23:06:46 INFO  ContextHandler main - Started o.e.j.s.ServletContextHandler@57f23557{/xmpp/httpbind,null,AVAILABLE}
15-04-13 23:06:46 INFO  ContextHandler main - Started o.e.j.s.h.ContextHandler@3d0f8e03{/jwchat,null,AVAILABLE}
15-04-13 23:06:46 INFO  ContextHandler main - Started o.e.j.s.h.ContextHandler@6366ebe0{/strophe-chat,null,AVAILABLE}
15-04-13 23:06:46 INFO  ContextHandler main - Started o.e.j.s.h.ContextHandler@44f75083{/res,null,AVAILABLE}
15-04-13 23:06:46 INFO  ServerConnector main - Started ServerConnector@40f08448{HTTP/1.1,[http/1.1]}{0.0.0.0:80}
15-04-13 23:06:46 INFO  Server main - Started @993ms
15-04-13 23:11:08 INFO  log main - Logging initialized @837ms
15-04-13 23:11:09 INFO  Server main - jetty-9.3.0.M2
15-04-13 23:11:09 INFO  ContextHandler main - Started o.e.j.s.ServletContextHandler@57f23557{/xmpp/httpbind,null,AVAILABLE}
15-04-13 23:11:09 INFO  ContextHandler main - Started o.e.j.s.h.ContextHandler@3d0f8e03{/jwchat,null,AVAILABLE}
15-04-13 23:11:09 INFO  ContextHandler main - Started o.e.j.s.h.ContextHandler@6366ebe0{/strophe-chat,null,AVAILABLE}
15-04-13 23:11:09 INFO  ContextHandler main - Started o.e.j.s.h.ContextHandler@44f75083{/res,null,AVAILABLE}
15-04-13 23:11:09 INFO  ServerConnector main - Started ServerConnector@40f08448{HTTP/1.1,[http/1.1]}{0.0.0.0:80}
15-04-13 23:11:09 INFO  Server main - Started @986ms
15-04-13 23:12:19 INFO  log main - Logging initialized @803ms
15-04-13 23:12:19 INFO  Server main - jetty-9.3.0.M2
15-04-13 23:12:19 INFO  ContextHandler main - Started o.e.j.s.ServletContextHandler@57f23557{/xmpp/httpbind,null,AVAILABLE}
15-04-13 23:12:19 INFO  ContextHandler main - Started o.e.j.s.h.ContextHandler@3d0f8e03{/jwchat,null,AVAILABLE}
15-04-13 23:12:19 INFO  ContextHandler main - Started o.e.j.s.h.ContextHandler@6366ebe0{/strophe-chat,null,AVAILABLE}
15-04-13 23:12:19 INFO  ContextHandler main - Started o.e.j.s.h.ContextHandler@44f75083{/res,null,AVAILABLE}
15-04-13 23:12:19 INFO  ServerConnector main - Started ServerConnector@40f08448{HTTP/1.1,[http/1.1]}{0.0.0.0:80}
15-04-13 23:12:19 INFO  Server main - Started @955ms
15-04-13 23:13:26 INFO  log main - Logging initialized @822ms
15-04-13 23:13:26 INFO  Server main - jetty-9.3.0.M2
15-04-13 23:13:26 INFO  ContextHandler main - Started o.e.j.s.ServletContextHandler@57f23557{/xmpp/httpbind,null,AVAILABLE}
15-04-13 23:13:26 INFO  ContextHandler main - Started o.e.j.s.h.ContextHandler@3d0f8e03{/jwchat,null,AVAILABLE}
15-04-13 23:13:26 INFO  ContextHandler main - Started o.e.j.s.h.ContextHandler@6366ebe0{/strophe-chat,null,AVAILABLE}
15-04-13 23:13:26 INFO  ContextHandler main - Started o.e.j.s.h.ContextHandler@44f75083{/res,null,AVAILABLE}
15-04-13 23:13:26 INFO  ServerConnector main - Started ServerConnector@40f08448{HTTP/1.1,[http/1.1]}{0.0.0.0:80}
15-04-13 23:13:26 INFO  Server main - Started @986ms
15-04-13 23:15:35 INFO  log main - Logging initialized @812ms
15-04-13 23:15:35 INFO  Server main - jetty-9.3.0.M2
15-04-13 23:15:35 INFO  ContextHandler main - Started o.e.j.s.ServletContextHandler@57f23557{/xmpp/httpbind,null,AVAILABLE}
15-04-13 23:15:35 INFO  ContextHandler main - Started o.e.j.s.h.ContextHandler@3d0f8e03{/jwchat,null,AVAILABLE}
15-04-13 23:15:35 INFO  ContextHandler main - Started o.e.j.s.h.ContextHandler@6366ebe0{/strophe-chat,null,AVAILABLE}
15-04-13 23:15:35 INFO  ContextHandler main - Started o.e.j.s.h.ContextHandler@44f75083{/res,null,AVAILABLE}
15-04-13 23:15:35 INFO  ServerConnector main - Started ServerConnector@40f08448{HTTP/1.1,[http/1.1]}{0.0.0.0:80}
15-04-13 23:15:35 INFO  Server main - Started @974ms
15-04-13 23:18:54 INFO  log main - Logging initialized @842ms
15-04-13 23:18:54 INFO  Server main - jetty-9.3.0.M2
15-04-13 23:18:54 INFO  ContextHandler main - Started o.e.j.s.ServletContextHandler@57f23557{/xmpp/httpbind,null,AVAILABLE}
15-04-13 23:18:54 INFO  ContextHandler main - Started o.e.j.s.h.ContextHandler@3d0f8e03{/jwchat,null,AVAILABLE}
15-04-13 23:18:54 INFO  ContextHandler main - Started o.e.j.s.h.ContextHandler@6366ebe0{/strophe-chat,null,AVAILABLE}
15-04-13 23:18:54 INFO  ContextHandler main - Started o.e.j.s.h.ContextHandler@44f75083{/res,null,AVAILABLE}
15-04-13 23:18:54 INFO  ServerConnector main - Started ServerConnector@40f08448{HTTP/1.1,[http/1.1]}{0.0.0.0:80}
15-04-13 23:18:54 INFO  Server main - Started @993ms
15-04-13 23:22:08 INFO  log main - Logging initialized @840ms
15-04-13 23:22:08 INFO  Server main - jetty-9.3.0.M2
15-04-13 23:22:08 INFO  ContextHandler main - Started o.e.j.s.ServletContextHandler@57f23557{/xmpp/httpbind,null,AVAILABLE}
15-04-13 23:22:08 INFO  ContextHandler main - Started o.e.j.s.h.ContextHandler@3d0f8e03{/jwchat,null,AVAILABLE}
15-04-13 23:22:08 INFO  ContextHandler main - Started o.e.j.s.h.ContextHandler@6366ebe0{/strophe-chat,null,AVAILABLE}
15-04-13 23:22:08 INFO  ContextHandler main - Started o.e.j.s.h.ContextHandler@44f75083{/res,null,AVAILABLE}
15-04-13 23:22:08 INFO  ServerConnector main - Started ServerConnector@40f08448{HTTP/1.1,[http/1.1]}{0.0.0.0:80}
15-04-13 23:22:08 INFO  Server main - Started @984ms
15-04-13 23:22:44 INFO  log main - Logging initialized @814ms
15-04-13 23:22:44 INFO  Server main - jetty-9.3.0.M2
15-04-13 23:22:44 INFO  ContextHandler main - Started o.e.j.s.ServletContextHandler@57f23557{/xmpp/httpbind,null,AVAILABLE}
15-04-13 23:22:44 INFO  ContextHandler main - Started o.e.j.s.h.ContextHandler@3d0f8e03{/jwchat,null,AVAILABLE}
15-04-13 23:22:44 INFO  ContextHandler main - Started o.e.j.s.h.ContextHandler@6366ebe0{/strophe-chat,null,AVAILABLE}
15-04-13 23:22:44 INFO  ContextHandler main - Started o.e.j.s.h.ContextHandler@44f75083{/res,null,AVAILABLE}
15-04-13 23:22:44 INFO  ServerConnector main - Started ServerConnector@6068985d{HTTP/1.1,[http/1.1]}{0.0.0.0:80}
15-04-13 23:22:44 INFO  Server main - Started @965ms
15-04-13 23:26:21 INFO  log main - Logging initialized @851ms
15-04-13 23:26:21 INFO  Server main - jetty-9.3.0.M2
15-04-13 23:26:21 INFO  ContextHandler main - Started o.e.j.s.ServletContextHandler@57f23557{/xmpp/httpbind,null,AVAILABLE}
15-04-13 23:26:21 INFO  ContextHandler main - Started o.e.j.s.h.ContextHandler@3d0f8e03{/jwchat,null,AVAILABLE}
15-04-13 23:26:21 INFO  ContextHandler main - Started o.e.j.s.h.ContextHandler@6366ebe0{/strophe-chat,null,AVAILABLE}
15-04-13 23:26:21 INFO  ContextHandler main - Started o.e.j.s.h.ContextHandler@44f75083{/res,null,AVAILABLE}
15-04-13 23:26:21 INFO  ServerConnector main - Started ServerConnector@40f08448{HTTP/1.1,[http/1.1]}{0.0.0.0:80}
15-04-13 23:26:21 INFO  Server main - Started @1029ms
15-04-13 23:30:06 INFO  log main - Logging initialized @1363ms
15-04-13 23:30:07 INFO  Server main - jetty-9.3.0.M2
15-04-13 23:30:07 INFO  ContextHandler main - Started o.e.j.s.ServletContextHandler@5f049ea1{/xmpp/httpbind,null,AVAILABLE}
15-04-13 23:30:07 INFO  ContextHandler main - Started o.e.j.s.h.ContextHandler@72cc7e6f{/jwchat,null,AVAILABLE}
15-04-13 23:30:07 INFO  ContextHandler main - Started o.e.j.s.h.ContextHandler@5afa3c9{/strophe-chat,null,AVAILABLE}
15-04-13 23:30:07 INFO  ContextHandler main - Started o.e.j.s.h.ContextHandler@72035809{/res,null,AVAILABLE}
15-04-13 23:30:07 INFO  ServerConnector main - Started ServerConnector@3ad83a66{HTTP/1.1,[http/1.1]}{0.0.0.0:80}
15-04-13 23:30:07 INFO  Server main - Started @1566ms
15-04-13 23:36:20 INFO  log main - Logging initialized @857ms
15-04-13 23:36:20 INFO  Server main - jetty-9.3.0.M2
15-04-13 23:36:20 INFO  ContextHandler main - Started o.e.j.s.ServletContextHandler@57f23557{/xmpp/httpbind,null,AVAILABLE}
15-04-13 23:36:20 INFO  ContextHandler main - Started o.e.j.s.h.ContextHandler@3d0f8e03{/jwchat,null,AVAILABLE}
15-04-13 23:36:20 INFO  ContextHandler main - Started o.e.j.s.h.ContextHandler@6366ebe0{/strophe-chat,null,AVAILABLE}
15-04-13 23:36:20 INFO  ContextHandler main - Started o.e.j.s.h.ContextHandler@44f75083{/res,null,AVAILABLE}
15-04-13 23:36:20 INFO  ServerConnector main - Started ServerConnector@40f08448{HTTP/1.1,[http/1.1]}{0.0.0.0:80}
15-04-13 23:36:20 INFO  Server main - Started @1006ms
15-04-13 23:38:29 INFO  log main - Logging initialized @1018ms
15-04-13 23:38:29 INFO  Server main - jetty-9.3.0.M2
15-04-13 23:38:29 INFO  ContextHandler main - Started o.e.j.s.ServletContextHandler@5f049ea1{/xmpp/httpbind,null,AVAILABLE}
15-04-13 23:38:29 INFO  ContextHandler main - Started o.e.j.s.h.ContextHandler@72cc7e6f{/jwchat,null,AVAILABLE}
15-04-13 23:38:29 INFO  ContextHandler main - Started o.e.j.s.h.ContextHandler@5afa3c9{/strophe-chat,null,AVAILABLE}
15-04-13 23:38:29 INFO  ContextHandler main - Started o.e.j.s.h.ContextHandler@72035809{/res,null,AVAILABLE}
15-04-13 23:38:29 INFO  ServerConnector main - Started ServerConnector@3ad83a66{HTTP/1.1,[http/1.1]}{0.0.0.0:80}
15-04-13 23:38:29 INFO  Server main - Started @1216ms
15-04-13 23:51:50 INFO  log main - Logging initialized @1010ms
15-04-13 23:51:50 INFO  Server main - jetty-9.3.0.M2
15-04-13 23:51:50 INFO  ContextHandler main - Started o.e.j.s.ServletContextHandler@5f049ea1{/xmpp/httpbind,null,AVAILABLE}
15-04-13 23:51:50 INFO  ContextHandler main - Started o.e.j.s.h.ContextHandler@72cc7e6f{/jwchat,null,AVAILABLE}
15-04-13 23:51:50 INFO  ContextHandler main - Started o.e.j.s.h.ContextHandler@5afa3c9{/strophe-chat,null,AVAILABLE}
15-04-13 23:51:50 INFO  ContextHandler main - Started o.e.j.s.h.ContextHandler@72035809{/res,null,AVAILABLE}
15-04-13 23:51:50 INFO  ServerConnector main - Started ServerConnector@3ad83a66{HTTP/1.1,[http/1.1]}{0.0.0.0:80}
15-04-13 23:51:50 INFO  Server main - Started @1201ms
15-04-14 00:01:43 INFO  log main - Logging initialized @869ms
15-04-14 00:01:43 INFO  Server main - jetty-9.3.0.M2
15-04-14 00:01:43 INFO  ContextHandler main - Started o.e.j.s.ServletContextHandler@57f23557{/xmpp/httpbind,null,AVAILABLE}
15-04-14 00:01:43 INFO  ContextHandler main - Started o.e.j.s.h.ContextHandler@3d0f8e03{/jwchat,null,AVAILABLE}
15-04-14 00:01:43 INFO  ContextHandler main - Started o.e.j.s.h.ContextHandler@6366ebe0{/strophe-chat,null,AVAILABLE}
15-04-14 00:01:43 INFO  ContextHandler main - Started o.e.j.s.h.ContextHandler@44f75083{/res,null,AVAILABLE}
15-04-14 00:01:43 INFO  ServerConnector main - Started ServerConnector@40f08448{HTTP/1.1,[http/1.1]}{0.0.0.0:80}
15-04-14 00:01:43 INFO  Server main - Started @1032ms
15-04-22 22:37:45 INFO  log main - Logging initialized @1033ms
15-04-22 22:37:45 INFO  Server main - jetty-9.3.0.M2
15-04-22 22:37:45 INFO  ContextHandler main - Started o.e.j.s.ServletContextHandler@57f23557{/xmpp/httpbind,null,AVAILABLE}
15-04-22 22:37:45 INFO  ContextHandler main - Started o.e.j.s.h.ContextHandler@3d0f8e03{/candy-chat,null,AVAILABLE}
15-04-22 22:37:45 INFO  ContextHandler main - Started o.e.j.s.h.ContextHandler@6366ebe0{/res,null,AVAILABLE}
15-04-22 22:37:45 INFO  ServerConnector main - Started ServerConnector@5ab13260{HTTP/1.1,[http/1.1]}{0.0.0.0:80}
15-04-22 22:37:45 INFO  Server main - Started @1219ms
15-04-22 22:40:48 INFO  log main - Logging initialized @925ms
15-04-22 22:40:48 INFO  Server main - jetty-9.3.0.M2
15-04-22 22:40:48 INFO  ContextHandler main - Started o.e.j.s.ServletContextHandler@57f23557{/xmpp/httpbind,null,AVAILABLE}
15-04-22 22:40:48 INFO  ContextHandler main - Started o.e.j.s.h.ContextHandler@3d0f8e03{/candy-chat,null,AVAILABLE}
15-04-22 22:40:48 INFO  ContextHandler main - Started o.e.j.s.h.ContextHandler@6366ebe0{/res,null,AVAILABLE}
15-04-22 22:40:48 INFO  ServerConnector main - Started ServerConnector@166fa74d{HTTP/1.1,[http/1.1]}{0.0.0.0:80}
15-04-22 22:40:48 INFO  Server main - Started @1079ms
15-04-22 22:42:34 INFO  log main - Logging initialized @905ms
15-04-22 22:42:34 INFO  Server main - jetty-9.3.0.M2
15-04-22 22:42:34 INFO  ContextHandler main - Started o.e.j.s.ServletContextHandler@57f23557{/xmpp/httpbind,null,AVAILABLE}
15-04-22 22:42:34 INFO  ContextHandler main - Started o.e.j.s.h.ContextHandler@3d0f8e03{/candy-chat,null,AVAILABLE}
15-04-22 22:42:34 INFO  ContextHandler main - Started o.e.j.s.h.ContextHandler@6366ebe0{/res,null,AVAILABLE}
15-04-22 22:42:34 INFO  ServerConnector main - Started ServerConnector@166fa74d{HTTP/1.1,[http/1.1]}{0.0.0.0:80}
15-04-22 22:42:34 INFO  Server main - Started @1057ms
15-04-22 23:08:56 INFO  log main - Logging initialized @957ms
15-04-22 23:09:18 INFO  log main - Logging initialized @862ms
15-04-22 23:27:35 INFO  log main - Logging initialized @852ms
15-04-22 23:27:35 INFO  Server main - jetty-9.3.0.M2
15-04-22 23:27:35 INFO  ContextHandler main - Started o.e.j.s.ServletContextHandler@4bb4de6a{/xmpp/httpbind,null,AVAILABLE}
15-04-22 23:27:35 INFO  ContextHandler main - Started o.e.j.s.ServletContextHandler@7dc222ae{/candy-chat,null,AVAILABLE}
15-04-22 23:27:35 INFO  ContextHandler main - Started o.e.j.s.ServletContextHandler@6483f5ae{/res,null,AVAILABLE}
15-04-22 23:27:35 INFO  ServerConnector main - Started ServerConnector@2a40cd94{HTTP/1.1,[http/1.1]}{0.0.0.0:80}
15-04-22 23:27:35 INFO  Server main - Started @1003ms
15-04-26 15:21:08 INFO  log main - Logging initialized @1706ms
15-04-26 15:21:08 INFO  Server main - jetty-9.3.0.M2
15-04-26 15:21:08 INFO  ContextHandler main - Started o.e.j.s.ServletContextHandler@4bb4de6a{/xmpp/httpbind,null,AVAILABLE}
15-04-26 15:21:08 INFO  ContextHandler main - Started o.e.j.s.ServletContextHandler@7dc222ae{/candy-chat,null,AVAILABLE}
15-04-26 15:21:08 INFO  ContextHandler main - Started o.e.j.s.ServletContextHandler@6483f5ae{/res,null,AVAILABLE}
15-04-26 15:21:08 INFO  ServerConnector main - Started ServerConnector@2a40cd94{HTTP/1.1,[http/1.1]}{0.0.0.0:80}
15-04-26 15:21:08 INFO  Server main - Started @2153ms
15-04-26 17:20:47 INFO  log main - Logging initialized @962ms
15-04-26 17:20:47 INFO  Server main - jetty-9.3.0.M2
15-04-26 17:20:47 INFO  ContextHandler main - Started o.e.j.s.ServletContextHandler@4bb4de6a{/xmpp/httpbind,null,AVAILABLE}
15-04-26 17:20:47 INFO  ContextHandler main - Started o.e.j.s.ServletContextHandler@7dc222ae{/candy-chat,null,AVAILABLE}
15-04-26 17:20:47 INFO  ContextHandler main - Started o.e.j.s.ServletContextHandler@6483f5ae{/res,null,AVAILABLE}
15-04-26 17:20:47 INFO  ServerConnector main - Started ServerConnector@2a40cd94{HTTP/1.1,[http/1.1]}{0.0.0.0:80}
15-04-26 17:20:47 INFO  Server main - Started @1102ms
